03-06 10:03:52.266 20104 20116 D mstplayer: [20116] MstPlayer::constructor Leave
03-06 10:03:52.266 20104 20116 D mstplayer: [20116] (0x0xf3618100)MstPlayer::initCheck
03-06 10:03:52.266 20104 20116 D mstplayer: [20116] MstPlayer running on behalf of uid 10155
03-06 10:03:52.266 20104 20116 D WatchDogThread: [remove][createPlayer] 1551837832 
03-06 10:03:52.266 20104 20116 D mstplayer: [20116] (0x0xf3618100)MstPlayer::setDataSource: http://127.0.0.1:9009/record.m3u8?w=1&key=d7e03f11c5410728074cc86ea1b32e8a&type=ppvod2&sv=3.7.1&platform=launcher&ft=0&vvid=eea2347a-f712-42f0-9108-86f5a4f701d7&video=true&h265=3&mux.M3U8.segment_duration=5&chunked=true&serialnum=1014&playlink=29776781%3Fft%3D0%26bwtype%3D0%26platform%3Dlauncher%26type%3Dtv%2Esports%26sv%3D3%2E7%2E1%26video%3Dtrue%26sdkmode%3D0%26p2p%2Eadvtime%3D0%26k%3D036477949ee4d755ba9656ef47f1b662%2D9502%2D1551852230%26bppcataid%3D38%26vvid%3Deea2347a%2Df712%2D42f0%2D9108%2D86f5a4f701d7%26appid%3Dpptv%2Eatv%2Esports%26appplt%3Datv%26appver%3D3%2E7%2E1
03-06 10:03:52.266 20104 20116 D DataSource_M3U8: [ContentSource_M3U8] (0x0xf26c2000)M3u8 constructor 
03-06 10:03:52.267 20104 20116 I DataSource_M3U8: [ContentSource_M3U8]  setplayerbuffersize=0x800000   start time=0(ms)
03-06 10:03:52.267 20104 20116 D DataSource_M3U8: [ContentSource_M3U8] (0x0xf26c2000)M3u8 constructor leave.
03-06 10:03:52.267 20104 20116 D mstplayer: [20116] [AVP] set streaming_type:1
03-06 10:03:52.268 20104 21045 V [MMP]   : [21045] [DM] start DM thread
03-06 10:03:52.268 20104 21045 V [MMP]   : [21045] [DM] dm_msg:0x1001
03-06 10:03:52.268 20104 21045 D mstplayer: [21045] [AVP] send to handle, streaming_msg = 4000
03-06 10:03:52.268 20104 21045 D mstplayer: [21045] [AVP] send to handle, streaming_msg = 5001
03-06 10:03:52.269 20104 21046 V [MMP]   : [21046] [STM] start STM thread
03-06 10:03:52.269 20104 20116 D mstplayer: [20116] [AVP] ap_send_msg_to_streaming_module, msg:0x3000
03-06 10:03:52.269 20104 20116 D mstplayer: [20116] [AVP] send play msg to stm, ret:0, play_url:http://127.0.0.1:9009/record.m3u8?w=1&key=d7e03f11c5410728074cc86ea1b32e8a&type=ppvod2&sv=3.7.1&platform=launcher&ft=0&vvid=eea2347a-f712-42f0-9108-86f5a4f701d7&video=true&h265=3&mux.M3U8.segment_duration=5&chunked=true&serialnum=1014&playlink=29776781%3Fft%3D0%26bwtype%3D0%26platform%3Dlauncher%26type%3Dtv%2Esports%26sv%3D3%2E7%2E1%26video%3Dtrue%26sdkmode%3D0%26p2p%2Eadvtime%3D0%26k%3D036477949ee4d755ba9656ef47f1b662%2D9502%2D1551852230%26bppcataid%3D38%26vvid%3Deea2347a%2Df712%2D42f0%2D9108%2D86f5a4f701d7%26appid%3Dpptv%2Eatv%2Esports%26appplt%3Datv%26appver%3D3%2E7%2E1
03-06 10:03:52.270 20104 20649 D WatchDogThread: [add][setVideoSurfaceTexture] 1551837832 
03-06 10:03:52.270 20104 20649 D mstplayer: [20649] (0x0xf3618100)MstPlayer::setVideoSurfaceTexture: 0x0xf12f5080
03-06 10:03:52.270 20104 20649 D mstplayer: [20649] mmpNativeWindow = 0x0xf2c9a908
03-06 10:03:52.270 20104 20649 D WatchDogThread: [remove][setVideoSurfaceTexture] 1551837832 
03-06 10:03:52.270 20104 21046 V [MMP]   : [21046] [STM] record_stm_msg:0x3000
03-06 10:03:52.270 20104 21046 V [MMP]   : [21046] [STM] MM: res1, wait:0x1000, msg:0x3000, q_msg:0x1000, int_msg:0x1000
03-06 10:03:52.270 20104 21046 V [MMP]   : [21046] [STM] MM: res2, wait:0x1000, msg:0x3000, q_msg:0x1000, int_msg:0x1000
03-06 10:03:52.270 20104 21046 V [MMP]   : [21046] [STM] set content_source_data: 0x0xf4589c1c
03-06 10:03:52.270 20104 21046 V [MMP]   : [21046] [STM] stm_send_dm, msg:0x1003
03-06 10:03:52.270 20104 21046 V [MMP]   : [21046] [STM] record_stm_msg:0x1003
03-06 10:03:52.270 20104 21046 V [MMP]   : [21046] [STM] update_dm, dm_status:0x0, wait_cmd:0x1000, msg:0x1003
03-06 10:03:52.270 20104 21046 V [MMP]   : [21046] [STM] dm: idle->wait_rsp:0x1003
03-06 10:03:52.271 19331 19537 D MP--    : [SystemPlayerImp][playvideo][mid:90659525][tid:MP--][msg:prepare invoke,mid:90659525   sys_MediaPlayInfo==http://127.0.0.1:9009/record.m3u8?w=1&key=d7e03f11c5410728074cc86ea1b32e8a&type=ppvod2&sv=3.7.1&platform=launcher&ft=0&vvid=eea2347a-f712-42f0-9108-86f5a4f701d7&video=true&h265=3&mux.M3U8.segment_duration=5&chunked=true&serialnum=1014&playlink=29776781%3Fft%3D0%26bwtype%3D0%26platform%3Dlauncher%26type%3Dtv%2Esports%26sv%3D3%2E7%2E1%26video%3Dtrue%26sdkmode%3D0%26p2p%2Eadvtime%3D0%26k%3D036477949ee4d755ba9656ef47f1b662%2D9502%2D1551852230%26bppcataid%3D38%26vvid%3Deea2347a%2Df712%2D42f0%2D9108%2D86f5a4f701d7%26appid%3Dpptv%2Eatv%2Esports%26appplt%3Datv%26appver%3D3%2E7%2E1]
03-06 10:03:52.271 20104 20900 D WatchDogThread: [add][setVideoSurfaceTexture] 1551837832 
03-06 10:03:52.271 20104 20900 D WatchDogThread: [remove][setVideoSurfaceTexture] 1551837832 
03-06 10:03:52.271 20104 21045 V [MMP]   : [21045] [DM] dm_msg:0x1003
03-06 10:03:52.271 20104 21046 V [MMP]   : [21046] [STM] record_stm_msg:0x4002
03-06 10:03:52.271 20104 21046 V [MMP]   : [21046] [STM] MM: res1, wait:0x1003, msg:0x4002, q_msg:0x1000, int_msg:0x1000
03-06 10:03:52.271 20104 21046 V [MMP]   : [21046] [STM] MM: res2, wait:0x1003, msg:0x4002, q_msg:0x1000, int_msg:0x1000
03-06 10:03:52.272 20104 21046 V [MMP]   : [21046] [STM] update_dm, dm_status:0x1, wait_cmd:0x1003, msg:0x4002
03-06 10:03:52.272 20104 21046 V [MMP]   : [21046] [STM] dm: wait_rsp->wait_com:0x1003
03-06 10:03:52.272 20104 21300 D WatchDogThread: [add][prepareAsync] 1551837832 
03-06 10:03:52.272 20104 21045 D msavp_dw_module: [21045] [DM] android_http_init, http_ctx = 0xf2601000
03-06 10:03:52.272 20104 21300 D mstplayer: [21300] (0x0xf3618100)MstPlayer::prepareAsync
03-06 10:03:52.273 20104 21046 V [MMP]   : [21046] [STM] record_stm_msg:0x5005
03-06 10:03:52.273 20104 21046 V [MMP]   : [21046] [STM] MM: res1, wait:0x1003, msg:0x5005, q_msg:0x1000, int_msg:0x1000
03-06 10:03:52.273 20104 21046 V [MMP]   : [21046] [STM] MM: res2, wait:0x1003, msg:0x5005, q_msg:0x1000, int_msg:0x1000
03-06 10:03:52.273 20104 21046 V [MMP]   : [21046] [STM] send_dm_ack_init_complete, dm_handle: 0x0xf2601000
03-06 10:03:52.273 20104 21046 V [MMP]   : [21046] [STM] update_dm, dm_status:0x2, wait_cmd:0x1003, msg:0x5005
03-06 10:03:52.273 20104 21046 V [MMP]   : [21046] [STM] dm: wait_com->IDLE:0x0
03-06 10:03:52.273 20104 21046 V [MMP]   : [21046] [STM] gen_int_send_dm, init_complete, gen_play
03-06 10:03:52.273 20104 21046 V [MMP]   : [21046] [STM] gen_int_send_dm, dm_cmd:0x2000
03-06 10:03:52.273 20104 21046 V [MMP]   : [21046] [STM] MM: type:0, (q, o)=(0x1000, 0x2000)=>(0x2000, none)
03-06 10:03:52.273 20104 21046 V [MMP]   : [21046] [STM] MM: issue_q_msg:0x2000
03-06 10:03:52.273 20104 21046 V [MMP]   : [21046] [STM] stm_send_dm, msg:0x1005
03-06 10:03:52.273 20104 21046 V [MMP]   : [21046] [STM] record_stm_msg:0x1005
03-06 10:03:52.273 20104 21046 V [MMP]   : [21046] [STM] stm_send_dm_play, alloc queue_dm_data_in, ptr:0xf0fe8000
03-06 10:03:52.273 20104 21046 V [MMP]   : [21046] [STM] update_dm, dm_status:0x0, wait_cmd:0x1000, msg:0x1005
03-06 10:03:52.273 20104 21046 V [MMP]   : [21046] [STM] dm: idle->wait_rsp:0x1005
03-06 10:03:52.274 20104 21045 V [MMP]   : [21045] [DM] dm_msg:0x1005
03-06 10:03:52.274 20104 21045 D msavp_dw_module: [21045] [DM] android_http_play
03-06 10:03:52.274 20104 21045 D msavp_dw_module: [21045] [DM] android_http_play, stream_source_url:http://127.0.0.1:9009/record.m3u8?w=1&key=d7e03f11c5410728074cc86ea1b32e8a&type=ppvod2&sv=3.7.1&platform=launcher&ft=0&vvid=eea2347a-f712-42f0-9108-86f5a4f701d7&video=true&h265=3&mux.M3U8.segment_duration=5&chunked=true&serialnum=1014&playlink=29776781%3Fft%3D0%26bwtype%3D0%26platform%3Dlauncher%26type%3Dtv%2Esports%26sv%3D3%2E7%2E1%26video%3Dtrue%26sdkmode%3D0%26p2p%2Eadvtime%3D0%26k%3D036477949ee4d755ba9656ef47f1b662%2D9502%2D1551852230%26bppcataid%3D38%26vvid%3Deea2347a%2Df712%2D42f0%2D9108%2D86f5a4f701d7%26appid%3Dpptv%2Eatv%2Esports%26appplt%3Datv%26appver%3D3%2E7%2E1
03-06 10:03:52.274 20104 21045 D msavp_dw_module: [21045] [DM] SetStreamingSource, android_cs_st->ctx=0xf2601000
03-06 10:03:52.274 20104 21045 D DataSource_M3U8: [init] (0x0xf26c2000)M3u8 init.
03-06 10:03:52.274 20104 21045 D DataSource_M3U8: [init]  set   m3u8_disc_level = 2  
03-06 10:03:52.274 20104 21046 V [MMP]   : [21046] [STM] record_stm_msg:0x4004
03-06 10:03:52.278 19331 19537 D MP--    : [SystemPlayerImp][setDisplayMode(0)]][mid:90659525][tid:MP--][msg:-]
03-06 10:03:52.285 20104 21045 D DataSource_M3U8: [init] RegNotifyDiscCallBack  m3u8 instance : 0xf26c2000
03-06 10:03:52.288 20104 21049 D Downloader: [StartTask] url :http://127.0.0.1:9009/record.m3u8?w=1&key=d7e03f11c5410728074cc86ea1b32e8a&type=ppvod2&sv=3.7.1&platform=launcher&ft=0&vvid=eea2347a-f712-42f0-9108-86f5a4f701d7&video=true&h265=3&mux.M3U8.segment_duration=5&chunked=true&serialnum=1014&playlink=29776781%3Fft%3D0%26bwtype%3D0%26platform%3Dlauncher%26type%3Dtv%2Esports%26sv%3D3%2E7%2E1%26video%3Dtrue%26sdkmode%3D0%26p2p%2Eadvtime%3D0%26k%3D036477949ee4d755ba9656ef47f1b662%2D9502%2D1551852230%26bppcataid%3D38%26vvid%3Deea2347a%2Df712%2D42f0%2D9108%2D86f5a4f701d7%26appid%3Dpptv%2Eatv%2Esports%26appplt%3Datv%26appver%3D3%2E7%2E1
03-06 10:03:52.294 19387 19420 D P2PENGINE: <2019-03-06 10:03:52>
03-06 10:03:52.299 19387 19420 D P2PENGINE: [EVENT] [HttpManager] [request_stream], becase stream limit, force to close stream: 1013, type: 0
03-06 10:03:52.303 19387 19421 D P2PENGINE: [EVENT] [Dac] Post addr: sdk.data.cp61.ott.cibntv.net:80
03-06 10:03:52.316 19387 19437 D P2PENGINE: <2019-03-06 10:03:52>
03-06 10:03:52.316 19387 19437 D P2PENGINE: [INFOR] [Ppbox] [set_error_detail_info] first p2psdk serialnum: 1014, error:0, extra_info: 
03-06 10:03:52.375  1589  1646 D WindowManager: interceptKeyTi keyCode=4 down=true repeatCount=0 keyguardOn=false mHomePressed=false canceled=false deviceName=Virtual
03-06 10:03:52.375  1589  1646 E septemberan: mHotkeyService != null
03-06 10:03:52.376  2322  4932 D Evan    : onGlobalKeyEvent keycode=4
03-06 10:03:52.376  2322  4932 D Evan    : invokeGlobalKeyListener
03-06 10:03:52.376  2322  4932 D TVApiSystemSignalImpl:  now=55364093
03-06 10:03:52.376  2322  4932 D TVApiSystemSignalImpl:  before=55358142
03-06 10:03:52.376  2322  4932 D Evan    : invokeGlobalKeyListener
03-06 10:03:52.376  2322  4932 D TVApiSystemNoActionAutoPowerOffImpl: KeyEvnetListener Reset counter
03-06 10:03:52.377  2322 15196 D TvCecManager: arcIsAmpVolume
03-06 10:03:52.377  1762  4931 I CECManager_JNI: arcIsAmpVolume
03-06 10:03:52.379  2111  2133 I SystemImpl: getProp key:TvSystem:PROP_LISTEN_ALONE value:false
03-06 10:03:52.384  2065  2065 D InputEventDispatcher: onInputEvent: KeyEvent { action=ACTION_DOWN, keyCode=KEYCODE_BACK, scanCode=0, metaState=0, flags=0x8, repeatCount=0, eventTime=55364088, downTime=55364088, deviceId=-1, source=0x101 }
03-06 10:03:52.388  2779  2797 E CvteATHotkey: <AT-TPV> processTPVFacKey ScanCode = 0x0
03-06 10:03:52.391  1742  3451 D NotificationPanel: keycode=4, action=1
03-06 10:03:52.416 19539 19539 D SogouIME: [onKeyDown] keycode = 4 model = PPTV-55P+Pro build_id:Build_130480_20170508 true
03-06 10:03:52.420  2065  2065 D InputEventDispatcher: onInputEvent: KeyEvent { action=ACTION_UP, keyCode=KEYCODE_BACK, scanCode=0, metaState=0, flags=0x8, repeatCount=0, eventTime=55364101, downTime=55364101, deviceId=-1, source=0x101 }
03-06 10:03:52.421 19331 19331 I VIEW--  : [StandBaseCommonMsgVideoView][msg][EVENT_SET_DATASOURCE,mediaInfo:[MediaPlayInfo][url:http://127.0.0.1:9009/record.m3u8?w=1&key=d7e03f11c5410728074cc86ea1b32e8a&type=ppvod2&sv=3.7.1&platform=launcher&ft=0&vvid=eea2347a-f712-42f0-9108-86f5a4f701d7&video=true&h265=3&mux.M3U8.segment_duration=5&chunked=true&serialnum=1014&playlink=29776781%3Fft%3D0%26bwtype%3D0%26platform%3Dlauncher%26type%3Dtv%2Esports%26sv%3D3%2E7%2E1%26video%3Dtrue%26sdkmode%3D0%26p2p%2Eadvtime%3D0%26k%3D036477949ee4d755ba9656ef47f1b662%2D9502%2D1551852230%26bppcataid%3D38%26vvid%3Deea2347a%2Df712%2D42f0%2D9108%2D86f5a4f701d7%26appid%3Dpptv%2Eatv%2Esports%26appplt%3Datv%26appver%3D3%2E7%2E1,playid:29776781viewType:1mediaType:VODseekType:2,currentPos:0,duration:0,starPos:3221,stopft:SMOOTH,engIndex:0,status:0,statusBuff:,what:0,extra:0, sourceType:0,endPos0,upperPlayObj:playObj has getstartTime:0,endTime:0,fd:0,fdn:0,innerLogoObj:InnerLogoObj{innerLogo_align=lefttop, innerLogo_ax=0.03125, innerLogo_ay=0.05, innerLogo_awidth=0.1, innerLogo_aheight=0.0463, isPlayProvided=true}]
03-06 10:03:52.424 19331 19331 I VIEW--  : [StandBaseCommonMsgVideoView][msg][VIEW_PROGRESS_WORK_FINISH,mediaInfo:[MediaPlayInfo][url:http://127.0.0.1:9009/record.m3u8?w=1&key=d7e03f11c5410728074cc86ea1b32e8a&type=ppvod2&sv=3.7.1&platform=launcher&ft=0&vvid=eea2347a-f712-42f0-9108-86f5a4f701d7&video=true&h265=3&mux.M3U8.segment_duration=5&chunked=true&serialnum=1014&playlink=29776781%3Fft%3D0%26bwtype%3D0%26platform%3Dlauncher%26type%3Dtv%2Esports%26sv%3D3%2E7%2E1%26video%3Dtrue%26sdkmode%3D0%26p2p%2Eadvtime%3D0%26k%3D036477949ee4d755ba9656ef47f1b662%2D9502%2D1551852230%26bppcataid%3D38%26vvid%3Deea2347a%2Df712%2D42f0%2D9108%2D86f5a4f701d7%26appid%3Dpptv%2Eatv%2Esports%26appplt%3Datv%26appver%3D3%2E7%2E1,playid:29776781viewType:1mediaType:VODseekType:2,currentPos:0,duration:0,starPos:3221,stopft:SMOOTH,engIndex:0,status:0,statusBuff:,what:0,extra:0, sourceType:0,endPos0,upperPlayObj:playObj has getstartTime:0,endTime:0,fd:0,fdn:0,innerLogoObj:InnerLogoObj{innerLogo_align=lefttop, innerLogo_ax=0.03125, innerLogo_ay=0.05, innerLogo_awidth=0.1, innerLogo_aheight=0.0463, isPlayProvided=true}]
03-06 10:03:52.425 19539 19539 D SogouIME: [onKeyUp] keycode = 4 model = PPTV-55P+Pro build_id:Build_130480_20170508
03-06 10:03:52.426 19331 19331 D HomeCarouselPagePlayWindowHolder: back escape up
03-06 10:03:52.442 19387 19437 D P2PENGINE: <2019-03-06 10:03:52>
03-06 10:03:52.442 19387 19437 D P2PENGINE: [EVENT] [Vod2Demuxer] serialnum: 1014, play: success
03-06 10:03:52.442 19387 19437 D P2PENGINE: [DEBUG] [Vod2Demuxer] user host: 120.253.193.115:80
03-06 10:03:52.442 19387 19437 D P2PENGINE: [DEBUG] [Vod2Demuxer] video name: 33fc828c29ed273bb681e2e17dc5aceb.mp4
03-06 10:03:52.447 19331 19331 D Focus-- : oldFocus:7f0c0330
03-06 10:03:52.456 19331 19331 I VIEW--  : [StandBaseCommonMsgVideoView][msg][VIEW_PROGRESS_WORK_START,mediaInfo:[MediaPlayInfo][url:http://127.0.0.1:9009/record.m3u8?w=1&key=d7e03f11c5410728074cc86ea1b32e8a&type=ppvod2&sv=3.7.1&platform=launcher&ft=0&vvid=eea2347a-f712-42f0-9108-86f5a4f701d7&video=true&h265=3&mux.M3U8.segment_duration=5&chunked=true&serialnum=1014&playlink=29776781%3Fft%3D0%26bwtype%3D0%26platform%3Dlauncher%26type%3Dtv%2Esports%26sv%3D3%2E7%2E1%26video%3Dtrue%26sdkmode%3D0%26p2p%2Eadvtime%3D0%26k%3D036477949ee4d755ba9656ef47f1b662%2D9502%2D1551852230%26bppcataid%3D38%26vvid%3Deea2347a%2Df712%2D42f0%2D9108%2D86f5a4f701d7%26appid%3Dpptv%2Eatv%2Esports%26appplt%3Datv%26appver%3D3%2E7%2E1,playid:29776781viewType:1mediaType:VODseekType:2,currentPos:0,duration:0,starPos:3221,stopft:SMOOTH,engIndex:0,status:0,statusBuff:,what:0,extra:0, sourceType:0,endPos0,upperPlayObj:playObj has getstartTime:0,endTime:0,fd:0,fdn:0,innerLogoObj:InnerLogoObj{innerLogo_align=lefttop, innerLogo_ax=0.03125, innerLogo_ay=0.05, innerLogo_awidth=0.1, innerLogo_aheight=0.0463, isPlayProvided=true}]
03-06 10:03:52.457 19331 19331 I VIEW--  : [StandBaseVideoView][onError][title : null][errMsg : 0][show : false]
03-06 10:03:52.459 19331 19331 I VIEW--  : StandBaseVideoView remove all view--
03-06 10:03:52.465 19331 19331 I VIEW--  : setloadingdata_tv--with title info     ----中超第1轮-武汉卓尔vs北京中赫国安
03-06 10:03:52.467 19331 21054 D AppLogMgr: all.txt is going to FIO with thread id:1046
03-06 10:03:52.481  1762  2471 I PictureManager_JNI: getDlcAverageLuma
03-06 10:03:52.481  1762  2471 I TvManager_JNI: isSignalStable
03-06 10:03:52.481  1762  2471 I PictureManager_JNI: getBacklight
03-06 10:03:52.513  1169  1169 I tvos    : [37m[INFO] Change to Voltage: 117 mv (0x32)[m
03-06 10:03:52.583  1762  2471 I PictureManager_JNI: getDlcAverageLuma
03-06 10:03:52.584  1762  2471 I TvManager_JNI: isSignalStable
03-06 10:03:52.584  1762  2471 I PictureManager_JNI: getBacklight
03-06 10:03:52.585  1762  2471 E septemberan: dbcHandler: mDbcBacklightRange: 48
03-06 10:03:52.585  1762  2471 I PictureManager_JNI: setBacklight
03-06 10:03:52.592 19539 19539 D SogouIME API: ==============num:32
03-06 10:03:52.592 19539 19539 D SogouIME: mFocusedComponent:30   isHkbEnable:false
03-06 10:03:52.592 19539 19539 D SogouIME: =====configKeyboard=======是否有硬件盘:false     硬件盘是否不再隐藏：false
03-06 10:03:52.685  1762  2471 I PictureManager_JNI: getDlcAverageLuma
03-06 10:03:52.686  1762  2471 I TvManager_JNI: isSignalStable
03-06 10:03:52.686  1762  2471 I PictureManager_JNI: getBacklight
03-06 10:03:52.687  1762  2471 E septemberan: dbcHandler: mDbcBacklightRange: 48
03-06 10:03:52.687  1762  2471 I PictureManager_JNI: setBacklight
03-06 10:03:52.716  1169  1169 I tvos    : [37m[INFO] Change to Voltage: 102 mv (0x23)[m
03-06 10:03:52.722  1589  1646 D WindowManager: interceptKeyTi keyCode=23 down=true repeatCount=0 keyguardOn=false mHomePressed=false canceled=false deviceName=Virtual
03-06 10:03:52.722  1589  1646 E septemberan: mHotkeyService != null
03-06 10:03:52.725  2322 14178 D Evan    : onGlobalKeyEvent keycode=23
03-06 10:03:52.725  2322 14178 D Evan    : invokeGlobalKeyListener
03-06 10:03:52.725  2322 14178 D TVApiSystemSignalImpl:  now=55364442
03-06 10:03:52.725  2322 14178 D TVApiSystemSignalImpl:  before=55358142
03-06 10:03:52.725  2322 14178 D Evan    : invokeGlobalKeyListener
03-06 10:03:52.725  2322 14178 D TVApiSystemNoActionAutoPowerOffImpl: KeyEvnetListener Reset counter
03-06 10:03:52.726  2322 11145 D TvCecManager: arcIsAmpVolume
03-06 10:03:52.727  1762 13736 I CECManager_JNI: arcIsAmpVolume
03-06 10:03:52.728  1589  1646 D WindowManager: bRet =false
03-06 10:03:52.728  1589  1646 E septemberan: mPPTVHotkeyService != null
03-06 10:03:52.728  2111  5435 I HotkeyService: handleKeyEvents
03-06 10:03:52.728  2111  5435 I HotkeyService: Enter ListenAloneKeyHandler
03-06 10:03:52.730  2111  5435 I SystemImpl: getProp key:TvSystem:PROP_LISTEN_ALONE value:false
03-06 10:03:52.730  2111  5435 I HotkeyService: Enter FirstAndSearchingHandler
03-06 10:03:52.730  2111  5435 I HotkeyService: Enter AppHotkeyHandler
03-06 10:03:52.731  2111  5435 I HotkeyManager: notifyHotkeyListener
03-06 10:03:52.731  2111  5435 I HotkeyService: notifyCallbacks size : 4
03-06 10:03:52.731  2111  5435 I HotkeyService: dispatch key<23:KEYCODE_DPAD_CENTER:0> to HotkeyCallbackWrapper{Uid:10011, Pid:1742, Priority:9, AppName:com.pptv.systemui}
03-06 10:03:52.731  1742  1758 D NotificationPanel: keycode=23, action=0
03-06 10:03:52.731  1742  1758 D SystemUIApplication: handleKeyEvent, keycode:23 action:0, ret:false
03-06 10:03:52.732  1742  1758 D TvStatusBar:   mPlayGuideView android.widget.FrameLayout{332479e4 G.E..... ......I. 0,0-1920,1080}  interceptKegEvent   false  event.getDeviceId()  -1
03-06 10:03:52.734  2111  5435 I HotkeyService: dispatch key<23:KEYCODE_DPAD_CENTER:0> to HotkeyCallbackWrapper{Uid:1000, Pid:3394, Priority:8, AppName:com.pptv.voicecontroller}
03-06 10:03:52.734  3394  3410 D PPTVVoiceService_handleKeyEvent_670: handleKeyEvent 23, 0
03-06 10:03:52.735  2111  5435 I HotkeyService: dispatch key<23:KEYCODE_DPAD_CENTER:0> to HotkeyCallbackWrapper{Uid:1000, Pid:2111, Priority:5, AppName:com.pptv.framework.tvservice}
03-06 10:03:52.735  2111  5435 I HotkeyService: dispatch key<23:KEYCODE_DPAD_CENTER:0> to HotkeyCallbackWrapper{Uid:1000, Pid:2214, Priority:5, AppName:com.pptv.tv}
03-06 10:03:52.736  2111  5435 I HotkeyService: hotkey keycode : 23 deviceId=-1 result : 0 reason:R_NO_INTERCEPT
03-06 10:03:52.736  1589  1646 D WindowManager: mPPTVHotkeyService bRet =false
03-06 10:03:52.737  2065  2065 D InputEventDispatcher: onInputEvent: KeyEvent { action=ACTION_DOWN, keyCode=KEYCODE_DPAD_CENTER, scanCode=0, metaState=0, flags=0x8, repeatCount=0, eventTime=55364438, downTime=55364438, deviceId=-1, source=0x101 }
03-06 10:03:52.740  1589  1646 D WindowManager: interceptKeyTi keyCode=23 down=false repeatCount=0 keyguardOn=false mHomePressed=false canceled=false deviceName=Virtual
03-06 10:03:52.740  1589  1646 E septemberan: mHotkeyService != null
03-06 10:03:52.746  2779  2796 E CvteATHotkey: <AT-TPV> processTPVFacKey ScanCode = 0x0
03-06 10:03:52.748  2322  2338 D TvCecManager: arcIsAmpVolume
03-06 10:03:52.748  1762  1784 I CECManager_JNI: arcIsAmpVolume
03-06 10:03:52.749  1589  1646 D WindowManager: bRet =false
03-06 10:03:52.749  1589  1646 E septemberan: mPPTVHotkeyService != null
03-06 10:03:52.750  2111 12345 I HotkeyService: handleKeyEvents
03-06 10:03:52.750  2111 12345 I HotkeyService: Enter ListenAloneKeyHandler
03-06 10:03:52.751  2111 12345 I SystemImpl: getProp key:TvSystem:PROP_LISTEN_ALONE value:false
03-06 10:03:52.751  2111 12345 I HotkeyService: Enter FirstAndSearchingHandler
03-06 10:03:52.751  2111 12345 I HotkeyService: Enter AppHotkeyHandler
03-06 10:03:52.751  2111 12345 I HotkeyManager: notifyHotkeyListener
03-06 10:03:52.751  2111 12345 I HotkeyService: notifyCallbacks size : 4
03-06 10:03:52.751  2111 12345 I HotkeyService: dispatch key<23:KEYCODE_DPAD_CENTER:1> to HotkeyCallbackWrapper{Uid:10011, Pid:1742, Priority:9, AppName:com.pptv.systemui}
03-06 10:03:52.752  1742  1759 D NotificationPanel: keycode=23, action=1
03-06 10:03:52.752  1742  1759 D SystemUIApplication: handleKeyEvent, keycode:23 action:1, ret:false
03-06 10:03:52.752  1742  1759 D TvStatusBar:   mPlayGuideView android.widget.FrameLayout{332479e4 G.E..... ......I. 0,0-1920,1080}  interceptKegEvent   false  event.getDeviceId()  -1
03-06 10:03:52.753  2111 12345 I HotkeyService: dispatch key<23:KEYCODE_DPAD_CENTER:1> to HotkeyCallbackWrapper{Uid:1000, Pid:3394, Priority:8, AppName:com.pptv.voicecontroller}
03-06 10:03:52.753  3394  3411 D PPTVVoiceService_handleKeyEvent_670: handleKeyEvent 23, 1
03-06 10:03:52.754  2111 12345 I HotkeyService: dispatch key<23:KEYCODE_DPAD_CENTER:1> to HotkeyCallbackWrapper{Uid:1000, Pid:2111, Priority:5, AppName:com.pptv.framework.tvservice}
03-06 10:03:52.754  2111 12345 I HotkeyService: dispatch key<23:KEYCODE_DPAD_CENTER:1> to HotkeyCallbackWrapper{Uid:1000, Pid:2214, Priority:5, AppName:com.pptv.tv}
03-06 10:03:52.755  2111 12345 I HotkeyService: hotkey keycode : 23 deviceId=-1 result : 0 reason:R_NO_INTERCEPT
03-06 10:03:52.755  1589  1646 D WindowManager: mPPTVHotkeyService bRet =false
03-06 10:03:52.764 19539 19539 D SogouIME: [onKeyDown] keycode = 23 model = PPTV-55P+Pro build_id:Build_130480_20170508 true
03-06 10:03:52.787  1762  2473 D PlayerImpl_JNI: isSignalStable
03-06 10:03:52.788  1762  2471 I PictureManager_JNI: getDlcAverageLuma
03-06 10:03:52.789  1762  2471 I TvManager_JNI: isSignalStable
03-06 10:03:52.789  1762  2471 I PictureManager_JNI: getBacklight
03-06 10:03:52.789  1762  2471 E septemberan: dbcHandler: mDbcBacklightRange: 48
03-06 10:03:52.789  1762  2471 I PictureManager_JNI: setBacklight
03-06 10:03:52.814  1169  1169 I tvos    : [37m[INFO] Change to Voltage: 102 mv (0x23)[m
03-06 10:03:52.873 19387 19420 D P2PENGINE: <2019-03-06 10:03:52>
03-06 10:03:52.873 19387 19420 D P2PENGINE: [DEBUG] [Mp4DemuxerBase] begin parse head,size: 258350
03-06 10:03:52.875  2065  2065 D InputEventDispatcher: onInputEvent: KeyEvent { action=ACTION_UP, keyCode=KEYCODE_DPAD_CENTER, scanCode=0, metaState=0, flags=0x8, repeatCount=0, eventTime=55364455, downTime=55364455, deviceId=-1, source=0x101 }
03-06 10:03:52.877 19387 19420 D P2PENGINE: [EVENT] [Vod2Demuxer] serialnum: 1014, data: success
03-06 10:03:52.877 19387 19420 D P2PENGINE: [DEBUG] [Vod2Demuxer] data used (434 milliseconds)
03-06 10:03:52.877 19387 19420 D P2PENGINE: [DEBUG] [BufferList] seek_to: 258350, end: 18446744073709551615
03-06 10:03:52.877 19387 19437 D P2PENGINE: <2019-03-06 10:03:52>
03-06 10:03:52.877 19387 19437 D P2PENGINE: [DEBUG] [Dispatcher] [thread_dispatch] begin, session:783583347, msg:PC_Callback, status:opening
03-06 10:03:52.880 19539 19539 D SogouIME: [onKeyUp] keycode = 23 model = PPTV-55P+Pro build_id:Build_130480_20170508
03-06 10:03:52.880 19387 19437 D P2PENGINE: [DEBUG] [M3U8Protocol] [create] create m3u8 from index:.1, end:1733
03-06 10:03:52.890  1762  2471 I PictureManager_JNI: getDlcAverageLuma
03-06 10:03:52.891  1762  2471 I TvManager_JNI: isSignalStable
03-06 10:03:52.891  1762  2471 I PictureManager_JNI: getBacklight
03-06 10:03:52.891  1762  2471 E septemberan: dbcHandler: mDbcBacklightRange: 48
03-06 10:03:52.891  1762  2471 I PictureManager_JNI: setBacklight
03-06 10:03:52.914 19387 19437 D P2PENGINE: [EVENT] [Dispatcher] [get_info]
03-06 10:03:52.914 19387 19437 D P2PENGINE: [EVENT] [Dispatcher] [get_info] create_m3u8
03-06 10:03:52.914 19387 19437 D P2PENGINE: [DEBUG] [M3U8Protocol] [create] create m3u8 from index:.1, end:1733
03-06 10:03:52.953 19387 19420 D P2PENGINE: <2019-03-06 10:03:52>
03-06 10:03:52.953 19387 19420 D P2PENGINE: [EVENT] [HttpSession] [transfer_response_data] session_id: 783583347, serialnum: 1014
03-06 10:03:52.953 20104 21049 I Downloader: [header_callback] HTTP/1.1 200 OK
03-06 10:03:52.954 19387 19437 D P2PENGINE: [DEBUG] [Dispatcher] [thread_dispatch] ended, session:783583347, msg:PC_Callback, status:openned
03-06 10:03:52.963 20104 21049 I Downloader: [header_callback] Connection: Close
03-06 10:03:52.963 20104 21049 I Downloader: [header_callback] Content-Length: 96012
03-06 10:03:52.963 20104 21049 I Downloader: [header_callback] Get file size from 'Content-Length:' : 96012  ptask->range=0 
03-06 10:03:52.963 20104 21049 I Downloader: [header_callback] Content-Type: application/vnd.apple.mpegurl
03-06 10:03:52.963 20104 21049 I Downloader: [header_callback] 
03-06 10:03:52.965 20104 21049 D Downloader: [receive_data] Find M3u8 data. 
03-06 10:03:52.965 20104 21049 I Downloader: [prog_cb]  Progress: 0%   (16384/96012) 
03-06 10:03:52.966 19387 19420 D P2PENGINE: <2019-03-06 10:03:52>
03-06 10:03:52.966 19387 19420 D P2PENGINE: [EVENT] [HttpSession] [transfer_response_data] option: record
03-06 10:03:52.966 19387 19420 D P2PENGINE: <2019-03-06 10:03:52>
03-06 10:03:52.966 19387 19420 D P2PENGINE: [EVENT] [HttpSession] [on_finish] session_id: 783583347, serialnum: 1014
03-06 10:03:52.966 19387 19420 D P2PENGINE: [EVENT] [HttpSession] [Close] session_id: 783583347, serialnum: 1014
03-06 10:03:52.966 19387 19420 D P2PENGINE: [EVENT] [HttpSession] [Close] m3u8/ts not close 
03-06 10:03:52.966 19387 19420 D P2PENGINE: <2019-03-06 10:03:52>
03-06 10:03:52.966 19387 19420 D P2PENGINE: [EVENT] [HttpSession] [Close] session_id: 0, serialnum: 1014
03-06 10:03:52.966 20104 21049 I Downloader: [prog_cb]  Progress: 20%   (32768/96012) 
03-06 10:03:52.968 20104 21049 I Downloader: [prog_cb]  Progress: 40%   (49152/96012) 
03-06 10:03:52.969 20104 21049 I Downloader: [prog_cb]  Progress: 60%   (65536/96012) 
03-06 10:03:52.970 20104 21049 I Downloader: [prog_cb]  Progress: 80%   (81920/96012) 
03-06 10:03:52.971 20104 21049 I Downloader: [prog_cb]  warning:: mbChunkDataDone .downloadedSize : 96012  >  fileSize :96012 
03-06 10:03:52.972 20104 21049 I Downloader: [prog_cb]  Progress: 100%   (96012/96012) 
03-06 10:03:52.972 20104 21049 I Downloader: [prog_cb]  warning:: mbChunkDataDone .downloadedSize : 96012  >  fileSize :96012 
03-06 10:03:52.972 20104 21049 I Downloader: [prog_cb]  warning:: mbChunkDataDone .downloadedSize : 96012  >  fileSize :96012 
03-06 10:03:52.972 20104 21049 I Downloader: [prog_cb]  warning:: mbChunkDataDone .downloadedSize : 96012  >  fileSize :96012 
03-06 10:03:52.978 20104 21045 D DataSource_M3U8: [parseM3U8] M3u8  mTargetDuration = 5
03-06 10:03:52.992  1762  2471 I PictureManager_JNI: getDlcAverageLuma
03-06 10:03:52.993  1762  2471 I TvManager_JNI: isSignalStable
03-06 10:03:52.993  1762  2471 I PictureManager_JNI: getBacklight
03-06 10:03:52.993  1762  2471 E septemberan: dbcHandler: mDbcBacklightRange: 48
03-06 10:03:52.993  1762  2471 I PictureManager_JNI: setBacklight
03-06 10:03:53.060 20104 21045 D DataSource_M3U8: [init] bMultAlterBandwidthStream = 0  urlNum=1733 
03-06 10:03:53.060 20104 21045 I DataSource_M3U8: [init] parseURLs Success! urlNum : 1733  
03-06 10:03:53.061 20104 21045 D DataSource_M3U8: [init] bSupportAutoChangeServer = 0   u32StreamServerUsedIndex=0
03-06 10:03:53.061 20104 21055 D Downloader: Release Mstar Content Source CL:1174503  Date:2015/04/01
03-06 10:03:53.061 20104 21055 I Downloader: [Downloader] Curl Version:libcurl/7.21.7 OpenSSL/1.0.1h zlib/1.2.8 c-ares/1.7.4
03-06 10:03:53.062 20104 21049 I Downloader: [messenger_loop]  Receive download cmd : 2 
03-06 10:03:53.062 20104 21049 D Downloader: [removeTask] removeTask...  
03-06 10:03:53.067 20104 21045 I DataSource_M3U8: [init] [M3u8] post cmd for start(0) url:http://127.0.0.1:9009/1.ts?serialnum=1014
03-06 10:03:53.067 20104 21049 I Downloader: [messenger_loop]  Receive download cmd : 1 
03-06 10:03:53.067 20104 21049 D Downloader: [removeTask] removeTask...  
03-06 10:03:53.067 20104 21049 D Downloader: [messenger_loop]  cmd_info rangeStr=    range= 0 
03-06 10:03:53.067 20104 21049 D Downloader: [messenger_loop]  cmd_info bCheckDiscFlag = 1   
03-06 10:03:53.068 20104 21049 D Downloader: [messenger_loop]  download without Drop mode.
03-06 10:03:53.069  1169  1169 I tvos    : [37m[INFO] Change to Voltage: 117 mv (0x32)[m
03-06 10:03:53.069 20104 21049 D Downloader: [StartTask] url :http://127.0.0.1:9009/1.ts?serialnum=1014
03-06 10:03:53.073 19387 19420 D P2PENGINE: <2019-03-06 10:03:53>
03-06 10:03:53.073 19387 19420 D P2PENGINE: [EVENT] [HttpSession] [local_process] option: 1, format: ts, this: 0xe3522400, serialnum: 1014
03-06 10:03:53.073 19387 19420 D P2PENGINE: [EVENT] [Dispatcher] [open] session_id:783583348 playlink: params:http://host/1.ts?serialnum=1014 format:
03-06 10:03:53.077 20104 21045 D DataSource_M3U8: [init] (0x0xf26c2000)[Time]  m3u8 init=> 803 ms
03-06 10:03:53.077 20104 21045 D DataSource_M3U8: [getURLContentType] (0x0xf26c2000)M3u8 getURLContentType=0.
03-06 10:03:53.077 20104 21045 D msavp_dw_module: [21045] [DM][m3u8] MS_PLAYER_M3U8_MODE
03-06 10:03:53.077 20104 21045 D msavp_dw_module: [21045] [DM] SetStreamingSource OK
03-06 10:03:53.077 20104 21045 D DataSource_M3U8: [initCheck] (0x0xf26c2000)M3u8 initCheck = 0.
03-06 10:03:53.077 20104 21045 D DataSource_M3U8: [IsSeekableStream] (0x0xf26c2000)M3u8 IsSeekableStream=1
03-06 10:03:53.077 20104 21045 D DataSource_M3U8: [IsSeekableStream] (0x0xf26c2000)M3u8 IsSeekableStream=1
03-06 10:03:53.077 20104 21045 D msavp_dw_module: [21045] [DM] file_z:-1, stream_type:2, dur:8661000, seekable:1
03-06 10:03:53.080 19387 19420 D P2PENGINE: <2019-03-06 10:03:53>
03-06 10:03:53.088 20104 21042 D mstplayer: [21042] [AVP] streaming play complete
03-06 10:03:53.088 20104 21042 V [MMP]   : [21042] register handle 0, buffer 0xc8c01000, size  534528 to slot  0
03-06 10:03:53.094  1762  2471 I PictureManager_JNI: getBacklight
03-06 10:03:53.099 20104 21042 D mstplayer: [21042] [AVP] end:86610, dur:8661000, from STM
03-06 10:03:53.102 19331 21058 D MP--    : SysPlayerImp send  event success eventType=15
03-06 10:03:53.106 20104 21049 I Downloader: [receive_data]  mCheckRingBuffer getValidBufferLength=5640   ptask->bParseCodecDone=0
03-06 10:03:53.109 20104 21049 I Downloader: [receive_data]  [Parse TS]  init  Video codec: 20    Audio codec:1 
03-06 10:03:53.125 20104 21045 D DataSource_M3U8: [readAt]  Warnig:: less(48742) data in buffer...
03-06 10:03:53.125 20104 21045 D DataSource_M3U8: [readAt] (0x0xf26c2000)[Time]  m3u8 read 65850 Bytes => 48 ms
03-06 10:03:53.126 20104 21046 V [MMP]   : [21046] [STM] write_data buffering... z:65850 < 30720, pos: 65850 < 30720, f_z:-1, is_data_enough:0
03-06 10:03:53.131 20104 21057 V [MMP]   : [21057] MP4 Open Start
03-06 10:03:53.134 20104 21044 V RMClient: #37:onMessageReceived ldon
03-06 10:03:53.145 20104 21060 D MSTAR_VDEC_API: Demuxer Frame Rate = 0 0
03-06 10:03:53.156 20104 21057 D MSTAR_VDEC_API: FrameRate from vdec: 25000
03-06 10:03:53.159 20104 21057 D MS_OMX_AACDEC: AAC_Decode_PreSetADTSHeader: AACStreamFormat=5
03-06 10:03:53.172 20104 21046 V [MMP]   : [21046] [STM] write_data buffering... z:33414 < 76800, pos: 99264 < 142650, f_z:-1, is_data_enough:0
03-06 10:03:53.178  1589  2097 W TelecomManager: Telecom Service not found.
03-06 10:03:53.178  1589  2097 W TelecomManager: Telecom Service not found.
03-06 10:03:53.183  1589  1646 D WindowManager: bRet =false
03-06 10:03:53.189  2111  5436 I TvInputManagerImpl: getCurrentTvInput inputsource id :7
03-06 10:03:53.202  2111  5436 I TvInputManagerImpl: getCurrentTvInput inputsource id :7
03-06 10:03:53.210  2111  5436 D SoundImpl: getProp PROP_SPEAKER_ROUTE value = INNER_SPEAKER
03-06 10:03:53.219 20104 21046 V [MMP]   : [21046] [STM] write_data buffering... z:132818 < 76800, pos: 198668 < 142650, f_z:-1, is_data_enough:0
03-06 10:03:53.226  2322  2497 D TVApiSystemInputSourceImpl: eventSystemInputSourceGetInputSource
03-06 10:03:53.229 19331 19538 I PLAYER--: [VideoStatusPublish][onInfo][ what :1005]
03-06 10:03:53.236  1589  2188 D AudioService: isPipOn: false
03-06 10:03:53.241  2214  2214 I TvSystemImplPolicy: getProp [key:PROP_SOUND_MUTE;value:false]
03-06 10:03:53.248 19331 21072 V PLAYER--: [VideoStatusPublish][onStatus][status :4,mediaPlayInfo:[MediaPlayInfo][url:http://127.0.0.1:9009/record.m3u8?w=1&key=d7e03f11c5410728074cc86ea1b32e8a&type=ppvod2&sv=3.7.1&platform=launcher&ft=0&vvid=eea2347a-f712-42f0-9108-86f5a4f701d7&video=true&h265=3&mux.M3U8.segment_duration=5&chunked=true&serialnum=1014&playlink=29776781%3Fft%3D0%26bwtype%3D0%26platform%3Dlauncher%26type%3Dtv%2Esports%26sv%3D3%2E7%2E1%26video%3Dtrue%26sdkmode%3D0%26p2p%2Eadvtime%3D0%26k%3D036477949ee4d755ba9656ef47f1b662%2D9502%2D1551852230%26bppcataid%3D38%26vvid%3Deea2347a%2Df712%2D42f0%2D9108%2D86f5a4f701d7%26appid%3Dpptv%2Eatv%2Esports%26appplt%3Datv%26appver%3D3%2E7%2E1,playid:29776781viewType:1mediaType:VODseekType:2,currentPos:0,duration:0,starPos:3221,stopft:SMOOTH,engIndex:0,status:4,statusBuff:4,what:0,extra:0, sourceType:0,endPos0,upperPlayObj:playObj has getstartTime:0,endTime:0,fd:0,fdn:0,innerLogoObj:InnerLogoObj{innerLogo_align=lefttop, innerLogo_ax=0.03125, innerLogo_ay=0.05, innerLogo_awidth=0.1, innerLogo_aheight=0.0463, isPlayProvided=true}]
03-06 10:03:53.252 20104 21045 D DataSource_M3U8: [readAt]  Warnig:: less(11656) data in buffer...
03-06 10:03:53.258 19331 21072 I PLAYER--: [VideoStatusPublish][sendMsg][sendMsg:PLAYER_FSM_PREPARED]
03-06 10:03:53.262 19331 19534 I StatisticsManager: [StatisticsManager][onPreStarted]:vid29776781,vvid:eea2347a-f712-42f0-9108-86f5a4f701d7,cid:29776781,sectionId:0,sectionTitle:,playType:5,type:3,typeName:中超第1轮-武汉卓尔vs北京中赫国安,usertype:0,preTime:1551837831560
03-06 10:03:53.269  3394  3394 D HttpConfig: getAccessToken: 24.5fcfff2a7e01c34091394049cd82c914.2592000.1553421188.282335-9793364
03-06 10:03:53.276 19331 19535 D PlayHelper: [PlayHelper] [setPlayExpandParam] setPlayExpandParam:{cpnm=中超赛场, ChannelChineseName=中超第1轮-武汉卓尔vs北京中赫国安, err=, related_mc=-1, pvid=29338749, cpid=40, pgid=, sdknm=-1, related_matchid=-1, related_sectionid=-1}
03-06 10:03:53.282 20104 21070 V [MMP]   : [21070] discard omx output, videoFlush:1, v_flushing:1
03-06 10:03:53.292 20104 21049 D Downloader: [StartTask] url :http://127.0.0.1:9009/645.ts?serialnum=1014
03-06 10:03:53.297 19331 19536 I PLAYER--: [CommonMsgController][updateWithAdMsg]EVENT_SEEK_START
03-06 10:03:53.305 20104 21060 D MSTAR_VDEC_API: [0] Flush: OK
03-06 10:03:53.309  1159  1658 D gralloc : allocate buffer from ION HEAP 0x1
03-06 10:03:53.314 20104 20104 D WatchDogThread: [add][getCurrentPosition] 1551837833 
03-06 10:03:53.318 20104 21049 I Downloader: [header_callback] HTTP/1.1 200 OK
03-06 10:03:53.323 19331 21077 I PLAYER--: [VideoStatusPublish][onEvent][event:4]
03-06 10:03:53.328 19387 19437 D P2PENGINE: <2019-03-06 10:03:53>
03-06 10:03:53.332 20104 20649 D WatchDogThread: [remove][getCurrentPosition] 1551837833 
03-06 10:03:53.337 19331 19538 V P2PService: [P2PEngineUtil][setPlayStatus][invoke_source:sendP2PBufferingMsgurl:http://127.0.0.1:9009/record.m3u8?w=1&key=d7e03f11c5410728074cc86ea1b32e8a&type=ppvod2&sv=3.7.1&platform=launcher&ft=0&vvid=eea2347a-f712-42f0-9108-86f5a4f701d7&video=true&h265=3&mux.M3U8.segment_duration=5&chunked=true&serialnum=1014&playlink=29776781%3Fft%3D0%26bwtype%3D0%26platform%3Dlauncher%26type%3Dtv%2Esports%26sv%3D3%2E7%2E1%26video%3Dtrue%26sdkmode%3D0%26p2p%2Eadvtime%3D0%26k%3D036477949ee4d755ba9656ef47f1b662%2D9502%2D1551852230%26bppcataid%3D38%26vvid%3Deea2347a%2Df712%2D42f0%2D9108%2D86f5a4f701d7%26appid%3Dpptv%2Eatv%2Esports%26appplt%3Datv%26appver%3D3%2E7%2E1,status:1]
03-06 10:03:53.344 20104 21046 V [MMP]   : [21046] [STM] write_data buffering... z:0 < 76800, pos: 341784 < 418584, f_z:-1, is_data_enough:0
03-06 10:03:53.349 19331 21076 I PLAYER--: [VideoStatusPublish][sendMsg][sendMsg:PLAYER_FSM_STARTED]
03-06 10:03:53.355 19331 19533 E g_a_143 : playStart null == mOLTimer
03-06 10:03:53.363 19331 21078 D MP--    : SysPlayerImp send  event success eventType=13
03-06 10:03:53.365 19331 19377 D AppLogMgr: all.txt is not in writing,going to write
03-06 10:03:53.374 19331 19533 I QosHelper: [QosHelper][setChangeParam] set current playState is 7
03-06 10:03:53.379 20104 21046 V [MMP]   : [21046] [STM] write_data buffering... z:0 < 76800, pos: 341784 < 418584, f_z:-1, is_data_enough:0
03-06 10:03:53.388 19331 21086 D AppLogMgr: all.txt FIO finished with tid1057
03-06 10:03:53.395 19331 21085 D AppLogMgr: player.txt FIO finished with tid1058
03-06 10:03:53.405 19331 19533 I QosHelper: [QosHelper][setChangeParam] set current playState is 702
03-06 10:03:53.413 20104 21046 V [MMP]   : [21046] [STM] write_data buffering... z:0 < 76800, pos: 341784 < 418584, f_z:-1, is_data_enough:0
03-06 10:03:53.418  1159  1304 D hwcomposer: lastHWWindowInfo is dirty
03-06 10:03:53.424 20104 21046 V [MMP]   : [21046] [STM] write_data buffering... z:0 < 76800, pos: 341784 < 418584, f_z:-1, is_data_enough:0
03-06 10:03:53.436 20104 21046 V [MMP]   : [21046] [STM] write_data buffering... z:0 < 76800, pos: 341784 < 418584, f_z:-1, is_data_enough:0
03-06 10:03:53.447 20104 21046 V [MMP]   : [21046] [STM] write_data buffering... z:0 < 76800, pos: 341784 < 418584, f_z:-1, is_data_enough:0
03-06 10:03:53.459 20104 21046 V [MMP]   : [21046] [STM] write_data buffering... z:0 < 76800, pos: 341784 < 418584, f_z:-1, is_data_enough:0
03-06 10:03:53.469 20104 21046 V [MMP]   : [21046] [STM] write_data buffering... z:0 < 76800, pos: 341784 < 418584, f_z:-1, is_data_enough:0
03-06 10:03:53.480 20104 21046 V [MMP]   : [21046] [STM] write_data buffering... z:0 < 76800, pos: 341784 < 418584, f_z:-1, is_data_enough:0
03-06 10:03:53.491 20104 21046 V [MMP]   : [21046] [STM] write_data buffering... z:0 < 76800, pos: 341784 < 418584, f_z:-1, is_data_enough:0
03-06 10:03:53.503 20104 21046 V [MMP]   : [21046] [STM] write_data buffering... z:0 < 76800, pos: 341784 < 418584, f_z:-1, is_data_enough:0
03-06 10:03:53.511  1762  2471 I PictureManager_JNI: getDlcAverageLuma
03-06 10:03:53.514  1169  1169 I tvos    : [37m[INFO] Change to Voltage: 102 mv (0x23)[m
03-06 10:03:53.514 20104 21046 V [MMP]   : [21046] [STM] write_data buffering... z:0 < 76800, pos: 341784 < 418584, f_z:-1, is_data_enough:0
03-06 10:03:53.515  1762  2471 I TvManager_JNI: isSignalStable
03-06 10:03:53.516  1762  2471 I PictureManager_JNI: getBacklight
03-06 10:03:53.516  1762  2471 E septemberan: dbcHandler: mDbcBacklightRange: 48
03-06 10:03:53.516  1762  2471 I PictureManager_JNI: setBacklight
03-06 10:03:53.521  3394  3696 D BDSHttpRequestMaker: hostname : dueros-voice.baidu.com verifyUrl : dueros-voice.baidu.com &3be2f662, 
03-06 10:03:53.524 20104 21046 V [MMP]   : [21046] [STM] write_data buffering... z:0 < 76800, pos: 341784 < 418584, f_z:-1, is_data_enough:0
03-06 10:03:53.529  3394  3696 I BDSHttpRequestMaker: sendData  dataType : 0 https://dueros-voice.baidu.com/dcs_event?sn=860ea9ec-ad1c-429e-884e-a521477f39b0 &3be2f662, 
03-06 10:03:53.531  3394  3696 I BDSHttpRequestMaker: sendData  dataType : 2 https://dueros-voice.baidu.com/dcs_event?sn=860ea9ec-ad1c-429e-884e-a521477f39b0 &3be2f662, 
03-06 10:03:53.533  3394  3696 I BDSHttpRequestMaker: sendData  dataType : 3 https://dueros-voice.baidu.com/dcs_event?sn=860ea9ec-ad1c-429e-884e-a521477f39b0 &3be2f662, 
03-06 10:03:53.536 20104 21046 V [MMP]   : [21046] [STM] write_data buffering... z:0 < 76800, pos: 341784 < 418584, f_z:-1, is_data_enough:0
03-06 10:03:53.547 20104 21046 V [MMP]   : [21046] [STM] write_data buffering... z:0 < 76800, pos: 341784 < 418584, f_z:-1, is_data_enough:0
03-06 10:03:53.548  1589  1646 D WindowManager: interceptKeyTi keyCode=82 down=true repeatCount=0 keyguardOn=false mHomePressed=false canceled=false deviceName=Virtual
03-06 10:03:53.548  1589  1646 E septemberan: mHotkeyService != null
03-06 10:03:53.550  2322  2338 D Evan    : onGlobalKeyEvent keycode=82
03-06 10:03:53.550  2322  2338 D Evan    : invokeGlobalKeyListener
03-06 10:03:53.550  2322  2338 D TVApiSystemSignalImpl:  now=55365267
03-06 10:03:53.550  2322  2338 D TVApiSystemSignalImpl:  before=55358142
03-06 10:03:53.550  2322  2338 D Evan    : invokeGlobalKeyListener
03-06 10:03:53.550  2322  2338 D TVApiSystemNoActionAutoPowerOffImpl: KeyEvnetListener Reset counter
03-06 10:03:53.550  2322  4929 D TvCecManager: arcIsAmpVolume
03-06 10:03:53.551  1762  4930 I CECManager_JNI: arcIsAmpVolume
03-06 10:03:53.552  1589  1646 D WindowManager: bRet =false
03-06 10:03:53.552  1589  1646 E septemberan: mPPTVHotkeyService != null
03-06 10:03:53.552  2111 12345 I HotkeyService: handleKeyEvents
03-06 10:03:53.552  2111 12345 I HotkeyService: Enter ListenAloneKeyHandler
03-06 10:03:53.554  2111 12345 I SystemImpl: getProp key:TvSystem:PROP_LISTEN_ALONE value:false
03-06 10:03:53.554  2111 12345 I HotkeyService: Enter FirstAndSearchingHandler
03-06 10:03:53.554  2111 12345 I HotkeyService: Enter AppHotkeyHandler
03-06 10:03:53.554  2111 12345 I HotkeyManager: notifyHotkeyListener
03-06 10:03:53.554  2111 12345 I HotkeyService: notifyCallbacks size : 4
03-06 10:03:53.554  2111 12345 I HotkeyService: dispatch key<82:KEYCODE_MENU:0> to HotkeyCallbackWrapper{Uid:10011, Pid:1742, Priority:9, AppName:com.pptv.systemui}
03-06 10:03:53.555  1742  1758 D NotificationPanel: keycode=82, action=0
03-06 10:03:53.555  1742  1758 D SystemUIApplication: handleKeyEvent, keycode:82 action:0, ret:false
03-06 10:03:53.555  1742  1758 D TvStatusBar:   mPlayGuideView android.widget.FrameLayout{332479e4 G.E..... ......I. 0,0-1920,1080}  interceptKegEvent   false  event.getDeviceId()  -1
03-06 10:03:53.556  2111 12345 I HotkeyService: dispatch key<82:KEYCODE_MENU:0> to HotkeyCallbackWrapper{Uid:1000, Pid:3394, Priority:8, AppName:com.pptv.voicecontroller}
03-06 10:03:53.556  3394  3411 D PPTVVoiceService_handleKeyEvent_670: handleKeyEvent 82, 0
03-06 10:03:53.557  2111 12345 I HotkeyService: dispatch key<82:KEYCODE_MENU:0> to HotkeyCallbackWrapper{Uid:1000, Pid:2111, Priority:5, AppName:com.pptv.framework.tvservice}
03-06 10:03:53.557  2111 12345 I HotkeyService: dispatch key<82:KEYCODE_MENU:0> to HotkeyCallbackWrapper{Uid:1000, Pid:2214, Priority:5, AppName:com.pptv.tv}
03-06 10:03:53.557  2111 12345 I HotkeyService: hotkey keycode : 82 deviceId=-1 result : 0 reason:R_NO_INTERCEPT
03-06 10:03:53.558  1589  1646 D WindowManager: mPPTVHotkeyService bRet =false
03-06 10:03:53.558 20104 21046 V [MMP]   : [21046] [STM] write_data buffering... z:0 < 76800, pos: 341784 < 418584, f_z:-1, is_data_enough:0
03-06 10:03:53.559  2065  2065 D InputEventDispatcher: onInputEvent: KeyEvent { action=ACTION_DOWN, keyCode=KEYCODE_MENU, scanCode=0, metaState=0, flags=0x8, repeatCount=0, eventTime=55365265, downTime=55365265, deviceId=-1, source=0x101 }
03-06 10:03:53.562  1589  1646 D WindowManager: interceptKeyTi keyCode=82 down=false repeatCount=0 keyguardOn=false mHomePressed=false canceled=false deviceName=Virtual
03-06 10:03:53.562  1589  1646 E septemberan: mHotkeyService != null
03-06 10:03:53.563 19387 19420 D P2PENGINE: <2019-03-06 10:03:53>
03-06 10:03:53.563 19387 19420 D P2PENGINE: [DEBUG] [Dac] [handle_fetch] begin
03-06 10:03:53.563 19387 19420 D P2PENGINE: [DEBUG] [Dac] [handle_fetch] end
03-06 10:03:53.567 19539 19539 D SogouIME: [onKeyDown] keycode = 82 model = PPTV-55P+Pro build_id:Build_130480_20170508 true
03-06 10:03:53.568  2779  2797 E CvteATHotkey: <AT-TPV> processTPVFacKey ScanCode = 0x0
03-06 10:03:53.568 19331 19331 I VIEW--  : [StandBaseCommonMsgVideoView][msg][PLAYER_FSM_PREPARED,mediaInfo:[MediaPlayInfo][url:http://127.0.0.1:9009/record.m3u8?w=1&key=d7e03f11c5410728074cc86ea1b32e8a&type=ppvod2&sv=3.7.1&platform=launcher&ft=0&vvid=eea2347a-f712-42f0-9108-86f5a4f701d7&video=true&h265=3&mux.M3U8.segment_duration=5&chunked=true&serialnum=1014&playlink=29776781%3Fft%3D0%26bwtype%3D0%26platform%3Dlauncher%26type%3Dtv%2Esports%26sv%3D3%2E7%2E1%26video%3Dtrue%26sdkmode%3D0%26p2p%2Eadvtime%3D0%26k%3D036477949ee4d755ba9656ef47f1b662%2D9502%2D1551852230%26bppcataid%3D38%26vvid%3Deea2347a%2Df712%2D42f0%2D9108%2D86f5a4f701d7%26appid%3Dpptv%2Eatv%2Esports%26appplt%3Datv%26appver%3D3%2E7%2E1,playid:29776781viewType:1mediaType:VODseekType:2,currentPos:3221,duration:8661,starPos:3221,stopft:SMOOTH,engIndex:0,status:5,statusBuff:45,what:0,extra:0, sourceType:0,endPos0,upperPlayObj:playObj has getstartTime:0,endTime:0,fd:0,fdn:0,innerLogoObj:InnerLogoObj{innerLogo_align=lefttop, innerLogo_ax=0.03125, innerLogo_ay=0.05, innerLogo_awidth=0.1, innerLogo_aheight=0.0463, isPlayProvided=true}]
03-06 10:03:53.569 20104 21046 V [MMP]   : [21046] [STM] write_data buffering... z:0 < 76800, pos: 341784 < 418584, f_z:-1, is_data_enough:0
03-06 10:03:53.570  2322  2497 D TvCecManager: arcIsAmpVolume
03-06 10:03:53.571  1762  4931 I CECManager_JNI: arcIsAmpVolume
03-06 10:03:53.571 19331 19331 I VIEW--  : [StandBaseCommonMsgVideoView][msg][EVENT_SEEK_START,mediaInfo:[MediaPlayInfo][url:http://127.0.0.1:9009/record.m3u8?w=1&key=d7e03f11c5410728074cc86ea1b32e8a&type=ppvod2&sv=3.7.1&platform=launcher&ft=0&vvid=eea2347a-f712-42f0-9108-86f5a4f701d7&video=true&h265=3&mux.M3U8.segment_duration=5&chunked=true&serialnum=1014&playlink=29776781%3Fft%3D0%26bwtype%3D0%26platform%3Dlauncher%26type%3Dtv%2Esports%26sv%3D3%2E7%2E1%26video%3Dtrue%26sdkmode%3D0%26p2p%2Eadvtime%3D0%26k%3D036477949ee4d755ba9656ef47f1b662%2D9502%2D1551852230%26bppcataid%3D38%26vvid%3Deea2347a%2Df712%2D42f0%2D9108%2D86f5a4f701d7%26appid%3Dpptv%2Eatv%2Esports%26appplt%3Datv%26appver%3D3%2E7%2E1,playid:29776781viewType:1mediaType:VODseekType:2,currentPos:3221,duration:8661,starPos:3221,stopft:SMOOTH,engIndex:0,status:5,statusBuff:45,what:0,extra:0, sourceType:0,endPos0,upperPlayObj:playObj has getstartTime:0,endTime:0,fd:0,fdn:0,innerLogoObj:InnerLogoObj{innerLogo_align=lefttop, innerLogo_ax=0.03125, innerLogo_ay=0.05, innerLogo_awidth=0.1, innerLogo_aheight=0.0463, isPlayProvided=true}]
03-06 10:03:53.572 19331 19331 D VIEW--  : StandBaseCommonMsgVideoView EVENT_SEEK_START onUserSeek = false  onPlayerSeeking = false
03-06 10:03:53.572  1589  1646 D WindowManager: bRet =false
03-06 10:03:53.572  1589  1646 E septemberan: mPPTVHotkeyService != null
03-06 10:03:53.572  2111  5436 I HotkeyService: handleKeyEvents
03-06 10:03:53.572  2111  5436 I HotkeyService: Enter ListenAloneKeyHandler
03-06 10:03:53.573  3394  3728 I BDSHttpRequestMaker: readThirdData dataType : 242, dataLen=94, https://dueros-voice.baidu.com/dcs_event?sn=860ea9ec-ad1c-429e-884e-a521477f39b0 &3be2f662, 
03-06 10:03:53.573  3394  3728 I BDSHttpRequestMaker: response : HTTP/1.1 200 OK
03-06 10:03:53.573  3394  3728 I BDSHttpRequestMaker: Content-Type: multipart/form-data; boundary=___dueros_dcs_v1_boundary___
03-06 10:03:53.573  3394  3728 I BDSHttpRequestMaker: 
03-06 10:03:53.573  3394  3728 I BDSHttpRequestMaker:  https://dueros-voice.baidu.com/dcs_event?sn=860ea9ec-ad1c-429e-884e-a521477f39b0 &3be2f662, 
03-06 10:03:53.574  2111  5436 I SystemImpl: getProp key:TvSystem:PROP_LISTEN_ALONE value:false
03-06 10:03:53.574  2111  5436 I HotkeyService: Enter FirstAndSearchingHandler
03-06 10:03:53.574  2111  5436 I HotkeyService: Enter AppHotkeyHandler
03-06 10:03:53.574  2111  5436 I HotkeyManager: notifyHotkeyListener
03-06 10:03:53.574  2111  5436 I HotkeyService: notifyCallbacks size : 4
03-06 10:03:53.574  2111  5436 I HotkeyService: dispatch key<82:KEYCODE_MENU:1> to HotkeyCallbackWrapper{Uid:10011, Pid:1742, Priority:9, AppName:com.pptv.systemui}
03-06 10:03:53.575  1742  1759 D NotificationPanel: keycode=82, action=1
03-06 10:03:53.575  1742  1759 D SystemUIApplication: handleKeyEvent, keycode:82 action:1, ret:false
03-06 10:03:53.575  1742  1742 D NotificationPanel: clearAll
03-06 10:03:53.575  1742  1759 D TvStatusBar:   mPlayGuideView android.widget.FrameLayout{332479e4 G.E..... ......I. 0,0-1920,1080}  interceptKegEvent   false  event.getDeviceId()  -1
