03-06 10:03:51.512 20104 20989 D MS_OMX_VDEC: Free pBuffer[0]: 0xc6500000
03-06 10:03:51.512 20104 20990 I MS_OMX_VDEC: [OMX.MS.AVC.Decoder]MS_OMX_OutputBufferProcess: ...resumed
03-06 10:03:51.512 20104 20989 D MS_OMX_VDEC: Free pBuffer[0]: 0xc6800000
03-06 10:03:51.512 20104 20989 D MS_OMX_VDEC: Free pBuffer[0]: 0xeff00000
03-06 10:03:51.512 20104 20989 D MS_OMX_VDEC: Free pBuffer[0]: 0xefc00000
03-06 10:03:51.512 20104 20989 D MS_OMX_VDEC: Free pBuffer[0]: 0xc6d00000
03-06 10:03:51.512 20104 20988 D MSTAR_VDEC_API: [0] Flush: Begin (0)
03-06 10:03:51.512 20104 20989 D MS_OMX_VDEC: Free pBuffer[1]: 0xf126d600
03-06 10:03:51.512 20104 20988 D MSTAR_VDEC_API: [0] Flush: OK
03-06 10:03:51.512 20104 20989 D MS_OMX_VDEC: Free pBuffer[1]: 0xf126d480
03-06 10:03:51.512 20104 20989 D MS_OMX_VDEC: Free pBuffer[1]: 0xf126d300
03-06 10:03:51.512 20104 20989 D MS_OMX_VDEC: Free pBuffer[1]: 0xf126d180
03-06 10:03:51.517 20104 20988 D         : [VDEC][0]MApi_CMA_Pool_PutMem0 in vdec: cmaFreeParam.pool_handle_id=13, cmaFreeParam.offset_in_pool=0, cmaFreeParam.length=8200000
03-06 10:03:51.517 20104 20988 I MSTAR_VDEC_API: stored streamId: 0:4040
03-06 10:03:51.517 20104 20988 I MSTAR_VDEC_API: remove StreamId: 0x4040
03-06 10:03:51.518 20104 20988 D MSTAR_VDEC_API: [0] MsVdecClose OK
03-06 10:03:51.518 20104 20998 V mmpSource: mmpSource::stop
03-06 10:03:51.518 20104 20998 V mmpSource: mmpSource::deconstruct
03-06 10:03:51.518 19331 19533 I QoSModuleMessenger: [QoSModuleMessenger][update] msgCode: DATA_SELECT_CAROUSE_CHANNEL
03-06 10:03:51.520 19331 19533 I QoSModuleMessenger: [QoSModuleMessenger][update] video props: playType:1,errorCode:0|0,needSend:true,isCollection:false,platform:atv,channel:230001,apkName:CIBN聚体育,appId:pptv.atv.sports,vvid:51ba0390-88b2-4fc1-a2b8-30c4cd485ed4,videoId:29338749,sectionId:0,collectionId:29338749,type:3,typeName:2018亚冠决赛次回合：波斯波利斯vs鹿岛鹿角（董路 李欣）,userType:0,currentFt:0,bitrate:421,bwType:0,cdnIP:bdyun.vod-test.pptv.com,seekType:2,vt:3
03-06 10:03:51.521 20104 20998 D mmpOmxWrap: [20998] [release_mmp_source] leave
03-06 10:03:51.521 20104 20998 V [MMP]   : [20998] released handle 0, buffer 0xf12f5100 size      32, at slot 15
03-06 10:03:51.521 20104 20998 V [MMP]   : [20998] released handle 0, buffer 0xf13f6140 size     320, at slot 14
03-06 10:03:51.521 19331 19533 I QoSModuleMessenger: [QoSModuleMessenger][update] qosState: -1
03-06 10:03:51.521 20104 20972 V [MMP]   : [20972] released handle 0, buffer 0xd6e01000 size  544768, at slot 23
03-06 10:03:51.521 20104 20972 V [MMP]   : [20972] VD terminated!
03-06 10:03:51.521 20104 20972 V [MMP]   : [20972] start join AD
03-06 10:03:51.523  3394  3696 I BDSHttpRequestMaker: url = https://dueros-voice.baidu.com/dcs_event?sn=41f15dd8-160c-49f9-8628-c02f1053ead3 &12537c44, 
03-06 10:03:51.524  1762  2471 I PictureManager_JNI: getDlcAverageLuma
03-06 10:03:51.523  3394  3696 D BDSHttpRequestMaker: url: https://dueros-voice.baidu.com/dcs_event?sn=41f15dd8-160c-49f9-8628-c02f1053ead3 mHostIp: dueros-voice.baidu.com &12537c44, 
03-06 10:03:51.526  3394  3696 E BDSHttpRequestMaker: dcs url : https://dueros-voice.baidu.com/dcs_event?sn=41f15dd8-160c-49f9-8628-c02f1053ead3
03-06 10:03:51.526  3394  3696 I BDSHttpRequestMaker: no proxy
03-06 10:03:51.527  1762  2471 I TvManager_JNI: isSignalStable
03-06 10:03:51.528 20104 20976 V [MMP]   : [20976] [STM] MM: type:0, (q, o)=(0x1000, 0x2009)=>(0x2009, none)
03-06 10:03:51.528 20104 20976 V [MMP]   : [20976] [STM] MM: issue_q_msg:0x2009
03-06 10:03:51.528 20104 20976 V [MMP]   : [20976] [STM] stm_send_dm, msg:0x100d
03-06 10:03:51.528 20104 20976 V [MMP]   : [20976] [STM] update_dm, dm_status:0x0, wait_cmd:0x1000, msg:0x100d
03-06 10:03:51.529 20104 20975 V [MMP]   : [20975] [DM] dm_msg:0x100d
03-06 10:03:51.529 20104 20975 D msavp_dw_module: [20975] [DM][m3u8] android_m3u8_get_info, Bandwidth:0, Bitrate:426250
03-06 10:03:51.529  1762  2471 I PictureManager_JNI: getBacklight
03-06 10:03:51.529 20104 20976 V [MMP]   : [20976] [STM] MM: res1, wait:0x100d, msg:0x400a, q_msg:0x1000, int_msg:0x1000
03-06 10:03:51.530 20104 20976 V [MMP]   : [20976] [STM] MM: res2, wait:0x100d, msg:0x400a, q_msg:0x1000, int_msg:0x1000
03-06 10:03:51.530 20104 20976 V [MMP]   : [20976] [STM] update_dm, dm_status:0x1, wait_cmd:0x100d, msg:0x400a
03-06 10:03:51.530 20104 20976 V [MMP]   : [20976] [STM] dm: wait_rsp->wait_com:0x100d
03-06 10:03:51.530 20104 20976 V [MMP]   : [20976] [STM] MM: res1, wait:0x100d, msg:0x5020, q_msg:0x1000, int_msg:0x1000
03-06 10:03:51.530 20104 20976 V [MMP]   : [20976] [STM] MM: res2, wait:0x100d, msg:0x5020, q_msg:0x1000, int_msg:0x1000
03-06 10:03:51.530 20104 20976 V [MMP]   : [20976] [STM] update bitrate: 426250
03-06 10:03:51.530 20104 20976 D mstplayer: [20976] [AVP] send to handle, streaming_msg = 501e
03-06 10:03:51.530 20104 20976 V [MMP]   : [20976] [STM] update_dm, dm_status:0x2, wait_cmd:0x100d, msg:0x5020
03-06 10:03:51.530 20104 20976 V [MMP]   : [20976] [STM] dm: wait_com->IDLE:0x0
03-06 10:03:51.531  1762  2471 E septemberan: dbcHandler: mDbcBacklightRange: 48
03-06 10:03:51.531  1762  2471 I PictureManager_JNI: setBacklight
03-06 10:03:51.532 20104 20992 I MS_OMX_AACDEC: MS_AAC_Decode_EsFlush: AUDIO FLUSH OK !!
03-06 10:03:51.532 20104 20992 I MS_OMX_BASEPORT: [OMX.MS.AAC.Decoder]MS_OMX_FlushPort: 1
03-06 10:03:51.533 20104 20992 D MSTAR_ADEC_API: 
03-06 10:03:51.533 20104 20992 D MSTAR_ADEC_API: 
03-06 10:03:51.533 20104 20992 D MSTAR_ADEC_API: 
03-06 10:03:51.533 20104 20992 D MSTAR_ADEC_API: ADEC ID 2 HandleId 0xf3832060 Close audio utopia handle !!
03-06 10:03:51.533 20104 20992 D MSTAR_ADEC_API: 
03-06 10:03:51.533 20104 20992 D MSTAR_ADEC_API: 
03-06 10:03:51.533 20104 20992 D MSTAR_ADEC_API: 
03-06 10:03:51.535 19331 21022 D EpgDataManager: [EpgDataManager][confirmBuilderByBean()]
03-06 10:03:51.535 19331 19331 D HomeCarouseLinearLayoutManager--: onRequestChildFocus--true
03-06 10:03:51.536 20104 20996 D mmpOmxWrap: [20996] [release_mmp_aud_source] leave
03-06 10:03:51.536 20104 20996 V [MMP]   : [20996] released handle 0, buffer 0xf12fe300 size     128, at slot 17
03-06 10:03:51.536 20104 20976 V [MMP]   : [20976] [STM] DWN_pos: [0, 91940]->[0, 6068040]
03-06 10:03:51.537 20104 20972 V [MMP]   : [20972] thread join success
03-06 10:03:51.537 20104 20972 V [MMP]   : [20972] released handle 0, buffer 0xc7001000 size  534528, at slot 21
03-06 10:03:51.537 20104 20972 V [MMP]   : [20972] AD terminated!
03-06 10:03:51.537 20104 20972 V [MMP]   : [20972] start join VO
03-06 10:03:51.537 20104 20972 V [MMP]   : [20972] released handle 0, buffer 0xd6d01000 size  528384, at slot 22
03-06 10:03:51.537 20104 20972 V [MMP]   : [20972] VO terminated!
03-06 10:03:51.537 20104 20972 V [MMP]   : [20972] start join SUB thread
03-06 10:03:51.537 20104 20972 V [MMP]   : [20972] released handle 0, buffer 0xed901000 size  528384, at slot 24
03-06 10:03:51.537 20104 20972 V [MMP]   : [20972] SUB thread terminated!
03-06 10:03:51.537 20104 20972 V [MMP]   : [20972] start join DX
03-06 10:03:51.537 20104 20976 V [MMP]   : [20976] [STM] MM: type:0, (q, o)=(0x1000, 0x2004)=>(0x2004, none)
03-06 10:03:51.537 20104 20976 V [MMP]   : [20976] [STM] MM: issue_q_msg:0x2004
03-06 10:03:51.537 20104 20976 D mstplayer: [20976] [AVP] send to handle, streaming_msg = 501a
03-06 10:03:51.537 20104 20972 V [MMP]   : [20972] released handle 0, buffer 0xf0201000 size  530432, at slot 13
03-06 10:03:51.537 20104 20972 V [MMP]   : [20972] DX terminated!
03-06 10:03:51.537 20104 20972 V [MMP]   : [20972] [MMP] stop ret:0
03-06 10:03:51.537 20104 20972 V [MMP]   : [20972] MP4 play Close begin
03-06 10:03:51.537 20104 20972 V [MMP]   : [20972] released handle 0, buffer 0xf13f6280 size     288, at slot 20
03-06 10:03:51.537 20104 20972 V [MMP]   : [20972] released handle 0, buffer 0xf126a1a0 size     224, at slot 16
03-06 10:03:51.537 19331 21022 D Observers:  msgCode: DATA_VID_CONFIRMED; thread name: Thread-1031
03-06 10:03:51.537 20104 20972 V [MMP]   : [20972] demux common reset
03-06 10:03:51.537 20104 20972 V [MMP]   : [20972] released handle 0, buffer 0xd5b00000 size 18874368, at slot  5
03-06 10:03:51.538 20104 20972 V [MMP]   : [20972] released handle 0, buffer 0xf1307000 size   51200, at slot  6
03-06 10:03:51.538 20104 20972 V [MMP]   : [20972] released handle 0, buffer 0xedd00000 size 18874368, at slot  7
03-06 10:03:51.538 20104 20972 V [MMP]   : [20972] released handle 0, buffer 0xf1314000 size   51200, at slot  8
03-06 10:03:51.538 19331 19535 I PlayModuleMessenger: [PlayModuleMessenger][update] msgCode: DATA_VID_CONFIRMED
03-06 10:03:51.538 20104 20972 V [MMP]   : [20972] released handle 0, buffer 0xf1231800 size    2048, at slot  9
03-06 10:03:51.538 20104 20972 V [MMP]   : [20972] released handle 0, buffer 0xf1201000 size  193136, at slot  4
03-06 10:03:51.538 20104 20972 V [MMP]   : [20972] released handle 0, buffer 0xf1337000 size  614400, at slot 10
03-06 10:03:51.538 20104 20972 V [MMP]   : [20972] released handle 0, buffer 0xeef00000 size 13107200, at slot 12
03-06 10:03:51.538 20104 20972 V [MMP]   : [20972] released handle 0, buffer 0xd7600000 size 1048576, at slot 11
03-06 10:03:51.538 20104 20972 V [MMP]   : [20972] released handle 0, buffer 0xf12ca000 size  151216, at slot  3
03-06 10:03:51.539 19331 19534 D BipModuleMessenger: [BipModuleMessenger][update] msgCode: DATA_VID_CONFIRMED
03-06 10:03:51.539 20104 20972 V [MMP]   : [20972] released handle 0, buffer 0xf12f6000 size   17520, at slot  2
03-06 10:03:51.539 20104 20972 V [MMP]   : [20972] released handle 0, buffer 0xf12fe080 size     128, at slot  1
03-06 10:03:51.539 20104 20972 V [MMP]   : [20972] MP4 play Close end
03-06 10:03:51.539 20104 20972 V [MMP]   : [20972] [MMP] leave Stop
03-06 10:03:51.539 20104 20972 D mstplayer: [20972] MMP_Stop: 0x0
03-06 10:03:51.539 20104 20972 D mstplayer: [20972] [AVP] close_resource: need_close_cbio = 1
03-06 10:03:51.539 20104 20972 V RMClient: #36:RMClient::returnAllResourcesAsync
03-06 10:03:51.539 20104 20974 V RMClient: #36:onMessageReceived cret
03-06 10:03:51.539 20104 20974 V RMClient: #36:kWhatCmdReturnAllResources
03-06 10:03:51.539 19331 19533 I QoSModuleMessenger: [QoSModuleMessenger][update] msgCode: DATA_VID_CONFIRMED
03-06 10:03:51.539 19331 19533 I QoSModuleMessenger: [QoSModuleMessenger][update] video props: playType:1,errorCode:0|0,needSend:true,isCollection:false,platform:atv,channel:230001,apkName:CIBN聚体育,appId:pptv.atv.sports,vvid:51ba0390-88b2-4fc1-a2b8-30c4cd485ed4,videoId:29338749,sectionId:0,collectionId:29338749,type:3,typeName:2018亚冠决赛次回合：波斯波利斯vs鹿岛鹿角（董路 李欣）,userType:0,currentFt:0,bitrate:421,bwType:0,cdnIP:bdyun.vod-test.pptv.com,seekType:2,vt:3
03-06 10:03:51.540 19331 19533 I QoSModuleMessenger: [QoSModuleMessenger][update] qosState: -1
03-06 10:03:51.540  1160  1305 V RMAllocator: Deallocating resources for #36
03-06 10:03:51.540  1160  1305 V RMAllocator: ~ClientInfo
03-06 10:03:51.540  1160  1305 I RMAllocator: ~ClientInfo this=2741294560,mRMClient=2737489152. id=36
03-06 10:03:51.540  1160  1305 W RMAllocator: returnAllResourcesFor: not registered, nothing to do
03-06 10:03:51.540 20104 21300 V RMClient: #36:handleEvent lret
03-06 10:03:51.541 19331 19536 I PLAYER--: [CommonMsgController][updateWithAdMsg]DATA_VID_CONFIRMED
03-06 10:03:51.541 20104 20974 V RMClient: #36:Done
03-06 10:03:51.541 20104 20974 V RMClient: #36:onMessageReceived lret
03-06 10:03:51.541 20104 20974 V RMClient: #36:kWhatAllResourcesReturned
03-06 10:03:51.541 20104 20974 V RMClient: #36:Done
03-06 10:03:51.541 20104 20972 D mstplayer: [20972] [AVP] Streaming stop
03-06 10:03:51.541 20104 20972 D mstplayer: [20972] [AVP] ap_send_msg_to_streaming_module, msg:0x3004
03-06 10:03:51.541 20104 20972 D mstplayer: [20972] [AVP] send stop msg to stm and close thread, ret:0
03-06 10:03:51.541 20104 20972 D mstplayer: [20972] [AVP] seeking by resync end, MMP_GetStatus:0, timeout:0, is_rebuffering:1, next_player_state:0, is_play:0
03-06 10:03:51.541 20104 20972 D mstplayer: [20972] [AVP] rebuffer resume, status:0, is_play:0, is_seeking_to_I:0, seeking_by_resync:0
03-06 10:03:51.541 20104 20972 D mstplayer: [20972] [AVP] skip rebuffer resume
03-06 10:03:51.541 20104 20972 D mstplayer: [20972] [AVP] notify_msg_cb: 0x5001
03-06 10:03:51.541 20104 20972 D mstplayer: [20972] [AVP] streaming event 0x5001, size 0, data 0x0x0
03-06 10:03:51.541 20104 20972 D mstplayer: [20972] [AVP] ignore event 0x1013, cur player 0x0x0
03-06 10:03:51.541 20104 20972 D mstplayer: [20972] [AVP] mmp event 0x1013, size 0, data 0x0x0
03-06 10:03:51.541 20104 20972 D mstplayer: [20972] [AVP] notify_msg_cb: 0x5009
03-06 10:03:51.541 20104 20972 D mstplayer: [20972] [AVP] update network info, Bitrate:426250
03-06 10:03:51.541 20104 20972 D mstplayer: [20972] [AVP] streaming event 0x5007, size 16, data 0x0xc8dd7388
03-06 10:03:51.541 20104 20972 D mstplayer: [20972] [AVP] end:6068040, dur:9194000, from STM
03-06 10:03:51.541 20104 20972 D mstplayer: [20972] [AVP] update download percentage = 66
03-06 10:03:51.541 20104 20972 D mstplayer: [20972] [AVP] notify_msg_cb: 0x5004
03-06 10:03:51.541 19331 19536 I PLAYER--: [CommonMsgController][updateWithDataMsg][DATA_VID_CONFIRMED]
03-06 10:03:51.541 20104 20976 V [MMP]   : [20976] [STM] record_stm_msg:0x3004
03-06 10:03:51.541 20104 20976 V [MMP]   : [20976] [STM] player_send_dm, stop_cmd!
03-06 10:03:51.541 20104 20976 V [MMP]   : [20976] [STM] stm_send_dm, msg:0x1006
03-06 10:03:51.541 20104 20976 V [MMP]   : [20976] [STM] record_stm_msg:0x1006
03-06 10:03:51.541 20104 20976 V [MMP]   : [20976] [STM] update_dm, dm_status:0x0, wait_cmd:0x1000, msg:0x1006
03-06 10:03:51.541 20104 20976 V [MMP]   : [20976] [STM] dm: idle->wait_rsp:0x1006
03-06 10:03:51.541 20104 20972 D mstplayer: [20972] [AVP] streaming event 0x5004, size 16, data 0x0xc8dd7378
03-06 10:03:51.541 20104 20975 V [MMP]   : [20975] [DM] dm_msg:0x1006
03-06 10:03:51.541 20104 20975 D msavp_dw_module: [20975] [DM] android_http_stop
03-06 10:03:51.542 19331 19536 I PLAYER--: [VideoUtil][initLoadingInfo][playType] = 1  [sceneType] = NORMAL
03-06 10:03:51.542 20104 20976 V [MMP]   : [20976] [STM] record_stm_msg:0x4005
03-06 10:03:51.543 20104 20976 V [MMP]   : [20976] [STM] MM: res1, wait:0x1006, msg:0x4005, q_msg:0x1000, int_msg:0x1000
03-06 10:03:51.543 20104 20976 V [MMP]   : [20976] [STM] MM: res2, wait:0x1006, msg:0x4005, q_msg:0x1000, int_msg:0x1000
03-06 10:03:51.543 20104 20976 V [MMP]   : [20976] [STM] update_dm, dm_status:0x1, wait_cmd:0x1006, msg:0x4005
03-06 10:03:51.543 20104 20976 V [MMP]   : [20976] [STM] dm: wait_rsp->wait_com:0x1006
03-06 10:03:51.543 20104 20976 V [MMP]   : [20976] [STM] record_stm_msg:0x500b
03-06 10:03:51.543 20104 20976 V [MMP]   : [20976] [STM] MM: res1, wait:0x1006, msg:0x500b, q_msg:0x1000, int_msg:0x1000
03-06 10:03:51.543 20104 20976 V [MMP]   : [20976] [STM] MM: res2, wait:0x1006, msg:0x500b, q_msg:0x1000, int_msg:0x1000
03-06 10:03:51.543 20104 20976 V [MMP]   : [20976] [STM] send_dm_ack_stop_complete
03-06 10:03:51.543 20104 20976 V [MMP]   : [20976] [STM] update_dm, dm_status:0x2, wait_cmd:0x1006, msg:0x500b
03-06 10:03:51.543 20104 20976 V [MMP]   : [20976] [STM] dm: wait_com->IDLE:0x4
03-06 10:03:51.543 20104 20976 V [MMP]   : [20976] [STM] gen_int_send_dm, stop_complete, need_retry_play:0
03-06 10:03:51.543 20104 20976 V [MMP]   : [20976] [STM] gen_int_send_dm, stop_complete, gen_uninit
03-06 10:03:51.543 20104 20976 V [MMP]   : [20976] [STM] gen_int_send_dm, dm_cmd:0x2003
03-06 10:03:51.543 20104 20976 V [MMP]   : [20976] [STM] MM: type:0, (q, o)=(0x1000, 0x2003)=>(0x2003, none)
03-06 10:03:51.543 19331 19536 D Observers:  msgCode: VIEW_LISTDATA_READY; thread name: controlUpdateThread
03-06 10:03:51.543 20104 20976 V [MMP]   : [20976] [STM] MM: issue_q_msg:0x2003
03-06 10:03:51.543 20104 20976 V [MMP]   : [20976] [STM] stm_send_dm, msg:0x1004
03-06 10:03:51.543 20104 20976 V [MMP]   : [20976] [STM] record_stm_msg:0x1004
03-06 10:03:51.543 20104 20976 V [MMP]   : [20976] [STM] update_dm, dm_status:0x4, wait_cmd:0x1000, msg:0x1004
03-06 10:03:51.543 20104 20976 V [MMP]   : [20976] [STM] dm: stop_com->wait_rsp:0x1004
03-06 10:03:51.544 20104 20975 V [MMP]   : [20975] [DM] dm_msg:0x1004
03-06 10:03:51.544 20104 20975 D msavp_dw_module: [20975] [DM] android_http_uninit
03-06 10:03:51.544 19331 19535 I PlayModuleMessenger: [PlayModuleMessenger][update] msgCode: VIEW_LISTDATA_READY
03-06 10:03:51.544 20104 20976 V [MMP]   : [20976] [STM] record_stm_msg:0x4003
03-06 10:03:51.544 20104 20976 V [MMP]   : [20976] [STM] MM: res1, wait:0x1004, msg:0x4003, q_msg:0x1000, int_msg:0x1000
03-06 10:03:51.544 20104 20976 V [MMP]   : [20976] [STM] MM: res2, wait:0x1004, msg:0x4003, q_msg:0x1000, int_msg:0x1000
03-06 10:03:51.544 20104 20976 V [MMP]   : [20976] [STM] update_dm, dm_status:0x1, wait_cmd:0x1004, msg:0x4003
03-06 10:03:51.544 20104 20976 V [MMP]   : [20976] [STM] dm: wait_rsp->wait_com:0x1004
03-06 10:03:51.544 20104 20976 V [MMP]   : [20976] [STM] record_stm_msg:0x5007
03-06 10:03:51.544 20104 20976 V [MMP]   : [20976] [STM] MM: res1, wait:0x1004, msg:0x5007, q_msg:0x1000, int_msg:0x1000
03-06 10:03:51.544 20104 20976 V [MMP]   : [20976] [STM] MM: res2, wait:0x1004, msg:0x5007, q_msg:0x1000, int_msg:0x1000
03-06 10:03:51.544 20104 20976 V [MMP]   : [20976] [STM] send_dm_ack_uninit, msg:0x5007, read_handle:0xf2a61280, write_handle:0xf2a612f8
03-06 10:03:51.544 20104 20976 V [MMP]   : [20976] [STM] vfs_streaming_close read_handle:0x0xf2a61280, write_handle:0x0xf2a612f8
03-06 10:03:51.544 19331 19534 D BipModuleMessenger: [BipModuleMessenger][update] msgCode: VIEW_LISTDATA_READY
03-06 10:03:51.544 20104 20976 D mstplayer: [20976] [AVP] send to handle, streaming_msg = 5007
03-06 10:03:51.544 20104 20976 V [MMP]   : [20976] [STM] update_dm, dm_status:0x2, wait_cmd:0x1004, msg:0x5007
03-06 10:03:51.544 20104 20976 V [MMP]   : [20976] [STM] dm: wait_com->IDLE:0x5
03-06 10:03:51.544 20104 20976 V [MMP]   : [20976] [STM] stm_thread_exit
03-06 10:03:51.544 20104 20976 V [MMP]   : [20976] [STM] send_dm_release_queue_dm_data, ptr:0xf2ac8000, data_size:0, start_pos:0
03-06 10:03:51.545 19331 19533 I QoSModuleMessenger: [QoSModuleMessenger][update] msgCode: VIEW_LISTDATA_READY
03-06 10:03:51.546 19331 19533 I QoSModuleMessenger: [QoSModuleMessenger][update] video props: playType:1,errorCode:0|0,needSend:true,isCollection:false,platform:atv,channel:230001,apkName:CIBN聚体育,appId:pptv.atv.sports,vvid:51ba0390-88b2-4fc1-a2b8-30c4cd485ed4,videoId:29338749,sectionId:0,collectionId:29338749,type:3,typeName:2018亚冠决赛次回合：波斯波利斯vs鹿岛鹿角（董路 李欣）,userType:0,currentFt:0,bitrate:421,bwType:0,cdnIP:bdyun.vod-test.pptv.com,seekType:2,vt:3
03-06 10:03:51.546 19331 19533 I QoSModuleMessenger: [QoSModuleMessenger][update] qosState: -1
03-06 10:03:51.547 20104 20972 D mstplayer: [20972] [AVP] uninit complete, close STM and DM thread, has stop 1
03-06 10:03:51.548 20104 20975 V [MMP]   : [20975] [DM] dm_msg:0x1002
03-06 10:03:51.548 20104 20975 D mstplayer: [20975] [AVP] send to handle, streaming_msg = 4001
03-06 10:03:51.548 20104 20975 D mstplayer: [20975] [AVP] send to handle, streaming_msg = 5003
03-06 10:03:51.549 20104 20972 D mstplayer: [20972] [AVP] msg_response, msg 0x8005, cmd_waiting_for_rsp 0x8005, ret 0
03-06 10:03:51.549 20104 20972 D mstplayer: [20972] [AVP] streaming event 0x5003, size 0, data 0x0x0
03-06 10:03:51.549 20104 20116 D WatchDogThread: [remove][reset] 1551837831 
03-06 10:03:51.549 19331 21022 D PLAYER--: [VideoUtil][setBuilderInfo()]
03-06 10:03:51.549 19331 19537 D MP--    : [SystemPlayerImp][mediaReset()][mid:90659525][tid:MP--][msg:reset finish]
03-06 10:03:51.549 19331 19537 D MP--    : [SystemPlayerImp][onStatusCallback()][mid:90659525][tid:MP--][msg:0]
03-06 10:03:51.550 19331 19537 D MP--    : [SystemPlayerImp][onStatusCallback()][mid:90659525][tid:MP--][msg:1]
03-06 10:03:51.550 19331 19537 D MP--    : [SystemPlayerImp][release()][mid:90659525][tid:MP--][msg:release finish]
03-06 10:03:51.550 19331 19537 I MP--    : onStatusComplishedListener null
03-06 10:03:51.551 20104 20104 D WatchDogThread: [add][disconnect] 1551837831 
03-06 10:03:51.551 20104 20104 D mstplayer: [20104] (0x0xf3aff6d0)MstPlayer::reset
03-06 10:03:51.551 20104 20104 D mstplayer: [20104] player is closed, early return
03-06 10:03:51.551 19331 21022 D PLAYER--: [VideoUtil][getEpgBuilder()]
03-06 10:03:51.552 20104 20104 D mstplayer: [20104] (0x0xf3aff6d0)MstPlayer::destructor
03-06 10:03:51.552 20104 20104 D mstplayer: [20104] destroySubtitleSurface
03-06 10:03:51.552 20104 20104 V [MMP]   : [20104] [MMP] ReleaseMem
03-06 10:03:51.554 19331 21022 D PlayDataImp: [PlayDataImp][setThirdBuilderInfo()]
03-06 10:03:51.554 19331 21021 V PLAYER--: [Tools][getEngPreference][log>>>getEngPreference0
03-06 10:03:51.557 20104 20972 D mstplayer: [20972] [AVP] exit handle thread
03-06 10:03:51.557 20104 20104 V RMClient: #36:~RMClient
03-06 10:03:51.557 20104 20104 V RMClient: #36:RMClient::returnAllResourcesAsync
03-06 10:03:51.558 20104 20104 V RMClientListener: ~RMClientListener
03-06 10:03:51.558 20104 20104 D DataSource_M3U8: [~ContentSource_M3U8] (0x0xf0c12000)M3u8 destructor .
03-06 10:03:51.558 20104 20104 D Downloader: [ForceExit] (0x0xf1d11000)Downloader ForceExit.
03-06 10:03:51.558 20104 20104 D DataSource_M3U8: [~ContentSource_M3U8] M3u8 request to exit mPlaylistThread thread
03-06 10:03:51.558 20104 20981 D Downloader: [ForceExit] (0x0xf10fd000)Downloader ForceExit.
03-06 10:03:51.558 20104 20981 D Downloader: [deinit] (0x0xf10fd000)Downloader deinit.
03-06 10:03:51.559 20104 20981 D Downloader: [removeTask] removeTask...  
03-06 10:03:51.559 19331 21023 D Observers:  msgCode: VIEW_PROGRESS_WORK_START; thread name: Thread-1032
03-06 10:03:51.560 19331 19535 I PlayModuleMessenger: [PlayModuleMessenger][update] msgCode: VIEW_PROGRESS_WORK_START
03-06 10:03:51.560 19331 19534 D BipModuleMessenger: [BipModuleMessenger][update] msgCode: VIEW_PROGRESS_WORK_START
03-06 10:03:52.035  2322  2338 D TVApiSystemSignalImpl:  now=55363752
03-06 10:03:52.035  2322  2338 D TVApiSystemSignalImpl:  before=55358142
03-06 10:03:52.035  2322  2338 D Evan    : invokeGlobalKeyListener
03-06 10:03:52.035  2322  2338 D TVApiSystemNoActionAutoPowerOffImpl: KeyEvnetListener Reset counter
03-06 10:03:52.036  2322  4929 D TvCecManager: arcIsAmpVolume
03-06 10:03:52.036  1762  2473 I CECManager_JNI: arcIsAmpVolume
03-06 10:03:52.037  1589  1646 D WindowManager: bRet =false
03-06 10:03:52.037  1589  1646 E septemberan: mPPTVHotkeyService != null
03-06 10:03:52.037  2111  5436 I HotkeyService: handleKeyEvents
03-06 10:03:52.037  2111  5436 I HotkeyService: Enter ListenAloneKeyHandler
03-06 10:03:52.039  2111  5436 I SystemImpl: getProp key:TvSystem:PROP_LISTEN_ALONE value:false
03-06 10:03:52.039  2111  5436 I HotkeyService: Enter FirstAndSearchingHandler
03-06 10:03:52.039  2111  5436 I HotkeyService: Enter AppHotkeyHandler
03-06 10:03:52.039  2111  5436 I HotkeyManager: notifyHotkeyListener
03-06 10:03:52.039  2111  5436 I HotkeyService: notifyCallbacks size : 4
03-06 10:03:52.039  2111  5436 I HotkeyService: dispatch key<22:KEYCODE_DPAD_RIGHT:0> to HotkeyCallbackWrapper{Uid:10011, Pid:1742, Priority:9, AppName:com.pptv.systemui}
03-06 10:03:52.040  1742  1758 D NotificationPanel: keycode=22, action=0
03-06 10:03:52.040  1742  1758 D SystemUIApplication: handleKeyEvent, keycode:22 action:0, ret:false
03-06 10:03:52.040  1742  1758 D TvStatusBar:   mPlayGuideView android.widget.FrameLayout{332479e4 G.E..... ......I. 0,0-1920,1080}  interceptKegEvent   false  event.getDeviceId()  -1
03-06 10:03:52.046  2111  5436 I HotkeyService: dispatch key<22:KEYCODE_DPAD_RIGHT:0> to HotkeyCallbackWrapper{Uid:1000, Pid:3394, Priority:8, AppName:com.pptv.voicecontroller}
03-06 10:03:52.047  3394  3465 D PPTVVoiceService_handleKeyEvent_670: handleKeyEvent 22, 0
03-06 10:03:52.048  2111  5436 I HotkeyService: dispatch key<22:KEYCODE_DPAD_RIGHT:0> to HotkeyCallbackWrapper{Uid:1000, Pid:2111, Priority:5, AppName:com.pptv.framework.tvservice}
03-06 10:03:52.048  2111  5436 I HotkeyService: dispatch key<22:KEYCODE_DPAD_RIGHT:0> to HotkeyCallbackWrapper{Uid:1000, Pid:2214, Priority:5, AppName:com.pptv.tv}
03-06 10:03:52.048  2111  5436 I HotkeyService: hotkey keycode : 22 deviceId=-1 result : 0 reason:R_NO_INTERCEPT
03-06 10:03:52.049  1589  1646 D WindowManager: mPPTVHotkeyService bRet =false
03-06 10:03:52.049  2065  2065 D InputEventDispatcher: onInputEvent: KeyEvent { action=ACTION_DOWN, keyCode=KEYCODE_DPAD_RIGHT, scanCode=0, metaState=0, flags=0x8, repeatCount=0, eventTime=55363749, downTime=55363749, deviceId=-1, source=0x101 }
03-06 10:03:52.052  1589  1646 D WindowManager: interceptKeyTi keyCode=22 down=false repeatCount=0 keyguardOn=false mHomePressed=false canceled=false deviceName=Virtual
03-06 10:03:52.052  1589  1646 E septemberan: mHotkeyService != null
03-06 10:03:52.054 19539 19539 D SogouIME: [onKeyDown] keycode = 22 model = PPTV-55P+Pro build_id:Build_130480_20170508 true
03-06 10:03:52.057  2779  9375 E CvteATHotkey: <AT-TPV> processTPVFacKey ScanCode = 0x0
03-06 10:03:52.058  2322  2497 D TvCecManager: arcIsAmpVolume
03-06 10:03:52.059  1762  4930 I CECManager_JNI: arcIsAmpVolume
03-06 10:03:52.059  1589  1646 D WindowManager: bRet =false
03-06 10:03:52.059  1589  1646 E septemberan: mPPTVHotkeyService != null
03-06 10:03:52.060 19331 19331 D Focus-- : oldFocus:ffffffff
03-06 10:03:52.060  2111  2134 I HotkeyService: handleKeyEvents
03-06 10:03:52.060  2111  2134 I HotkeyService: Enter ListenAloneKeyHandler
03-06 10:03:52.060 19331 19331 D Focus-- : --newFocus:7f0c0330
03-06 10:03:52.061  2111  2134 I SystemImpl: getProp key:TvSystem:PROP_LISTEN_ALONE value:false
03-06 10:03:52.061  2111  2134 I HotkeyService: Enter FirstAndSearchingHandler
03-06 10:03:52.061  2111  2134 I HotkeyService: Enter AppHotkeyHandler
03-06 10:03:52.061  2111  2134 I HotkeyManager: notifyHotkeyListener
03-06 10:03:52.061  2111  2134 I HotkeyService: notifyCallbacks size : 4
03-06 10:03:52.062  2111  2134 I HotkeyService: dispatch key<22:KEYCODE_DPAD_RIGHT:1> to HotkeyCallbackWrapper{Uid:10011, Pid:1742, Priority:9, AppName:com.pptv.systemui}
03-06 10:03:52.062  1742  1759 D NotificationPanel: keycode=22, action=1
03-06 10:03:52.062  1742  1759 D SystemUIApplication: handleKeyEvent, keycode:22 action:1, ret:false
03-06 10:03:52.062  1742  1759 D TvStatusBar:   mPlayGuideView android.widget.FrameLayout{332479e4 G.E..... ......I. 0,0-1920,1080}  interceptKegEvent   false  event.getDeviceId()  -1
03-06 10:03:52.063  2111  2134 I HotkeyService: dispatch key<22:KEYCODE_DPAD_RIGHT:1> to HotkeyCallbackWrapper{Uid:1000, Pid:3394, Priority:8, AppName:com.pptv.voicecontroller}
03-06 10:03:52.064  3394  3410 D PPTVVoiceService_handleKeyEvent_670: handleKeyEvent 22, 1
03-06 10:03:52.064 19331 19331 D HomeCarouselPagePlayWindowHolder: onFocusChange hasFocus
03-06 10:03:52.064  2111  2134 I HotkeyService: dispatch key<22:KEYCODE_DPAD_RIGHT:1> to HotkeyCallbackWrapper{Uid:1000, Pid:2111, Priority:5, AppName:com.pptv.framework.tvservice}
03-06 10:03:52.064  2111  2134 I HotkeyService: dispatch key<22:KEYCODE_DPAD_RIGHT:1> to HotkeyCallbackWrapper{Uid:1000, Pid:2214, Priority:5, AppName:com.pptv.tv}
03-06 10:03:52.065  2111  2134 I HotkeyService: hotkey keycode : 22 deviceId=-1 result : 0 reason:R_NO_INTERCEPT
03-06 10:03:52.065  1589  1646 D WindowManager: mPPTVHotkeyService bRet =false
03-06 10:03:52.069  2065  2065 D InputEventDispatcher: onInputEvent: KeyEvent { action=ACTION_UP, keyCode=KEYCODE_DPAD_RIGHT, scanCode=0, metaState=0, flags=0x8, repeatCount=0, eventTime=55363768, downTime=55363768, deviceId=-1, source=0x101 }
03-06 10:03:52.071  1762  2471 I PictureManager_JNI: getDlcAverageLuma
03-06 10:03:52.071 19539 19539 D SogouIME: [onKeyUp] keycode = 22 model = PPTV-55P+Pro build_id:Build_130480_20170508
03-06 10:03:52.072  1762  2471 I TvManager_JNI: isSignalStable
03-06 10:03:52.073  1762  2471 I PictureManager_JNI: getBacklight
03-06 10:03:52.073  1762  2471 E septemberan: dbcHandler: mDbcBacklightRange: 48
03-06 10:03:52.073  1762  2471 I PictureManager_JNI: setBacklight
03-06 10:03:52.077 19285 19302 W art     : Long monitor contention event with owner method=android.view.accessibility.AccessibilityNodeInfo com.android.uiautomator.core.QueryController.findAccessibilityNodeInfo(com.android.uiautomator.core.UiSelector, boolean) from QueryController.java:149 waiters=0 for 2.850s
03-06 10:03:52.079 19331 19331 I VIEW--  : [StandBaseCommonMsgVideoView][msg][DATA_BUILDER_SUCCESS,mediaInfo:[MediaPlayInfo][url:http://127.0.0.1:9009/record.m3u8?w=1&key=6e1c57f72072d2a070f0b79a12631cb9&type=ppvod2&sv=3.7.1&platform=launcher&ft=0&vvid=51ba0390-88b2-4fc1-a2b8-30c4cd485ed4&video=true&h265=3&mux.M3U8.segment_duration=5&chunked=true&serialnum=1013&playlink=29338749%3Fft%3D0%26bwtype%3D0%26platform%3Dlauncher%26type%3Dtv%2Esports%26sv%3D3%2E7%2E1%26video%3Dtrue%26sdkmode%3D0%26p2p%2Eadvtime%3D0%26k%3Df2b2f0dfd6e6a1d0fd4bfaa6082aa606%2D2103%2D1551852228%26bppcataid%3D38%26vvid%3D51ba0390%2D88b2%2D4fc1%2Da2b8%2D30c4cd485ed4%26appid%3Dpptv%2Eatv%2Esports%26appplt%3Datv%26appver%3D3%2E7%2E1,playid:29338749viewType:1mediaType:VODseekType:2,currentPos:5987,duration:9194,starPos:3221,stopft:SMOOTH,engIndex:0,status:1,statusBuff:45601,what:0,extra:0, sourceType:0,endPos0,upperPlayObj:playObj has getstartTime:0,endTime:0,fd:0,fdn:0,innerLogoObj:InnerLogoObj{innerLogo_align=lefttop, innerLogo_ax=0.86875, innerLogo_ay=0.05, innerLogo_awidth=0.1, innerLogo_aheight=0.0463, isPlayProvided=true}]
03-06 10:03:52.080 19331 19331 I UpperPlayObj: [getInnerLogoObjIncludedPadding][ilo]InnerLogoObj{innerLogo_align=lefttop, innerLogo_ax=0.0, innerLogo_ay=-0.011071999999999995, innerLogo_awidth=0.2042, innerLogo_aheight=0.1685, isPlayProvided=false}
03-06 10:03:52.080 19331 19331 I VIEW--  :  [StandBaseVideoView][setTitleBarData]--with title info:中超第1轮-武汉卓尔vs北京中赫国安
03-06 10:03:52.080 19331 19331 D CollectionUtils--: ORIGINAL
03-06 10:03:52.081 19331 19331 D CollectionUtils--: BD
03-06 10:03:52.081 19331 19331 D CollectionUtils--: SD
03-06 10:03:52.081 19331 19331 D CollectionUtils--: HD
03-06 10:03:52.081 19331 19331 D CollectionUtils--: SMOOTH
03-06 10:03:52.081 19331 19331 D PLAYER--: Common -- removeRepeat：before:[]
03-06 10:03:52.081 19331 19331 D Common -- removeRepeat：: [ORIGINAL, BD, SD, HD, SMOOTH]
03-06 10:03:52.082 19331 19331 I PLAYER--: [CommonMsgController:175439118][getEngineNames()][size:2]
03-06 10:03:52.082 19331 19331 D VIEW--  : [onPlaySetting][currentFt][SMOOTH][mCurrentScaleIndex][0][ht][-1][ftList][[ORIGINAL, BD, SD, HD, SMOOTH]][scaleList][[自适应, 全屏拉伸]][engList][[系统播放器, 自研播放器]
03-06 10:03:52.083 19331 19331 V PLAYER--: [Tools][getEngPreference][log>>>getEngPreference0
03-06 10:03:52.083 19331 19331 D PLAYER--: Common -- removeRepeat：before:[]
03-06 10:03:52.083 19331 19331 D Common -- removeRepeat：: [ORIGINAL, BD, SD, HD, SMOOTH]
03-06 10:03:52.083 19331 19331 E TVSPORTS_TAG:PlayVideoView: [SMOOTH, HD, SD, BD, ORIGINAL]
03-06 10:03:52.084 19331 19331 D PLAYER--: Common -- getFtStringList：ilist:[SMOOTH, HD, SD, BD, ORIGINAL]
03-06 10:03:52.084 19331 19331 D PLAYER--: Common -- getFtStringList：[流畅, 标清, 高清, 蓝光, 原画]
03-06 10:03:52.084 19331 19331 E TVSPORTS_TAG:PlayVideoView: [流畅, 标清, 高清, 蓝光, 原画]
03-06 10:03:52.173  1762  2471 I PictureManager_JNI: getDlcAverageLuma
03-06 10:03:52.174  1762  2471 I TvManager_JNI: isSignalStable
03-06 10:03:52.174  1762  2471 I PictureManager_JNI: getBacklight
03-06 10:03:52.174  1762  2471 E septemberan: dbcHandler: mDbcBacklightRange: 48
03-06 10:03:52.174  1762  2471 I PictureManager_JNI: setBacklight
03-06 10:03:52.205 19387 19437 D P2PENGINE: <2019-03-06 10:03:52>
03-06 10:03:52.205 19387 19437 D P2PENGINE: [DEBUG] [Vod2Demuxer] serialnum: 1013, buffer read offset: 314798390, buffer write offset: 314798390
03-06 10:03:52.205 19387 19437 D P2PENGINE: [DEBUG] [Demuxer] serialnum: 1013, buffer time: 46, buffer size: 0, bitrate: 0
03-06 10:03:52.205 19387 19437 D P2PENGINE: [DEBUG] [Demuxer] serialnum: 1013, second speed: 359285, recent speed: 0
03-06 10:03:52.205 19387 19437 D P2PENGINE: [DEBUG] [Demuxer] serialnum: 1013, adverb time: 0, lastest_sendtime: 0, player_current_position: 0, player buffer time: 0, set player buffer time: 0, player status: stop
03-06 10:03:52.220 19331 19331 I PLAYER--: [CommonMsgController][requestProEpgAd]
03-06 10:03:52.221 19331 19331 I PLAYER--: [[CommonMsgController][sendPauseBroadcast][send pause broadcast action]
03-06 10:03:52.221 19331 19331 D ContextImpl: broadcast action is com.android.music.musicservicecommand
03-06 10:03:52.224 19331 19331 D Observers:  msgCode: EVENT_SET_DATASOURCE; thread name: main
03-06 10:03:52.225 19331 19535 I PlayModuleMessenger: [PlayModuleMessenger][update] msgCode: EVENT_SET_DATASOURCE
03-06 10:03:52.226 19331 19534 D BipModuleMessenger: [BipModuleMessenger][update] msgCode: EVENT_SET_DATASOURCE
03-06 10:03:52.226 19331 19331 I PLAYER--: [CommonMsgController:175439118][setDataSource( AbstractDataBuilder dataSourceBuilder)][with mediaPlayInfo:[MediaPlayInfo][url:null,playid:29776781viewType:1mediaType:VODseekType:2,currentPos:0,duration:0,starPos:3221,stopft:SMOOTH,engIndex:0,status:0,statusBuff:,what:0,extra:0, sourceType:0,endPos0,upperPlayObj:playObj has getstartTime:0,endTime:0,fd:0,fdn:0,innerLogoObj:InnerLogoObj{innerLogo_align=lefttop, innerLogo_ax=0.03125, innerLogo_ay=0.05, innerLogo_awidth=0.1, innerLogo_aheight=0.0463, isPlayProvided=true}]
03-06 10:03:52.226 19331 19533 I QoSModuleMessenger: [QoSModuleMessenger][update] msgCode: EVENT_SET_DATASOURCE
03-06 10:03:52.226 19331 19331 D Observers:  msgCode: VIEW_PROGRESS_WORK_FINISH; thread name: main
03-06 10:03:52.226 19331 19533 I QoSModuleMessenger: [QoSModuleMessenger][update] video props: playType:1,errorCode:0|0,needSend:true,isCollection:false,platform:atv,channel:230001,apkName:CIBN聚体育,appId:pptv.atv.sports,vvid:eea2347a-f712-42f0-9108-86f5a4f701d7,videoId:29776781,sectionId:0,collectionId:29776781,type:3,typeName:中超第1轮-武汉卓尔vs北京中赫国安,userType:0,currentFt:0,bitrate:340,bwType:0,cdnIP:bdyun.vod-test.pptv.com,seekType:2,vt:3
03-06 10:03:52.227 19331 19331 D Observers:  msgCode: VIEW_PROGRESS_WORK_START; thread name: main
03-06 10:03:52.227 19331 19535 I PlayModuleMessenger: [PlayModuleMessenger][update] msgCode: VIEW_PROGRESS_WORK_FINISH
03-06 10:03:52.227 19331 19533 I QoSModuleMessenger: [QoSModuleMessenger][update] qosState: -1
03-06 10:03:52.227 19331 19331 I MP--    : sys play() invoked! with Thread name:main
03-06 10:03:52.227 19331 19535 I PlayModuleMessenger: [PlayModuleMessenger][update] msgCode: VIEW_PROGRESS_WORK_START
03-06 10:03:52.227 19331 19533 I QoSModuleMessenger: [QoSModuleMessenger][update] msgCode: VIEW_PROGRESS_WORK_FINISH
03-06 10:03:52.227 19331 19331 D MP--    : [SystemPlayerImp][play()][mid:90659525][tid:main][msg:play(MediaPlayInfo info) method invoked]
03-06 10:03:52.227 19331 19533 I QoSModuleMessenger: [QoSModuleMessenger][update] video props: playType:1,errorCode:0|0,needSend:true,isCollection:false,platform:atv,channel:230001,apkName:CIBN聚体育,appId:pptv.atv.sports,vvid:eea2347a-f712-42f0-9108-86f5a4f701d7,videoId:29776781,sectionId:0,collectionId:29776781,type:3,typeName:中超第1轮-武汉卓尔vs北京中赫国安,userType:0,currentFt:0,bitrate:340,bwType:0,cdnIP:bdyun.vod-test.pptv.com,seekType:2,vt:3
03-06 10:03:52.227 19331 19533 I QoSModuleMessenger: [QoSModuleMessenger][update] qosState: -1
03-06 10:03:52.228 19331 19533 I QoSModuleMessenger: [QoSModuleMessenger][update] msgCode: VIEW_PROGRESS_WORK_START
03-06 10:03:52.228 19331 19534 D BipModuleMessenger: [BipModuleMessenger][update] msgCode: VIEW_PROGRESS_WORK_FINISH
03-06 10:03:52.228 19331 19533 I QoSModuleMessenger: [QoSModuleMessenger][update] video props: playType:1,errorCode:0|0,needSend:true,isCollection:false,platform:atv,channel:230001,apkName:CIBN聚体育,appId:pptv.atv.sports,vvid:eea2347a-f712-42f0-9108-86f5a4f701d7,videoId:29776781,sectionId:0,collectionId:29776781,type:3,typeName:中超第1轮-武汉卓尔vs北京中赫国安,userType:0,currentFt:0,bitrate:340,bwType:0,cdnIP:bdyun.vod-test.pptv.com,seekType:2,vt:3
03-06 10:03:52.228 19331 19534 D BipModuleMessenger: [BipModuleMessenger][update] msgCode: VIEW_PROGRESS_WORK_START
03-06 10:03:52.228 19331 19533 I QoSModuleMessenger: [QoSModuleMessenger][update] qosState: -1
03-06 10:03:52.228 19331 19331 D Observers:  msgCode: QOS_START; thread name: main
03-06 10:03:52.228 19331 19537 D MP--    : [SystemPlayerImp][handleMessage][mid:90659525][tid:MP--][msg:msgWhat=20001]
03-06 10:03:52.229 19331 19537 D MP--    : SystemImp doPlay invoke
03-06 10:03:52.229 19331 19535 I PlayModuleMessenger: [PlayModuleMessenger][update] msgCode: QOS_START
03-06 10:03:52.230 19331 19534 D BipModuleMessenger: [BipModuleMessenger][update] msgCode: QOS_START
03-06 10:03:52.230 19331 19537 D PlayUrlUtils_url_item:: --url:[ft = 0][url =  null][watch = 1][format = h264][bitrate=340][bwt=0]
03-06 10:03:52.230 19331 19537 D PlayUrlUtils_url_item:: doneSignal:794664400
03-06 10:03:52.230 19331 19533 I QoSModuleMessenger: [QoSModuleMessenger][update] msgCode: QOS_START
03-06 10:03:52.230 19331 19534 I BipModuleMessenger: [BipModuleMessenger][update] video props: playType:1,errorCode:0|0,needSend:true,isCollection:false,platform:atv,channel:230001,apkName:CIBN聚体育,appId:pptv.atv.sports,vvid:eea2347a-f712-42f0-9108-86f5a4f701d7,videoId:29776781,sectionId:0,collectionId:29776781,type:3,typeName:中超第1轮-武汉卓尔vs北京中赫国安,userType:0,currentFt:0,bitrate:340,bwType:0,cdnIP:bdyun.vod-test.pptv.com,seekType:2,vt:3
03-06 10:03:52.230 19331 19537 D StreamSDKUtil: getPlayUrlByFt0
03-06 10:03:52.230 19331 19537 D STREAMINGSDKENGINE_TEST: StreamingSDK_GetNextStreaming !
03-06 10:03:52.230 19331 19533 I QoSModuleMessenger: [QoSModuleMessenger][update] video props: playType:1,errorCode:0|0,needSend:true,isCollection:false,platform:atv,channel:230001,apkName:CIBN聚体育,appId:pptv.atv.sports,vvid:eea2347a-f712-42f0-9108-86f5a4f701d7,videoId:29776781,sectionId:0,collectionId:29776781,type:3,typeName:中超第1轮-武汉卓尔vs北京中赫国安,userType:0,currentFt:0,bitrate:340,bwType:0,cdnIP:bdyun.vod-test.pptv.com,seekType:2,vt:3
03-06 10:03:52.230 19331 19533 I QoSModuleMessenger: [QoSModuleMessenger][update] qosState: 0
03-06 10:03:52.231 19331 19533 I QosHelper: [QosHelper][setChangeParam] set current playState is 10
03-06 10:03:52.231 19331 19537 D STREAMINGSDKENGINE_TEST: 2019-03-06 10:03:52 [next_streaming] reason type: 1, param: 0
03-06 10:03:52.231 19331 19533 E g_a_81  : init: version=1.0.20170810.0
03-06 10:03:52.231 19331 19533 I QosHelper: [QosHelper][initQos] OTT Qos init xml
03-06 10:03:52.232 19331 19533 I QosHelper: [QosHelper][setChangeParam] set current playState is 0
03-06 10:03:52.232 19331 19533 I QosHelper: [QosHelper][onStatus] OTT Qos status newStart = 0 info = QosInfo{vvid='eea2347a-f712-42f0-9108-86f5a4f701d7', uid='00:25:92:a5:52:4c', tec='21', plt='atv', channel='230001', seekBuffTime=0, seekCount=0, mPlayState=0, st='', traceid='', type='3', typeName='', device='00:25:92:a5:52:4c', ft='0', romver='0.2.3', romchannel='200006', interfacever='null', swtype='0', controlmode='2', serial='00:25:92:a5:52:4c', devicetype='PPTV-55P+Pro', apkname='CIBN聚体育', usertype='0', appid='pptv.atv.sports', sectionId='0', cid='29776781', cname='中超第1轮-武汉卓尔vs北京中赫国安', cdnIp='null', bwt='null', vt='1'}
03-06 10:03:52.232 19331 19533 E g_c_68  : launchTimeWathcher
03-06 10:03:52.233 19331 19537 D STREAMINGSDKENGINE_TEST: 2019-03-06 10:03:52 async_open
03-06 10:03:52.233 19331 19582 D STREAMINGSDKENGINE_TEST: 2019-03-06 10:03:52 handle_async_open begin: open_step_=4
03-06 10:03:52.234 19331 19582 D STREAMINGSDKENGINE_TEST: 2019-03-06 10:03:52 no_play
03-06 10:03:52.234 19331 19582 D STREAMINGSDKENGINE_TEST: 2019-03-06 10:03:52 play: success
03-06 10:03:52.235 19331 19582 D STREAMINGSDKENGINE_TEST: 2019-03-06 10:03:52 handle_next_response handle:14, result:0
03-06 10:03:52.236 19331 19582 D STREAMINGSDKENGINE_TEST: 2019-03-06 10:03:52 handle_next_response play url: http://127.0.0.1:9009/record.m3u8?w=1&key=d7e03f11c5410728074cc86ea1b32e8a&type=ppvod2&sv=3.7.1&platform=launcher&ft=0&vvid=eea2347a-f712-42f0-9108-86f5a4f701d7&video=true&h265=3&mux.M3U8.segment_duration=5&chunked=true&serialnum=1014&playlink=29776781%3Fft%3D0%26bwtype%3D0%26platform%3Dlauncher%26type%3Dtv%2Esports%26sv%3D3%2E7%2E1%26video%3Dtrue%26sdkmode%3D0%26p2p%2Eadvtime%3D0%26k%3D036477949ee4d755ba9656ef47f1b662%2D9502%2D1551852230%26bppcataid%3D38%26vvid%3Deea2347a%2Df712%2D42f0%2D9108%2D86f5a4f701d7%26appid%3Dpptv%2Eatv%2Esports%26appplt%3Datv%26appver%3D3%2E7%2E1
03-06 10:03:52.236 19331 19582 D STREAMINGSDKENGINE_TEST: 2019-03-06 10:03:52 handle_next_response play url: pptv://bip/?playcost=123
03-06 10:03:52.237 19331 19537 D STREAMINGSDKENGINE_TEST: StreamingSDK_GetNextStreaming ! finish 0
03-06 10:03:52.238 19331 19582 D STREAMINGSDKENGINE_TEST: streaming_callback, handle=14, err=0
03-06 10:03:52.243 19331 19537 D PlayUrlUtils: getPlayUrlByFt result 0
03-06 10:03:52.245 19331 19537 V getStream: --wait--
03-06 10:03:52.247 19331 19582 E PlayUrlUtils: 返回了 ft = 0的播放串 -> http://127.0.0.1:9009/record.m3u8?w=1&key=d7e03f11c5410728074cc86ea1b32e8a&type=ppvod2&sv=3.7.1&platform=launcher&ft=0&vvid=eea2347a-f712-42f0-9108-86f5a4f701d7&video=true&h265=3&mux.M3U8.segment_duration=5&chunked=true&serialnum=1014&playlink=29776781%3Fft%3D0%26bwtype%3D0%26platform%3Dlauncher%26type%3Dtv%2Esports%26sv%3D3%2E7%2E1%26video%3Dtrue%26sdkmode%3D0%26p2p%2Eadvtime%3D0%26k%3D036477949ee4d755ba9656ef47f1b662%2D9502%2D1551852230%26bppcataid%3D38%26vvid%3Deea2347a%2Df712%2D42f0%2D9108%2D86f5a4f701d7%26appid%3Dpptv%2Eatv%2Esports%26appplt%3Datv%26appver%3D3%2E7%2E1
03-06 10:03:52.248 19331 19537 V getStream: --wait--finish
03-06 10:03:52.248 19331 19537 D MP--    : SystemImp doPlay with url = http://127.0.0.1:9009/record.m3u8?w=1&key=d7e03f11c5410728074cc86ea1b32e8a&type=ppvod2&sv=3.7.1&platform=launcher&ft=0&vvid=eea2347a-f712-42f0-9108-86f5a4f701d7&video=true&h265=3&mux.M3U8.segment_duration=5&chunked=true&serialnum=1014&playlink=29776781%3Fft%3D0%26bwtype%3D0%26platform%3Dlauncher%26type%3Dtv%2Esports%26sv%3D3%2E7%2E1%26video%3Dtrue%26sdkmode%3D0%26p2p%2Eadvtime%3D0%26k%3D036477949ee4d755ba9656ef47f1b662%2D9502%2D1551852230%26bppcataid%3D38%26vvid%3Deea2347a%2Df712%2D42f0%2D9108%2D86f5a4f701d7%26appid%3Dpptv%2Eatv%2Esports%26appplt%3Datv%26appver%3D3%2E7%2E1
03-06 10:03:52.249 19331 19537 D MP--    : [SystemPlayerImp][playvideo()][mid:90659525][tid:MP--][msg:invoked with mid:90659525with path=[MediaPlayInfo][url:http://127.0.0.1:9009/record.m3u8?w=1&key=d7e03f11c5410728074cc86ea1b32e8a&type=ppvod2&sv=3.7.1&platform=launcher&ft=0&vvid=eea2347a-f712-42f0-9108-86f5a4f701d7&video=true&h265=3&mux.M3U8.segment_duration=5&chunked=true&serialnum=1014&playlink=29776781%3Fft%3D0%26bwtype%3D0%26platform%3Dlauncher%26type%3Dtv%2Esports%26sv%3D3%2E7%2E1%26video%3Dtrue%26sdkmode%3D0%26p2p%2Eadvtime%3D0%26k%3D036477949ee4d755ba9656ef47f1b662%2D9502%2D1551852230%26bppcataid%3D38%26vvid%3Deea2347a%2Df712%2D42f0%2D9108%2D86f5a4f701d7%26appid%3Dpptv%2Eatv%2Esports%26appplt%3Datv%26appver%3D3%2E7%2E1,playid:29776781viewType:1mediaType:VODseekType:2,currentPos:0,duration:0,starPos:3221,stopft:SMOOTH,engIndex:0,status:0,statusBuff:,what:0,extra:0, sourceType:0,endPos0,upperPlayObj:playObj has getstartTime:0,endTime:0,fd:0,fdn:0,innerLogoObj:InnerLogoObj{innerLogo_align=lefttop, innerLogo_ax=0.03125, innerLogo_ay=0.05, innerLogo_awidth=0.1, innerLogo_aheight=0.0463, isPlayProvided=true}]
03-06 10:03:52.249 19331 19537 D MP--    : [SystemPlayerImp][playVideo()][mid:90659525][tid:MP--][msg:surface-- syn surface start--]
03-06 10:03:52.249 19331 19537 D MP--    : [SystemPlayerImp][playVideo()][mid:90659525][tid:MP--][msg:surface--syn surface end--]
03-06 10:03:52.249 19331 19537 D MP--    : [SystemPlayerImp][playVideo][mid:90659525][tid:MP--][msg:setPlayInfo--]
03-06 10:03:52.250 19331 19537 V P2PService: [P2PEngineUtil][setDownloadBufferSize][invoke_source:setPlayInfo,with size value:1290240]
03-06 10:03:52.251 19387 19387 D P2PENGINE: MediaSDK_setDownloadBufferSize !
03-06 10:03:52.251 19331 19537 V P2PService: [P2PEngineUtil][setPlayXml][invoke_source:[SystemPlayerImp[setPlayInfo]]url:http://127.0.0.1:9009/record.m3u8?w=1&key=d7e03f11c5410728074cc86ea1b32e8a&type=ppvod2&sv=3.7.1&platform=launcher&ft=0&vvid=eea2347a-f712-42f0-9108-86f5a4f701d7&video=true&h265=3&mux.M3U8.segment_duration=5&chunked=true&serialnum=1014&playlink=29776781%3Fft%3D0%26bwtype%3D0%26platform%3Dlauncher%26type%3Dtv%2Esports%26sv%3D3%2E7%2E1%26video%3Dtrue%26sdkmode%3D0%26p2p%2Eadvtime%3D0%26k%3D036477949ee4d755ba9656ef47f1b662%2D9502%2D1551852230%26bppcataid%3D38%26vvid%3Deea2347a%2Df712%2D42f0%2D9108%2D86f5a4f701d7%26appid%3Dpptv%2Eatv%2Esports%26appplt%3Datv%26appver%3D3%2E7%2E1,type:tv.sports]
03-06 10:03:52.253 19331 19331 I VIEW--  : [StandBaseCommonMsgVideoView][msg][EVENT_SEEK_END,mediaInfo:[MediaPlayInfo][url:http://127.0.0.1:9009/record.m3u8?w=1&key=d7e03f11c5410728074cc86ea1b32e8a&type=ppvod2&sv=3.7.1&platform=launcher&ft=0&vvid=eea2347a-f712-42f0-9108-86f5a4f701d7&video=true&h265=3&mux.M3U8.segment_duration=5&chunked=true&serialnum=1014&playlink=29776781%3Fft%3D0%26bwtype%3D0%26platform%3Dlauncher%26type%3Dtv%2Esports%26sv%3D3%2E7%2E1%26video%3Dtrue%26sdkmode%3D0%26p2p%2Eadvtime%3D0%26k%3D036477949ee4d755ba9656ef47f1b662%2D9502%2D1551852230%26bppcataid%3D38%26vvid%3Deea2347a%2Df712%2D42f0%2D9108%2D86f5a4f701d7%26appid%3Dpptv%2Eatv%2Esports%26appplt%3Datv%26appver%3D3%2E7%2E1,playid:29776781viewType:1mediaType:VODseekType:2,currentPos:0,duration:0,starPos:3221,stopft:SMOOTH,engIndex:0,status:0,statusBuff:,what:0,extra:0, sourceType:0,endPos0,upperPlayObj:playObj has getstartTime:0,endTime:0,fd:0,fdn:0,innerLogoObj:InnerLogoObj{innerLogo_align=lefttop, innerLogo_ax=0.03125, innerLogo_ay=0.05, innerLogo_awidth=0.1, innerLogo_aheight=0.0463, isPlayProvided=true}]
03-06 10:03:52.253 19331 19537 D MP--    : [SystemPlayerImp][playVideo][mid:90659525][tid:MP--][msg:setPlayInfo--finish]
03-06 10:03:52.254 19331 19331 D VIEW--  : StandBaseCommonMsgVideoView EVENT_SEEK_END onUserSeek = false  onPlayerSeeking = false
03-06 10:03:52.254 19331 19537 D MP--    : [SystemPlayerImp][playVideo][mid:90659525][tid:MP--][msg:setPlayInfo--wait]
03-06 10:03:52.254 19331 19331 D VIEW--  : StandBaseCommonMsgVideoView EVENT_SEEK_END
03-06 10:03:52.254 19331 19537 D MP--    : [SystemPlayerImp][playVideo][mid:90659525][tid:MP--][msg:setPlayInfo--count=0]
03-06 10:03:52.256 19387 19387 I P2PService: setPlayXML vid:http://127.0.0.1:9009/record.m3u8?w=1&key=d7e03f11c5410728074cc86ea1b32e8a&type=ppvod2&sv=3.7.1&platform=launcher&ft=0&vvid=eea2347a-f712-42f0-9108-86f5a4f701d7&video=true&h265=3&mux.M3U8.segment_duration=5&chunked=true&serialnum=1014&playlink=29776781%3Fft%3D0%26bwtype%3D0%26platform%3Dlauncher%26type%3Dtv%2Esports%26sv%3D3%2E7%2E1%26video%3Dtrue%26sdkmode%3D0%26p2p%2Eadvtime%3D0%26k%3D036477949ee4d755ba9656ef47f1b662%2D9502%2D1551852230%26bppcataid%3D38%26vvid%3Deea2347a%2Df712%2D42f0%2D9108%2D86f5a4f701d7%26appid%3Dpptv%2Eatv%2Esports%26appplt%3Datv%26appver%3D3%2E7%2E1  type:tv.sports
03-06 10:03:52.256 19387 19387 D P2PENGINE: MediaSDK_setPlayerBuffertimeCalSwitch: 1
03-06 10:03:52.256 19387 19387 D P2PENGINE: <2019-03-06 10:03:52>
03-06 10:03:52.256 19387 19387 D P2PENGINE: [EVENT] [IDemuxer] [set_player_buffertime_cal_switch], calculate function on
03-06 10:03:52.256 19387 19387 D P2PENGINE: MediaSDK_setPlayInfo !
03-06 10:03:52.258 19539 19539 D SogouIME API: ==============num:32
03-06 10:03:52.258 19539 19539 D SogouIME: mFocusedComponent:30   isHkbEnable:false
03-06 10:03:52.258 19331 19537 D MP--    : [SystemPlayerImp][onEventReady][mid:90659525][tid:MP--][msg:setReadyCount=0]
03-06 10:03:52.261 19387 19387 D P2PENGINE: [EVENT] [IDemuxer] [set_play_info], name: http://127.0.0.1:9009/record.m3u8?w=1&key=d7e03f11c5410728074cc86ea1b32e8a&type=ppvod2&sv=3.7.1&platform=launcher&ft=0&vvid=eea2347a-f712-42f0-9108-86f5a4f701d7&video=true&h265=3&mux.M3U8.segment_duration=5&chunked=true&serialnum=1014&playlink=29776781%3Fft%3D0%26bwtype%3D0%26platform%3Dlauncher%26type%3Dtv%2Esports%26sv%3D3%2E7%2E1%26video%3Dtrue%26sdkmode%3D0%26p2p%2Eadvtime%3D0%26k%3D036477949ee4d755ba9656ef47f1b662%2D9502%2D1551852230%26bppcataid%3D38%26vvid%3Deea2347a%2Df712%2D42f0%2D9108%2D86f5a4f701d7%26appid%3Dpptv%2Eatv%2Esports%26appplt%3Datv%26appver%3D3%2E7%2E1, type: tv.sports, playinfo : <?xml version="1.0" encoding="utf-8" ?>
03-06 10:03:52.261 19387 19387 D P2PENGINE: <root tp="4" debug="sip=10.60.7.57,ac:O" >
03-06 10:03:52.261 19387 19387 D P2PENGINE: <channel id="29776781" rid="33fc828c29ed273bb681e2e17dc5aceb.mp4" vt="3" tbcid="38" tbct="体育" bcid="519" bct="足球中超" vtp="2" cl="210329" rcl="5" nm="2019中超第1轮录播：武汉卓尔vs北京中赫国安（李欣 董路 朱迟蕊）" vip="0" pb="Y M K1 S2 J K4 K3 K2 S1 E U
03-06 10:03:52.263 19539 19539 D SogouIME: =====configKeyboard=======是否有硬件盘:false     硬件盘是否不再隐藏：false
03-06 10:03:52.264 19331 19537 D MP--    : [SystemPlayerImp][playvideo][mid:90659525][tid:MP--][msg:setDataSource with mediaId:90659525]
03-06 10:03:52.265 20104 20116 D WatchDogThread: [add][createPlayer] 1551837832 
03-06 10:03:52.266 20104 21042 D mstplayer: [21042] [AVP] enter handle thread
03-06 10:03:52.266 20104 20116 V mstplayer: fromProcess: com.pptv.tvsports.a
03-06 10:03:52.266 20104 20116 V RMClient: #37:RMClient
03-06 10:03:52.266 20104 20116 D mstplayer: [20116] (0x0xf3618100)MstPlayer::constructor
03-06 10:03:52.266 20104 20116 D mstplayer: [20116] [AVP]MODULE_VERSION: AVP_-01.10.1170503
