03-06 10:03:55.321 20104 21042 V [MMP]   : [21042] [VO] old w 0, h 0, x 0, y 0, rotate 0, flip 0, maced 0, disp buf 0x0, drv 0x0
03-06 10:03:55.321 20104 21042 V [MMP]   : [21042] [MMP] leave SetDispInfo
03-06 10:03:55.321 20104 21042 D mstplayer: [21042] start to wait hw display path init
03-06 10:03:55.326 20104 21069 V [MMP]   : [21069] [mmp_vo_reset_disp_setting] the same surface
03-06 10:03:55.326 20104 21069 D mstplayer: [21069] [AVP] mmp_notify_callback get msg 15
03-06 10:03:55.326 20104 21069 V [MMP]   : [21069] [vo] ck_keep, pts:1001, late:-1, thres:40, pts_late:-1 (55366841, 55366840), color:0, flip:0, release 0, (0, 0), duration:40000
03-06 10:03:55.326 20104 21069 V [MMP]   : [21069] first_L:55366840
03-06 10:03:55.326  1159  1288 D gralloc : allocate buffer from ION HEAP 0x1
03-06 10:03:55.326  1159  1288 D gralloc : allocate memory from system heap
03-06 10:03:55.327  1159  4009 D vsyncbridge: vsync_bridge_render_frame: [0]switch not on !
03-06 10:03:55.327  1159  4009 D vsyncbridge: Display Path INIT BEGIN111
03-06 10:03:55.327  1159  4009 D vsyncbridge: Display Path INIT END: 0
03-06 10:03:55.328  1159  4009 D BufferQueueProducer: [SurfaceView] wait disp path init done
03-06 10:03:55.328  1159  4009 D vsyncbridge: vsync_bridge_render_frame: [0]switch not on !
03-06 10:03:55.328  1159  4440 D gralloc : allocate buffer from ION HEAP 0x1
03-06 10:03:55.328  1159  4440 D gralloc : allocate memory from system heap
03-06 10:03:55.329 20104 21069 D mstplayer: [21069] [AVP] mmp_notify_callback get msg 10
03-06 10:03:55.329 20104 21042 V [MMP]   : [21042] [MMP] (0x0xf1b01000) enter SetDecodeMode 2
03-06 10:03:55.329 20104 21042 V [MMP]   : [21042] [OMX] set seamless in ds mode, disable it
03-06 10:03:55.330 20104 21042 V [MMP]   : [21042] [MMP] leave SetDecodeMode 0
03-06 10:03:55.330 20104 21042 V NativeWinRenderer: config renderer, type = 0, value = 3
03-06 10:03:55.330 20104 21042 D nwin_subout: nativewin_subout_open
03-06 10:03:55.331 20104 21042 D ext_subout: external_subout_open
03-06 10:03:55.331 20104 21042 D ext_subout: external_subout_setVisible (0 -> 0)
03-06 10:03:55.331 20104 21042 D mstplayer: [21042] mAudioSink: 0x0xf4551550
03-06 10:03:55.331 20104 21042 V [MMP]   : [21042] [MMP] (0x0xf1b01000) enter MMP_Play3
03-06 10:03:55.331 20104 21042 V [MMP]   : [21042] [MMP] mp4player_open, width:480, height:270
03-06 10:03:55.331 20104 21042 V [MMP]   : [21042] thread join success
03-06 10:03:55.331 20104 21042 V [MMP]   : [21042] released handle 0, buffer 0xc8c01000 size  534528, at slot  0
03-06 10:03:55.331 20104 21042 V [MMP]   : [21042] free cache for kmv meta data
03-06 10:03:55.331 20104 21042 V [MMP]   : [21042] released handle 0, buffer 0xf12f6000 size   17520, at slot  2
03-06 10:03:55.331 20104 21042 V [MMP]   : [21042] [AV SYNC] 1
03-06 10:03:55.331 20104 21042 V [MMP]   : [21042] mmp_fnDrvAud_Init_Play
03-06 10:03:55.331 20104 21042 V [MMP]   : [21042] [ao] set audio extra latency to 30
03-06 10:03:55.332 20104 21042 D MMP_AudioFlinger_Wrapper: Open AudioSink successfully: 0xf4551550
03-06 10:03:55.332 20104 21042 D MMP_AudioFlinger_Wrapper: Set AudioSink, status: 0, streamType: 1, sampleRate: 44100,channelCount: 2, bufferCount: 4, channelMask: 0
03-06 10:03:55.332 20104 21042 V [MMP]   : [21042] [ao] open_ret:1, frame count: 3763, frame size: 4, latency: 125, msPerFrame: 0.022676, latency_frame_num: 5512
03-06 10:03:55.333 20104 21042 V [MMP]   : [21042] [ao] smooth_latency_factor: 5
03-06 10:03:55.333 20104 21042 V [MMP]   : [21042] mmp_fnDrvAud_Pause_Play
03-06 10:03:55.333 20104 21042 V [MMP]   : [21042] [MMP] (0x0xf1b01000) enter Continue
03-06 10:03:55.333 20104 21069 V [MMP]   : [21069] [VO] enter resume state
03-06 10:03:55.333 20104 21069 V [MMP]   : [21069] br_count:0
03-06 10:03:55.333 20104 21068 V [MMP]   : [21068] S_Q: aud_clk: 1021ms (
03-06 10:03:55.333 20104 21068 V [MMP]   : [21068] 1021-
03-06 10:03:55.333 20104 21068 V [MMP]   : [21068] 0),
03-06 10:03:55.333 20104 21068 V [MMP]   : [21068] a:35,v:0
03-06 10:03:55.333 20104 21068 V [MMP]   : [21068] [AD] set timeout threshold 500, ignore cmd 1
03-06 10:03:55.333 20104 21068 V [MMP]   : [21068] [ao] out size 4096, free_size: 15052
03-06 10:03:55.333 20104 21068 V [MMP]   : [21068] [ao] out size 4096, free_size: 10956
03-06 10:03:55.335 20104 21068 V [MMP]   : [21068] [ao] out size 4096, free_size: 6860
03-06 10:03:55.337 20104 21068 V [MMP]   : [21068] [ao] out size 4096, free_size: 2764
03-06 10:03:55.337 20104 21068 V [MMP]   : [21068] [ao] switch_to_real_free_size
03-06 10:03:55.337 20104 21068 V [MMP]   : [21068] [ao] real_write: 2764, want_write: 4096
03-06 10:03:55.337 20104 21068 V [MMP]   : [21068] [ao] backup buf size: 1332
03-06 10:03:55.340 20104 21068 V [MMP]   : [21068] Q_A_finished,i:93,r:0,
03-06 10:03:55.340 20104 21068 V [MMP]   : [21068] t:4,
03-06 10:03:55.340 20104 21068 V [MMP]   : [21068] E_t:0
03-06 10:03:55.340 20104 21068 V [MMP]   : [21068] [AD] disable timeout threshold
03-06 10:03:55.340 20104 21068 V [MMP]   : [21068] E_Q
03-06 10:03:55.340 20104 21068 V [MMP]   : [21068] B: aud_clk: 1021ms (
03-06 10:03:55.340 20104 21068 V [MMP]   : [21068] 1114-
03-06 10:03:55.340 20104 21068 V [MMP]   : [21068] 93), drv:2
03-06 10:03:55.340 20104 21068 V [MMP]   : [21068] [AO] enter resume state
03-06 10:03:55.340 20104 21068 V [MMP]   : [21068] AD enter play state
03-06 10:03:55.340 20104 21068 V [MMP]   : [21068] br_count:1
03-06 10:03:55.340 20104 21068 V [MMP]   : [21068] enter_state_cb_sync
03-06 10:03:55.340 20104 21068 V [MMP]   : [21068] audio_start_delay:21 (55366861 - 55366840)
03-06 10:03:55.340 20104 21068 V [MMP]   : [21068] mmp_fnDrvAud_Start_Play
03-06 10:03:55.340 20104 21069 V [MMP]   : [21069] [vo] ck_keep, pts:1041, late:-41, thres:40, pts_late:-41 (55366881, 55366840), color:0, flip:0, release 0, (1, 1), duration:40000
03-06 10:03:55.342 20104 21042 V [MMP]   : [21042] [MMP] leave Continue
03-06 10:03:55.342 20104 21042 V [MMP]   : [21042] [MMP] leave MMP_Play3
03-06 10:03:55.342 20104 21042 D mstplayer: [21042] MMP_Play3: 0x0
03-06 10:03:55.342 20104 21042 D mstplayer: [21042] [AVP] do fake rebuffer resume, ret:0
03-06 10:03:55.342 20104 21042 D mstplayer: [21042] [AVP] msg_receive 0x8100, size 4, data 0x0xd7009bac
03-06 10:03:55.342 20104 21042 V [MMP]   : [21042] [MMP] a_r 32, v_r 0, vo_r 3
03-06 10:03:55.342 20104 21042 D mstplayer: [21042] [AVP] curr_ref_time:3221000, mode 3
03-06 10:03:55.342 20104 21042 D mstplayer: [21042] [AVP] msg_response, msg 0x8100, cmd_waiting_for_rsp 0x8100, ret 0
03-06 10:03:55.342 20104 21300 D WatchDogThread: [remove][getCurrentPosition] 1551837835 
03-06 10:03:55.342 19331 21074 V MP--    : [SystemPlayerImp][getPos][mid:90659525][tid:Thread-1050][msg:vod3221]
03-06 10:03:55.345  1159  1159 D hwcomposer: Overlay[0], bInUsed = 1, bIsForceClose = 0
03-06 10:03:55.345  1159  1312 D vsyncbridge: [0] handle_thread thread got msg 0x1, mState = 0
03-06 10:03:55.345  1159  1312 D vsyncbridge: Overlay 0 state change from 0 to 1
03-06 10:03:55.345  1159  1312 D vsyncbridge: Init Overlay 0
03-06 10:03:55.345  1159  1312 V RMClient: #77:RMClient
03-06 10:03:55.345  1159  1312 V RMClient: #76:~RMClient
03-06 10:03:55.345  1159  1312 V RMClient: #76:RMClient::returnAllResourcesAsync
03-06 10:03:55.346  1159  1312 V RMClientListener: ~RMClientListener
03-06 10:03:55.346  1159  1312 V RMClient: #77:requestResourceAsync
03-06 10:03:55.346  1159  1312 D VideoSet: connect
03-06 10:03:55.346  1159  1312 D VideoSet: 
03-06 10:03:55.346  1159  1312 D VideoSet: constructor
03-06 10:03:55.346  1159  1312 D VideoSet: 
03-06 10:03:55.346  1183  4941 V VideoSetService: VideoSetService::connect(callingPid 1159, client 0xd80039b0)
03-06 10:03:55.346  1183  4941 V VideoSetService: VideoSetService::Client constructor(callingPid 1159)
03-06 10:03:55.347  1159 21094 V RMClient: #77:onMessageReceived creq
03-06 10:03:55.348  1159 21094 V RMClient: #77:kWhatCmdResourceRequest
03-06 10:03:55.349  1159 21094 V RMClient: #77:Done
03-06 10:03:55.349  1160  1305 V RMAllocator: handleRequest
03-06 10:03:55.349  1160  1305 V RMAllocator: handleRequest new ClientInfo, client=2737489216 id=77
03-06 10:03:55.349  1160  1305 I RMAllocator: ClientInfo this=2741294848, mRMClient=2737489216. id=77
03-06 10:03:55.349 19331 21074 V P2PService: [P2PEngineUtil][setPlayerCurrentPosition][invoke_source:SystemPlayerImplurl:http://127.0.0.1:9009/record.m3u8?w=1&key=d7e03f11c5410728074cc86ea1b32e8a&type=ppvod2&sv=3.7.1&platform=launcher&ft=0&vvid=eea2347a-f712-42f0-9108-86f5a4f701d7&video=true&h265=3&mux.M3U8.segment_duration=5&chunked=true&serialnum=1014&playlink=29776781%3Fft%3D0%26bwtype%3D0%26platform%3Dlauncher%26type%3Dtv%2Esports%26sv%3D3%2E7%2E1%26video%3Dtrue%26sdkmode%3D0%26p2p%2Eadvtime%3D0%26k%3D036477949ee4d755ba9656ef47f1b662%2D9502%2D1551852230%26bppcataid%3D38%26vvid%3Deea2347a%2Df712%2D42f0%2D9108%2D86f5a4f701d7%26appid%3Dpptv%2Eatv%2Esports%26appplt%3Datv%26appver%3D3%2E7%2E1,time_ms:3221000]
03-06 10:03:55.349  1160  1305 V RMAllocator: handleRequest new ClientInfo=2741294848, client=2737489216 id=77
03-06 10:03:55.349  1160  1305 D TVEmuRMService_main: type =14 , pip=0 
03-06 10:03:55.350  1160  1305 D TVEmuRMService_main: pip disable path 
03-06 10:03:55.350  1160  1305 V RMAllocator: allocateResources
03-06 10:03:55.350  1160  1305 V RMAllocator: allocateOneResource
03-06 10:03:55.350  1159  4440 V RMClient: #77:handleRequestDone
03-06 10:03:55.350  1159 21094 V RMClient: #77:onMessageReceived ldon
03-06 10:03:55.350  1159 21094 V RMClient: #77:kWhatRequestDone
03-06 10:03:55.350  1159 21094 D vsyncbridge: handleRequestDone: mOverlayID = 0, mState = 0x1
03-06 10:03:55.350  1159  1312 D vsyncbridge: [0] handle_thread thread got msg 0x1, mState = 1
03-06 10:03:55.350  1159  1312 D vsyncbridge: Overlay 0 state change from 1 to 2
03-06 10:03:55.350  1159  1312 D vsyncbridge: enWin=0, enCodecType=11, miu=1, frameRate=25000, interlace=0, Hsize=480, Vsize=272, {0, 0, 0, 2}
03-06 10:03:55.350  1159  1312 D vsyncbridge: win.x = 593, win.y = 296, win.width = 1176, win.height = 661, [480, 270] apptype = 0
03-06 10:03:55.819  1183  4925 W VIDEO   : BACKEND engine is 0
03-06 10:03:55.819  1183  4925 W VIDEO   : BACKEND engine video only is 0
03-06 10:03:55.819  1183  4925 W VIDEO   : SOC engine is 0
03-06 10:03:55.819  1183  4925 W VIDEO   : XC engine (MAIN) is 0
03-06 10:03:55.819  1183  4925 W VIDEO   : XC engine (SUB) is 1
03-06 10:03:55.819  1183  4925 W VIDEO   : Lock Mute Status => 
03-06 10:03:55.819  1183  4925 W VIDEO   : Lock Status: APP:UNLOCK, RESERVE_1:UNLOCK, RESERVE_2:UNLOCK, RESERVE_3:UNLOCK
03-06 10:03:55.819  1183  4925 W VIDEO   : enScalerWinType: MAIN, isLock: 0
03-06 10:03:55.819  1183  4925 W VIDEO   : Lock Status: APP:UNLOCK, RESERVE_1:UNLOCK, RESERVE_2:UNLOCK, RESERVE_3:UNLOCK
03-06 10:03:55.819  1183  4925 W VIDEO   : enScalerWinType: SUB, isLock: 0
03-06 10:03:55.819  1183  4925 V VIDEO   : [EnableVideoMute:2181]
03-06 10:03:55.819  1183  4925 V VIDEO   : [EXIT]bEnable: 0, u16WaitToDoTime :0 ,engine :0, enScalerWinType: 0
03-06 10:03:55.819  1183  4925 V VIDEO   : [SetVideoMute:2292]
03-06 10:03:55.819  1183  4925 V VIDEO   : [EXIT]bEnable: 0, u16WaitToDoTime :0 ,engine :0 
03-06 10:03:55.819  1183  4925 D VideoSetService: ~~@@@~~ SetVideoMute:TRUE 1 ms
03-06 10:03:55.819  1183  4925 D VideoSetService: ~~@@@~~ SetVirtualBox 0 ms
03-06 10:03:55.819  1183  4925 D VideoSetService: ~~@@@~~ MApi_XC_Set_DSIndexSourceSelect 0 ms
03-06 10:03:55.819  1183  4925 D VideoSetService: ~~@@@~~ MApi_XC_Set_DSForceIndex 0 ms
03-06 10:03:55.819  1183  4925 D VideoSetService: ~~@@@~~ SetWindow 246 ms
03-06 10:03:55.819  1183  4925 D VideoSetService: ~~@@@~~ setGameMode 0 ms
03-06 10:03:55.819  1183  4925 D VideoSetService: ~~@@@~~ SetDynamicScaling 48 ms
03-06 10:03:55.819  1183  4925 D VideoSetService: ~~@@@~~ PQ_SetDS_OnOFF 0 ms
03-06 10:03:55.819  1183  4925 D VideoSetService: ~~@@@~~ GetMSrvPicture()->On() 0 ms
03-06 10:03:55.819  1183  4925 D VideoSetService: ~~@@@~~ DS_SendXCStatus2Firmware 1 ms
03-06 10:03:55.819  1183  4925 D VideoSetService: ~~@@@~~ SetVideoMute:FALSE 99 ms
03-06 10:03:55.819  1183  4925 D VideoSetService: ~~@@@~~ SubSelectWindow 0 ms
03-06 10:03:55.819  1183  4925 D VideoSetService: ~~@@@~~TOTAL FUN:VideoSetService::Client::video_setXCWin_nolock 395 ms
03-06 10:03:55.820 20104 21045 D DataSource_M3U8: [readAt]  Warnig:: less(52076) data in buffer...
03-06 10:03:55.820  1183  4926 V VideoSetService: video_SurfaceVideoSizeChange(callingPid 1159, clientPid 1159)
03-06 10:03:55.820  1183  4926 V 3D      : Func: GetDetect3DFormatParameters()
03-06 10:03:55.820  1183  4926 V 3D      : Func: GetDetect3DFormatParameters() return:
03-06 10:03:55.820  1183  4926 V 3D      : u32Detect3DFormatPara_Version=1
03-06 10:03:55.820  1183  4926 V 3D      : u16HorSearchRange=60
03-06 10:03:55.820  1183  4926 V 3D      : u16VerSearchRange=1
03-06 10:03:55.820  1183  4926 V 3D      : u16GYPixelThreshold=14
03-06 10:03:55.820  1183  4926 V 3D      : u16RCrPixelThreshold=14
03-06 10:03:55.820  1183  4926 V 3D      : u16BCbPixelThreshold=14
03-06 10:03:55.820  1183  4926 V 3D      : u16HorSampleCount=8
03-06 10:03:55.820  1183  4926 V 3D      : u16VerSampleCount=8
03-06 10:03:55.820  1183  4926 V 3D      : u16MaxCheckingFrameCount=1
03-06 10:03:55.820  1183  4926 V 3D      : u16HitPixelPercentage=85
03-06 10:03:55.820  1183  4926 V 3D      : Func: SetDetect3DFormatParameters()
03-06 10:03:55.820  1183  4926 V 3D      : u32Detect3DFormatPara_Version=1
03-06 10:03:55.820  1183  4926 V 3D      : u16HorSearchRange=60
03-06 10:03:55.820  1183  4926 V 3D      : u16VerSearchRange=1
03-06 10:03:55.820  1183  4926 V 3D      : u16GYPixelThreshold=14
03-06 10:03:55.820  1183  4926 V 3D      : u16RCrPixelThreshold=14
03-06 10:03:55.820  1183  4926 V 3D      : u16BCbPixelThreshold=14
03-06 10:03:55.820  1183  4926 V 3D      : u16HorSampleCount=8
03-06 10:03:55.820  1183  4926 V 3D      : u16VerSampleCount=8
03-06 10:03:55.820  1183  4926 V 3D      : u16MaxCheckingFrameCount=1
03-06 10:03:55.820  1183  4926 V 3D      : u16HitPixelPercentage=85
03-06 10:03:55.820  1762  2471 I TvManager_JNI: isSignalStable
03-06 10:03:55.821  1762  2471 I PictureManager_JNI: getBacklight
03-06 10:03:55.820  1159  1312 D vsyncbridge: [0] handle_thread thread got msg 0x1, mState = 2
03-06 10:03:55.821  1159  1312 D vsyncbridge: Overlay 0 state change from 2 to 3
03-06 10:03:55.821  1159  1312 D vsyncbridge: VSYNC_BRIDGE_INIT clear dispQ
03-06 10:03:55.821  1762  2471 E septemberan: dbcHandler: mDbcBacklightRange: 48
03-06 10:03:55.821  1762  2471 I PictureManager_JNI: setBacklight
03-06 10:03:55.821  1159  1312 D vsyncbridge: u32FrameRate=25000, u32OutputFrmRate=50000, u8FrcMode[0] = 4
03-06 10:03:55.821  1159  1312 D vsyncbridge: panelWidth = 3840, panelHeight = 2160, [3840 2160 600]
03-06 10:03:55.821  1589  1646 D WindowManager: bRet =false
03-06 10:03:55.821  1589  1646 E septemberan: mPPTVHotkeyService != null
03-06 10:03:55.822  2111  2134 I HotkeyService: handleKeyEvents
03-06 10:03:55.822  2111  2134 I HotkeyService: Enter ListenAloneKeyHandler
03-06 10:03:55.823 19331 19331 D VIEW--  : [UpdateLogoCover][updateLogoPosition()] 
03-06 10:03:55.824 19331 19331 D VIEW--  : [UpdateLogoCover][updateLogoPosition()] xRatio=0.0,yRatio=-0.011072,videoWidth=1176,videoHeight=661,mVideoView.getX()=0.0,mVideoView.getY()=0.0
03-06 10:03:55.824  2111  2134 I SystemImpl: getProp key:TvSystem:PROP_LISTEN_ALONE value:false
03-06 10:03:55.825  2111  2134 I HotkeyService: Enter FirstAndSearchingHandler
03-06 10:03:55.825  2111  2134 I HotkeyService: Enter AppHotkeyHandler
03-06 10:03:55.825  2111  2134 I HotkeyManager: notifyHotkeyListener
03-06 10:03:55.825  2111  2134 I HotkeyService: notifyCallbacks size : 4
03-06 10:03:55.825  2111  2134 I HotkeyService: dispatch key<22:KEYCODE_DPAD_RIGHT:0> to HotkeyCallbackWrapper{Uid:10011, Pid:1742, Priority:9, AppName:com.pptv.systemui}
03-06 10:03:55.826 19331 21100 W System.err: java.net.MalformedURLException: Protocol not found: 
03-06 10:03:55.826  1742  1758 D NotificationPanel: keycode=22, action=0
03-06 10:03:55.826  1742  1758 D SystemUIApplication: handleKeyEvent, keycode:22 action:0, ret:false
03-06 10:03:55.826  1742  1758 D TvStatusBar:   mPlayGuideView android.widget.FrameLayout{332479e4 G.E..... ......I. 0,0-1920,1080}  interceptKegEvent   false  event.getDeviceId()  -1
03-06 10:03:55.826 19331 19331 D VIEW--  : [UpdateLogoCover][updateLogoPosition()] leftMargin=0, topMargin=-13
03-06 10:03:55.827  2111  2134 I HotkeyService: dispatch key<22:KEYCODE_DPAD_RIGHT:0> to HotkeyCallbackWrapper{Uid:1000, Pid:3394, Priority:8, AppName:com.pptv.voicecontroller}
03-06 10:03:55.828 19331 21100 W System.err: 	at java.net.URL.<init>(URL.java:176)
03-06 10:03:55.828  3394  3410 D PPTVVoiceService_handleKeyEvent_670: handleKeyEvent 22, 0
03-06 10:03:55.828 19331 21100 W System.err: 	at java.net.URL.<init>(URL.java:125)
03-06 10:03:55.829 19331 21100 W System.err: 	at com.pptv.protocols.utils.SimpleUrlImageView$1.run(SimpleUrlImageView.java:74)
03-06 10:03:55.829  2111  2134 I HotkeyService: dispatch key<22:KEYCODE_DPAD_RIGHT:0> to HotkeyCallbackWrapper{Uid:1000, Pid:2111, Priority:5, AppName:com.pptv.framework.tvservice}
03-06 10:03:55.829  2111  2134 I HotkeyService: dispatch key<22:KEYCODE_DPAD_RIGHT:0> to HotkeyCallbackWrapper{Uid:1000, Pid:2214, Priority:5, AppName:com.pptv.tv}
03-06 10:03:55.829 19331 19331 D VIEW--  : [UpdateLogoCover][scaleLogoView()] scale=0.6125
03-06 10:03:55.831  2111  2134 I HotkeyService: hotkey keycode : 22 deviceId=-1 result : 0 reason:R_NO_INTERCEPT
03-06 10:03:55.832 19331 19331 V VIEW--  : [progress][runUpdateProgressThread][pos:0][duration:0][PLAY_TYPE_CAROUSE]
03-06 10:03:55.832  1589  1646 D WindowManager: mPPTVHotkeyService bRet =false
03-06 10:03:55.833  2065  2065 D InputEventDispatcher: onInputEvent: KeyEvent { action=ACTION_DOWN, keyCode=KEYCODE_DPAD_RIGHT, scanCode=0, metaState=0, flags=0x8, repeatCount=0, eventTime=55367155, downTime=55367155, deviceId=-1, source=0x101 }
03-06 10:03:55.834  1183  7685 D VideoSetService: AsyncProcThread :: post evetn : 2
03-06 10:03:55.834  1169  1169 I tvos    : [WARNING]Post Event 2 but not registered, ignored!!!
03-06 10:03:55.835  1589  1646 D WindowManager: interceptKeyTi keyCode=22 down=false repeatCount=0 keyguardOn=false mHomePressed=false canceled=false deviceName=Virtual
03-06 10:03:55.835  1589  1646 E septemberan: mHotkeyService != null
03-06 10:03:55.836  1159  1288 D vsyncbridge: [update_ds_table,  595] DispW:3840 DispH:2160 
03-06 10:03:55.836  1159  1288 D vsyncbridge: [update_ds_table,  599] Cap.x:493 Cap.y:30 CapW:480 CapH:270 
03-06 10:03:55.836  1159  1288 D vsyncbridge: [update_ds_table,  600] enInputSourceType:34 
03-06 10:03:55.836  1159  1288 D vsyncbridge: [update_ds_table,  602] u16InputVTotal:2205  u16InputVFreq:500 
03-06 10:03:55.836  1159  1288 D vsyncbridge: [update_ds_table,  604] bInterlace:0  u16DefaultHtotal:0 
03-06 10:03:55.836  1159  1288 D vsyncbridge: [update_ds_table,  607] bPreHCusScaling:1  bPreVCusScaling:1 
03-06 10:03:55.836  1159  1288 D vsyncbridge: [update_ds_table,  609] u16PreHCusScalingSrc:480  u16PreHCusScalingDst:480 
03-06 10:03:55.836  1159  1288 D vsyncbridge: [update_ds_table,  611] u16PreVCusScalingSrc:270  u16PreVCusScalingSrc:270 
03-06 10:03:55.836  1159  1288 D vsyncbridge: [update_ds_table,  614] bHCusScaling:0  bVCusScaling:0 
03-06 10:03:55.836  1159  1288 D vsyncbridge: [update_ds_table,  616] u16HCusScalingSrc:480  u16HCusScalingDst:3840 
03-06 10:03:55.839  2779  2796 E CvteATHotkey: <AT-TPV> processTPVFacKey ScanCode = 0x0
03-06 10:03:55.841  2322 14178 D TvCecManager: arcIsAmpVolume
03-06 10:03:55.842  1762  2473 I CECManager_JNI: arcIsAmpVolume
03-06 10:03:55.843  1159  1288 D vsyncbridge: [update_ds_table,  618] u16VCusScalingSrc:270  u16VCusScalingDst:2160 
03-06 10:03:55.843  1159  1288 D vsyncbridge: vsync_bridge_CalAspectRatio type = 0
03-06 10:03:55.843  1159  1288 D vsyncbridge: panel [3840 2160] osd [1920 1080] ratio [2.000000 2.000000]
03-06 10:03:55.843  1589  1646 D WindowManager: bRet =false
03-06 10:03:55.843  1589  1646 E septemberan: mPPTVHotkeyService != null
03-06 10:03:55.843  2111  4763 I HotkeyService: handleKeyEvents
03-06 10:03:55.844  2111  4763 I HotkeyService: Enter ListenAloneKeyHandler
03-06 10:03:55.843  1159  1288 D vsyncbridge: apply ratio, x=1186, y=592, width=2352, height=1322
03-06 10:03:55.844  1183  1183 V VideoSetService: video_SurfaceVideoSizeChange(callingPid 1159, clientPid 1159)
03-06 10:03:55.844  1183  1183 V 3D      : Func: GetDetect3DFormatParameters()
03-06 10:03:55.844  1183  1183 V 3D      : Func: GetDetect3DFormatParameters() return:
03-06 10:03:55.844  1183  1183 V 3D      : u32Detect3DFormatPara_Version=1
03-06 10:03:55.844  1183  1183 V 3D      : u16HorSearchRange=60
03-06 10:03:55.844  1183  1183 V 3D      : u16VerSearchRange=1
03-06 10:03:55.844  1183  1183 V 3D      : u16GYPixelThreshold=14
03-06 10:03:55.844  1183  1183 V 3D      : u16RCrPixelThreshold=14
03-06 10:03:55.844  1183  1183 V 3D      : u16BCbPixelThreshold=14
03-06 10:03:55.844  1183  1183 V 3D      : u16HorSampleCount=8
03-06 10:03:55.844  1183  1183 V 3D      : u16VerSampleCount=8
03-06 10:03:55.844  1183  1183 V 3D      : u16MaxCheckingFrameCount=1
03-06 10:03:55.845  1183  1183 V 3D      : u16HitPixelPercentage=85
03-06 10:03:55.845  1183  1183 V 3D      : Func: SetDetect3DFormatParameters()
03-06 10:03:55.845  1183  1183 V 3D      : u32Detect3DFormatPara_Version=1
03-06 10:03:55.845  1183  1183 V 3D      : u16HorSearchRange=60
03-06 10:03:55.845  1183  1183 V 3D      : u16VerSearchRange=1
03-06 10:03:55.845  1183  1183 V 3D      : u16GYPixelThreshold=14
03-06 10:03:55.845  1183  1183 V 3D      : u16RCrPixelThreshold=14
03-06 10:03:55.845  1183  1183 V 3D      : u16BCbPixelThreshold=14
03-06 10:03:55.845  1183  1183 V 3D      : u16HorSampleCount=8
03-06 10:03:55.845  1183  1183 V 3D      : u16VerSampleCount=8
03-06 10:03:55.845  1183  1183 V 3D      : u16MaxCheckingFrameCount=1
03-06 10:03:55.845  1183  1183 V 3D      : u16HitPixelPercentage=85
03-06 10:03:55.845  1159  1288 D vsyncbridge: disp_old[1186 592 3538 1914], disp_new[1186 592 3538 1914], crop[0 0 480 270]
03-06 10:03:55.845  1159  1288 D vsyncbridge: [update_ds_table,  790] SW DS !!! 
03-06 10:03:55.845  1159  1288 D vsyncbridge: [update_ds_table,  793] stXC_SetWin_Info.stCapWin.width480  stXC_SetWin_Info.stCapWin.height:270
03-06 10:03:55.845  1159  1288 D vsyncbridge: [update_ds_table,  795] stXC_SetWin_Info.stCropWin.width480  stXC_SetWin_Info.stCropWin.height:270
03-06 10:03:55.845  2111  4763 I SystemImpl: getProp key:TvSystem:PROP_LISTEN_ALONE value:false
03-06 10:03:55.845  1159  1288 D vsyncbridge: [update_ds_table,  796] MApi_XC_GetDynamicScalingStatus():1 
03-06 10:03:55.845  2111  4763 I HotkeyService: Enter FirstAndSearchingHandler
03-06 10:03:55.845  2111  4763 I HotkeyService: Enter AppHotkeyHandler
03-06 10:03:55.845  2111  4763 I HotkeyManager: notifyHotkeyListener
03-06 10:03:55.845  2111  4763 I HotkeyService: notifyCallbacks size : 4
03-06 10:03:55.845  1159  1288 D         : Alert: cannot get frameCount from IOCTL, eWindow=0! Fall back to original frame mode
03-06 10:03:55.845  2111  4763 I HotkeyService: dispatch key<22:KEYCODE_DPAD_RIGHT:1> to HotkeyCallbackWrapper{Uid:10011, Pid:1742, Priority:9, AppName:com.pptv.systemui}
03-06 10:03:55.845  1159  1288 D         : MVOP is 2P mode
03-06 10:03:55.845  1159  1288 D         : [_MDrv_SC_check_2p_mode][9405]u16Width=3840,u16Height=2160,u32Vfreqx10=500
03-06 10:03:55.846  1742  1759 D NotificationPanel: keycode=22, action=1
03-06 10:03:55.846  1742  1759 D SystemUIApplication: handleKeyEvent, keycode:22 action:1, ret:false
03-06 10:03:55.846  1742  1759 D TvStatusBar:   mPlayGuideView android.widget.FrameLayout{332479e4 G.E..... ......I. 0,0-1920,1080}  interceptKegEvent   false  event.getDeviceId()  -1
03-06 10:03:55.847  2111  4763 I HotkeyService: dispatch key<22:KEYCODE_DPAD_RIGHT:1> to HotkeyCallbackWrapper{Uid:1000, Pid:3394, Priority:8, AppName:com.pptv.voicecontroller}
03-06 10:03:55.847  3394  3411 D PPTVVoiceService_handleKeyEvent_670: handleKeyEvent 22, 1
03-06 10:03:55.848  2111  4763 I HotkeyService: dispatch key<22:KEYCODE_DPAD_RIGHT:1> to HotkeyCallbackWrapper{Uid:1000, Pid:2111, Priority:5, AppName:com.pptv.framework.tvservice}
03-06 10:03:55.848  2111  4763 I HotkeyService: dispatch key<22:KEYCODE_DPAD_RIGHT:1> to HotkeyCallbackWrapper{Uid:1000, Pid:2214, Priority:5, AppName:com.pptv.tv}
03-06 10:03:55.849  2111  4763 I HotkeyService: hotkey keycode : 22 deviceId=-1 result : 0 reason:R_NO_INTERCEPT
03-06 10:03:55.849  1183  7685 D VideoSetService: AsyncProcThread :: post evetn : 2
03-06 10:03:55.849  1589  1646 D WindowManager: mPPTVHotkeyService bRet =false
03-06 10:03:55.849  1169  1169 I tvos    : [WARNING]Post Event 2 but not registered, ignored!!!
03-06 10:03:55.853 20104 21069 V [MMP]   : [21069] [vo] ck_keep, pts:1481, late:-11, thres:40, pts_late:-34 (55367540, 55367506), color:0, flip:23, release 0, (1, 1), duration:40000
03-06 10:03:55.860  1159  1312 D vsyncbridge: Overlay[0] wait_disp_show W 1, R 1, Cur 255, wait time = 30ms
03-06 10:03:55.896 19539 19539 D SogouIME: [onKeyDown] keycode = 22 model = PPTV-55P+Pro build_id:Build_130480_20170508 true
03-06 10:03:55.899 20104 21069 V [MMP]   : [21069] [vo] ck_keep, pts:1521, late:-51, thres:40, pts_late:-53 (55367580, 55367527), color:0, flip:2, release 0, (1, 1), duration:40000
03-06 10:03:55.921  1762  2471 I PictureManager_JNI: getDlcAverageLuma
03-06 10:03:55.922  1762  2471 I TvManager_JNI: isSignalStable
03-06 10:03:55.922  1762  2471 I PictureManager_JNI: getBacklight
03-06 10:03:55.922  1762  2471 E septemberan: dbcHandler: mDbcBacklightRange: 48
03-06 10:03:55.922  1762  2471 I PictureManager_JNI: setBacklight
03-06 10:03:55.944 20104 21069 V [MMP]   : [21069] [vo] ck_keep, pts:1561, late:-53, thres:40, pts_late:-54 (55367620, 55367566), color:0, flip:1, release 0, (1, 1), duration:40000
03-06 10:03:55.948 19331 19331 D Focus-- : oldFocus:ffffffff
03-06 10:03:55.950 19331 19331 D Focus-- : --newFocus:7f0c0330
03-06 10:03:55.955 19331 19331 D HomeCarouselPagePlayWindowHolder: onFocusChange hasFocus
03-06 10:03:55.968  2065  2065 D InputEventDispatcher: onInputEvent: KeyEvent { action=ACTION_UP, keyCode=KEYCODE_DPAD_RIGHT, scanCode=0, metaState=0, flags=0x8, repeatCount=0, eventTime=55367550, downTime=55367550, deviceId=-1, source=0x101 }
03-06 10:03:55.969 19539 19539 D SogouIME: [onKeyUp] keycode = 22 model = PPTV-55P+Pro build_id:Build_130480_20170508
03-06 10:03:55.975 19331 19331 D VIEW--  : [SimpleUrlImageView][dispatchMessage()][msg]{ when=-144ms what=2 target=com.pptv.protocols.utils.SimpleUrlImageView$a }
03-06 10:03:55.975 19331 19331 D VIEW--  : [SimpleUrlImageView][dispatchMessage()][NETWORK_ERROR]
03-06 10:03:55.986 20104 21055 I DataSource_M3U8: [checkShouldStartNext] [646](424316/0) mBitRate=678000 
03-06 10:03:55.987 20104 21055 D DataSource_M3U8: [checkShouldStartNext] M3u8 download next url:http://127.0.0.1:9009/648.ts?serialnum=1014, knowedFileSize:0, mCurDowningIndex:647
03-06 10:03:55.987 20104 21049 I Downloader: [messenger_loop]  Receive download cmd : 1 
03-06 10:03:55.987 20104 21049 D Downloader: [removeTask] removeTask...  
03-06 10:03:55.987 20104 21049 D Downloader: [messenger_loop]  cmd_info rangeStr=    range= 0 
03-06 10:03:55.987 20104 21049 D Downloader: [messenger_loop]  cmd_info bCheckDiscFlag = 0   
03-06 10:03:55.987 20104 21049 D Downloader: [messenger_loop]  download without Drop mode.
03-06 10:03:55.988 20104 21069 V [MMP]   : [21069] [vo] ck_keep, pts:1601, late:-48, thres:40, pts_late:-51 (55367660, 55367609), color:0, flip:3, release 0, (1, 1), duration:40000
03-06 10:03:55.989 20104 21049 D Downloader: [StartTask] url :http://127.0.0.1:9009/648.ts?serialnum=1014
03-06 10:03:55.995 19387 19420 D P2PENGINE: <2019-03-06 10:03:55>
03-06 10:03:55.995 19387 19420 D P2PENGINE: [EVENT] [HttpSession] [local_process] option: 648, format: ts, this: 0xe3522400, serialnum: 1014
03-06 10:03:55.996 19387 19420 D P2PENGINE: [EVENT] [Dispatcher] [open] session_id:783583352 playlink: params:http://host/648.ts?serialnum=1014 format:
03-06 10:03:55.997 19387 19437 D P2PENGINE: <2019-03-06 10:03:55>
03-06 10:03:55.997 19387 19437 D P2PENGINE: [DEBUG] [Dispatcher] [thread_dispatch] begin, session:783583352, msg:PC_Open, status:openned
03-06 10:03:55.998 19387 19437 D P2PENGINE: [EVENT] [Dispatcher] [setup] session_id:783583352
03-06 10:03:55.998 19387 19437 D P2PENGINE: [DEBUG] [Dispatcher] [thread_dispatch] ended, session:783583352, msg:PC_Open, status:openned
03-06 10:03:55.998 19387 19437 D P2PENGINE: <2019-03-06 10:03:55>
03-06 10:03:55.998 19387 19437 D P2PENGINE: [DEBUG] [Dispatcher] [thread_dispatch] begin, session:783583352, msg:PC_Setup, status:openned
03-06 10:03:55.998 19387 19437 D P2PENGINE: [DEBUG] [Dispatcher] [thread_dispatch] ended, session:783583352, msg:PC_Setup, status:openned
03-06 10:03:56.001 19387 19420 D P2PENGINE: <2019-03-06 10:03:56>
03-06 10:03:56.001 19387 19420 D P2PENGINE: [EVENT] [HttpSession] [open_setupup] ec: Success, session_id: 783583352, serialnum: 1014
03-06 10:03:56.002 20104 21049 I Downloader: [header_callback] HTTP/1.1 200 OK
03-06 10:03:56.002 20104 21049 I Downloader: [header_callback] Connection: Close
03-06 10:03:56.002 20104 21049 I Downloader: [header_callback] Content-Type: video/MP2T
03-06 10:03:56.002 20104 21049 I Downloader: [header_callback] Transfer-Encoding: chunked
03-06 10:03:56.002 20104 21049 I Downloader: [header_callback] 
03-06 10:03:56.003 19387 19420 D P2PENGINE: <2019-03-06 10:03:56>
03-06 10:03:56.003 19387 19420 D P2PENGINE: [EVENT] [HttpSession] [transfer_response_data] session_id: 783583352, serialnum: 1014
03-06 10:03:56.003 19387 19420 D P2PENGINE: [EVENT] [Dispatcher] [seek] session_id:783583352 seek:648
03-06 10:03:56.009 19387 19437 D P2PENGINE: <2019-03-06 10:03:56>
03-06 10:03:56.009 19387 19437 D P2PENGINE: [DEBUG] [Dispatcher] [thread_dispatch] begin, session:783583352, msg:PC_Seek, status:openned
03-06 10:03:56.009 19387 19437 D P2PENGINE: [DEBUG] [Dispatcher] [thread_dispatch] ended, session:783583352, msg:PC_Seek, status:openned
03-06 10:03:56.010 19387 19420 D P2PENGINE: <2019-03-06 10:03:56>
03-06 10:03:56.010 19387 19420 D P2PENGINE: [EVENT] [HttpSession] [on_seekend] ec: Success, session_id: 783583352, serialnum: 1014
03-06 10:03:56.010 19387 19420 D P2PENGINE: [EVENT] [Dispatcher] [record] session_id:783583352
03-06 10:03:56.021 19387 19437 D P2PENGINE: <2019-03-06 10:03:56>
03-06 10:03:56.021 19387 19437 D P2PENGINE: [DEBUG] [Dispatcher] [thread_dispatch] begin, session:783583352, msg:PC_Record, status:openned
03-06 10:03:56.021 19387 19437 D P2PENGINE: [EVENT] [Dispatcher] [internal_play] session:783583352
03-06 10:03:56.023  1762  2471 I PictureManager_JNI: getDlcAverageLuma
03-06 10:03:56.024 20104 21069 V [MMP]   : [21069] [vo] ck_keep, pts:1641, late:-51, thres:40, pts_late:-53 (55367700, 55367647), color:0, flip:2, release 0, (1, 1), duration:40000
03-06 10:03:56.024 20104 21062 D MSTAR_VDEC_DBG: Stream ID: 0, Rate : 39 (E:0,D:0,S:0,F:93) 
03-06 10:03:56.024  1762  2471 I TvManager_JNI: isSignalStable
03-06 10:03:56.025  1762  2471 I PictureManager_JNI: getBacklight
03-06 10:03:56.025  1762  2471 E septemberan: dbcHandler: mDbcBacklightRange: 48
03-06 10:03:56.025  1762  2471 I PictureManager_JNI: setBacklight
03-06 10:03:56.026 19387 19437 D P2PENGINE: [DEBUG] [SegmentFilter] 1[get_sample], ts_id=648, ts_first_frame_time=3230239
03-06 10:03:56.026 19387 19437 D P2PENGINE: [DEBUG] [SegmentFilter] [get_sample], ts_first_frame_timestamp_: 3230239 ms
03-06 10:03:56.026 19387 19437 D P2PENGINE: <2019-03-06 10:03:56>
03-06 10:03:56.026 19387 19437 D P2PENGINE: [DEBUG] [SegmentFilter] [get_sample], ts duration: 0 ms
03-06 10:03:56.027 20104 21049 D Downloader: [prog_cb]  http Chunked encoding trans  End!!!!!
03-06 10:03:56.028 19387 19437 D P2PENGINE: <2019-03-06 10:03:56>
03-06 10:03:56.028 19387 19437 D P2PENGINE: [EVENT] [HttpChunkedSink] [on_finish] ec:Success
03-06 10:03:56.028 19387 19437 D P2PENGINE: [ERROR] [Dispatcher] [internal_play] on_error, ec: mux segment end
03-06 10:03:56.028 19387 19420 D P2PENGINE: [EVENT] [HttpSession] [on_playend] ec: mux segment end, session_id: 783583352, serialnum: 1014
03-06 10:03:56.028 19387 19420 D P2PENGINE: <2019-03-06 10:03:56>
03-06 10:03:56.028 19387 19420 D P2PENGINE: [EVENT] [HttpSession] [Close] session_id: 783583352, serialnum: 1014
03-06 10:03:56.028 19387 19420 D P2PENGINE: [EVENT] [HttpSession] [Close] m3u8/ts not close 
03-06 10:03:56.028 19387 19420 D P2PENGINE: [EVENT] [HttpSession] [on_finish] session_id: 0, serialnum: 1014
03-06 10:03:56.028 19387 19420 D P2PENGINE: [EVENT] [HttpSession] [Close] session_id: 0, serialnum: 1014
03-06 10:03:56.028 19387 19420 D P2PENGINE: [EVENT] [HttpSession] [Close] session_id: 0, serialnum: 1014
03-06 10:03:56.029 19387 19437 D P2PENGINE: <2019-03-06 10:03:56>
03-06 10:03:56.029 19387 19437 D P2PENGINE: [EVENT] [Dispatcher] [internal_play] exiting...
03-06 10:03:56.029 19387 19437 D P2PENGINE: [DEBUG] [Dispatcher] [thread_dispatch] ended, session:783583352, msg:PC_Record, status:openned
03-06 10:03:56.036 20104 21045 D DataSource_M3U8: [readAt]  Warnig:: less(376) data in buffer...
03-06 10:03:56.052 19539 19539 D SogouIME API: ==============num:32
03-06 10:03:56.052 19539 19539 D SogouIME: mFocusedComponent:30   isHkbEnable:false
03-06 10:03:56.061 20104 21069 V [MMP]   : [21069] [vo] ck_keep, pts:1681, late:-51, thres:40, pts_late:-53 (55367740, 55367687), color:0, flip:2, release 0, (1, 1), duration:40000
03-06 10:03:56.082 19539 19539 D SogouIME: =====configKeyboard=======是否有硬件盘:false     硬件盘是否不再隐藏：false
03-06 10:03:56.087 20104 21046 V [MMP]   : [21046] [STM] MM: type:0, (q, o)=(0x1000, 0x2009)=>(0x2009, none)
03-06 10:03:56.087 20104 21046 V [MMP]   : [21046] [STM] MM: issue_q_msg:0x2009
03-06 10:03:56.087 20104 21046 V [MMP]   : [21046] [STM] stm_send_dm, msg:0x100d
03-06 10:03:56.087 20104 21046 V [MMP]   : [21046] [STM] update_dm, dm_status:0x0, wait_cmd:0x1000, msg:0x100d
03-06 10:03:56.093 20104 21045 V [MMP]   : [21045] [DM] dm_msg:0x100d
03-06 10:03:56.093 20104 21045 D msavp_dw_module: [21045] [DM][m3u8] android_m3u8_get_info, Bandwidth:60150, Bitrate:847500
03-06 10:03:56.093 20104 21046 V [MMP]   : [21046] [STM] MM: res1, wait:0x100d, msg:0x400a, q_msg:0x1000, int_msg:0x1000
03-06 10:03:56.093 20104 21046 V [MMP]   : [21046] [STM] MM: res2, wait:0x100d, msg:0x400a, q_msg:0x1000, int_msg:0x1000
03-06 10:03:56.093 20104 21046 V [MMP]   : [21046] [STM] update_dm, dm_status:0x1, wait_cmd:0x100d, msg:0x400a
03-06 10:03:56.093 20104 21046 V [MMP]   : [21046] [STM] dm: wait_rsp->wait_com:0x100d
03-06 10:03:56.093 20104 21046 V [MMP]   : [21046] [STM] MM: res1, wait:0x100d, msg:0x5020, q_msg:0x1000, int_msg:0x1000
03-06 10:03:56.094 20104 21046 V [MMP]   : [21046] [STM] MM: res2, wait:0x100d, msg:0x5020, q_msg:0x1000, int_msg:0x1000
03-06 10:03:56.094 20104 21046 V [MMP]   : [21046] [STM] update bitrate: 847500
03-06 10:03:56.094 20104 21046 D mstplayer: [21046] [AVP] send to handle, streaming_msg = 501e
03-06 10:03:56.094 20104 21046 V [MMP]   : [21046] [STM] update_dm, dm_status:0x2, wait_cmd:0x100d, msg:0x5020
03-06 10:03:56.094 20104 21046 V [MMP]   : [21046] [STM] dm: wait_com->IDLE:0x0
03-06 10:03:56.097 20104 21042 D mstplayer: [21042] [AVP] notify_msg_cb: 0x5008
03-06 10:03:56.097 20104 21042 D mstplayer: [21042] [AVP] update network info, Bandwidth:60150
03-06 10:03:56.098 20104 21069 V [MMP]   : [21069] [vo] ck_keep, pts:1721, late:-51, thres:40, pts_late:-53 (55367780, 55367727), color:0, flip:2, release 0, (1, 1), duration:40000
03-06 10:03:56.099 19331 19469 W MediaPlayer: info/warning (703, 60150)
03-06 10:03:56.099 20104 21042 D mstplayer: [21042] [AVP] notify_msg_cb: 0x5009
03-06 10:03:56.099 20104 21042 D mstplayer: [21042] [AVP] update network info, Bitrate:847500
03-06 10:03:56.100 20104 21042 D mstplayer: [21042] [AVP] streaming event 0x5007, size 16, data 0x0xc8a86388
03-06 10:03:56.100 19331 19469 W MediaPlayer: info/warning (705, 847500)
03-06 10:03:56.100 19331 19537 I MP--    : sys_oninfo ,what703,extra:60150
03-06 10:03:56.101 19331 19537 I MP--    : sys_oninfo ,what705,extra:847500
03-06 10:03:56.102 19331 19538 I PLAYER--: [VideoStatusPublish][onInfo][ what :703]
03-06 10:03:56.102 19331 19538 I MP--    : what:703 extra,60150
03-06 10:03:56.103 19331 19538 I PLAYER--: [VideoStatusPublish][onInfo][ what :705]
03-06 10:03:56.104 19331 19538 I MP--    : what:705 extra,847500
03-06 10:03:56.114  1169  1169 I tvos    : [37m[INFO] Change to Voltage: 117 mv (0x32)[m
03-06 10:03:56.127  1762  2471 I PictureManager_JNI: getDlcAverageLuma
03-06 10:03:56.128  1762  2471 I TvManager_JNI: isSignalStable
03-06 10:03:56.128  1762  2471 I PictureManager_JNI: getBacklight
03-06 10:03:56.128  1762  2471 E septemberan: dbcHandler: mDbcBacklightRange: 48
03-06 10:03:56.128  1762  2471 I PictureManager_JNI: setBacklight
03-06 10:03:56.136 20104 21069 V [MMP]   : [21069] [vo] ck_keep, pts:1761, late:-49, thres:40, pts_late:-51 (55367820, 55367769), color:0, flip:2, release 0, (1, 1), duration:40000
03-06 10:03:56.175 20104 21069 V [MMP]   : [21069] [vo] ck_keep, pts:1801, late:-47, thres:40, pts_late:-51 (55367860, 55367809), color:0, flip:4, release 0, (1, 1), duration:40000
03-06 10:03:56.197 20104 21055 I DataSource_M3U8: [checkShouldStartNext] [647](376/0) mBitRate=0 
03-06 10:03:56.197 20104 21055 D DataSource_M3U8: [checkShouldStartNext] M3u8 download next url:http://127.0.0.1:9009/649.ts?serialnum=1014, knowedFileSize:0, mCurDowningIndex:648
03-06 10:03:56.197 20104 21049 I Downloader: [messenger_loop]  Receive download cmd : 1 
03-06 10:03:56.197 20104 21049 D Downloader: [removeTask] removeTask...  
03-06 10:03:56.198 20104 21049 D Downloader: [messenger_loop]  cmd_info rangeStr=    range= 0 
03-06 10:03:56.198 20104 21049 D Downloader: [messenger_loop]  cmd_info bCheckDiscFlag = 0   
03-06 10:03:56.198 20104 21049 D Downloader: [messenger_loop]  download without Drop mode.
03-06 10:03:56.199 20104 21049 D Downloader: [StartTask] url :http://127.0.0.1:9009/649.ts?serialnum=1014
03-06 10:03:56.204 19387 19420 D P2PENGINE: <2019-03-06 10:03:56>
03-06 10:03:56.204 19387 19420 D P2PENGINE: [EVENT] [HttpSession] [local_process] option: 649, format: ts, this: 0xe3362080, serialnum: 1014
03-06 10:03:56.204 19387 19420 D P2PENGINE: [EVENT] [Dispatcher] [open] session_id:783583353 playlink: params:http://host/649.ts?serialnum=1014 format:
03-06 10:03:56.209 19387 19437 D P2PENGINE: <2019-03-06 10:03:56>
03-06 10:03:56.210 19387 19437 D P2PENGINE: [DEBUG] [Dispatcher] [thread_dispatch] begin, session:783583353, msg:PC_Open, status:openned
03-06 10:03:56.210 19387 19437 D P2PENGINE: [EVENT] [Dispatcher] [setup] session_id:783583353
03-06 10:03:56.210 19387 19437 D P2PENGINE: [DEBUG] [Dispatcher] [thread_dispatch] ended, session:783583353, msg:PC_Open, status:openned
03-06 10:03:56.210 19387 19437 D P2PENGINE: <2019-03-06 10:03:56>
03-06 10:03:56.210 19387 19437 D P2PENGINE: [DEBUG] [Dispatcher] [thread_dispatch] begin, session:783583353, msg:PC_Setup, status:openned
03-06 10:03:56.210 19387 19437 D P2PENGINE: [DEBUG] [Dispatcher] [thread_dispatch] ended, session:783583353, msg:PC_Setup, status:openned
03-06 10:03:56.210 19387 19420 D P2PENGINE: <2019-03-06 10:03:56>
03-06 10:03:56.210 19387 19420 D P2PENGINE: [EVENT] [HttpSession] [open_setupup] ec: Success, session_id: 783583353, serialnum: 1014
03-06 10:03:56.211 19387 19420 D P2PENGINE: <2019-03-06 10:03:56>
03-06 10:03:56.211 19387 19420 D P2PENGINE: [EVENT] [HttpSession] [transfer_response_data] session_id: 783583353, serialnum: 1014
03-06 10:03:56.211 19387 19420 D P2PENGINE: [EVENT] [Dispatcher] [seek] session_id:783583353 seek:649
03-06 10:03:56.211 20104 21049 I Downloader: [header_callback] HTTP/1.1 200 OK
03-06 10:03:56.211 20104 21049 I Downloader: [header_callback] Connection: Close
03-06 10:03:56.211 20104 21049 I Downloader: [header_callback] Content-Type: video/MP2T
03-06 10:03:56.211 20104 21049 I Downloader: [header_callback] Transfer-Encoding: chunked
03-06 10:03:56.211 20104 21049 I Downloader: [header_callback] 
03-06 10:03:56.213  1169  1169 I tvos    : [37m[INFO] Change to Voltage: 102 mv (0x23)[m
03-06 10:03:56.220 19387 19437 D P2PENGINE: <2019-03-06 10:03:56>
03-06 10:03:56.221 19387 19437 D P2PENGINE: [DEBUG] [Dispatcher] [thread_dispatch] begin, session:783583353, msg:PC_Seek, status:openned
03-06 10:03:56.221 19387 19437 D P2PENGINE: [DEBUG] [Dispatcher] [thread_dispatch] ended, session:783583353, msg:PC_Seek, status:openned
03-06 10:03:56.221 19387 19420 D P2PENGINE: <2019-03-06 10:03:56>
03-06 10:03:56.221 19387 19420 D P2PENGINE: [EVENT] [HttpSession] [on_seekend] ec: Success, session_id: 783583353, serialnum: 1014
03-06 10:03:56.221 19387 19420 D P2PENGINE: [EVENT] [Dispatcher] [record] session_id:783583353
03-06 10:03:56.228  1762  2471 I PictureManager_JNI: getDlcAverageLuma
03-06 10:03:56.231 19387 19437 D P2PENGINE: <2019-03-06 10:03:56>
03-06 10:03:56.231 19387 19437 D P2PENGINE: [DEBUG] [Dispatcher] [thread_dispatch] begin, session:783583353, msg:PC_Record, status:openned
03-06 10:03:56.232 19387 19437 D P2PENGINE: [EVENT] [Dispatcher] [internal_play] session:783583353
03-06 10:03:56.232 20104 21069 V [MMP]   : [21069] [vo] ck_keep, pts:1841, late:-51, thres:40, pts_late:-53 (55367900, 55367847), color:0, flip:2, release 0, (1, 1), duration:40000
03-06 10:03:56.232  1762  2471 I TvManager_JNI: isSignalStable
03-06 10:03:56.233  1762  2471 I PictureManager_JNI: getBacklight
03-06 10:03:56.233  1762  2471 E septemberan: dbcHandler: mDbcBacklightRange: 48
03-06 10:03:56.233  1762  2471 I PictureManager_JNI: setBacklight
03-06 10:03:56.235 19387 19437 D P2PENGINE: [DEBUG] [SegmentFilter] 1[get_sample], ts_id=649, ts_first_frame_time=3230239
03-06 10:03:56.235 19387 19437 D P2PENGINE: [DEBUG] [SegmentFilter] [get_sample], ts_first_frame_timestamp_: 3230239 ms
03-06 10:03:56.238 20104 21045 D DataSource_M3U8: [readAt]  Warnig:: less(376) data in buffer...
03-06 10:03:56.238 19387 19437 D P2PENGINE: [DEBUG] [StreamJoinTransfer] [Transfer] parse nal_unit_type is IDR, time: 3230239
03-06 10:03:56.249 20104 21045 D DataSource_M3U8: [readAt]  Warnig:: less(21060) data in buffer...
03-06 10:03:56.269  1589  1646 D WindowManager: interceptKeyTi keyCode=22 down=true repeatCount=0 keyguardOn=false mHomePressed=false canceled=false deviceName=Virtual
03-06 10:03:56.269  1589  1646 E septemberan: mHotkeyService != null
03-06 10:03:56.271 20104 21069 V [MMP]   : [21069] [vo] ck_keep, pts:1881, late:-47, thres:40, pts_late:-51 (55367940, 55367889), color:0, flip:4, release 0, (1, 1), duration:40000
03-06 10:03:56.272  2322 15196 D Evan    : onGlobalKeyEvent keycode=22
03-06 10:03:56.272  2322 15196 D Evan    : invokeGlobalKeyListener
03-06 10:03:56.272 20104 21045 D DataSource_M3U8: [readAt]  Warnig:: less(16179) data in buffer...
03-06 10:03:56.272  2322 15196 D TVApiSystemSignalImpl:  now=55367989
03-06 10:03:56.272  2322 15196 D TVApiSystemSignalImpl:  before=55358142
03-06 10:03:56.272  2322 15196 D Evan    : invokeGlobalKeyListener
03-06 10:03:56.273  2322 15196 D TVApiSystemNoActionAutoPowerOffImpl: KeyEvnetListener Reset counter
03-06 10:03:56.275  2322  2338 D TvCecManager: arcIsAmpVolume
03-06 10:03:56.276  1762  4930 I CECManager_JNI: arcIsAmpVolume
03-06 10:03:56.279  1589  1646 D WindowManager: bRet =false
03-06 10:03:56.279  1589  1646 E septemberan: mPPTVHotkeyService != null
03-06 10:03:56.279  2111  5435 I HotkeyService: handleKeyEvents
03-06 10:03:56.279  2111  5435 I HotkeyService: Enter ListenAloneKeyHandler
03-06 10:03:56.281  2111  5435 I SystemImpl: getProp key:TvSystem:PROP_LISTEN_ALONE value:false
03-06 10:03:56.282  2111  5435 I HotkeyService: Enter FirstAndSearchingHandler
03-06 10:03:56.282  2111  5435 I HotkeyService: Enter AppHotkeyHandler
03-06 10:03:56.282  2111  5435 I HotkeyManager: notifyHotkeyListener
03-06 10:03:56.282  2111  5435 I HotkeyService: notifyCallbacks size : 4
03-06 10:03:56.282  2111  5435 I HotkeyService: dispatch key<22:KEYCODE_DPAD_RIGHT:0> to HotkeyCallbackWrapper{Uid:10011, Pid:1742, Priority:9, AppName:com.pptv.systemui}
03-06 10:03:56.282  1742  3137 D NotificationPanel: keycode=22, action=0
03-06 10:03:56.283  1742  3137 D SystemUIApplication: handleKeyEvent, keycode:22 action:0, ret:false
03-06 10:03:56.283  1742  3137 D TvStatusBar:   mPlayGuideView android.widget.FrameLayout{332479e4 G.E..... ......I. 0,0-1920,1080}  interceptKegEvent   false  event.getDeviceId()  -1
03-06 10:03:56.284  2111  5435 I HotkeyService: dispatch key<22:KEYCODE_DPAD_RIGHT:0> to HotkeyCallbackWrapper{Uid:1000, Pid:3394, Priority:8, AppName:com.pptv.voicecontroller}
03-06 10:03:56.285  3394  3465 D PPTVVoiceService_handleKeyEvent_670: handleKeyEvent 22, 0
03-06 10:03:56.286  2111  5435 I HotkeyService: dispatch key<22:KEYCODE_DPAD_RIGHT:0> to HotkeyCallbackWrapper{Uid:1000, Pid:2111, Priority:5, AppName:com.pptv.framework.tvservice}
03-06 10:03:56.286  2111  5435 I HotkeyService: dispatch key<22:KEYCODE_DPAD_RIGHT:0> to HotkeyCallbackWrapper{Uid:1000, Pid:2214, Priority:5, AppName:com.pptv.tv}
03-06 10:03:56.287  2111  5435 I HotkeyService: hotkey keycode : 22 deviceId=-1 result : 0 reason:R_NO_INTERCEPT
03-06 10:03:56.287  1589  1646 D WindowManager: mPPTVHotkeyService bRet =false
03-06 10:03:56.290  2065  2065 D InputEventDispatcher: onInputEvent: KeyEvent { action=ACTION_DOWN, keyCode=KEYCODE_DPAD_RIGHT, scanCode=0, metaState=0, flags=0x8, repeatCount=0, eventTime=55367984, downTime=55367984, deviceId=-1, source=0x101 }
03-06 10:03:56.292  1589  1646 D WindowManager: interceptKeyTi keyCode=22 down=false repeatCount=0 keyguardOn=false mHomePressed=false canceled=false deviceName=Virtual
03-06 10:03:56.292  1589  1646 E septemberan: mHotkeyService != null
03-06 10:03:56.294 19539 19539 D SogouIME: [onKeyDown] keycode = 22 model = PPTV-55P+Pro build_id:Build_130480_20170508 true
03-06 10:03:56.295 20104 21045 D DataSource_M3U8: [readAt]  Warnig:: less(6989) data in buffer...
03-06 10:03:56.300  2779  9375 E CvteATHotkey: <AT-TPV> processTPVFacKey ScanCode = 0x0
03-06 10:03:56.303  2322  4937 D TvCecManager: arcIsAmpVolume
03-06 10:03:56.303  1762  4931 I CECManager_JNI: arcIsAmpVolume
03-06 10:03:56.309  2111  2133 I SystemImpl: getProp key:TvSystem:PROP_LISTEN_ALONE value:false
03-06 10:03:56.314  2111  2133 I HotkeyService: dispatch key<22:KEYCODE_DPAD_RIGHT:1> to HotkeyCallbackWrapper{Uid:1000, Pid:2111, Priority:5, AppName:com.pptv.framework.tvservice}
03-06 10:03:56.328 20104 21045 D DataSource_M3U8: [readAt]  Warnig:: less(27072) data in buffer...
03-06 10:03:56.334  1762  2471 I PictureManager_JNI: getDlcAverageLuma
03-06 10:03:56.336  2065  2065 D InputEventDispatcher: onInputEvent: KeyEvent { action=ACTION_UP, keyCode=KEYCODE_DPAD_RIGHT, scanCode=0, metaState=0, flags=0x8, repeatCount=0, eventTime=55368008, downTime=55368008, deviceId=-1, source=0x101 }
03-06 10:03:56.336  1762  2471 I TvManager_JNI: isSignalStable
03-06 10:03:56.351 20104 20116 D WatchDogThread: [add][getCurrentPosition] 1551837836 
03-06 10:03:56.351 20104 20116 D mstplayer: [20116] (0x0xf3618100)getCurrentPosition
03-06 10:03:56.351 19539 19539 D SogouIME: [onKeyUp] keycode = 22 model = PPTV-55P+Pro build_id:Build_130480_20170508
03-06 10:03:56.352 20104 21045 D DataSource_M3U8: [readAt]  Warnig:: less(27072) data in buffer...
03-06 10:03:56.352 20104 21042 D mstplayer: [21042] [AVP] msg_receive 0x8100, size 4, data 0x0xf37ffbac
03-06 10:03:56.352 20104 21042 V [MMP]   : [21042] [MMP] a_r 34, v_r 0, vo_r 2
03-06 10:03:56.352 20104 21042 D mstplayer: [21042] [AVP] curr_ref_time:3221916, mode 3
03-06 10:03:56.352 20104 21042 D mstplayer: [21042] [AVP] msg_response, msg 0x8100, cmd_waiting_for_rsp 0x8100, ret 0
03-06 10:03:56.352 20104 20116 D WatchDogThread: [remove][getCurrentPosition] 1551837836 
03-06 10:03:56.354 19331 21074 V MP--    : [SystemPlayerImp][getPos][mid:90659525][tid:Thread-1050][msg:vod3221]
03-06 10:03:56.357 19331 21074 V P2PService: [P2PEngineUtil][setPlayerCurrentPosition][invoke_source:SystemPlayerImplurl:http://127.0.0.1:9009/record.m3u8?w=1&key=d7e03f11c5410728074cc86ea1b32e8a&type=ppvod2&sv=3.7.1&platform=launcher&ft=0&vvid=eea2347a-f712-42f0-9108-86f5a4f701d7&video=true&h265=3&mux.M3U8.segment_duration=5&chunked=true&serialnum=1014&playlink=29776781%3Fft%3D0%26bwtype%3D0%26platform%3Dlauncher%26type%3Dtv%2Esports%26sv%3D3%2E7%2E1%26video%3Dtrue%26sdkmode%3D0%26p2p%2Eadvtime%3D0%26k%3D036477949ee4d755ba9656ef47f1b662%2D9502%2D1551852230%26bppcataid%3D38%26vvid%3Deea2347a%2Df712%2D42f0%2D9108%2D86f5a4f701d7%26appid%3Dpptv%2Eatv%2Esports%26appplt%3Datv%26appver%3D3%2E7%2E1,time_ms:3221000]
