--------- beginning of main
03-06 10:03:50.986 19387 19420 D P2PENGINE: [DEBUG] [Dac] [handle_fetch] end
03-06 10:03:50.992 20104 20976 V [MMP]   : [20976] [STM] write_data buffering... z:0 < 76800, pos: 213568 < 290368, f_z:-1, is_data_enough:0
03-06 10:03:51.003 20104 20976 V [MMP]   : [20976] [STM] write_data buffering... z:0 < 76800, pos: 213568 < 290368, f_z:-1, is_data_enough:0
03-06 10:03:51.004  1762  2471 I PictureManager_JNI: getDlcAverageLuma
03-06 10:03:51.005  1762  2471 I TvManager_JNI: isSignalStable
03-06 10:03:51.005  1762  2471 I PictureManager_JNI: getBacklight
03-06 10:03:51.005  1762  2471 E septemberan: dbcHandler: mDbcBacklightRange: 48
03-06 10:03:51.005  1762  2471 I PictureManager_JNI: setBacklight
03-06 10:03:51.014 20104 20976 V [MMP]   : [20976] [STM] write_data buffering... z:0 < 76800, pos: 213568 < 290368, f_z:-1, is_data_enough:0
03-06 10:03:51.025 20104 20976 V [MMP]   : [20976] [STM] write_data buffering... z:0 < 76800, pos: 213568 < 290368, f_z:-1, is_data_enough:0
03-06 10:03:51.027 19331 19346 I art     : Background partial concurrent mark sweep GC freed 134452(6MB) AllocSpace objects, 30(16MB) LOS objects, 18% free, 68MB/84MB, paused 7.679ms total 214.254ms
03-06 10:03:51.036 20104 20976 V [MMP]   : [20976] [STM] write_data buffering... z:0 < 76800, pos: 213568 < 290368, f_z:-1, is_data_enough:0
03-06 10:03:51.047 20104 20976 V [MMP]   : [20976] [STM] write_data buffering... z:0 < 76800, pos: 213568 < 290368, f_z:-1, is_data_enough:0
03-06 10:03:51.058 20104 20976 V [MMP]   : [20976] [STM] write_data buffering... z:0 < 76800, pos: 213568 < 290368, f_z:-1, is_data_enough:0
03-06 10:03:51.070 20104 20976 V [MMP]   : [20976] [STM] write_data buffering... z:0 < 76800, pos: 213568 < 290368, f_z:-1, is_data_enough:0
03-06 10:03:51.074 19331 19331 I VIEW--  : [StandBaseCommonMsgVideoView][msg][EVENT_SEEK_START,mediaInfo:[MediaPlayInfo][url:http://127.0.0.1:9009/record.m3u8?w=1&key=6e1c57f72072d2a070f0b79a12631cb9&type=ppvod2&sv=3.7.1&platform=launcher&ft=0&vvid=51ba0390-88b2-4fc1-a2b8-30c4cd485ed4&video=true&h265=3&mux.M3U8.segment_duration=5&chunked=true&serialnum=1013&playlink=29338749%3Fft%3D0%26bwtype%3D0%26platform%3Dlauncher%26type%3Dtv%2Esports%26sv%3D3%2E7%2E1%26video%3Dtrue%26sdkmode%3D0%26p2p%2Eadvtime%3D0%26k%3Df2b2f0dfd6e6a1d0fd4bfaa6082aa606%2D2103%2D1551852228%26bppcataid%3D38%26vvid%3D51ba0390%2D88b2%2D4fc1%2Da2b8%2D30c4cd485ed4%26appid%3Dpptv%2Eatv%2Esports%26appplt%3Datv%26appver%3D3%2E7%2E1,playid:29338749viewType:1mediaType:VODseekType:2,currentPos:5987,duration:9194,starPos:5987,stopft:SMOOTH,engIndex:0,status:5,statusBuff:45,what:0,extra:0, sourceType:0,endPos0,upperPlayObj:playObj has getstartTime:0,endTime:0,fd:0,fdn:0,innerLogoObj:InnerLogoObj{innerLogo_align=lefttop, innerLogo_ax=0.86875, innerLogo_ay=0.05, innerLogo_awidth=0.1, innerLogo_aheight=0.0463, isPlayProvided=true}]
03-06 10:03:51.075 19331 19331 D VIEW--  : StandBaseCommonMsgVideoView EVENT_SEEK_START onUserSeek = false  onPlayerSeeking = false
03-06 10:03:51.081 20104 20976 V [MMP]   : [20976] [STM] write_data buffering... z:0 < 76800, pos: 213568 < 290368, f_z:-1, is_data_enough:0
03-06 10:03:51.090 19331 19331 I VIEW--  : [StandBaseCommonMsgVideoView][msg][PLAYER_FSM_STARTED,mediaInfo:[MediaPlayInfo][url:http://127.0.0.1:9009/record.m3u8?w=1&key=6e1c57f72072d2a070f0b79a12631cb9&type=ppvod2&sv=3.7.1&platform=launcher&ft=0&vvid=51ba0390-88b2-4fc1-a2b8-30c4cd485ed4&video=true&h265=3&mux.M3U8.segment_duration=5&chunked=true&serialnum=1013&playlink=29338749%3Fft%3D0%26bwtype%3D0%26platform%3Dlauncher%26type%3Dtv%2Esports%26sv%3D3%2E7%2E1%26video%3Dtrue%26sdkmode%3D0%26p2p%2Eadvtime%3D0%26k%3Df2b2f0dfd6e6a1d0fd4bfaa6082aa606%2D2103%2D1551852228%26bppcataid%3D38%26vvid%3D51ba0390%2D88b2%2D4fc1%2Da2b8%2D30c4cd485ed4%26appid%3Dpptv%2Eatv%2Esports%26appplt%3Datv%26appver%3D3%2E7%2E1,playid:29338749viewType:1mediaType:VODseekType:2,currentPos:5987,duration:9194,starPos:5987,stopft:SMOOTH,engIndex:0,status:5,statusBuff:45,what:0,extra:0, sourceType:0,endPos0,upperPlayObj:playObj has getstartTime:0,endTime:0,fd:0,fdn:0,innerLogoObj:InnerLogoObj{innerLogo_align=lefttop, innerLogo_ax=0.86875, innerLogo_ay=0.05, innerLogo_awidth=0.1, innerLogo_aheight=0.0463, isPlayProvided=true}]
03-06 10:03:51.091 19331 19331 I VIEW--  : [msg][PLAYER_FSM_STARTED:604591881
03-06 10:03:51.091 19331 19331 I VIEW--  : [StandBaseVideoView][onError][title : null][errMsg : 0][show : false]
03-06 10:03:51.093 20104 20976 V [MMP]   : [20976] [STM] write_data buffering... z:0 < 76800, pos: 213568 < 290368, f_z:-1, is_data_enough:0
03-06 10:03:51.095 19331 19331 I VIEW--  : [StandBaseCommonMsgVideoView][msg][EVENT_BUFFER_START,mediaInfo:[MediaPlayInfo][url:http://127.0.0.1:9009/record.m3u8?w=1&key=6e1c57f72072d2a070f0b79a12631cb9&type=ppvod2&sv=3.7.1&platform=launcher&ft=0&vvid=51ba0390-88b2-4fc1-a2b8-30c4cd485ed4&video=true&h265=3&mux.M3U8.segment_duration=5&chunked=true&serialnum=1013&playlink=29338749%3Fft%3D0%26bwtype%3D0%26platform%3Dlauncher%26type%3Dtv%2Esports%26sv%3D3%2E7%2E1%26video%3Dtrue%26sdkmode%3D0%26p2p%2Eadvtime%3D0%26k%3Df2b2f0dfd6e6a1d0fd4bfaa6082aa606%2D2103%2D1551852228%26bppcataid%3D38%26vvid%3D51ba0390%2D88b2%2D4fc1%2Da2b8%2D30c4cd485ed4%26appid%3Dpptv%2Eatv%2Esports%26appplt%3Datv%26appver%3D3%2E7%2E1,playid:29338749viewType:1mediaType:VODseekType:2,currentPos:5987,duration:9194,starPos:5987,stopft:SMOOTH,engIndex:0,status:5,statusBuff:45,what:0,extra:0, sourceType:0,endPos0,upperPlayObj:playObj has getstartTime:0,endTime:0,fd:0,fdn:0,innerLogoObj:InnerLogoObj{innerLogo_align=lefttop, innerLogo_ax=0.86875, innerLogo_ay=0.05, innerLogo_awidth=0.1, innerLogo_aheight=0.0463, isPlayProvided=true}]
03-06 10:03:51.096 19387 19387 D P2PENGINE: Java_com_pplive_sdk_MediaSDK_getPlayInfoExImpl !
03-06 10:03:51.097 19331 19331 V PLAYER--: [BufferTimer][return][bufferToastCount]0
03-06 10:03:51.098 19331 19331 V VIEW--  : [view][isSwitchToastShow]false
03-06 10:03:51.101 19331 19331 I VIEW--  : [StandBaseVideoView][isLoadingShow][true]
03-06 10:03:51.102 19331 19331 D VIEW--  : StandBaseCommonMsgVideoView EVENT_BUFFER_STARThasError=false
03-06 10:03:51.103 19331 19331 E OTT_Statistics_SA: [StatisticsLog][ onResponse ]: 
03-06 10:03:51.104 19539 19539 D SogouIME API: ==============num:32
03-06 10:03:51.104 19539 19539 D SogouIME: mFocusedComponent:30   isHkbEnable:false
03-06 10:03:51.104 20104 20976 V [MMP]   : [20976] [STM] write_data buffering... z:0 < 76800, pos: 213568 < 290368, f_z:-1, is_data_enough:0
03-06 10:03:51.105 19539 19539 D SogouIME: =====configKeyboard=======是否有硬件盘:false     硬件盘是否不再隐藏：false
03-06 10:03:51.106  1762  2471 I PictureManager_JNI: getDlcAverageLuma
03-06 10:03:51.106  1762  2471 I TvManager_JNI: isSignalStable
03-06 10:03:51.107  1762  2471 I PictureManager_JNI: getBacklight
03-06 10:03:51.107  1762  2471 E septemberan: dbcHandler: mDbcBacklightRange: 48
03-06 10:03:51.107  1762  2471 I PictureManager_JNI: setBacklight
03-06 10:03:51.115  3394  3728 I BDSHttpRequestMaker: readThirdData dataType : 242, dataLen=94, https://dueros-voice.baidu.com/dcs_event?sn=ee699e33-986d-4527-8be4-828dd51869b3 &3b200e98, 
03-06 10:03:51.115  3394  3728 I BDSHttpRequestMaker: response : HTTP/1.1 200 OK
03-06 10:03:51.115  3394  3728 I BDSHttpRequestMaker: Content-Type: multipart/form-data; boundary=___dueros_dcs_v1_boundary___
03-06 10:03:51.115  3394  3728 I BDSHttpRequestMaker: 
03-06 10:03:51.115  3394  3728 I BDSHttpRequestMaker:  https://dueros-voice.baidu.com/dcs_event?sn=ee699e33-986d-4527-8be4-828dd51869b3 &3b200e98, 
03-06 10:03:51.115 20104 20976 V [MMP]   : [20976] [STM] write_data buffering... z:0 < 76800, pos: 213568 < 290368, f_z:-1, is_data_enough:0
03-06 10:03:51.117  3394  3728 I BDSHttpRequestMaker: readThirdData dataType : 242, dataLen=33, https://dueros-voice.baidu.com/dcs_event?sn=ee699e33-986d-4527-8be4-828dd51869b3 &3b200e98, 
03-06 10:03:51.117  3394  3728 I BDSHttpRequestMaker: response : --___dueros_dcs_v1_boundary___
03-06 10:03:51.117  3394  3728 I BDSHttpRequestMaker:  https://dueros-voice.baidu.com/dcs_event?sn=ee699e33-986d-4527-8be4-828dd51869b3 &3b200e98, 
03-06 10:03:51.121  3394  3728 I BDSHttpRequestMaker: readThirdData dataType : 242, dataLen=47, https://dueros-voice.baidu.com/dcs_event?sn=ee699e33-986d-4527-8be4-828dd51869b3 &3b200e98, 
03-06 10:03:51.121  3394  3728 I BDSHttpRequestMaker: response : Content-Disposition: form-data; name="empty"
03-06 10:03:51.121  3394  3728 I BDSHttpRequestMaker:  https://dueros-voice.baidu.com/dcs_event?sn=ee699e33-986d-4527-8be4-828dd51869b3 &3b200e98, 
03-06 10:03:51.123  3394  3728 I BDSHttpRequestMaker: readThirdData dataType : 242, dataLen=3, https://dueros-voice.baidu.com/dcs_event?sn=ee699e33-986d-4527-8be4-828dd51869b3 &3b200e98, 
03-06 10:03:51.124  3394  3728 I BDSHttpRequestMaker: response : 
03-06 10:03:51.124  3394  3728 I BDSHttpRequestMaker:  https://dueros-voice.baidu.com/dcs_event?sn=ee699e33-986d-4527-8be4-828dd51869b3 &3b200e98, 
03-06 10:03:51.126  3394  3728 I BDSHttpRequestMaker: readThirdData dataType : 242, dataLen=3, https://dueros-voice.baidu.com/dcs_event?sn=ee699e33-986d-4527-8be4-828dd51869b3 &3b200e98, 
03-06 10:03:51.126  3394  3728 I BDSHttpRequestMaker: response : 
03-06 10:03:51.126  3394  3728 I BDSHttpRequestMaker:  https://dueros-voice.baidu.com/dcs_event?sn=ee699e33-986d-4527-8be4-828dd51869b3 &3b200e98, 
03-06 10:03:51.126 20104 20976 V [MMP]   : [20976] [STM] write_data buffering... z:0 < 76800, pos: 213568 < 290368, f_z:-1, is_data_enough:0
03-06 10:03:51.128  3394  4856 W System.err: java.io.IOException: Pipe not connected
03-06 10:03:51.128  3394  4856 W System.err: 	at java.io.PipedOutputStream.write(PipedOutputStream.java:174)
03-06 10:03:51.128  3394  4856 W System.err: 	at java.io.OutputStream.write(OutputStream.java:106)
03-06 10:03:51.128  3394  4856 W System.err: 	at java.io.PipedOutputStream.write(PipedOutputStream.java:147)
03-06 10:03:51.128  3394  4856 W System.err: 	at java.io.OutputStream.write(OutputStream.java:82)
03-06 10:03:51.128  3394  4856 W System.err: 	at com.baidu.dcs.acl.AudioTransportLayer$BaseEventListener$1.run(AudioTransportLayer.java:310)
03-06 10:03:51.128  3394  4856 W System.err: 	at java.util.concurrent.ThreadPoolExecutor.runWorker(ThreadPoolExecutor.java:1112)
03-06 10:03:51.128  3394  4856 W System.err: 	at java.util.concurrent.ThreadPoolExecutor$Worker.run(ThreadPoolExecutor.java:587)
03-06 10:03:51.128  3394  4856 W System.err: 	at java.lang.Thread.run(Thread.java:818)
03-06 10:03:51.129  3394  3728 I BDSHttpRequestMaker: readThirdData dataType : 242, dataLen=35, https://dueros-voice.baidu.com/dcs_event?sn=ee699e33-986d-4527-8be4-828dd51869b3 &3b200e98, 
03-06 10:03:51.129  3394  3728 I BDSHttpRequestMaker: response : 
03-06 10:03:51.129  3394  3728 I BDSHttpRequestMaker: --___dueros_dcs_v1_boundary___-- https://dueros-voice.baidu.com/dcs_event?sn=ee699e33-986d-4527-8be4-828dd51869b3 &3b200e98, 
03-06 10:03:51.131  3394  4856 W System.err: java.io.IOException: Pipe not connected
03-06 10:03:51.132  3394  4856 W System.err: 	at java.io.PipedOutputStream.write(PipedOutputStream.java:174)
03-06 10:03:51.132  3394  4856 W System.err: 	at java.io.OutputStream.write(OutputStream.java:106)
03-06 10:03:51.132  3394  4856 W System.err: 	at java.io.PipedOutputStream.write(PipedOutputStream.java:147)
03-06 10:03:51.132  3394  4856 W System.err: 	at java.io.OutputStream.write(OutputStream.java:82)
03-06 10:03:51.132  3394  4856 W System.err: 	at com.baidu.dcs.acl.AudioTransportLayer$BaseEventListener$1.run(AudioTransportLayer.java:310)
03-06 10:03:51.132  3394  4856 W System.err: 	at java.util.concurrent.ThreadPoolExecutor.runWorker(ThreadPoolExecutor.java:1112)
03-06 10:03:51.132  3394  4856 W System.err: 	at java.util.concurrent.ThreadPoolExecutor$Worker.run(ThreadPoolExecutor.java:587)
03-06 10:03:51.132  3394  4856 W System.err: 	at java.lang.Thread.run(Thread.java:818)
03-06 10:03:51.133  3394  3728 I BDSHttpRequestMaker: readThirdData dataType : 243, dataLen=1, https://dueros-voice.baidu.com/dcs_event?sn=ee699e33-986d-4527-8be4-828dd51869b3 &3b200e98, 
03-06 10:03:51.135  3394  3728 W BDSHttpRequestMaker: Dcsconnection stauts has already been closed. &3b200e98, 
03-06 10:03:51.138 20104 20976 V [MMP]   : [20976] [STM] write_data buffering... z:0 < 76800, pos: 213568 < 290368, f_z:-1, is_data_enough:0
03-06 10:03:51.149 20104 20976 V [MMP]   : [20976] [STM] write_data buffering... z:0 < 76800, pos: 213568 < 290368, f_z:-1, is_data_enough:0
03-06 10:03:51.160 20104 20976 V [MMP]   : [20976] [STM] write_data buffering... z:0 < 76800, pos: 213568 < 290368, f_z:-1, is_data_enough:0
03-06 10:03:51.172 20104 20976 V [MMP]   : [20976] [STM] write_data buffering... z:0 < 76800, pos: 213568 < 290368, f_z:-1, is_data_enough:0
03-06 10:03:51.183 20104 20976 V [MMP]   : [20976] [STM] write_data buffering... z:0 < 76800, pos: 213568 < 290368, f_z:-1, is_data_enough:0
03-06 10:03:51.194 20104 20976 V [MMP]   : [20976] [STM] write_data buffering... z:0 < 76800, pos: 213568 < 290368, f_z:-1, is_data_enough:0
03-06 10:03:51.206 20104 20976 V [MMP]   : [20976] [STM] write_data buffering... z:0 < 76800, pos: 213568 < 290368, f_z:-1, is_data_enough:0
03-06 10:03:51.208  3394  3696 I BDSHttpRequestMaker: url = https://dueros-voice.baidu.com/dcs_event?sn=f842c2d8-b80d-463a-8b4f-902ec980770b &8f982d6, 
03-06 10:03:51.208  3394  3696 D BDSHttpRequestMaker: url: https://dueros-voice.baidu.com/dcs_event?sn=f842c2d8-b80d-463a-8b4f-902ec980770b mHostIp: dueros-voice.baidu.com &8f982d6, 
03-06 10:03:51.208  3394  3696 E BDSHttpRequestMaker: dcs url : https://dueros-voice.baidu.com/dcs_event?sn=f842c2d8-b80d-463a-8b4f-902ec980770b
03-06 10:03:51.208  3394  3696 I BDSHttpRequestMaker: no proxy
03-06 10:03:51.208  1762  2471 I PictureManager_JNI: getDlcAverageLuma
03-06 10:03:51.209  1762  2471 I TvManager_JNI: isSignalStable
03-06 10:03:51.209  1762  2471 I PictureManager_JNI: getBacklight
03-06 10:03:51.210  1762  2471 E septemberan: dbcHandler: mDbcBacklightRange: 48
03-06 10:03:51.210  1762  2471 I PictureManager_JNI: setBacklight
03-06 10:03:51.217 20104 20976 V [MMP]   : [20976] [STM] write_data buffering... z:0 < 76800, pos: 213568 < 290368, f_z:-1, is_data_enough:0
03-06 10:03:51.222 19387 19387 D P2PENGINE: Java_com_pplive_sdk_MediaSDK_getPlayInfoExImpl !
03-06 10:03:51.229 20104 20976 V [MMP]   : [20976] [STM] write_data buffering... z:0 < 76800, pos: 213568 < 290368, f_z:-1, is_data_enough:0
03-06 10:03:51.240 20104 20976 V [MMP]   : [20976] [STM] write_data buffering... z:0 < 76800, pos: 213568 < 290368, f_z:-1, is_data_enough:0
03-06 10:03:51.242  3394  3696 D BDSHttpRequestMaker: hostname : dueros-voice.baidu.com verifyUrl : dueros-voice.baidu.com &8f982d6, 
03-06 10:03:51.245  1589  1646 D WindowManager: interceptKeyTi keyCode=23 down=true repeatCount=0 keyguardOn=false mHomePressed=false canceled=false deviceName=Virtual
03-06 10:03:51.245  1589  1646 E septemberan: mHotkeyService != null
03-06 10:03:51.246  3394  3696 I BDSHttpRequestMaker: sendData  dataType : 0 https://dueros-voice.baidu.com/dcs_event?sn=f842c2d8-b80d-463a-8b4f-902ec980770b &8f982d6, 
03-06 10:03:51.248  2322  2497 D Evan    : onGlobalKeyEvent keycode=23
03-06 10:03:51.248  2322  2497 D Evan    : invokeGlobalKeyListener
03-06 10:03:51.248  2322  2497 D TVApiSystemSignalImpl:  now=55362965
03-06 10:03:51.248  2322  2497 D TVApiSystemSignalImpl:  before=55358142
03-06 10:03:51.248  2322  2497 D Evan    : invokeGlobalKeyListener
03-06 10:03:51.248  2322  2497 D TVApiSystemNoActionAutoPowerOffImpl: KeyEvnetListener Reset counter
03-06 10:03:51.248  3394  3696 I BDSHttpRequestMaker: sendData  dataType : 2 https://dueros-voice.baidu.com/dcs_event?sn=f842c2d8-b80d-463a-8b4f-902ec980770b &8f982d6, 
03-06 10:03:51.249  2322 14178 D TvCecManager: arcIsAmpVolume
03-06 10:03:51.250  1762  4930 I CECManager_JNI: arcIsAmpVolume
03-06 10:03:51.250  3394  3696 I BDSHttpRequestMaker: sendData  dataType : 3 https://dueros-voice.baidu.com/dcs_event?sn=f842c2d8-b80d-463a-8b4f-902ec980770b &8f982d6, 
03-06 10:03:51.250 20104 20976 V [MMP]   : [20976] [STM] write_data buffering... z:0 < 76800, pos: 213568 < 290368, f_z:-1, is_data_enough:0
03-06 10:03:51.251  1589  1646 D WindowManager: bRet =false
03-06 10:03:51.251  1589  1646 E septemberan: mPPTVHotkeyService != null
03-06 10:03:51.251  2111  2133 I HotkeyService: handleKeyEvents
03-06 10:03:51.252  2111  2133 I HotkeyService: Enter ListenAloneKeyHandler
03-06 10:03:51.253  2111  2133 I SystemImpl: getProp key:TvSystem:PROP_LISTEN_ALONE value:false
03-06 10:03:51.253  2111  2133 I HotkeyService: Enter FirstAndSearchingHandler
03-06 10:03:51.253  2111  2133 I HotkeyService: Enter AppHotkeyHandler
03-06 10:03:51.253  2111  2133 I HotkeyManager: notifyHotkeyListener
03-06 10:03:51.253  2111  2133 I HotkeyService: notifyCallbacks size : 4
03-06 10:03:51.253  2111  2133 I HotkeyService: dispatch key<23:KEYCODE_DPAD_CENTER:0> to HotkeyCallbackWrapper{Uid:10011, Pid:1742, Priority:9, AppName:com.pptv.systemui}
03-06 10:03:51.253  1742  1758 D NotificationPanel: keycode=23, action=0
03-06 10:03:51.253  1742  1758 D SystemUIApplication: handleKeyEvent, keycode:23 action:0, ret:false
03-06 10:03:51.254  1742  1758 D TvStatusBar:   mPlayGuideView android.widget.FrameLayout{332479e4 G.E..... ......I. 0,0-1920,1080}  interceptKegEvent   false  event.getDeviceId()  -1
03-06 10:03:51.254  2111  2133 I HotkeyService: dispatch key<23:KEYCODE_DPAD_CENTER:0> to HotkeyCallbackWrapper{Uid:1000, Pid:3394, Priority:8, AppName:com.pptv.voicecontroller}
03-06 10:03:51.255  3394  3411 D PPTVVoiceService_handleKeyEvent_670: handleKeyEvent 23, 0
03-06 10:03:51.255  2111  2133 I HotkeyService: dispatch key<23:KEYCODE_DPAD_CENTER:0> to HotkeyCallbackWrapper{Uid:1000, Pid:2111, Priority:5, AppName:com.pptv.framework.tvservice}
03-06 10:03:51.255  2111  2133 I HotkeyService: dispatch key<23:KEYCODE_DPAD_CENTER:0> to HotkeyCallbackWrapper{Uid:1000, Pid:2214, Priority:5, AppName:com.pptv.tv}
03-06 10:03:51.256  2111  2133 I HotkeyService: hotkey keycode : 23 deviceId=-1 result : 0 reason:R_NO_INTERCEPT
03-06 10:03:51.257  1589  1646 D WindowManager: mPPTVHotkeyService bRet =false
03-06 10:03:51.257  2065  2065 D InputEventDispatcher: onInputEvent: KeyEvent { action=ACTION_DOWN, keyCode=KEYCODE_DPAD_CENTER, scanCode=0, metaState=0, flags=0x8, repeatCount=0, eventTime=55362955, downTime=55362955, deviceId=-1, source=0x101 }
03-06 10:03:51.258  1589  1646 D WindowManager: interceptKeyTi keyCode=23 down=false repeatCount=0 keyguardOn=false mHomePressed=false canceled=false deviceName=Virtual
03-06 10:03:51.258  1589  1646 E septemberan: mHotkeyService != null
03-06 10:03:51.262 20104 20976 V [MMP]   : [20976] [STM] write_data buffering... z:0 < 76800, pos: 213568 < 290368, f_z:-1, is_data_enough:0
03-06 10:03:51.262  2779  2797 E CvteATHotkey: <AT-TPV> processTPVFacKey ScanCode = 0x0
03-06 10:03:51.264  2322 15196 D TvCecManager: arcIsAmpVolume
03-06 10:03:51.264  1762  4931 I CECManager_JNI: arcIsAmpVolume
03-06 10:03:51.265  1589  1646 D WindowManager: bRet =false
03-06 10:03:51.265  1589  1646 E septemberan: mPPTVHotkeyService != null
03-06 10:03:51.266  2111  4763 I HotkeyService: handleKeyEvents
03-06 10:03:51.266  2111  4763 I HotkeyService: Enter ListenAloneKeyHandler
03-06 10:03:51.267  2111  4763 I SystemImpl: getProp key:TvSystem:PROP_LISTEN_ALONE value:false
03-06 10:03:51.267  2111  4763 I HotkeyService: Enter FirstAndSearchingHandler
03-06 10:03:51.267  2111  4763 I HotkeyService: Enter AppHotkeyHandler
03-06 10:03:51.267  2111  4763 I HotkeyManager: notifyHotkeyListener
03-06 10:03:51.267  2111  4763 I HotkeyService: notifyCallbacks size : 4
03-06 10:03:51.267  2111  4763 I HotkeyService: dispatch key<23:KEYCODE_DPAD_CENTER:1> to HotkeyCallbackWrapper{Uid:10011, Pid:1742, Priority:9, AppName:com.pptv.systemui}
03-06 10:03:51.268  1742  1759 D NotificationPanel: keycode=23, action=1
03-06 10:03:51.268  1742  1759 D SystemUIApplication: handleKeyEvent, keycode:23 action:1, ret:false
03-06 10:03:51.268  1742  1759 D TvStatusBar:   mPlayGuideView android.widget.FrameLayout{332479e4 G.E..... ......I. 0,0-1920,1080}  interceptKegEvent   false  event.getDeviceId()  -1
03-06 10:03:51.268  2111  4763 I HotkeyService: dispatch key<23:KEYCODE_DPAD_CENTER:1> to HotkeyCallbackWrapper{Uid:1000, Pid:3394, Priority:8, AppName:com.pptv.voicecontroller}
03-06 10:03:51.269  3394  3465 D PPTVVoiceService_handleKeyEvent_670: handleKeyEvent 23, 1
03-06 10:03:51.270  2111  4763 I HotkeyService: dispatch key<23:KEYCODE_DPAD_CENTER:1> to HotkeyCallbackWrapper{Uid:1000, Pid:2111, Priority:5, AppName:com.pptv.framework.tvservice}
03-06 10:03:51.270  2111  4763 I HotkeyService: dispatch key<23:KEYCODE_DPAD_CENTER:1> to HotkeyCallbackWrapper{Uid:1000, Pid:2214, Priority:5, AppName:com.pptv.tv}
03-06 10:03:51.271  2111  4763 I HotkeyService: hotkey keycode : 23 deviceId=-1 result : 0 reason:R_NO_INTERCEPT
03-06 10:03:51.271  1589  1646 D WindowManager: mPPTVHotkeyService bRet =false
03-06 10:03:51.273 20104 20976 V [MMP]   : [20976] [STM] write_data buffering... z:0 < 76800, pos: 213568 < 290368, f_z:-1, is_data_enough:0
03-06 10:03:51.284  1762  1782 D PlayerImpl_JNI: isSignalStable
03-06 10:03:51.285 20104 20976 V [MMP]   : [20976] [STM] write_data buffering... z:0 < 76800, pos: 213568 < 290368, f_z:-1, is_data_enough:0
03-06 10:03:51.295 20104 20976 V [MMP]   : [20976] [STM] write_data buffering... z:0 < 76800, pos: 213568 < 290368, f_z:-1, is_data_enough:0
03-06 10:03:51.298 19387 19437 D P2PENGINE: <2019-03-06 10:03:51>
03-06 10:03:51.299 19387 19437 D P2PENGINE: [DEBUG] [DemuxerStatistic] [set_buf_time] buf_time: 0 ms
03-06 10:03:51.299 19387 19437 D P2PENGINE: [DEBUG] [BufferList] seek_to: 312063389, end: 312388910
03-06 10:03:51.306 20104 20976 V [MMP]   : [20976] [STM] write_data buffering... z:0 < 76800, pos: 213568 < 290368, f_z:-1, is_data_enough:0
03-06 10:03:51.310  1762  2471 I PictureManager_JNI: getDlcAverageLuma
03-06 10:03:51.311  1762  2471 I TvManager_JNI: isSignalStable
03-06 10:03:51.311  1762  2471 I PictureManager_JNI: getBacklight
03-06 10:03:51.311  1762  2471 E septemberan: dbcHandler: mDbcBacklightRange: 48
03-06 10:03:51.311  1762  2471 I PictureManager_JNI: setBacklight
03-06 10:03:51.317 20104 20976 V [MMP]   : [20976] [STM] write_data buffering... z:0 < 76800, pos: 213568 < 290368, f_z:-1, is_data_enough:0
03-06 10:03:51.329 20104 20976 V [MMP]   : [20976] [STM] write_data buffering... z:0 < 76800, pos: 213568 < 290368, f_z:-1, is_data_enough:0
03-06 10:03:51.340 20104 20976 V [MMP]   : [20976] [STM] write_data buffering... z:0 < 76800, pos: 213568 < 290368, f_z:-1, is_data_enough:0
03-06 10:03:51.341 19539 19539 D SogouIME: [onKeyDown] keycode = 23 model = PPTV-55P+Pro build_id:Build_130480_20170508 true
03-06 10:03:51.345  2065  2065 D InputEventDispatcher: onInputEvent: KeyEvent { action=ACTION_UP, keyCode=KEYCODE_DPAD_CENTER, scanCode=0, metaState=0, flags=0x8, repeatCount=0, eventTime=55362975, downTime=55362975, deviceId=-1, source=0x101 }
03-06 10:03:51.348 19539 19539 D SogouIME: [onKeyUp] keycode = 23 model = PPTV-55P+Pro build_id:Build_130480_20170508
03-06 10:03:51.351 20104 20976 V [MMP]   : [20976] [STM] write_data buffering... z:0 < 76800, pos: 213568 < 290368, f_z:-1, is_data_enough:0
03-06 10:03:51.362 20104 20976 V [MMP]   : [20976] [STM] write_data buffering... z:0 < 76800, pos: 213568 < 290368, f_z:-1, is_data_enough:0
03-06 10:03:51.373 20104 20976 V [MMP]   : [20976] [STM] write_data buffering... z:0 < 76800, pos: 213568 < 290368, f_z:-1, is_data_enough:0
03-06 10:03:51.379  3394  3728 I BDSHttpRequestMaker: readThirdData dataType : 242, dataLen=94, https://dueros-voice.baidu.com/dcs_event?sn=f842c2d8-b80d-463a-8b4f-902ec980770b &8f982d6, 
03-06 10:03:51.379  3394  3728 I BDSHttpRequestMaker: response : HTTP/1.1 200 OK
03-06 10:03:51.379  3394  3728 I BDSHttpRequestMaker: Content-Type: multipart/form-data; boundary=___dueros_dcs_v1_boundary___
03-06 10:03:51.379  3394  3728 I BDSHttpRequestMaker: 
03-06 10:03:51.379  3394  3728 I BDSHttpRequestMaker:  https://dueros-voice.baidu.com/dcs_event?sn=f842c2d8-b80d-463a-8b4f-902ec980770b &8f982d6, 
03-06 10:03:51.384 20104 20976 V [MMP]   : [20976] [STM] write_data buffering... z:0 < 76800, pos: 213568 < 290368, f_z:-1, is_data_enough:0
03-06 10:03:51.396 20104 20976 V [MMP]   : [20976] [STM] write_data buffering... z:0 < 76800, pos: 213568 < 290368, f_z:-1, is_data_enough:0
03-06 10:03:51.399  3394  3728 I BDSHttpRequestMaker: readThirdData dataType : 242, dataLen=33, https://dueros-voice.baidu.com/dcs_event?sn=f842c2d8-b80d-463a-8b4f-902ec980770b &8f982d6, 
03-06 10:03:51.399  3394  3728 I BDSHttpRequestMaker: response : --___dueros_dcs_v1_boundary___
03-06 10:03:51.399  3394  3728 I BDSHttpRequestMaker:  https://dueros-voice.baidu.com/dcs_event?sn=f842c2d8-b80d-463a-8b4f-902ec980770b &8f982d6, 
03-06 10:03:51.403  3394  3728 I BDSHttpRequestMaker: readThirdData dataType : 242, dataLen=47, https://dueros-voice.baidu.com/dcs_event?sn=f842c2d8-b80d-463a-8b4f-902ec980770b &8f982d6, 
03-06 10:03:51.403  3394  3728 I BDSHttpRequestMaker: response : Content-Disposition: form-data; name="empty"
03-06 10:03:51.403  3394  3728 I BDSHttpRequestMaker:  https://dueros-voice.baidu.com/dcs_event?sn=f842c2d8-b80d-463a-8b4f-902ec980770b &8f982d6, 
03-06 10:03:51.405  3394  3728 I BDSHttpRequestMaker: readThirdData dataType : 242, dataLen=3, https://dueros-voice.baidu.com/dcs_event?sn=f842c2d8-b80d-463a-8b4f-902ec980770b &8f982d6, 
03-06 10:03:51.405  3394  3728 I BDSHttpRequestMaker: response : 
03-06 10:03:51.405  3394  3728 I BDSHttpRequestMaker:  https://dueros-voice.baidu.com/dcs_event?sn=f842c2d8-b80d-463a-8b4f-902ec980770b &8f982d6, 
03-06 10:03:51.406  3394  3728 I BDSHttpRequestMaker: readThirdData dataType : 242, dataLen=3, https://dueros-voice.baidu.com/dcs_event?sn=f842c2d8-b80d-463a-8b4f-902ec980770b &8f982d6, 
03-06 10:03:51.406  3394  3728 I BDSHttpRequestMaker: response : 
03-06 10:03:51.406  3394  3728 I BDSHttpRequestMaker:  https://dueros-voice.baidu.com/dcs_event?sn=f842c2d8-b80d-463a-8b4f-902ec980770b &8f982d6, 
03-06 10:03:51.408  3394  3728 I BDSHttpRequestMaker: readThirdData dataType : 242, dataLen=35, https://dueros-voice.baidu.com/dcs_event?sn=f842c2d8-b80d-463a-8b4f-902ec980770b &8f982d6, 
03-06 10:03:51.408  3394  3728 I BDSHttpRequestMaker: response : 
03-06 10:03:51.408  3394  3728 I BDSHttpRequestMaker: --___dueros_dcs_v1_boundary___-- https://dueros-voice.baidu.com/dcs_event?sn=f842c2d8-b80d-463a-8b4f-902ec980770b &8f982d6, 
03-06 10:03:51.408  3394  4848 W System.err: java.io.IOException: Pipe not connected
03-06 10:03:51.408 20104 20976 V [MMP]   : [20976] [STM] write_data buffering... z:0 < 76800, pos: 213568 < 290368, f_z:-1, is_data_enough:0
03-06 10:03:51.408  3394  4848 W System.err: 	at java.io.PipedOutputStream.write(PipedOutputStream.java:174)
03-06 10:03:51.408  3394  4848 W System.err: 	at java.io.OutputStream.write(OutputStream.java:106)
03-06 10:03:51.408  3394  4848 W System.err: 	at java.io.PipedOutputStream.write(PipedOutputStream.java:147)
03-06 10:03:51.408  3394  4848 W System.err: 	at java.io.OutputStream.write(OutputStream.java:82)
03-06 10:03:51.409  3394  4848 W System.err: 	at com.baidu.dcs.acl.AudioTransportLayer$BaseEventListener$1.run(AudioTransportLayer.java:310)
03-06 10:03:51.409  3394  4848 W System.err: 	at java.util.concurrent.ThreadPoolExecutor.runWorker(ThreadPoolExecutor.java:1112)
03-06 10:03:51.409  3394  4848 W System.err: 	at java.util.concurrent.ThreadPoolExecutor$Worker.run(ThreadPoolExecutor.java:587)
03-06 10:03:51.409  3394  4848 W System.err: 	at java.lang.Thread.run(Thread.java:818)
03-06 10:03:51.410  3394  4848 W System.err: java.io.IOException: Pipe not connected
03-06 10:03:51.410  3394  3728 I BDSHttpRequestMaker: readThirdData dataType : 243, dataLen=1, https://dueros-voice.baidu.com/dcs_event?sn=f842c2d8-b80d-463a-8b4f-902ec980770b &8f982d6, 
03-06 10:03:51.410  3394  4848 W System.err: 	at java.io.PipedOutputStream.write(PipedOutputStream.java:174)
03-06 10:03:51.410  3394  4848 W System.err: 	at java.io.OutputStream.write(OutputStream.java:106)
03-06 10:03:51.410  3394  4848 W System.err: 	at java.io.PipedOutputStream.write(PipedOutputStream.java:147)
03-06 10:03:51.410  3394  4848 W System.err: 	at java.io.OutputStream.write(OutputStream.java:82)
03-06 10:03:51.410  3394  4848 W System.err: 	at com.baidu.dcs.acl.AudioTransportLayer$BaseEventListener$1.run(AudioTransportLayer.java:310)
03-06 10:03:51.410  3394  4848 W System.err: 	at java.util.concurrent.ThreadPoolExecutor.runWorker(ThreadPoolExecutor.java:1112)
03-06 10:03:51.410  3394  4848 W System.err: 	at java.util.concurrent.ThreadPoolExecutor$Worker.run(ThreadPoolExecutor.java:587)
03-06 10:03:51.410  3394  4848 W System.err: 	at java.lang.Thread.run(Thread.java:818)
03-06 10:03:51.414  3394  3728 W BDSHttpRequestMaker: Dcsconnection stauts has already been closed. &8f982d6, 
03-06 10:03:51.414  1762  2471 I PictureManager_JNI: getDlcAverageLuma
03-06 10:03:51.415  1762  2471 I TvManager_JNI: isSignalStable
03-06 10:03:51.415  1762  2471 I PictureManager_JNI: getBacklight
03-06 10:03:51.415  1762  2471 E septemberan: dbcHandler: mDbcBacklightRange: 48
03-06 10:03:51.415  1762  2471 I PictureManager_JNI: setBacklight
03-06 10:03:51.419 20104 20976 V [MMP]   : [20976] [STM] write_data buffering... z:0 < 76800, pos: 213568 < 290368, f_z:-1, is_data_enough:0
03-06 10:03:51.430 20104 20976 V [MMP]   : [20976] [STM] write_data buffering... z:0 < 76800, pos: 213568 < 290368, f_z:-1, is_data_enough:0
03-06 10:03:51.441 20104 20976 V [MMP]   : [20976] [STM] write_data buffering... z:0 < 76800, pos: 213568 < 290368, f_z:-1, is_data_enough:0
03-06 10:03:51.453 20104 20976 V [MMP]   : [20976] [STM] write_data buffering... z:0 < 76800, pos: 213568 < 290368, f_z:-1, is_data_enough:0
03-06 10:03:51.463 20104 20976 V [MMP]   : [20976] [STM] write_data buffering... z:0 < 76800, pos: 213568 < 290368, f_z:-1, is_data_enough:0
03-06 10:03:51.468 19331 19331 D PLAYER--: ---app invoked switchChannel() method with OTTPlayerManager----
03-06 10:03:51.469 19331 19331 D Observers:  msgCode: INIT_START; thread name: main
03-06 10:03:51.470 19331 19535 I PlayModuleMessenger: [PlayModuleMessenger][update] msgCode: INIT_START
03-06 10:03:51.471 19331 19534 D BipModuleMessenger: [BipModuleMessenger][update] msgCode: INIT_START
03-06 10:03:51.471 19331 19533 I QoSModuleMessenger: [QoSModuleMessenger][update] msgCode: INIT_START
03-06 10:03:51.472 19331 19533 I QoSModuleMessenger: [QoSModuleMessenger][update] video props: playType:1,errorCode:0|0,needSend:true,isCollection:false,platform:atv,channel:230001,apkName:CIBN聚体育,appId:pptv.atv.sports,vvid:51ba0390-88b2-4fc1-a2b8-30c4cd485ed4,videoId:29338749,sectionId:0,collectionId:29338749,type:3,typeName:2018亚冠决赛次回合：波斯波利斯vs鹿岛鹿角（董路 李欣）,userType:0,currentFt:0,bitrate:421,bwType:0,cdnIP:bdyun.vod-test.pptv.com,seekType:2,vt:3
03-06 10:03:51.472 19331 19533 I QoSModuleMessenger: [QoSModuleMessenger][update] qosState: 200
03-06 10:03:51.473 19331 19533 I QosHelper: [QosHelper][setChangeParam] set current playState is 701
03-06 10:03:51.474 19331 19533 I QosHelper: [QosHelper][onStatus] OTT Qos status newStart = 200 info = QosInfo{vvid='51ba0390-88b2-4fc1-a2b8-30c4cd485ed4', uid='00:25:92:a5:52:4c', tec='21', plt='atv', channel='230001', seekBuffTime=0, seekCount=0, mPlayState=701, st='', traceid='', type='3', typeName='', device='00:25:92:a5:52:4c', ft='0', romver='0.2.3', romchannel='200006', interfacever='null', swtype='0', controlmode='2', serial='00:25:92:a5:52:4c', devicetype='PPTV-55P+Pro', apkname='CIBN聚体育', usertype='0', appid='pptv.atv.sports', sectionId='0', cid='29338749', cname='2018亚冠决赛次回合：波斯波利斯vs鹿岛鹿角（董路 李欣）', cdnIp='null', bwt='null', vt='1'}
03-06 10:03:51.474 19331 19331 V PLAYER--: [CommonMsgController][resetData][reset currentBuilder = null]
03-06 10:03:51.475 19331 19533 E g_c_68  : launchTimeWathcher
03-06 10:03:51.475 20104 20976 V [MMP]   : [20976] [STM] write_data buffering... z:0 < 76800, pos: 213568 < 290368, f_z:-1, is_data_enough:0
03-06 10:03:51.475 19331 19331 I PLAYER--: [CommonMsgController:175439118][release()]
03-06 10:03:51.476 19331 19331 D Observers:  msgCode: AD_DESTORY; thread name: main
03-06 10:03:51.476 19331 19534 D BipModuleMessenger: [BipModuleMessenger][update] msgCode: AD_DESTORY
03-06 10:03:51.476 19331 19533 I QoSModuleMessenger: [QoSModuleMessenger][update] msgCode: AD_DESTORY
03-06 10:03:51.476 19331 19535 I PlayModuleMessenger: [PlayModuleMessenger][update] msgCode: AD_DESTORY
03-06 10:03:51.477 19331 19533 I QoSModuleMessenger: [QoSModuleMessenger][update] video props: playType:1,errorCode:0|0,needSend:true,isCollection:false,platform:atv,channel:230001,apkName:CIBN聚体育,appId:pptv.atv.sports,vvid:51ba0390-88b2-4fc1-a2b8-30c4cd485ed4,videoId:29338749,sectionId:0,collectionId:29338749,type:3,typeName:2018亚冠决赛次回合：波斯波利斯vs鹿岛鹿角（董路 李欣）,userType:0,currentFt:0,bitrate:421,bwType:0,cdnIP:bdyun.vod-test.pptv.com,seekType:2,vt:3
03-06 10:03:51.477 19331 19331 D MP--    : [SystemPlayerImp][remove()][mid:90659525][tid:main][msg:invoked with status:5,mid:90659525]
03-06 10:03:51.478 19331 19331 D MP--    : [SystemPlayerImp][remove][mid:90659525][tid:main][msg:mediaHandler do remove]
03-06 10:03:51.478 19331 19533 I QoSModuleMessenger: [QoSModuleMessenger][update] qosState: -1
03-06 10:03:51.478 19331 19537 D MP--    : [SystemPlayerImp][handleMessage][mid:90659525][tid:MP--][msg:msgWhat=20006]
03-06 10:03:51.478 19331 19331 D PLAYER--: [Tools][getScaleIndexPreference][scaleIndex:0]
03-06 10:03:51.478 19331 19537 D MP--    : [SystemPlayerImp][mediaRemove()][mid:90659525][tid:MP--][msg:typename:NEW_PROGRAM]
03-06 10:03:51.479 19331 19537 D MP--    : [SystemPlayerImp][mediaStop()][mid:90659525][tid:MP--][msg:--NEW_PROGRAM]
03-06 10:03:51.479 19331 19331 V PLAYER--: [Tools][getftReference][log>>getftReference0
03-06 10:03:51.480 19331 19331 D Observers:  msgCode: DATA_SELECT_CAROUSE_CHANNEL; thread name: main
03-06 10:03:51.480 20104 21300 D WatchDogThread: [add][getCurrentPosition] 1551837831 
03-06 10:03:51.480 20104 21300 D mstplayer: [21300] (0x0xf3aff6d0)getCurrentPosition
03-06 10:03:51.481 19331 19331 V EpgDataManager: [EpgDataManager][snepgSelectCarouseChannel  getchannel size is 12, with pos 3.]
03-06 10:03:51.481 19331 19331 V SNCarouselProgramListBean: CarouselProgramListBean go to binarySearch mid=51  size=104 low=0 high=103
03-06 10:03:51.481 19331 19331 V SNCarouselProgramListBean: CarouselProgramListBean go to binarySearch mid=77  size=104 low=51 high=103
03-06 10:03:51.482 19331 19331 V SNCarouselProgramListBean: CarouselProgramListBean go to binarySearch mid=64  size=104 low=51 high=77
03-06 10:03:51.482 20104 20972 D mstplayer: [20972] [AVP] msg_receive 0x8100, size 4, data 0x0xd7009bac
03-06 10:03:51.482 20104 20972 V [MMP]   : [20972] [MMP] a_r 0, v_r 0, vo_r 0
03-06 10:03:51.482 20104 20972 D mstplayer: [20972] [AVP] curr_ref_time:5987000, mode 3
03-06 10:03:51.482 20104 20972 D mstplayer: [20972] [AVP] msg_response, msg 0x8100, cmd_waiting_for_rsp 0x8100, ret 0
03-06 10:03:51.482 20104 21300 D WatchDogThread: [remove][getCurrentPosition] 1551837831 
03-06 10:03:51.482 19331 19331 V SNCarouselProgramListBean: CarouselProgramListBean go to binarySearch mid=57  size=104 low=51 high=64
03-06 10:03:51.483 19331 19537 V MP--    : [SystemPlayerImp][getPos][mid:90659525][tid:MP--][msg:vod5987]
03-06 10:03:51.483 19331 19331 V SNCarouselProgramListBean: CarouselProgramListBean go to binarySearch mid=60  size=104 low=57 high=64
03-06 10:03:51.483 19331 19537 V P2PService: [P2PEngineUtil][setPlayerCurrentPosition][invoke_source:SystemPlayerImplurl:http://127.0.0.1:9009/record.m3u8?w=1&key=6e1c57f72072d2a070f0b79a12631cb9&type=ppvod2&sv=3.7.1&platform=launcher&ft=0&vvid=51ba0390-88b2-4fc1-a2b8-30c4cd485ed4&video=true&h265=3&mux.M3U8.segment_duration=5&chunked=true&serialnum=1013&playlink=29338749%3Fft%3D0%26bwtype%3D0%26platform%3Dlauncher%26type%3Dtv%2Esports%26sv%3D3%2E7%2E1%26video%3Dtrue%26sdkmode%3D0%26p2p%2Eadvtime%3D0%26k%3Df2b2f0dfd6e6a1d0fd4bfaa6082aa606%2D2103%2D1551852228%26bppcataid%3D38%26vvid%3D51ba0390%2D88b2%2D4fc1%2Da2b8%2D30c4cd485ed4%26appid%3Dpptv%2Eatv%2Esports%26appplt%3Datv%26appver%3D3%2E7%2E1,time_ms:5987000]
03-06 10:03:51.484 20104 20900 D WatchDogThread: [add][stop] 1551837831 
03-06 10:03:51.484 20104 20900 D mstplayer: [20900] (0x0xf3aff6d0)MstPlayer::stop
03-06 10:03:51.484 19387 19387 I P2PService: setCurrentPos:http://127.0.0.1:9009/record.m3u8?w=1&key=6e1c57f72072d2a070f0b79a12631cb9&type=ppvod2&sv=3.7.1&platform=launcher&ft=0&vvid=51ba0390-88b2-4fc1-a2b8-30c4cd485ed4&video=true&h265=3&mux.M3U8.segment_duration=5&chunked=true&serialnum=1013&playlink=29338749%3Fft%3D0%26bwtype%3D0%26platform%3Dlauncher%26type%3Dtv%2Esports%26sv%3D3%2E7%2E1%26video%3Dtrue%26sdkmode%3D0%26p2p%2Eadvtime%3D0%26k%3Df2b2f0dfd6e6a1d0fd4bfaa6082aa606%2D2103%2D1551852228%26bppcataid%3D38%26vvid%3D51ba0390%2D88b2%2D4fc1%2Da2b8%2D30c4cd485ed4%26appid%3Dpptv%2Eatv%2Esports%26appplt%3Datv%26appver%3D3%2E7%2E1  pos:5987000
03-06 10:03:51.484 19387 19387 D P2PENGINE: MediaSDK_setPlayerCurrentPosition: 5987000
03-06 10:03:51.485 19387 19387 D P2PENGINE: [EVENT] [IDemuxer] [set_player_current_position], name: http://127.0.0.1:9009/record.m3u8?w=1&key=6e1c57f72072d2a070f0b79a12631cb9&type=ppvod2&sv=3.7.1&platform=launcher&ft=0&vvid=51ba0390-88b2-4fc1-a2b8-30c4cd485ed4&video=true&h265=3&mux.M3U8.segment_duration=5&chunked=true&serialnum=1013&playlink=29338749%3Fft%3D0%26bwtype%3D0%26platform%3Dlauncher%26type%3Dtv%2Esports%26sv%3D3%2E7%2E1%26video%3Dtrue%26sdkmode%3D0%26p2p%2Eadvtime%3D0%26k%3Df2b2f0dfd6e6a1d0fd4bfaa6082aa606%2D2103%2D1551852228%26bppcataid%3D38%26vvid%3D51ba0390%2D88b2%2D4fc1%2Da2b8%2D30c4cd485ed4%26appid%3Dpptv%2Eatv%2Esports%26appplt%3Datv%26appver%3D3%2E7%2E1, current_time: 5987000
03-06 10:03:51.486 19331 19331 V SNCarouselProgramListBean: CarouselProgramListBean go to binarySearch mid=62  size=104 low=60 high=64
03-06 10:03:51.486 19387 19420 D P2PENGINE: [EVENT] [DemuxerModule] [update_player_current_position] name: 1013, time: 5987000
03-06 10:03:51.486 20104 20976 V [MMP]   : [20976] [STM] write_data buffering... z:0 < 76800, pos: 213568 < 290368, f_z:-1, is_data_enough:0
03-06 10:03:51.486 19387 19420 D P2PENGINE: [DEBUG] [Demuxer] serialnum: 1013, set_player_current_time: 5987000
03-06 10:03:51.487 20104 20972 D mstplayer: [20972] [AVP] msg_receive 0x8003, size 4, data 0x0xd7cb8b44
03-06 10:03:51.487 20104 20972 V [MMP]   : [20972] [MMP] (0x0xf1b01000) enter Pause
03-06 10:03:51.487 20104 20972 D mstplayer: [20972] [AVP] MMP kernel pause reject! status:6
03-06 10:03:51.487 20104 20972 D mstplayer: [20972] [AVP] pause_l: 0x8
03-06 10:03:51.487 20104 20972 D mstplayer: [20972] [AVP] msg_response, msg 0x8003, cmd_waiting_for_rsp 0x8003, ret 0
03-06 10:03:51.487 20104 20900 D WatchDogThread: [remove][stop] 1551837831 
03-06 10:03:51.489 19331 19537 D MP--    : [SystemPlayerImp][mediaStop()][mid:90659525][tid:MP--][msg:stop finish, with stop pos:5987]
03-06 10:03:51.490 19331 19331 V SNCarouselProgramListBean: StandCarouseVideoViewfind channel index success index = 62  size=104 low=60 high=64
03-06 10:03:51.490 19331 19331 D SettingPreferenceUtils: [saveOttepgChannelId]40
03-06 10:03:51.491 19331 19537 V P2PService: [P2PEngineUtil][setPlayStatus][invoke_source:XPlayerImpl_onListenerCallback()url:http://127.0.0.1:9009/record.m3u8?w=1&key=6e1c57f72072d2a070f0b79a12631cb9&type=ppvod2&sv=3.7.1&platform=launcher&ft=0&vvid=51ba0390-88b2-4fc1-a2b8-30c4cd485ed4&video=true&h265=3&mux.M3U8.segment_duration=5&chunked=true&serialnum=1013&playlink=29338749%3Fft%3D0%26bwtype%3D0%26platform%3Dlauncher%26type%3Dtv%2Esports%26sv%3D3%2E7%2E1%26video%3Dtrue%26sdkmode%3D0%26p2p%2Eadvtime%3D0%26k%3Df2b2f0dfd6e6a1d0fd4bfaa6082aa606%2D2103%2D1551852228%26bppcataid%3D38%26vvid%3D51ba0390%2D88b2%2D4fc1%2Da2b8%2D30c4cd485ed4%26appid%3Dpptv%2Eatv%2Esports%26appplt%3Datv%26appver%3D3%2E7%2E1,status:0]
03-06 10:03:51.492 19387 19387 D P2PENGINE: MediaSDK_setPlayerStatus: 0
03-06 10:03:51.494 19387 19387 D P2PENGINE: [EVENT] [DemuxerModule] set_player_status, name: 1013, status: 0
03-06 10:03:51.494 19387 19420 D P2PENGINE: [EVENT] [DemuxerModule] update_player_status, name: 1013, status: 0
03-06 10:03:51.494 19387 19420 D P2PENGINE: [DEBUG] [Demuxer] serialnum: 1013, set_player_status status: stop
03-06 10:03:51.495 19387 19420 D P2PENGINE: [EVENT] [DemuxerModule] update_player_status end
03-06 10:03:51.496 19331 19537 D MP--    : [SystemPlayerImp][onListenerCallback()][mid:90659525][tid:MP--][msg:STOPPED,MediaSDK.setPlayerStatus(url,0)]
03-06 10:03:51.496 19331 19537 D MP--    : [SystemPlayerImp][onStatusCallback()][mid:90659525][tid:MP--][msg:6]
03-06 10:03:51.497 20104 20976 V [MMP]   : [20976] [STM] write_data buffering... z:0 < 76800, pos: 213568 < 290368, f_z:-1, is_data_enough:0
03-06 10:03:51.497 20104 20116 D WatchDogThread: [add][reset] 1551837831 
03-06 10:03:51.497 20104 20116 D mstplayer: [20116] (0x0xf3aff6d0)MstPlayer::reset
03-06 10:03:51.498 20104 20972 D mstplayer: [20972] [AVP] msg_receive 0x8005, size 0, data 0x0x0
03-06 10:03:51.498 20104 20972 D mstplayer: [20972] [AVP] Streaming stop, p_cbio:0x0xf1b45020, mContentSource:0x0xf0c12000
03-06 10:03:51.498 20104 20972 V [MMP]   : [20972] [STM] stop_cb_rb, rb:1, sk:0, net_err:0, pre_s_id:1, cur_s_id:1
03-06 10:03:51.498 20104 20972 V [MMP]   : [20972] [STM] send rebuffer_done msg, cb_status:-1
03-06 10:03:51.499 20104 20972 V [MMP]   : [20972] [STM] stm_rebuffer_done_callback
03-06 10:03:51.499 20104 20972 D mstplayer: [20972] [AVP] ap_rebuffer_done_callback, min rebuffer mode:0
03-06 10:03:51.499 20104 20987 V [MMP]   : [20987] [STM] cb_rb_read_leave, cb_status:-1, stop_lock:1, f_z:-1, w_pos:213568, mem_full:0
03-06 10:03:51.499 20104 20987 V [MMP]   : [20987] [STM] cb_rb_read_fail, from_stop_lock
03-06 10:03:51.499 20104 20987 V [MMP]   : [20987] parse_packet got EOF!
03-06 10:03:51.499 20104 20987 V [MMP]   : [20987] parse_packet fail!,ret:-1
03-06 10:03:51.499 20104 20987 V [MMP]   : [20987] [TS] no more frames, close current parser (0)
03-06 10:03:51.499 20104 20987 V [MMP]   : [20987] [EOF_stream], type:3
03-06 10:03:51.499 20104 20987 V [MMP]   : [20987] [EOF_stream], type:2
03-06 10:03:51.499 20104 20989 V mmpSource: [read-325] END_OF_STREAM
03-06 10:03:51.499 20104 20987 V [MMP]   : [20987] [DX] dmx got eof
03-06 10:03:51.499 20104 20996 V [MMP]   : [20996] [AD] get EOF from rbuf
03-06 10:03:51.499 20104 20987 D mstplayer: [20987] [AVP] mmp_notify_callback get msg 21
03-06 10:03:51.499 20104 20996 V [MMP]   : [20996] [AD] update resync_flag by drop count: 0 and resync_flag: 1
03-06 10:03:51.499 20104 20996 V [MMP]   : [20996] [Precise] DROP_AFTER_DEMUXER switch to DROP_AFTER_DECODER
03-06 10:03:51.499 20104 20996 V [MMP]   : [20996] [Precise] AD get target EOF, set clk 0
03-06 10:03:51.500 20104 20972 V [MMP]   : [20972] [MMP] (0x0xf1b01000) enter CancelSeek
03-06 10:03:51.500 20104 20972 V [MMP]   : [20972] demux_handle_seek_cmd done
03-06 10:03:51.500 20104 20972 V [MMP]   : [20972] [MMP] leave CancelSeek
03-06 10:03:51.500 20104 20972 V [MMP]   : [20972] [MMP] (0x0xf1b01000) enter SetDecodeMode 3
03-06 10:03:51.500 20104 20972 V [MMP]   : [20972] [OMX] set seamless in ds mode, disable it
03-06 10:03:51.500 20104 20972 V [MMP]   : [20972] [MMP] leave SetDecodeMode 0
03-06 10:03:51.500 20104 20972 D mstplayer: [20972] [AVP] reset_l
03-06 10:03:51.500 20104 20972 V [MMP]   : [20972] [MMP] (0x0xf1b01000) enter Stop, status:0x5
03-06 10:03:51.500 20104 20972 V [MMP]   : [20972] demux common reset
03-06 10:03:51.500 20104 20972 V [MMP]   : [20972] thread join success
03-06 10:03:51.500 20104 20972 V [MMP]   : [20972] released handle 0, buffer 0xc8c01000 size  534528, at slot  0
03-06 10:03:51.500 20104 20972 V [MMP]   : [20972] demux common reset
03-06 10:03:51.500 20104 20972 V [MMP]   : [20972] start join VD
03-06 10:03:51.500 20104 20998 D MediaBufferManager: unholdBuffers: held buffer number = 0
03-06 10:03:51.500 20104 20998 V [MMP]   : [20998] [VD] wait VO stopped
03-06 10:03:51.503 20104 20975 I DataSource_M3U8: [readAt] Warning : ForceContentSourceReset
03-06 10:03:51.504 20104 20996 V [MMP]   : [20996] released handle 0, buffer 0xf1232000 size    2048, at slot 19
03-06 10:03:51.504 20104 20996 V [MMP]   : [20996] released handle 0, buffer 0xf02a3000 size   11264, at slot 18
03-06 10:03:51.504 19331 19331 E EpgDataManager: [EpgDataManager][getEpgBuilderByPlayId]
03-06 10:03:51.504 20104 20992 I MS_OMX_BASEPORT: [OMX.MS.AAC.Decoder]MS_OMX_FlushPort: 0
03-06 10:03:51.505 20104 20975 D DataSource_M3U8: [isDataEnd] [M3U8] bForceStopRead true, isDataEnd return true!
03-06 10:03:51.505 20104 20975 D msavp_dw_module: [20975] [DM][m3u8] android_http_get_data, isDataEnd, tell_z:274996
03-06 10:03:51.505 20104 20976 V [MMP]   : [20976] [STM] record_stm_msg:0x5015
03-06 10:03:51.505 20104 20976 V [MMP]   : [20976] [STM] MM: res1, wait:0x1000, msg:0x5015, q_msg:0x1000, int_msg:0x1000
03-06 10:03:51.505 20104 20976 V [MMP]   : [20976] [STM] MM: res2, wait:0x1000, msg:0x5015, q_msg:0x1000, int_msg:0x1000
03-06 10:03:51.505 20104 20976 V [MMP]   : [20976] [STM] send_dm_ack_data_eos, active_session_id:1, eos_session_id:1
03-06 10:03:51.505 20104 20976 V [MMP]   : [20976] [STM] write_data_eof, original file_z:274996, met EOS need update file_z:274996
03-06 10:03:51.505 20104 20976 D mstplayer: [20976] [AVP] send to handle, streaming_msg = 5015
03-06 10:03:51.505 20104 20976 D mstplayer: [20976] [AVP] player handle get streaming eos, notify download percent = 100
03-06 10:03:51.506 19331 21021 I PLAYER--: [VideoStatusPublish][onStatus][status :6]
03-06 10:03:51.506 19331 19535 I PlayModuleMessenger: [PlayModuleMessenger][update] msgCode: DATA_SELECT_CAROUSE_CHANNEL
03-06 10:03:51.506 19331 19534 D BipModuleMessenger: [BipModuleMessenger][update] msgCode: DATA_SELECT_CAROUSE_CHANNEL
03-06 10:03:51.506 19331 19331 D ClickSA : sendClickEvent: pageIds: pgtitle=首页-239, moduleId: , upi: 90000141, vdids: {"channel_id":"40"}
03-06 10:03:51.506 19331 19331 D OTT_Statistics_SA: [StatisticsLog][setTypeParams type = CLICK]: 
03-06 10:03:51.507 19331 19331 D OTT_Statistics_SA: [StatisticsLog][Static---setClick---start--]: 
03-06 10:03:51.507 19331 21021 V PLAYER--: [VideoStatusPublish][onStatus][status :6,mediaPlayInfo:[MediaPlayInfo][url:http://127.0.0.1:9009/record.m3u8?w=1&key=6e1c57f72072d2a070f0b79a12631cb9&type=ppvod2&sv=3.7.1&platform=launcher&ft=0&vvid=51ba0390-88b2-4fc1-a2b8-30c4cd485ed4&video=true&h265=3&mux.M3U8.segment_duration=5&chunked=true&serialnum=1013&playlink=29338749%3Fft%3D0%26bwtype%3D0%26platform%3Dlauncher%26type%3Dtv%2Esports%26sv%3D3%2E7%2E1%26video%3Dtrue%26sdkmode%3D0%26p2p%2Eadvtime%3D0%26k%3Df2b2f0dfd6e6a1d0fd4bfaa6082aa606%2D2103%2D1551852228%26bppcataid%3D38%26vvid%3D51ba0390%2D88b2%2D4fc1%2Da2b8%2D30c4cd485ed4%26appid%3Dpptv%2Eatv%2Esports%26appplt%3Datv%26appver%3D3%2E7%2E1,playid:29338749viewType:1mediaType:VODseekType:2,currentPos:5987,duration:9194,starPos:5987,stopft:SMOOTH,engIndex:0,status:6,statusBuff:456,what:0,extra:0, sourceType:0,endPos0,upperPlayObj:playObj has getstartTime:0,endTime:0,fd:0,fdn:0,innerLogoObj:InnerLogoObj{innerLogo_align=lefttop, innerLogo_ax=0.86875, innerLogo_ay=0.05, innerLogo_awidth=0.1, innerLogo_aheight=0.0463, isPlayProvided=true}]
03-06 10:03:51.508 19331 19367 D OTT_Statistics_SA: [StatisticsLog][save append key:ott_click={"ct":"20190306100342119","sec":"57","curl":"pgtitle=首页-239","vdid":"{\"packagedid\":\"5\"}","mdl":"","upi":"90000128"}!#@#!{"ct":"20190306100351507","sec":"59","curl":"pgtitle=首页-239","vdid":"{\"channel_id\":\"40\"}","mdl":"","upi":"90000141"}]: 
03-06 10:03:51.508 19331 21021 I PLAYER--: [VideoStatusPublish][sendMsg][sendMsg:PLAYER_FSM_STOPPED]
03-06 10:03:51.509 20104 20997 V [MMP]   : [20997] [VO] Total_delay_frame_num:0
03-06 10:03:51.509 20104 20997 V [MMP]   : [20997] [VO] Total_delay_time:0(ms)
03-06 10:03:51.509 20104 20997 V [MMP]   : [20997] [VO] Max_display_period:(0)
03-06 10:03:51.509 20104 20997 V [MMP]   : [20997] [VO] Max delay period = 0
03-06 10:03:51.509 20104 20997 V [MMP]   : [20997] [VO] Total FPS:0(10x), total time:833
03-06 10:03:51.509 20104 20997 V [MMP]   : [20997] [VO] flip count:0, drop count:0
03-06 10:03:51.510 20104 20998 D MediaBufferManager: ~MediaBufferManager
03-06 10:03:51.510 20104 20988 I MS_OMX_BASEPORT: [OMX.MS.AVC.Decoder]MS_OMX_FlushPort: 0
03-06 10:03:51.510 20104 20988 D MSTAR_VDEC_API: [0] Flush: Begin (0)
03-06 10:03:51.511 19331 19331 D OTT_Statistics_SA: [StatisticsLog][Static---setClick---end--]: 
03-06 10:03:51.511 20104 20988 D MSTAR_VDEC_API: [0] Flush: OK
03-06 10:03:51.512 20104 20988 I MS_OMX_BASEPORT: [OMX.MS.AVC.Decoder]MS_OMX_FlushPort: 1
03-06 10:03:51.512 20104 20990 I MS_OMX_VDEC: [OMX.MS.AVC.Decoder]MS_OMX_OutputBufferProcess: in pause state , waiting for resume...
03-06 10:03:51.512 20104 20991 I MS_OMX_VDEC: [OMX.MS.AVC.Decoder]MS_OMX_BufferProcess: in pause state , waiting for resume...
03-06 10:03:51.512 20104 20990 I MS_OMX_VDEC: [OMX.MS.AVC.Decoder]MS_OMX_OutputBufferProcess: ...resumed
03-06 10:03:51.512 20104 20991 I MS_OMX_VDEC: [OMX.MS.AVC.Decoder]MS_OMX_BufferProcess: ...resumed
03-06 10:03:51.512 20104 20990 I MS_OMX_VDEC: [OMX.MS.AVC.Decoder]MS_OMX_OutputBufferProcess: in pause state , waiting for resume...
