03-06 10:05:34.315  1169  1169 I tvos    : [37m[INFO] Change to Voltage: 102 mv (0x23)[m
03-06 10:05:34.375  3394  3696 D BDSHttpRequestMaker: hostname : dueros-voice.baidu.com verifyUrl : dueros-voice.baidu.com &158a1b16, 
03-06 10:05:34.378  3394  3696 I BDSHttpRequestMaker: sendData  dataType : 0 https://dueros-voice.baidu.com/dcs_event?sn=072a0bd0-772f-4805-88e3-0258ce247f28 &158a1b16, 
03-06 10:05:34.378  2111  5436 I TvInputImpl: TvInput name:MEDIAgetProp key:PROP_SIGNAL_STATUS  value:UNSUPPORT
03-06 10:05:34.379  1867  2504 D TvService: checkChannel check input MEDIA status=UNSUPPORT
03-06 10:05:34.379  3394  3696 I BDSHttpRequestMaker: sendData  dataType : 2 https://dueros-voice.baidu.com/dcs_event?sn=072a0bd0-772f-4805-88e3-0258ce247f28 &158a1b16, 
03-06 10:05:34.380  1867  2504 D TvService: onChannelSelected input MEDIA status=UNSUPPORT
03-06 10:05:34.380  1867  2504 D TvService: onChannelSelected -------------- mBusyLockFlag:0
03-06 10:05:34.382  1762  2471 I PictureManager_JNI: getDlcAverageLuma
03-06 10:05:34.383  1762  2471 I TvManager_JNI: isSignalStable
03-06 10:05:34.383  1762  2471 I PictureManager_JNI: getBacklight
03-06 10:05:34.383  1762  2471 E septemberan: dbcHandler: mDbcBacklightRange: 48
03-06 10:05:34.383  1762  2471 I PictureManager_JNI: setBacklight
03-06 10:05:34.383  1867  2504 E TvService: onChannelSelected not busy, ignore...
03-06 10:05:34.384  3394  3696 I BDSHttpRequestMaker: sendData  dataType : 3 https://dueros-voice.baidu.com/dcs_event?sn=072a0bd0-772f-4805-88e3-0258ce247f28 &158a1b16, 
03-06 10:05:34.408  1589  1646 D WindowManager: interceptKeyTi keyCode=165 down=true repeatCount=0 keyguardOn=false mHomePressed=false canceled=false deviceName=Virtual
03-06 10:05:34.408  1589  1646 E septemberan: mHotkeyService != null
03-06 10:05:34.410  2322 15196 D Evan    : onGlobalKeyEvent keycode=165
03-06 10:05:34.410  2322 15196 D Evan    : invokeGlobalKeyListener
03-06 10:05:34.410  2322 15196 D TVApiSystemSignalImpl:  now=55466127
03-06 10:05:34.410  2322 15196 D TVApiSystemSignalImpl:  before=55459399
03-06 10:05:34.410  2322 15196 D Evan    : invokeGlobalKeyListener
03-06 10:05:34.410  2322 15196 D TVApiSystemNoActionAutoPowerOffImpl: KeyEvnetListener Reset counter
03-06 10:05:34.411  2322  2339 D TvCecManager: arcIsAmpVolume
03-06 10:05:34.414  1742  3451 D NotificationPanel: keycode=165, action=0
03-06 10:05:34.423 19539 19539 D SogouIME: [onKeyDown] keycode = 165 model = PPTV-55P+Pro build_id:Build_130480_20170508 true
03-06 10:05:34.434  2779  9375 E CvteATHotkey: <AT-TPV> processTPVFacKey ScanCode = 0x0
03-06 10:05:34.436  2322  2338 D TvCecManager: arcIsAmpVolume
03-06 10:05:34.436  1762 13736 I CECManager_JNI: arcIsAmpVolume
03-06 10:05:34.437  1589  1646 D WindowManager: bRet =false
03-06 10:05:34.437  1589  1646 E septemberan: mPPTVHotkeyService != null
03-06 10:05:34.437  2111  2134 I HotkeyService: handleKeyEvents
03-06 10:05:34.443  2111  2134 I SystemImpl: getProp key:TvSystem:PROP_LISTEN_ALONE value:false
03-06 10:05:34.443  3394  3728 I BDSHttpRequestMaker: readThirdData dataType : 242, dataLen=94, https://dueros-voice.baidu.com/dcs_event?sn=072a0bd0-772f-4805-88e3-0258ce247f28 &158a1b16, 
03-06 10:05:34.443  2111  2134 I HotkeyService: Enter FirstAndSearchingHandler
03-06 10:05:34.443  2111  2134 I HotkeyService: Enter AppHotkeyHandler
03-06 10:05:34.443  2111  2134 I HotkeyManager: notifyHotkeyListener
03-06 10:05:34.443  3394  3728 I BDSHttpRequestMaker: response : HTTP/1.1 200 OK
03-06 10:05:34.443  3394  3728 I BDSHttpRequestMaker: Content-Type: multipart/form-data; boundary=___dueros_dcs_v1_boundary___
03-06 10:05:34.443  3394  3728 I BDSHttpRequestMaker: 
03-06 10:05:34.443  3394  3728 I BDSHttpRequestMaker:  https://dueros-voice.baidu.com/dcs_event?sn=072a0bd0-772f-4805-88e3-0258ce247f28 &158a1b16, 
03-06 10:05:34.444  2111  2134 I HotkeyService: notifyCallbacks size : 4
03-06 10:05:34.444  2111  2134 I HotkeyService: dispatch key<165:KEYCODE_INFO:1> to HotkeyCallbackWrapper{Uid:10011, Pid:1742, Priority:9, AppName:com.pptv.systemui}
03-06 10:05:34.444  1742  1759 D NotificationPanel: keycode=165, action=1
03-06 10:05:34.444  1742  1759 D SystemUIApplication: handleKeyEvent, keycode:165 action:1, ret:false
03-06 10:05:34.444  1742  1759 D TvStatusBar:   mPlayGuideView android.widget.FrameLayout{332479e4 G.E..... ......I. 0,0-1920,1080}  interceptKegEvent   false  event.getDeviceId()  -1
03-06 10:05:34.445  2111  2134 I HotkeyService: dispatch key<165:KEYCODE_INFO:1> to HotkeyCallbackWrapper{Uid:1000, Pid:3394, Priority:8, AppName:com.pptv.voicecontroller}
03-06 10:05:34.445  3394  3411 D PPTVVoiceService_handleKeyEvent_670: handleKeyEvent 165, 1
03-06 10:05:34.446  2111  2134 I HotkeyService: dispatch key<165:KEYCODE_INFO:1> to HotkeyCallbackWrapper{Uid:1000, Pid:2111, Priority:5, AppName:com.pptv.framework.tvservice}
03-06 10:05:34.446  2111  2134 I HotkeyService: dispatch key<165:KEYCODE_INFO:1> to HotkeyCallbackWrapper{Uid:1000, Pid:2214, Priority:5, AppName:com.pptv.tv}
03-06 10:05:34.447  2111  2134 I HotkeyService: hotkey keycode : 165 deviceId=-1 result : 0 reason:R_NO_INTERCEPT
03-06 10:05:34.447  1589  1646 D WindowManager: mPPTVHotkeyService bRet =false
03-06 10:05:34.448  2065  2065 D InputEventDispatcher: onInputEvent: KeyEvent { action=ACTION_UP, keyCode=KEYCODE_INFO, scanCode=0, metaState=0, flags=0x8, repeatCount=0, eventTime=55466144, downTime=55466144, deviceId=-1, source=0x101 }
03-06 10:05:34.449 19539 19539 D SogouIME: [onKeyUp] keycode = 165 model = PPTV-55P+Pro build_id:Build_130480_20170508
03-06 10:05:34.466  3394  3728 I BDSHttpRequestMaker: readThirdData dataType : 242, dataLen=33, https://dueros-voice.baidu.com/dcs_event?sn=072a0bd0-772f-4805-88e3-0258ce247f28 &158a1b16, 
03-06 10:05:34.467  3394  3728 I BDSHttpRequestMaker: response : --___dueros_dcs_v1_boundary___
03-06 10:05:34.467  3394  3728 I BDSHttpRequestMaker:  https://dueros-voice.baidu.com/dcs_event?sn=072a0bd0-772f-4805-88e3-0258ce247f28 &158a1b16, 
03-06 10:05:34.468  3394  3728 I BDSHttpRequestMaker: readThirdData dataType : 242, dataLen=47, https://dueros-voice.baidu.com/dcs_event?sn=072a0bd0-772f-4805-88e3-0258ce247f28 &158a1b16, 
03-06 10:05:34.468  3394  3728 I BDSHttpRequestMaker: response : Content-Disposition: form-data; name="empty"
03-06 10:05:34.468  3394  3728 I BDSHttpRequestMaker:  https://dueros-voice.baidu.com/dcs_event?sn=072a0bd0-772f-4805-88e3-0258ce247f28 &158a1b16, 
03-06 10:05:34.470  3394  3728 I BDSHttpRequestMaker: readThirdData dataType : 242, dataLen=3, https://dueros-voice.baidu.com/dcs_event?sn=072a0bd0-772f-4805-88e3-0258ce247f28 &158a1b16, 
03-06 10:05:34.470  3394  3728 I BDSHttpRequestMaker: response : 
03-06 10:05:34.470  3394  3728 I BDSHttpRequestMaker:  https://dueros-voice.baidu.com/dcs_event?sn=072a0bd0-772f-4805-88e3-0258ce247f28 &158a1b16, 
03-06 10:05:34.472  3394  3728 I BDSHttpRequestMaker: readThirdData dataType : 242, dataLen=3, https://dueros-voice.baidu.com/dcs_event?sn=072a0bd0-772f-4805-88e3-0258ce247f28 &158a1b16, 
03-06 10:05:34.472  3394  3728 I BDSHttpRequestMaker: response : 
03-06 10:05:34.472  3394  3728 I BDSHttpRequestMaker:  https://dueros-voice.baidu.com/dcs_event?sn=072a0bd0-772f-4805-88e3-0258ce247f28 &158a1b16, 
03-06 10:05:34.475  3394  3728 I BDSHttpRequestMaker: readThirdData dataType : 242, dataLen=35, https://dueros-voice.baidu.com/dcs_event?sn=072a0bd0-772f-4805-88e3-0258ce247f28 &158a1b16, 
03-06 10:05:34.475  3394  4772 W System.err: java.io.IOException: Pipe not connected
03-06 10:05:34.475  3394  4772 W System.err: 	at java.io.PipedOutputStream.write(PipedOutputStream.java:174)
03-06 10:05:34.475  3394  4772 W System.err: 	at java.io.OutputStream.write(OutputStream.java:106)
03-06 10:05:34.475  3394  4772 W System.err: 	at java.io.PipedOutputStream.write(PipedOutputStream.java:147)
03-06 10:05:34.475  3394  4772 W System.err: 	at java.io.OutputStream.write(OutputStream.java:82)
03-06 10:05:34.475  3394  4772 W System.err: 	at com.baidu.dcs.acl.AudioTransportLayer$BaseEventListener$1.run(AudioTransportLayer.java:310)
03-06 10:05:34.475  3394  4772 W System.err: 	at java.util.concurrent.ThreadPoolExecutor.runWorker(ThreadPoolExecutor.java:1112)
03-06 10:05:34.475  3394  4772 W System.err: 	at java.util.concurrent.ThreadPoolExecutor$Worker.run(ThreadPoolExecutor.java:587)
03-06 10:05:34.475  3394  4772 W System.err: 	at java.lang.Thread.run(Thread.java:818)
03-06 10:05:34.476  3394  3728 I BDSHttpRequestMaker: response : 
03-06 10:05:34.476  3394  3728 I BDSHttpRequestMaker: --___dueros_dcs_v1_boundary___-- https://dueros-voice.baidu.com/dcs_event?sn=072a0bd0-772f-4805-88e3-0258ce247f28 &158a1b16, 
03-06 10:05:34.478  3394  4772 W System.err: java.io.IOException: Pipe not connected
03-06 10:05:34.478  3394  4772 W System.err: 	at java.io.PipedOutputStream.write(PipedOutputStream.java:174)
03-06 10:05:34.478  3394  4772 W System.err: 	at java.io.OutputStream.write(OutputStream.java:106)
03-06 10:05:34.478  3394  4772 W System.err: 	at java.io.PipedOutputStream.write(PipedOutputStream.java:147)
03-06 10:05:34.478  3394  4772 W System.err: 	at java.io.OutputStream.write(OutputStream.java:82)
03-06 10:05:34.478  3394  4772 W System.err: 	at com.baidu.dcs.acl.AudioTransportLayer$BaseEventListener$1.run(AudioTransportLayer.java:310)
03-06 10:05:34.478  3394  4772 W System.err: 	at java.util.concurrent.ThreadPoolExecutor.runWorker(ThreadPoolExecutor.java:1112)
03-06 10:05:34.478  3394  4772 W System.err: 	at java.util.concurrent.ThreadPoolExecutor$Worker.run(ThreadPoolExecutor.java:587)
03-06 10:05:34.478  3394  4772 W System.err: 	at java.lang.Thread.run(Thread.java:818)
03-06 10:05:34.479  3394  3728 I BDSHttpRequestMaker: readThirdData dataType : 243, dataLen=1, https://dueros-voice.baidu.com/dcs_event?sn=072a0bd0-772f-4805-88e3-0258ce247f28 &158a1b16, 
03-06 10:05:34.482  3394  3728 W BDSHttpRequestMaker: Dcsconnection stauts has already been closed. &158a1b16, 
03-06 10:05:34.484  1762  2471 I PictureManager_JNI: getDlcAverageLuma
03-06 10:05:34.485  1762  2471 I TvManager_JNI: isSignalStable
03-06 10:05:34.485  1762  2471 I PictureManager_JNI: getBacklight
03-06 10:05:34.485  1762  2471 E septemberan: dbcHandler: mDbcBacklightRange: 48
03-06 10:05:34.485  1762  2471 I PictureManager_JNI: setBacklight
03-06 10:05:34.518  1589  2062 W System.err: java.lang.NullPointerException: Attempt to invoke virtual method 'boolean java.lang.String.startsWith(java.lang.String)' on a null object reference
03-06 10:05:34.518  1589  2062 W System.err: 	at com.android.server.am.ActivityManagerService.isAllow(ActivityManagerService.java:3788)
03-06 10:05:34.518  1589  2062 W System.err: 	at com.android.server.am.ActivityManagerService.startActivity(ActivityManagerService.java:3832)
03-06 10:05:34.518  1589  2062 W System.err: 	at android.app.ActivityManagerNative.onTransact(ActivityManagerNative.java:140)
03-06 10:05:34.518  1589  2062 W System.err: 	at com.android.server.am.ActivityManagerService.onTransact(ActivityManagerService.java:2503)
03-06 10:05:34.519  1589  2062 W System.err: 	at android.os.Binder.execTransact(Binder.java:446)
03-06 10:05:34.546  3394  3696 I BDSHttpRequestMaker: url = https://dueros-voice.baidu.com/dcs_event?sn=e3bca4bc-f6ce-424a-8231-2c052f83af22 &db86e84, 
03-06 10:05:34.547  3394  3696 D BDSHttpRequestMaker: url: https://dueros-voice.baidu.com/dcs_event?sn=e3bca4bc-f6ce-424a-8231-2c052f83af22 mHostIp: dueros-voice.baidu.com &db86e84, 
03-06 10:05:34.547  3394  3696 E BDSHttpRequestMaker: dcs url : https://dueros-voice.baidu.com/dcs_event?sn=e3bca4bc-f6ce-424a-8231-2c052f83af22
03-06 10:05:34.547  3394  3696 I BDSHttpRequestMaker: no proxy
03-06 10:05:34.561  1169  1169 I tvos    : ******Amplifier_TI5707_SWMute(0)
03-06 10:05:34.584  3394  3696 D BDSHttpRequestMaker: hostname : dueros-voice.baidu.com verifyUrl : dueros-voice.baidu.com &db86e84, 
03-06 10:05:34.586  1762  2471 I PictureManager_JNI: getDlcAverageLuma
03-06 10:05:34.586  1762  2471 I TvManager_JNI: isSignalStable
03-06 10:05:34.587  1762  2471 I PictureManager_JNI: getBacklight
03-06 10:05:34.587  1762  2471 E septemberan: dbcHandler: mDbcBacklightRange: 48
03-06 10:05:34.587  1762  2471 I PictureManager_JNI: setBacklight
03-06 10:05:34.587  3394  3696 I BDSHttpRequestMaker: sendData  dataType : 0 https://dueros-voice.baidu.com/dcs_event?sn=e3bca4bc-f6ce-424a-8231-2c052f83af22 &db86e84, 
03-06 10:05:34.589  3394  3696 I BDSHttpRequestMaker: sendData  dataType : 2 https://dueros-voice.baidu.com/dcs_event?sn=e3bca4bc-f6ce-424a-8231-2c052f83af22 &db86e84, 
03-06 10:05:34.591  3394  3696 I BDSHttpRequestMaker: sendData  dataType : 3 https://dueros-voice.baidu.com/dcs_event?sn=e3bca4bc-f6ce-424a-8231-2c052f83af22 &db86e84, 
03-06 10:05:34.649  3394  3728 I BDSHttpRequestMaker: readThirdData dataType : 242, dataLen=94, https://dueros-voice.baidu.com/dcs_event?sn=e3bca4bc-f6ce-424a-8231-2c052f83af22 &db86e84, 
03-06 10:05:34.649  3394  3728 I BDSHttpRequestMaker: response : HTTP/1.1 200 OK
03-06 10:05:34.649  3394  3728 I BDSHttpRequestMaker: Content-Type: multipart/form-data; boundary=___dueros_dcs_v1_boundary___
03-06 10:05:34.649  3394  3728 I BDSHttpRequestMaker: 
03-06 10:05:34.649  3394  3728 I BDSHttpRequestMaker:  https://dueros-voice.baidu.com/dcs_event?sn=e3bca4bc-f6ce-424a-8231-2c052f83af22 &db86e84, 
03-06 10:05:34.687  3394  3728 I BDSHttpRequestMaker: readThirdData dataType : 242, dataLen=33, https://dueros-voice.baidu.com/dcs_event?sn=e3bca4bc-f6ce-424a-8231-2c052f83af22 &db86e84, 
03-06 10:05:34.687  3394  3728 I BDSHttpRequestMaker: response : --___dueros_dcs_v1_boundary___
03-06 10:05:34.687  3394  3728 I BDSHttpRequestMaker:  https://dueros-voice.baidu.com/dcs_event?sn=e3bca4bc-f6ce-424a-8231-2c052f83af22 &db86e84, 
03-06 10:05:34.687  1762  2471 I PictureManager_JNI: getDlcAverageLuma
03-06 10:05:34.688  1762  2471 I TvManager_JNI: isSignalStable
03-06 10:05:34.688  1762  2471 I PictureManager_JNI: getBacklight
03-06 10:05:34.688  1762  2471 E septemberan: dbcHandler: mDbcBacklightRange: 48
03-06 10:05:34.688  1762  2471 I PictureManager_JNI: setBacklight
03-06 10:05:34.690  3394  3728 I BDSHttpRequestMaker: readThirdData dataType : 242, dataLen=47, https://dueros-voice.baidu.com/dcs_event?sn=e3bca4bc-f6ce-424a-8231-2c052f83af22 &db86e84, 
03-06 10:05:34.690  3394  3728 I BDSHttpRequestMaker: response : Content-Disposition: form-data; name="empty"
03-06 10:05:34.690  3394  3728 I BDSHttpRequestMaker:  https://dueros-voice.baidu.com/dcs_event?sn=e3bca4bc-f6ce-424a-8231-2c052f83af22 &db86e84, 
03-06 10:05:34.691  3394  3728 I BDSHttpRequestMaker: readThirdData dataType : 242, dataLen=3, https://dueros-voice.baidu.com/dcs_event?sn=e3bca4bc-f6ce-424a-8231-2c052f83af22 &db86e84, 
03-06 10:05:34.691  3394  3728 I BDSHttpRequestMaker: response : 
03-06 10:05:34.691  3394  3728 I BDSHttpRequestMaker:  https://dueros-voice.baidu.com/dcs_event?sn=e3bca4bc-f6ce-424a-8231-2c052f83af22 &db86e84, 
03-06 10:05:34.692  3394  3728 I BDSHttpRequestMaker: readThirdData dataType : 242, dataLen=3, https://dueros-voice.baidu.com/dcs_event?sn=e3bca4bc-f6ce-424a-8231-2c052f83af22 &db86e84, 
03-06 10:05:34.692  3394  3728 I BDSHttpRequestMaker: response : 
03-06 10:05:34.692  3394  3728 I BDSHttpRequestMaker:  https://dueros-voice.baidu.com/dcs_event?sn=e3bca4bc-f6ce-424a-8231-2c052f83af22 &db86e84, 
03-06 10:05:34.693  3394  3728 I BDSHttpRequestMaker: readThirdData dataType : 242, dataLen=35, https://dueros-voice.baidu.com/dcs_event?sn=e3bca4bc-f6ce-424a-8231-2c052f83af22 &db86e84, 
03-06 10:05:34.694  3394  3728 I BDSHttpRequestMaker: response : 
03-06 10:05:34.694  3394  3728 I BDSHttpRequestMaker: --___dueros_dcs_v1_boundary___-- https://dueros-voice.baidu.com/dcs_event?sn=e3bca4bc-f6ce-424a-8231-2c052f83af22 &db86e84, 
03-06 10:05:34.694  3394  4809 W System.err: java.io.IOException: Pipe not connected
03-06 10:05:34.694  3394  4809 W System.err: 	at java.io.PipedOutputStream.write(PipedOutputStream.java:174)
03-06 10:05:34.694  3394  4809 W System.err: 	at java.io.OutputStream.write(OutputStream.java:106)
03-06 10:05:34.694  3394  4809 W System.err: 	at java.io.PipedOutputStream.write(PipedOutputStream.java:147)
03-06 10:05:34.694  3394  4809 W System.err: 	at java.io.OutputStream.write(OutputStream.java:82)
03-06 10:05:34.694  3394  4809 W System.err: 	at com.baidu.dcs.acl.AudioTransportLayer$BaseEventListener$1.run(AudioTransportLayer.java:310)
03-06 10:05:34.694  3394  4809 W System.err: 	at java.util.concurrent.ThreadPoolExecutor.runWorker(ThreadPoolExecutor.java:1112)
03-06 10:05:34.694  3394  4809 W System.err: 	at java.util.concurrent.ThreadPoolExecutor$Worker.run(ThreadPoolExecutor.java:587)
03-06 10:05:34.694  3394  4809 W System.err: 	at java.lang.Thread.run(Thread.java:818)
03-06 10:05:34.695  3394  3728 I BDSHttpRequestMaker: readThirdData dataType : 243, dataLen=1, https://dueros-voice.baidu.com/dcs_event?sn=e3bca4bc-f6ce-424a-8231-2c052f83af22 &db86e84, 
03-06 10:05:34.695  3394  4809 W System.err: java.io.IOException: Pipe not connected
03-06 10:05:34.695  3394  4809 W System.err: 	at java.io.PipedOutputStream.write(PipedOutputStream.java:174)
03-06 10:05:34.695  3394  4809 W System.err: 	at java.io.OutputStream.write(OutputStream.java:106)
03-06 10:05:34.695  3394  4809 W System.err: 	at java.io.PipedOutputStream.write(PipedOutputStream.java:147)
03-06 10:05:34.695  3394  4809 W System.err: 	at java.io.OutputStream.write(OutputStream.java:82)
03-06 10:05:34.696  3394  4809 W System.err: 	at com.baidu.dcs.acl.AudioTransportLayer$BaseEventListener$1.run(AudioTransportLayer.java:310)
03-06 10:05:34.696  3394  4809 W System.err: 	at java.util.concurrent.ThreadPoolExecutor.runWorker(ThreadPoolExecutor.java:1112)
03-06 10:05:34.696  3394  4809 W System.err: 	at java.util.concurrent.ThreadPoolExecutor$Worker.run(ThreadPoolExecutor.java:587)
03-06 10:05:34.696  3394  4809 W System.err: 	at java.lang.Thread.run(Thread.java:818)
03-06 10:05:34.696  3394  3728 W BDSHttpRequestMaker: Dcsconnection stauts has already been closed. &db86e84, 
03-06 10:05:34.751  3394  3696 I BDSHttpRequestMaker: url = https://dueros-voice.baidu.com/dcs_event?sn=29f900f2-7156-4891-8d0b-b255fc554938 &1e84d2a2, 
03-06 10:05:34.751  3394  3696 D BDSHttpRequestMaker: url: https://dueros-voice.baidu.com/dcs_event?sn=29f900f2-7156-4891-8d0b-b255fc554938 mHostIp: dueros-voice.baidu.com &1e84d2a2, 
03-06 10:05:34.751  3394  3696 E BDSHttpRequestMaker: dcs url : https://dueros-voice.baidu.com/dcs_event?sn=29f900f2-7156-4891-8d0b-b255fc554938
03-06 10:05:34.752  3394  3696 I BDSHttpRequestMaker: no proxy
03-06 10:05:34.780  3394  3696 D BDSHttpRequestMaker: hostname : dueros-voice.baidu.com verifyUrl : dueros-voice.baidu.com &1e84d2a2, 
03-06 10:05:34.783  3394  3696 I BDSHttpRequestMaker: sendData  dataType : 0 https://dueros-voice.baidu.com/dcs_event?sn=29f900f2-7156-4891-8d0b-b255fc554938 &1e84d2a2, 
03-06 10:05:34.786  3394  3696 I BDSHttpRequestMaker: sendData  dataType : 2 https://dueros-voice.baidu.com/dcs_event?sn=29f900f2-7156-4891-8d0b-b255fc554938 &1e84d2a2, 
03-06 10:05:34.788  1762  2471 I PictureManager_JNI: getDlcAverageLuma
03-06 10:05:34.789  1762  2471 I TvManager_JNI: isSignalStable
03-06 10:05:34.789  1762  2471 I PictureManager_JNI: getBacklight
03-06 10:05:34.789  1762  2471 E septemberan: dbcHandler: mDbcBacklightRange: 48
03-06 10:05:34.789  1762  2471 I PictureManager_JNI: setBacklight
03-06 10:05:34.791  3394  3696 I BDSHttpRequestMaker: sendData  dataType : 3 https://dueros-voice.baidu.com/dcs_event?sn=29f900f2-7156-4891-8d0b-b255fc554938 &1e84d2a2, 
03-06 10:05:34.820  1589  1646 D WindowManager: interceptKeyTi keyCode=23 down=true repeatCount=0 keyguardOn=false mHomePressed=false canceled=false deviceName=Virtual
03-06 10:05:34.820  1589  1646 E septemberan: mHotkeyService != null
03-06 10:05:34.822  2322  4937 D Evan    : onGlobalKeyEvent keycode=23
03-06 10:05:34.822  2322  4937 D Evan    : invokeGlobalKeyListener
03-06 10:05:34.822  2322  4937 D TVApiSystemSignalImpl:  now=55466539
03-06 10:05:34.822  2322  4937 D TVApiSystemSignalImpl:  before=55459399
03-06 10:05:34.822  2322  4937 D Evan    : invokeGlobalKeyListener
03-06 10:05:34.822  2322  4937 D TVApiSystemNoActionAutoPowerOffImpl: KeyEvnetListener Reset counter
03-06 10:05:34.823  2322  4929 D TvCecManager: arcIsAmpVolume
03-06 10:05:34.823  1762  4930 I CECManager_JNI: arcIsAmpVolume
03-06 10:05:34.824  1589  1646 D WindowManager: bRet =false
03-06 10:05:34.824  1589  1646 E septemberan: mPPTVHotkeyService != null
03-06 10:05:34.824  2111  2133 I HotkeyService: handleKeyEvents
03-06 10:05:34.824  2111  2133 I HotkeyService: Enter ListenAloneKeyHandler
03-06 10:05:34.827  2111  2133 I SystemImpl: getProp key:TvSystem:PROP_LISTEN_ALONE value:false
03-06 10:05:34.827  2111  2133 I HotkeyService: Enter FirstAndSearchingHandler
03-06 10:05:34.828  2111  2133 I HotkeyService: Enter AppHotkeyHandler
03-06 10:05:34.828  2111  2133 I HotkeyManager: notifyHotkeyListener
03-06 10:05:34.828  2111  2133 I HotkeyService: notifyCallbacks size : 4
03-06 10:05:34.828  2111  2133 I HotkeyService: dispatch key<23:KEYCODE_DPAD_CENTER:0> to HotkeyCallbackWrapper{Uid:10011, Pid:1742, Priority:9, AppName:com.pptv.systemui}
03-06 10:05:34.828  1742  1758 D NotificationPanel: keycode=23, action=0
03-06 10:05:34.828  1742  1758 D SystemUIApplication: handleKeyEvent, keycode:23 action:0, ret:false
03-06 10:05:34.828  1742  1758 D TvStatusBar:   mPlayGuideView android.widget.FrameLayout{332479e4 G.E..... ......I. 0,0-1920,1080}  interceptKegEvent   false  event.getDeviceId()  -1
03-06 10:05:34.828  2111  2133 I HotkeyService: dispatch key<23:KEYCODE_DPAD_CENTER:0> to HotkeyCallbackWrapper{Uid:1000, Pid:3394, Priority:8, AppName:com.pptv.voicecontroller}
03-06 10:05:34.829  3394  3465 D PPTVVoiceService_handleKeyEvent_670: handleKeyEvent 23, 0
03-06 10:05:34.830  2111  2133 I HotkeyService: dispatch key<23:KEYCODE_DPAD_CENTER:0> to HotkeyCallbackWrapper{Uid:1000, Pid:2111, Priority:5, AppName:com.pptv.framework.tvservice}
03-06 10:05:34.830  2111  2133 I HotkeyService: dispatch key<23:KEYCODE_DPAD_CENTER:0> to HotkeyCallbackWrapper{Uid:1000, Pid:2214, Priority:5, AppName:com.pptv.tv}
03-06 10:05:34.830  2111  2133 I HotkeyService: hotkey keycode : 23 deviceId=-1 result : 0 reason:R_NO_INTERCEPT
03-06 10:05:34.831  1589  1646 D WindowManager: mPPTVHotkeyService bRet =false
03-06 10:05:34.831  2065  2065 D InputEventDispatcher: onInputEvent: KeyEvent { action=ACTION_DOWN, keyCode=KEYCODE_DPAD_CENTER, scanCode=0, metaState=0, flags=0x8, repeatCount=0, eventTime=55466537, downTime=55466537, deviceId=-1, source=0x101 }
03-06 10:05:34.832  1589  1646 D WindowManager: interceptKeyTi keyCode=23 down=false repeatCount=0 keyguardOn=false mHomePressed=false canceled=false deviceName=Virtual
03-06 10:05:34.832  1589  1646 E septemberan: mHotkeyService != null
03-06 10:05:34.834 19539 19539 D SogouIME: [onKeyDown] keycode = 23 model = PPTV-55P+Pro build_id:Build_130480_20170508 true
03-06 10:05:34.836  2779  2796 E CvteATHotkey: <AT-TPV> processTPVFacKey ScanCode = 0x0
03-06 10:05:34.838  2322 14178 D TvCecManager: arcIsAmpVolume
03-06 10:05:34.838  1762  1782 I CECManager_JNI: arcIsAmpVolume
03-06 10:05:34.839  1589  1646 D WindowManager: bRet =false
03-06 10:05:34.839  1589  1646 E septemberan: mPPTVHotkeyService != null
03-06 10:05:34.839  2111  4763 I HotkeyService: handleKeyEvents
03-06 10:05:34.839  2111  4763 I HotkeyService: Enter ListenAloneKeyHandler
03-06 10:05:34.840  2111  4763 I SystemImpl: getProp key:TvSystem:PROP_LISTEN_ALONE value:false
03-06 10:05:34.840  2111  4763 I HotkeyService: Enter FirstAndSearchingHandler
03-06 10:05:34.840  2111  4763 I HotkeyService: Enter AppHotkeyHandler
03-06 10:05:34.840  2111  4763 I HotkeyManager: notifyHotkeyListener
03-06 10:05:34.840  2111  4763 I HotkeyService: notifyCallbacks size : 4
03-06 10:05:34.841  2111  4763 I HotkeyService: dispatch key<23:KEYCODE_DPAD_CENTER:1> to HotkeyCallbackWrapper{Uid:10011, Pid:1742, Priority:9, AppName:com.pptv.systemui}
03-06 10:05:34.841  1742  3137 D NotificationPanel: keycode=23, action=1
03-06 10:05:34.841  1742  3137 D SystemUIApplication: handleKeyEvent, keycode:23 action:1, ret:false
03-06 10:05:34.841  1742  3137 D TvStatusBar:   mPlayGuideView android.widget.FrameLayout{332479e4 G.E..... ......I. 0,0-1920,1080}  interceptKegEvent   false  event.getDeviceId()  -1
03-06 10:05:34.842  2111  4763 I HotkeyService: dispatch key<23:KEYCODE_DPAD_CENTER:1> to HotkeyCallbackWrapper{Uid:1000, Pid:3394, Priority:8, AppName:com.pptv.voicecontroller}
03-06 10:05:34.843  3394  3410 D PPTVVoiceService_handleKeyEvent_670: handleKeyEvent 23, 1
03-06 10:05:34.844  2111  4763 I HotkeyService: dispatch key<23:KEYCODE_DPAD_CENTER:1> to HotkeyCallbackWrapper{Uid:1000, Pid:2111, Priority:5, AppName:com.pptv.framework.tvservice}
03-06 10:05:34.844  2111  4763 I HotkeyService: dispatch key<23:KEYCODE_DPAD_CENTER:1> to HotkeyCallbackWrapper{Uid:1000, Pid:2214, Priority:5, AppName:com.pptv.tv}
03-06 10:05:34.844  2111  4763 I HotkeyService: hotkey keycode : 23 deviceId=-1 result : 0 reason:R_NO_INTERCEPT
03-06 10:05:34.844  1589  1646 D WindowManager: mPPTVHotkeyService bRet =false
03-06 10:05:34.846  2065  2065 D InputEventDispatcher: onInputEvent: KeyEvent { action=ACTION_UP, keyCode=KEYCODE_DPAD_CENTER, scanCode=0, metaState=0, flags=0x8, repeatCount=0, eventTime=55466549, downTime=55466549, deviceId=-1, source=0x101 }
03-06 10:05:34.846 19539 19539 D SogouIME: [onKeyUp] keycode = 23 model = PPTV-55P+Pro build_id:Build_130480_20170508
03-06 10:05:34.847  2065  2480 I Launcher-Gank: log=t:1318,i:1537,p:page_home,e:mv,tp:content_type_102,a:clk,pn:推荐,cn:今日热播,pgn:彼方剑语,ch:110037;
03-06 10:05:34.848  2065  2065 E QiYiHelper: isQiYiAction:false
03-06 10:05:34.849  2065  2065 W ContextImpl: Calling a method in the system process without a qualified user: android.app.ContextImpl.startActivity:1219 android.content.ContextWrapper.startActivity:322 com.pptv.launcher.utils.h.a:-1 com.pptv.launcher.utils.h.a:-1 com.pptv.launcher.view.home.aa.a:-1 
03-06 10:05:34.850  2065  2065 W ContextImpl: Calling a method in the system process without a qualified user: android.app.ContextImpl.startActivity:1231 android.app.ContextImpl.startActivity:1220 android.content.ContextWrapper.startActivity:322 com.pptv.launcher.utils.h.a:-1 com.pptv.launcher.utils.h.a:-1 
03-06 10:05:34.851  1589  2062 I ActivityManager: START u0 {cat=[android.intent.category.DEFAULT] flg=0x30000000 pkg=com.pptv.launcher cmp=com.pptv.launcher/.ChannelDetailActivity (has extras)} from uid 1000 on display 0
03-06 10:05:34.858  3394  3728 I BDSHttpRequestMaker: readThirdData dataType : 242, dataLen=94, https://dueros-voice.baidu.com/dcs_event?sn=29f900f2-7156-4891-8d0b-b255fc554938 &1e84d2a2, 
03-06 10:05:34.858  3394  3728 I BDSHttpRequestMaker: response : HTTP/1.1 200 OK
03-06 10:05:34.858  3394  3728 I BDSHttpRequestMaker: Content-Type: multipart/form-data; boundary=___dueros_dcs_v1_boundary___
03-06 10:05:34.858  3394  3728 I BDSHttpRequestMaker: 
03-06 10:05:34.858  3394  3728 I BDSHttpRequestMaker:  https://dueros-voice.baidu.com/dcs_event?sn=29f900f2-7156-4891-8d0b-b255fc554938 &1e84d2a2, 
03-06 10:05:34.890  1762  2471 I PictureManager_JNI: getDlcAverageLuma
03-06 10:05:34.892  1762  2471 I TvManager_JNI: isSignalStable
03-06 10:05:34.893  1762  2471 I PictureManager_JNI: getBacklight
03-06 10:05:34.893  1762  2471 E septemberan: dbcHandler: mDbcBacklightRange: 48
03-06 10:05:34.893  1762  2471 I PictureManager_JNI: setBacklight
03-06 10:05:34.908  3394  3728 I BDSHttpRequestMaker: readThirdData dataType : 242, dataLen=33, https://dueros-voice.baidu.com/dcs_event?sn=29f900f2-7156-4891-8d0b-b255fc554938 &1e84d2a2, 
03-06 10:05:34.908  3394  3728 I BDSHttpRequestMaker: response : --___dueros_dcs_v1_boundary___
03-06 10:05:34.908  3394  3728 I BDSHttpRequestMaker:  https://dueros-voice.baidu.com/dcs_event?sn=29f900f2-7156-4891-8d0b-b255fc554938 &1e84d2a2, 
03-06 10:05:34.911  3394  3728 I BDSHttpRequestMaker: readThirdData dataType : 242, dataLen=47, https://dueros-voice.baidu.com/dcs_event?sn=29f900f2-7156-4891-8d0b-b255fc554938 &1e84d2a2, 
03-06 10:05:34.911  3394  3728 I BDSHttpRequestMaker: response : Content-Disposition: form-data; name="empty"
03-06 10:05:34.911  3394  3728 I BDSHttpRequestMaker:  https://dueros-voice.baidu.com/dcs_event?sn=29f900f2-7156-4891-8d0b-b255fc554938 &1e84d2a2, 
03-06 10:05:34.912  3394  3728 I BDSHttpRequestMaker: readThirdData dataType : 242, dataLen=3, https://dueros-voice.baidu.com/dcs_event?sn=29f900f2-7156-4891-8d0b-b255fc554938 &1e84d2a2, 
03-06 10:05:34.912  3394  3728 I BDSHttpRequestMaker: response : 
03-06 10:05:34.912  3394  3728 I BDSHttpRequestMaker:  https://dueros-voice.baidu.com/dcs_event?sn=29f900f2-7156-4891-8d0b-b255fc554938 &1e84d2a2, 
03-06 10:05:34.914  3394  3728 I BDSHttpRequestMaker: readThirdData dataType : 242, dataLen=3, https://dueros-voice.baidu.com/dcs_event?sn=29f900f2-7156-4891-8d0b-b255fc554938 &1e84d2a2, 
03-06 10:05:34.914  3394  3728 I BDSHttpRequestMaker: response : 
03-06 10:05:34.914  3394  3728 I BDSHttpRequestMaker:  https://dueros-voice.baidu.com/dcs_event?sn=29f900f2-7156-4891-8d0b-b255fc554938 &1e84d2a2, 
03-06 10:05:34.916  1762  1784 D PlayerImpl_JNI: isSignalStable
03-06 10:05:34.917  3394  3728 I BDSHttpRequestMaker: readThirdData dataType : 242, dataLen=35, https://dueros-voice.baidu.com/dcs_event?sn=29f900f2-7156-4891-8d0b-b255fc554938 &1e84d2a2, 
03-06 10:05:34.918  3394  3728 I BDSHttpRequestMaker: response : 
03-06 10:05:34.918  3394  3728 I BDSHttpRequestMaker: --___dueros_dcs_v1_boundary___-- https://dueros-voice.baidu.com/dcs_event?sn=29f900f2-7156-4891-8d0b-b255fc554938 &1e84d2a2, 
03-06 10:05:34.919  3394  3728 I BDSHttpRequestMaker: readThirdData dataType : 243, dataLen=1, https://dueros-voice.baidu.com/dcs_event?sn=29f900f2-7156-4891-8d0b-b255fc554938 &1e84d2a2, 
03-06 10:05:34.919  3394  4775 W System.err: java.io.IOException: Pipe not connected
03-06 10:05:34.920  3394  4775 W System.err: 	at java.io.PipedOutputStream.write(PipedOutputStream.java:174)
03-06 10:05:34.920  3394  4775 W System.err: 	at java.io.OutputStream.write(OutputStream.java:106)
03-06 10:05:34.920  3394  4775 W System.err: 	at java.io.PipedOutputStream.write(PipedOutputStream.java:147)
03-06 10:05:34.920  3394  4775 W System.err: 	at java.io.OutputStream.write(OutputStream.java:82)
03-06 10:05:34.920  3394  4775 W System.err: 	at com.baidu.dcs.acl.AudioTransportLayer$BaseEventListener$1.run(AudioTransportLayer.java:310)
03-06 10:05:34.920  3394  4775 W System.err: 	at java.util.concurrent.ThreadPoolExecutor.runWorker(ThreadPoolExecutor.java:1112)
03-06 10:05:34.920  3394  4775 W System.err: 	at java.util.concurrent.ThreadPoolExecutor$Worker.run(ThreadPoolExecutor.java:587)
03-06 10:05:34.920  3394  4775 W System.err: 	at java.lang.Thread.run(Thread.java:818)
03-06 10:05:34.920  3394  4775 W System.err: java.io.IOException: Pipe not connected
03-06 10:05:34.920  3394  4775 W System.err: 	at java.io.PipedOutputStream.write(PipedOutputStream.java:174)
03-06 10:05:34.920  3394  4775 W System.err: 	at java.io.OutputStream.write(OutputStream.java:106)
03-06 10:05:34.920  3394  4775 W System.err: 	at java.io.PipedOutputStream.write(PipedOutputStream.java:147)
03-06 10:05:34.921  3394  4775 W System.err: 	at java.io.OutputStream.write(OutputStream.java:82)
03-06 10:05:34.921  3394  4775 W System.err: 	at com.baidu.dcs.acl.AudioTransportLayer$BaseEventListener$1.run(AudioTransportLayer.java:310)
03-06 10:05:34.921  3394  4775 W System.err: 	at java.util.concurrent.ThreadPoolExecutor.runWorker(ThreadPoolExecutor.java:1112)
03-06 10:05:34.921  3394  4775 W System.err: 	at java.util.concurrent.ThreadPoolExecutor$Worker.run(ThreadPoolExecutor.java:587)
03-06 10:05:34.921  3394  4775 W System.err: 	at java.lang.Thread.run(Thread.java:818)
03-06 10:05:34.923  3394  3728 W BDSHttpRequestMaker: Dcsconnection stauts has already been closed. &1e84d2a2, 
03-06 10:05:34.978  2111  5435 I TvInputImpl: TvInput name:MEDIAgetProp key:PROP_SIGNAL_STATUS  value:UNSUPPORT
03-06 10:05:34.979  1867  2504 D TvService: checkChannel check input MEDIA status=UNSUPPORT
03-06 10:05:34.980  1867  2504 D TvService: onChannelSelected input MEDIA status=UNSUPPORT
03-06 10:05:34.980  1867  2504 D TvService: onChannelSelected -------------- mBusyLockFlag:0
03-06 10:05:34.980  1867  2504 E TvService: onChannelSelected not busy, ignore...
03-06 10:05:34.993  1762  2471 I PictureManager_JNI: getDlcAverageLuma
03-06 10:05:34.994  1762  2471 I TvManager_JNI: isSignalStable
03-06 10:05:34.994  1762  2471 I PictureManager_JNI: getBacklight
03-06 10:05:34.994  1762  2471 E septemberan: dbcHandler: mDbcBacklightRange: 48
03-06 10:05:34.994  1762  2471 I PictureManager_JNI: setBacklight
03-06 10:05:35.094  1762  2471 I PictureManager_JNI: getDlcAverageLuma
03-06 10:05:35.095  1762  2471 I TvManager_JNI: isSignalStable
03-06 10:05:35.095  1762  2471 I PictureManager_JNI: getBacklight
03-06 10:05:35.095  1762  2471 E septemberan: dbcHandler: mDbcBacklightRange: 48
03-06 10:05:35.095  1762  2471 I PictureManager_JNI: setBacklight
03-06 10:05:35.147  1589  2288 W System.err: java.lang.NullPointerException: Attempt to invoke virtual method 'boolean java.lang.String.startsWith(java.lang.String)' on a null object reference
03-06 10:05:35.148  1589  2288 W System.err: 	at com.android.server.am.ActivityManagerService.isAllow(ActivityManagerService.java:3788)
03-06 10:05:35.148  1589  2288 W System.err: 	at com.android.server.am.ActivityManagerService.startActivity(ActivityManagerService.java:3832)
03-06 10:05:35.148  1589  2288 W System.err: 	at android.app.ActivityManagerNative.onTransact(ActivityManagerNative.java:140)
03-06 10:05:35.148  1589  2288 W System.err: 	at com.android.server.am.ActivityManagerService.onTransact(ActivityManagerService.java:2503)
03-06 10:05:35.148  1589  2288 W System.err: 	at android.os.Binder.execTransact(Binder.java:446)
03-06 10:05:35.196  1762  2471 I PictureManager_JNI: getDlcAverageLuma
03-06 10:05:35.196  1762  2471 I TvManager_JNI: isSignalStable
03-06 10:05:35.196  1762  2471 I PictureManager_JNI: getBacklight
03-06 10:05:35.196  1762  2471 E septemberan: dbcHandler: mDbcBacklightRange: 48
03-06 10:05:35.196  1762  2471 I PictureManager_JNI: setBacklight
03-06 10:05:35.297  1762  2471 I PictureManager_JNI: getDlcAverageLuma
03-06 10:05:35.298  1762  2471 I TvManager_JNI: isSignalStable
03-06 10:05:35.298  1762  2471 I PictureManager_JNI: getBacklight
03-06 10:05:35.298  1762  2471 E septemberan: dbcHandler: mDbcBacklightRange: 48
03-06 10:05:35.298  1762  2471 I PictureManager_JNI: setBacklight
03-06 10:05:35.398  1762  2471 I PictureManager_JNI: getDlcAverageLuma
03-06 10:05:35.399  1762  2471 I TvManager_JNI: isSignalStable
03-06 10:05:35.399  1762  2471 I PictureManager_JNI: getBacklight
03-06 10:05:35.399  1762  2471 E septemberan: dbcHandler: mDbcBacklightRange: 48
03-06 10:05:35.399  1762  2471 I PictureManager_JNI: setBacklight
03-06 10:05:35.450  1589  1646 D WindowManager: interceptKeyTi keyCode=20 down=true repeatCount=0 keyguardOn=false mHomePressed=false canceled=false deviceName=Virtual
03-06 10:05:35.450  1589  1646 E septemberan: mHotkeyService != null
03-06 10:05:35.451  2322  2497 D Evan    : onGlobalKeyEvent keycode=20
03-06 10:05:35.451  2322  2497 D Evan    : invokeGlobalKeyListener
03-06 10:05:35.451  2322  2497 D TVApiSystemSignalImpl:  now=55467168
03-06 10:05:35.451  2322  2497 D TVApiSystemSignalImpl:  before=55459399
03-06 10:05:35.451  2322  2497 D Evan    : invokeGlobalKeyListener
03-06 10:05:35.451  2322  2497 D TVApiSystemNoActionAutoPowerOffImpl: KeyEvnetListener Reset counter
03-06 10:05:35.452  2322  4932 D TvCecManager: arcIsAmpVolume
03-06 10:05:35.452  1762  2473 I CECManager_JNI: arcIsAmpVolume
03-06 10:05:35.453  1589  1646 D WindowManager: bRet =false
03-06 10:05:35.453  1589  1646 E septemberan: mPPTVHotkeyService != null
03-06 10:05:35.453  2111  5436 I HotkeyService: handleKeyEvents
03-06 10:05:35.453  2111  5436 I HotkeyService: Enter ListenAloneKeyHandler
03-06 10:05:35.454  2111  5436 I SystemImpl: getProp key:TvSystem:PROP_LISTEN_ALONE value:false
03-06 10:05:35.454  2111  5436 I HotkeyService: Enter FirstAndSearchingHandler
03-06 10:05:35.454  2111  5436 I HotkeyService: Enter AppHotkeyHandler
03-06 10:05:35.454  2111  5436 I HotkeyManager: notifyHotkeyListener
03-06 10:05:35.454  2111  5436 I HotkeyService: notifyCallbacks size : 4
03-06 10:05:35.454  2111  5436 I HotkeyService: dispatch key<20:KEYCODE_DPAD_DOWN:0> to HotkeyCallbackWrapper{Uid:10011, Pid:1742, Priority:9, AppName:com.pptv.systemui}
03-06 10:05:35.454  1742  3451 D NotificationPanel: keycode=20, action=0
03-06 10:05:35.455  1742  3451 D SystemUIApplication: handleKeyEvent, keycode:20 action:0, ret:false
03-06 10:05:35.455  1742  3451 D TvStatusBar:   mPlayGuideView android.widget.FrameLayout{332479e4 G.E..... ......I. 0,0-1920,1080}  interceptKegEvent   false  event.getDeviceId()  -1
03-06 10:05:35.455  2111  5436 I HotkeyService: dispatch key<20:KEYCODE_DPAD_DOWN:0> to HotkeyCallbackWrapper{Uid:1000, Pid:3394, Priority:8, AppName:com.pptv.voicecontroller}
03-06 10:05:35.455  3394  3411 D PPTVVoiceService_handleKeyEvent_670: handleKeyEvent 20, 0
03-06 10:05:35.456  2111  5436 I HotkeyService: dispatch key<20:KEYCODE_DPAD_DOWN:0> to HotkeyCallbackWrapper{Uid:1000, Pid:2111, Priority:5, AppName:com.pptv.framework.tvservice}
03-06 10:05:35.456  2111  5436 I HotkeyService: dispatch key<20:KEYCODE_DPAD_DOWN:0> to HotkeyCallbackWrapper{Uid:1000, Pid:2214, Priority:5, AppName:com.pptv.tv}
03-06 10:05:35.456  2111  5436 I HotkeyService: hotkey keycode : 20 deviceId=-1 result : 0 reason:R_NO_INTERCEPT
03-06 10:05:35.456  1589  1646 D WindowManager: mPPTVHotkeyService bRet =false
03-06 10:05:35.457  2065  2065 D InputEventDispatcher: onInputEvent: KeyEvent { action=ACTION_DOWN, keyCode=KEYCODE_DPAD_DOWN, scanCode=0, metaState=0, flags=0x8, repeatCount=0, eventTime=55467166, downTime=55467166, deviceId=-1, source=0x101 }
03-06 10:05:35.458 19539 19539 D SogouIME: [onKeyDown] keycode = 20 model = PPTV-55P+Pro build_id:Build_130480_20170508 true
03-06 10:05:35.459  2065  2065 D HomeMainRecyclerView: focusSearch: view = [android.widget.FrameLayout{3e7717dd VFE...C. ........ 829,472-1321,820 #7f0e0322 app:id/main_view}]
03-06 10:05:35.462  1589  1646 D WindowManager: interceptKeyTi keyCode=20 down=false repeatCount=0 keyguardOn=false mHomePressed=false canceled=false deviceName=Virtual
03-06 10:05:35.462  1589  1646 E septemberan: mHotkeyService != null
03-06 10:05:35.465  2779  2797 E CvteATHotkey: <AT-TPV> processTPVFacKey ScanCode = 0x0
03-06 10:05:35.466  2322 15196 D TvCecManager: arcIsAmpVolume
03-06 10:05:35.466  1762  4931 I CECManager_JNI: arcIsAmpVolume
03-06 10:05:35.467  1589  1646 D WindowManager: bRet =false
03-06 10:05:35.467  1589  1646 E septemberan: mPPTVHotkeyService != null
03-06 10:05:35.467  2111 12345 I HotkeyService: handleKeyEvents
03-06 10:05:35.467  2111 12345 I HotkeyService: Enter ListenAloneKeyHandler
03-06 10:05:35.469  2111 12345 I SystemImpl: getProp key:TvSystem:PROP_LISTEN_ALONE value:false
03-06 10:05:35.469  2111 12345 I HotkeyService: Enter FirstAndSearchingHandler
03-06 10:05:35.469  2111 12345 I HotkeyService: Enter AppHotkeyHandler
03-06 10:05:35.469  2111 12345 I HotkeyManager: notifyHotkeyListener
03-06 10:05:35.469  2111 12345 I HotkeyService: notifyCallbacks size : 4
03-06 10:05:35.469  2111 12345 I HotkeyService: dispatch key<20:KEYCODE_DPAD_DOWN:1> to HotkeyCallbackWrapper{Uid:10011, Pid:1742, Priority:9, AppName:com.pptv.systemui}
03-06 10:05:35.470  1742  1759 D NotificationPanel: keycode=20, action=1
03-06 10:05:35.470  1742  1759 D SystemUIApplication: handleKeyEvent, keycode:20 action:1, ret:false
03-06 10:05:35.470  1742  1759 D TvStatusBar:   mPlayGuideView android.widget.FrameLayout{332479e4 G.E..... ......I. 0,0-1920,1080}  interceptKegEvent   false  event.getDeviceId()  -1
03-06 10:05:35.470  2111 12345 I HotkeyService: dispatch key<20:KEYCODE_DPAD_DOWN:1> to HotkeyCallbackWrapper{Uid:1000, Pid:3394, Priority:8, AppName:com.pptv.voicecontroller}
03-06 10:05:35.471  3394  3465 D PPTVVoiceService_handleKeyEvent_670: handleKeyEvent 20, 1
03-06 10:05:35.471  2111 12345 I HotkeyService: dispatch key<20:KEYCODE_DPAD_DOWN:1> to HotkeyCallbackWrapper{Uid:1000, Pid:2111, Priority:5, AppName:com.pptv.framework.tvservice}
03-06 10:05:35.471  2111 12345 I HotkeyService: dispatch key<20:KEYCODE_DPAD_DOWN:1> to HotkeyCallbackWrapper{Uid:1000, Pid:2214, Priority:5, AppName:com.pptv.tv}
03-06 10:05:35.472  2111 12345 I HotkeyService: hotkey keycode : 20 deviceId=-1 result : 0 reason:R_NO_INTERCEPT
03-06 10:05:35.472  1589  1646 D WindowManager: mPPTVHotkeyService bRet =false
03-06 10:05:35.474 19539 19539 D SogouIME: [onKeyUp] keycode = 20 model = PPTV-55P+Pro build_id:Build_130480_20170508
03-06 10:05:35.474  2065  2065 D InputEventDispatcher: onInputEvent: KeyEvent { action=ACTION_UP, keyCode=KEYCODE_DPAD_DOWN, scanCode=0, metaState=0, flags=0x8, repeatCount=0, eventTime=55467174, downTime=55467174, deviceId=-1, source=0x101 }
03-06 10:05:35.480  2065  2065 D setPrimaryItem: setPrimaryItem: 498
03-06 10:05:35.501  1762  2471 I PictureManager_JNI: getDlcAverageLuma
03-06 10:05:35.501  1762  2471 I TvManager_JNI: isSignalStable
03-06 10:05:35.501  1762  2471 I PictureManager_JNI: getBacklight
03-06 10:05:35.502  1762  2471 E septemberan: dbcHandler: mDbcBacklightRange: 48
03-06 10:05:35.502  1762  2471 I PictureManager_JNI: setBacklight
03-06 10:05:35.506 19539 19539 D SogouIME API: ==============num:32
03-06 10:05:35.506 19539 19539 D SogouIME: mFocusedComponent:30   isHkbEnable:false
03-06 10:05:35.507 19539 19539 D SogouIME: =====configKeyboard=======是否有硬件盘:false     硬件盘是否不再隐藏：false
03-06 10:05:35.602  1762  2471 I PictureManager_JNI: getDlcAverageLuma
03-06 10:05:35.605  1762  2471 I TvManager_JNI: isSignalStable
03-06 10:05:35.605  1762  2471 I PictureManager_JNI: getBacklight
03-06 10:05:35.605  1762  2471 E septemberan: dbcHandler: mDbcBacklightRange: 48
03-06 10:05:35.605  1762  2471 I PictureManager_JNI: setBacklight
03-06 10:05:35.706  1762  2471 I PictureManager_JNI: getDlcAverageLuma
03-06 10:05:35.707  1762  2471 I TvManager_JNI: isSignalStable
03-06 10:05:35.707  1762  2471 I PictureManager_JNI: getBacklight
03-06 10:05:35.707  1762  2471 E septemberan: dbcHandler: mDbcBacklightRange: 48
03-06 10:05:35.707  1762  2471 I PictureManager_JNI: setBacklight
03-06 10:05:35.775  1589  1605 W TelecomManager: Telecom Service not found.
03-06 10:05:35.775  1589  1605 W TelecomManager: Telecom Service not found.
03-06 10:05:35.776  1589  1646 D WindowManager: interceptKeyTi keyCode=164 down=true repeatCount=0 keyguardOn=false mHomePressed=false canceled=false deviceName=Virtual
03-06 10:05:35.776  1589  1646 E septemberan: mHotkeyService != null
03-06 10:05:35.777  2322 11145 D Evan    : onGlobalKeyEvent keycode=164
03-06 10:05:35.777  2322 11145 D Evan    : invokeGlobalKeyListener
03-06 10:05:35.777  2322 11145 D TVApiSystemSignalImpl:  now=55467494
03-06 10:05:35.777  2322 11145 D TVApiSystemSignalImpl:  before=55459399
03-06 10:05:35.777  2322 11145 D Evan    : invokeGlobalKeyListener
03-06 10:05:35.777  2322 11145 D TVApiSystemNoActionAutoPowerOffImpl: KeyEvnetListener Reset counter
03-06 10:05:35.778  2322  2338 D TvCecManager: arcIsAmpVolume
03-06 10:05:35.778  1762 13736 I CECManager_JNI: arcIsAmpVolume
03-06 10:05:35.779  1589  1646 D WindowManager: bRet =false
03-06 10:05:35.779  1589  1646 E septemberan: mPPTVHotkeyService != null
03-06 10:05:35.779  2111  2134 I HotkeyService: handleKeyEvents
03-06 10:05:35.779  2111  2134 I HotkeyService: Enter ListenAloneKeyHandler
03-06 10:05:35.779  2111  2134 I HotkeyService: Enter FirstAndSearchingHandler
03-06 10:05:35.779  2111  2134 I HotkeyService: Enter AppHotkeyHandler
03-06 10:05:35.779  2111  2134 I HotkeyManager: notifyHotkeyListener
03-06 10:05:35.779  2111  2134 I HotkeyService: notifyCallbacks size : 4
03-06 10:05:35.780  2111  2134 I HotkeyService: dispatch key<164:KEYCODE_VOLUME_MUTE:0> to HotkeyCallbackWrapper{Uid:10011, Pid:1742, Priority:9, AppName:com.pptv.systemui}
03-06 10:05:35.780  1742  1758 D NotificationPanel: keycode=164, action=0
03-06 10:05:35.780  1742  1758 D SystemUIApplication: handleKeyEvent, keycode:164 action:0, ret:false
03-06 10:05:35.780  1742  1758 D TvStatusBar:   mPlayGuideView android.widget.FrameLayout{332479e4 G.E..... ......I. 0,0-1920,1080}  interceptKegEvent   false  event.getDeviceId()  -1
03-06 10:05:35.782  2111  2134 I HotkeyService: dispatch key<164:KEYCODE_VOLUME_MUTE:0> to HotkeyCallbackWrapper{Uid:1000, Pid:3394, Priority:8, AppName:com.pptv.voicecontroller}
03-06 10:05:35.782  3394  3410 D PPTVVoiceService_handleKeyEvent_670: handleKeyEvent 164, 0
03-06 10:05:35.783  2111  2134 I HotkeyService: dispatch key<164:KEYCODE_VOLUME_MUTE:0> to HotkeyCallbackWrapper{Uid:1000, Pid:2111, Priority:5, AppName:com.pptv.framework.tvservice}
03-06 10:05:35.783  2111  2134 I HotkeyService: dispatch key<164:KEYCODE_VOLUME_MUTE:0> to HotkeyCallbackWrapper{Uid:1000, Pid:2214, Priority:5, AppName:com.pptv.tv}
03-06 10:05:35.783  2214  6083 D ppostv/TvApplication: gsd handleKeyEvent  keyCode = 164   action = 0
03-06 10:05:35.783  2214  6083 D ppostv/TvApplication: KeyEvent.ACTION_DOWN 164
03-06 10:05:35.784  2111  2134 D ITvInputManagerImplPolicy: [server][2214][1000][2134]getCurrentTvInput
03-06 10:05:35.785  2322  4932 D TVApiSystemInputSourceImpl: eventSystemInputSourceGetInputSource
03-06 10:05:35.785  2322  4932 D TVApiSystemInputSourceImpl: generateInputSourceList
03-06 10:05:35.786  2322  4932 D TVApiSystemInputSourceImpl: currentSrc&&&&&&&&&&&&&& =7
03-06 10:05:35.787  2111  2134 I TvInputManagerImpl: getCurrentTvInput inputsource id :7
03-06 10:05:35.787  2111  2134 I ITvInputManagerImplPolicy: [server][2214][1000][2134]getCurrentTvInput =com.pptv.framework.cvte.tv1.tv.TvInputImpl@1a4fda9e
03-06 10:05:35.787  2111  2134 D ITvInputManagerImplPolicy: [server][2214][1000][2134]getCurrentTvInput from mTvInputsArray, size =8
03-06 10:05:35.787  2111  2134 D ITvInputManagerImplPolicy: [server][2214][1000][2134]getCurrentTvInput from mTvInputsArray, input =ITvInputPolicy{3cd0697f MEDIA}
03-06 10:05:35.788  2111  2134 I ITvInputPolicy: [server][2214][1000][2134]getSound --->com.pptv.framework.cvte.tv1.tv.SoundImpl@252bc195
03-06 10:05:35.788  2111  2134 I ITvInputPolicy: [server][2214][1000][2134]getSound ---> remote com.pptv.framework.tv.policy.ISoundPolicy@13cfdcfd
03-06 10:05:35.789  2111  2134 D ISoundPolicy: [server][2214][1000][2134]getProp key = PROP_SPEAKER_ROUTE
03-06 10:05:35.789  1821  1837 I TvSettingsProvider: [server][2111][1000][1837]query uri = content://com.pptv.framework.tvservice/fs/SpeakerRoute
03-06 10:05:35.790  1821  1837 I FileStorage: [server][2111][1000][1837]query uri = content://com.pptv.framework.tvservice/fs/SpeakerRoute
03-06 10:05:35.790  1821  1837 I FileStorage: [server][2111][1000][1837]query key = SpeakerRoute
03-06 10:05:35.790  1821  1837 I FileStorage: [server][2111][1000][1837]query value = INNER_SPEAKER
03-06 10:05:35.791  2111  2134 D SoundImpl: getProp PROP_SPEAKER_ROUTE value = INNER_SPEAKER
03-06 10:05:35.792  2214  2214 D VolumePanel: setVolumeMute
03-06 10:05:35.792  2111  2133 D ITvSystemImplPolicy: [server][2214][1000][2133]getProp key = PROP_SOUND_ARC_CONNECTED
03-06 10:05:35.792  2111  2134 I HotkeyService: <164:KEYCODE_VOLUME_MUTE:0> is intercepted by HotkeyCallbackWrapper{Uid:1000, Pid:2214, Priority:5, AppName:com.pptv.tv}
03-06 10:05:35.792  2111  2134 I HotkeyService: AppHotkeyHandler intercept key, keyCode:164
03-06 10:05:35.792  2111  2134 I HotkeyService: hotkey keycode : 164 deviceId=-1 result : 6 reason:R_INTERCEPTED_BY_APP
03-06 10:05:35.793  1589  1646 D WindowManager: mPPTVHotkeyService bRet =true
03-06 10:05:35.794  1589  1646 D WindowManager: interceptKeyTi keyCode=164 down=false repeatCount=0 keyguardOn=false mHomePressed=false canceled=false deviceName=Virtual
03-06 10:05:35.794  1589  1646 E septemberan: mHotkeyService != null
03-06 10:05:35.795  2322  4929 D TvCecManager: arcIsAmpVolume
03-06 10:05:35.796  1762  1782 I CECManager_JNI: arcIsAmpVolume
03-06 10:05:35.796  2111  2133 I SystemImpl: getProp key:TvSystem:PROP_SOUND_ARC_CONNECTED value:false
03-06 10:05:35.797  2214  2214 I TvSystemImplPolicy: getProp [key:PROP_SOUND_ARC_CONNECTED;value:false]
03-06 10:05:35.797  2111  4763 D ITvSystemImplPolicy: [server][2214][1000][4763]getProp key = PROP_SOUND_MUTE
03-06 10:05:35.798  1589  2121 D AudioService: isPipOn: false
03-06 10:05:35.799  1589  2121 D AudioService: getMasterVolume speaker mute=false A2dp mute =false MasterVolumeFaked=100 volumeSpeaker=9 volumeA2dp=20
03-06 10:05:35.799  1589  2121 D AudioService: isPipOn: false
03-06 10:05:35.799  1589  2121 D AudioService: isPipOn: false
03-06 10:05:35.799  2322  2339 D TVApiSoundSpeakerOutImpl: <--- eventSoundSpeakerOutIsMute --->false
03-06 10:05:35.799  2779  9375 E CvteATHotkey: <AT-TPV> processTPVFacKey ScanCode = 0x0
03-06 10:05:35.800  1589  2097 D AudioService: isPipOn: false
03-06 10:05:35.800  1589  2097 D AudioService: getMasterVolume speaker mute=false A2dp mute =false MasterVolumeFaked=100 volumeSpeaker=9 volumeA2dp=20
03-06 10:05:35.800  1589  2097 D AudioService: isPipOn: false
