03-06 10:05:43.443  2111  5435 I HotkeyService: dispatch key<22:KEYCODE_DPAD_RIGHT:0> to HotkeyCallbackWrapper{Uid:1000, Pid:2111, Priority:5, AppName:com.pptv.framework.tvservice}
03-06 10:05:43.443  2111  5435 I HotkeyService: dispatch key<22:KEYCODE_DPAD_RIGHT:0> to HotkeyCallbackWrapper{Uid:1000, Pid:2214, Priority:5, AppName:com.pptv.tv}
03-06 10:05:43.444  2111  5435 I HotkeyService: hotkey keycode : 22 deviceId=-1 result : 0 reason:R_NO_INTERCEPT
03-06 10:05:43.444  1589  1646 D WindowManager: mPPTVHotkeyService bRet =false
03-06 10:05:43.445  2065  2065 D InputEventDispatcher: onInputEvent: KeyEvent { action=ACTION_DOWN, keyCode=KEYCODE_DPAD_RIGHT, scanCode=0, metaState=0, flags=0x8, repeatCount=0, eventTime=55475153, downTime=55475153, deviceId=-1, source=0x101 }
03-06 10:05:43.445 19539 19539 D SogouIME: [onKeyDown] keycode = 22 model = PPTV-55P+Pro build_id:Build_130480_20170508 true
03-06 10:05:43.446  1589  1646 D WindowManager: interceptKeyTi keyCode=22 down=false repeatCount=0 keyguardOn=false mHomePressed=false canceled=false deviceName=Virtual
03-06 10:05:43.446  1589  1646 E septemberan: mHotkeyService != null
03-06 10:05:43.449  2779  9375 E CvteATHotkey: <AT-TPV> processTPVFacKey ScanCode = 0x0
03-06 10:05:43.451  2322  4929 D TvCecManager: arcIsAmpVolume
03-06 10:05:43.451  1762  1782 I CECManager_JNI: arcIsAmpVolume
03-06 10:05:43.452  1589  1646 D WindowManager: bRet =false
03-06 10:05:43.452  1589  1646 E septemberan: mPPTVHotkeyService != null
03-06 10:05:43.453  2111  4763 I HotkeyService: handleKeyEvents
03-06 10:05:43.453  2111  4763 I HotkeyService: Enter ListenAloneKeyHandler
03-06 10:05:43.455  2111  4763 I SystemImpl: getProp key:TvSystem:PROP_LISTEN_ALONE value:false
03-06 10:05:43.455  2111  4763 I HotkeyService: Enter FirstAndSearchingHandler
03-06 10:05:43.455  2111  4763 I HotkeyService: Enter AppHotkeyHandler
03-06 10:05:43.455  2111  4763 I HotkeyManager: notifyHotkeyListener
03-06 10:05:43.455  2111  4763 I HotkeyService: notifyCallbacks size : 4
03-06 10:05:43.455  2111  4763 I HotkeyService: dispatch key<22:KEYCODE_DPAD_RIGHT:1> to HotkeyCallbackWrapper{Uid:10011, Pid:1742, Priority:9, AppName:com.pptv.systemui}
03-06 10:05:43.455  1742  1759 D NotificationPanel: keycode=22, action=1
03-06 10:05:43.455  1742  1759 D SystemUIApplication: handleKeyEvent, keycode:22 action:1, ret:false
03-06 10:05:43.455  1742  1759 D TvStatusBar:   mPlayGuideView android.widget.FrameLayout{332479e4 G.E..... ......I. 0,0-1920,1080}  interceptKegEvent   false  event.getDeviceId()  -1
03-06 10:05:43.456  2111  4763 I HotkeyService: dispatch key<22:KEYCODE_DPAD_RIGHT:1> to HotkeyCallbackWrapper{Uid:1000, Pid:3394, Priority:8, AppName:com.pptv.voicecontroller}
03-06 10:05:43.460  3394  3410 D PPTVVoiceService_handleKeyEvent_670: handleKeyEvent 22, 1
03-06 10:05:43.460  2111  4763 I HotkeyService: dispatch key<22:KEYCODE_DPAD_RIGHT:1> to HotkeyCallbackWrapper{Uid:1000, Pid:2111, Priority:5, AppName:com.pptv.framework.tvservice}
03-06 10:05:43.460  2111  4763 I HotkeyService: dispatch key<22:KEYCODE_DPAD_RIGHT:1> to HotkeyCallbackWrapper{Uid:1000, Pid:2214, Priority:5, AppName:com.pptv.tv}
03-06 10:05:43.461  2111  4763 I HotkeyService: hotkey keycode : 22 deviceId=-1 result : 0 reason:R_NO_INTERCEPT
03-06 10:05:43.461  1589  1646 D WindowManager: mPPTVHotkeyService bRet =false
03-06 10:05:43.462  2065  2065 D InputEventDispatcher: onInputEvent: KeyEvent { action=ACTION_UP, keyCode=KEYCODE_DPAD_RIGHT, scanCode=0, metaState=0, flags=0x8, repeatCount=0, eventTime=55475162, downTime=55475162, deviceId=-1, source=0x101 }
03-06 10:05:43.462 19539 19539 D SogouIME: [onKeyUp] keycode = 22 model = PPTV-55P+Pro build_id:Build_130480_20170508
03-06 10:05:43.496  1762  2471 I PictureManager_JNI: getDlcAverageLuma
03-06 10:05:43.496  1762  2471 I TvManager_JNI: isSignalStable
03-06 10:05:43.496  1762  2471 I PictureManager_JNI: getBacklight
03-06 10:05:43.497  1762  2471 E septemberan: dbcHandler: mDbcBacklightRange: 48
03-06 10:05:43.497  1762  2471 I PictureManager_JNI: setBacklight
03-06 10:05:43.597  1762  2471 I PictureManager_JNI: getDlcAverageLuma
03-06 10:05:43.598  1762  2471 I TvManager_JNI: isSignalStable
03-06 10:05:43.598  1762  2471 I PictureManager_JNI: getBacklight
03-06 10:05:43.598  1762  2471 E septemberan: dbcHandler: mDbcBacklightRange: 48
03-06 10:05:43.598  1762  2471 I PictureManager_JNI: setBacklight
03-06 10:05:43.698  1762  2471 I PictureManager_JNI: getDlcAverageLuma
03-06 10:05:43.699  1762  2471 I TvManager_JNI: isSignalStable
03-06 10:05:43.699  1762  2471 I PictureManager_JNI: getBacklight
03-06 10:05:43.699  1762  2471 E septemberan: dbcHandler: mDbcBacklightRange: 48
03-06 10:05:43.699  1762  2471 I PictureManager_JNI: setBacklight
03-06 10:05:43.763  1589  1646 D WindowManager: interceptKeyTi keyCode=4 down=true repeatCount=0 keyguardOn=false mHomePressed=false canceled=false deviceName=Virtual
03-06 10:05:43.763  1589  1646 E septemberan: mHotkeyService != null
03-06 10:05:43.764  2322  2497 D Evan    : onGlobalKeyEvent keycode=4
03-06 10:05:43.764  2322  2497 D Evan    : invokeGlobalKeyListener
03-06 10:05:43.764  2322  2497 D TVApiSystemSignalImpl:  now=55475481
03-06 10:05:43.764  2322  2497 D TVApiSystemSignalImpl:  before=55459399
03-06 10:05:43.764  2322  2497 D Evan    : invokeGlobalKeyListener
03-06 10:05:43.764  2322  2497 D TVApiSystemNoActionAutoPowerOffImpl: KeyEvnetListener Reset counter
03-06 10:05:43.765  2322  4932 D TvCecManager: arcIsAmpVolume
03-06 10:05:43.765  1762  1784 I CECManager_JNI: arcIsAmpVolume
03-06 10:05:43.765  1589  1646 D WindowManager: bRet =false
03-06 10:05:43.765  1589  1646 E septemberan: mPPTVHotkeyService != null
03-06 10:05:43.766  2111  5436 I HotkeyService: handleKeyEvents
03-06 10:05:43.766  2111  5436 I HotkeyService: Enter ListenAloneKeyHandler
03-06 10:05:43.767  2111  5436 I SystemImpl: getProp key:TvSystem:PROP_LISTEN_ALONE value:false
03-06 10:05:43.767  2111  5436 I HotkeyService: Enter FirstAndSearchingHandler
03-06 10:05:43.767  2111  5436 I HotkeyService: Enter AppHotkeyHandler
03-06 10:05:43.767  2111  5436 I HotkeyManager: notifyHotkeyListener
03-06 10:05:43.767  2111  5436 I HotkeyService: notifyCallbacks size : 4
03-06 10:05:43.767  2111  5436 I HotkeyService: dispatch key<4:KEYCODE_BACK:0> to HotkeyCallbackWrapper{Uid:10011, Pid:1742, Priority:9, AppName:com.pptv.systemui}
03-06 10:05:43.767  1742  3137 D NotificationPanel: keycode=4, action=0
03-06 10:05:43.767  1742  3137 D SystemUIApplication: handleKeyEvent, keycode:4 action:0, ret:false
03-06 10:05:43.767  1742  3137 D TvStatusBar:   mPlayGuideView android.widget.FrameLayout{332479e4 G.E..... ......I. 0,0-1920,1080}  interceptKegEvent   false  event.getDeviceId()  -1
03-06 10:05:43.768  2111  5436 I HotkeyService: dispatch key<4:KEYCODE_BACK:0> to HotkeyCallbackWrapper{Uid:1000, Pid:3394, Priority:8, AppName:com.pptv.voicecontroller}
03-06 10:05:43.768  3394  3411 D PPTVVoiceService_handleKeyEvent_670: handleKeyEvent 4, 0
03-06 10:05:43.768  2111  5436 I HotkeyService: dispatch key<4:KEYCODE_BACK:0> to HotkeyCallbackWrapper{Uid:1000, Pid:2111, Priority:5, AppName:com.pptv.framework.tvservice}
03-06 10:05:43.768  2111  5436 I HotkeyService: dispatch key<4:KEYCODE_BACK:0> to HotkeyCallbackWrapper{Uid:1000, Pid:2214, Priority:5, AppName:com.pptv.tv}
03-06 10:05:43.769  2111  5436 I HotkeyService: hotkey keycode : 4 deviceId=-1 result : 0 reason:R_NO_INTERCEPT
03-06 10:05:43.769  1589  1646 D WindowManager: mPPTVHotkeyService bRet =false
03-06 10:05:43.770  2065  2065 D InputEventDispatcher: onInputEvent: KeyEvent { action=ACTION_DOWN, keyCode=KEYCODE_BACK, scanCode=0, metaState=0, flags=0x8, repeatCount=0, eventTime=55475479, downTime=55475479, deviceId=-1, source=0x101 }
03-06 10:05:43.771  1589  1646 D WindowManager: interceptKeyTi keyCode=4 down=false repeatCount=0 keyguardOn=false mHomePressed=false canceled=false deviceName=Virtual
03-06 10:05:43.771  1589  1646 E septemberan: mHotkeyService != null
03-06 10:05:43.771 19539 19539 D SogouIME: [onKeyDown] keycode = 4 model = PPTV-55P+Pro build_id:Build_130480_20170508 true
03-06 10:05:43.774  2779  2796 E CvteATHotkey: <AT-TPV> processTPVFacKey ScanCode = 0x0
03-06 10:05:43.775  2322 15196 D TvCecManager: arcIsAmpVolume
03-06 10:05:43.775  1762  2473 I CECManager_JNI: arcIsAmpVolume
03-06 10:05:43.776  1589  1646 D WindowManager: bRet =false
03-06 10:05:43.776  1589  1646 E septemberan: mPPTVHotkeyService != null
03-06 10:05:43.776  2111  2133 I HotkeyService: handleKeyEvents
03-06 10:05:43.776  2111  2133 I HotkeyService: Enter ListenAloneKeyHandler
03-06 10:05:43.777  2111  2133 I SystemImpl: getProp key:TvSystem:PROP_LISTEN_ALONE value:false
03-06 10:05:43.777  2111  2133 I HotkeyService: Enter FirstAndSearchingHandler
03-06 10:05:43.777  2111  2133 I HotkeyService: Enter AppHotkeyHandler
03-06 10:05:43.777  2111  2133 I HotkeyManager: notifyHotkeyListener
03-06 10:05:43.777  2111  2133 I HotkeyService: notifyCallbacks size : 4
03-06 10:05:43.777  2111  2133 I HotkeyService: dispatch key<4:KEYCODE_BACK:1> to HotkeyCallbackWrapper{Uid:10011, Pid:1742, Priority:9, AppName:com.pptv.systemui}
03-06 10:05:43.778  1742  1758 D NotificationPanel: keycode=4, action=1
03-06 10:05:43.778  1742  1758 D SystemUIApplication: handleKeyEvent, keycode:4 action:1, ret:false
03-06 10:05:43.778  1742  1758 D TvStatusBar:   mPlayGuideView android.widget.FrameLayout{332479e4 G.E..... ......I. 0,0-1920,1080}  interceptKegEvent   false  event.getDeviceId()  -1
03-06 10:05:43.778  2111  2133 I HotkeyService: dispatch key<4:KEYCODE_BACK:1> to HotkeyCallbackWrapper{Uid:1000, Pid:3394, Priority:8, AppName:com.pptv.voicecontroller}
03-06 10:05:43.779  3394  3465 D PPTVVoiceService_handleKeyEvent_670: handleKeyEvent 4, 1
03-06 10:05:43.779  2111  2133 I HotkeyService: dispatch key<4:KEYCODE_BACK:1> to HotkeyCallbackWrapper{Uid:1000, Pid:2111, Priority:5, AppName:com.pptv.framework.tvservice}
03-06 10:05:43.779  2111  2133 I HotkeyService: dispatch key<4:KEYCODE_BACK:1> to HotkeyCallbackWrapper{Uid:1000, Pid:2214, Priority:5, AppName:com.pptv.tv}
03-06 10:05:43.782  2111  2133 I HotkeyService: hotkey keycode : 4 deviceId=-1 result : 0 reason:R_NO_INTERCEPT
03-06 10:05:43.782  1589  1646 D WindowManager: mPPTVHotkeyService bRet =false
03-06 10:05:43.783  2065  2065 D InputEventDispatcher: onInputEvent: KeyEvent { action=ACTION_UP, keyCode=KEYCODE_BACK, scanCode=0, metaState=0, flags=0x8, repeatCount=0, eventTime=55475487, downTime=55475487, deviceId=-1, source=0x101 }
03-06 10:05:43.784 19539 19539 D SogouIME: [onKeyUp] keycode = 4 model = PPTV-55P+Pro build_id:Build_130480_20170508
03-06 10:05:43.800  1762  2471 I PictureManager_JNI: getDlcAverageLuma
03-06 10:05:43.800  1762  2471 I TvManager_JNI: isSignalStable
03-06 10:05:43.800  1762  2471 I PictureManager_JNI: getBacklight
03-06 10:05:43.800  1762  2471 E septemberan: dbcHandler: mDbcBacklightRange: 48
03-06 10:05:43.800  1762  2471 I PictureManager_JNI: setBacklight
03-06 10:05:43.901  1762  2471 I PictureManager_JNI: getDlcAverageLuma
03-06 10:05:43.902  1762  2471 I TvManager_JNI: isSignalStable
03-06 10:05:43.902  1762  2471 I PictureManager_JNI: getBacklight
03-06 10:05:43.902  1762  2471 E septemberan: dbcHandler: mDbcBacklightRange: 48
03-06 10:05:43.902  1762  2471 I PictureManager_JNI: setBacklight
03-06 10:05:43.928  1762  4931 D PlayerImpl_JNI: isSignalStable
03-06 10:05:44.002  1762  2471 I PictureManager_JNI: getDlcAverageLuma
03-06 10:05:44.003  1762  2471 I TvManager_JNI: isSignalStable
03-06 10:05:44.003  1762  2471 I PictureManager_JNI: getBacklight
03-06 10:05:44.003  1762  2471 E septemberan: dbcHandler: mDbcBacklightRange: 48
03-06 10:05:44.003  1762  2471 I PictureManager_JNI: setBacklight
03-06 10:05:44.085  1589  1605 W TelecomManager: Telecom Service not found.
03-06 10:05:44.085  1589  1605 W TelecomManager: Telecom Service not found.
03-06 10:05:44.085  1589  1646 D WindowManager: interceptKeyTi keyCode=24 down=true repeatCount=0 keyguardOn=false mHomePressed=false canceled=false deviceName=Virtual
03-06 10:05:44.085  1589  1646 E septemberan: mHotkeyService != null
03-06 10:05:44.087  2322 11145 D Evan    : onGlobalKeyEvent keycode=24
03-06 10:05:44.087  2322 11145 D Evan    : invokeGlobalKeyListener
03-06 10:05:44.087  2322 11145 D TVApiSystemSignalImpl:  now=55475804
03-06 10:05:44.087  2322 11145 D TVApiSystemSignalImpl:  before=55459399
03-06 10:05:44.087  2322 11145 D Evan    : invokeGlobalKeyListener
03-06 10:05:44.087  2322 11145 D TVApiSystemNoActionAutoPowerOffImpl: KeyEvnetListener Reset counter
03-06 10:05:44.087  2322  2339 D TvCecManager: arcIsAmpVolume
03-06 10:05:44.088  1762 13736 I CECManager_JNI: arcIsAmpVolume
03-06 10:05:44.088  1589  1646 D WindowManager: bRet =false
03-06 10:05:44.088  1589  1646 E septemberan: mPPTVHotkeyService != null
03-06 10:05:44.088  2111 12345 I HotkeyService: handleKeyEvents
03-06 10:05:44.089  2111 12345 I HotkeyService: Enter ListenAloneKeyHandler
03-06 10:05:44.089  2111 12345 I HotkeyService: Enter FirstAndSearchingHandler
03-06 10:05:44.089  2111 12345 I HotkeyService: check Volume key, repeat count:0
03-06 10:05:44.089  2111 12345 I HotkeyService: isSearchingChannel
03-06 10:05:44.089  2322  4932 D TVApiSystemInputSourceImpl: eventSystemInputSourceGetInputSource
03-06 10:05:44.089  2322  4932 D TVApiSystemInputSourceImpl: generateInputSourceList
03-06 10:05:44.093  2322  4932 D TVApiSystemInputSourceImpl: currentSrc&&&&&&&&&&&&&& =7
03-06 10:05:44.094  2111 12345 I TvInputManagerImpl: getCurrentTvInput inputsource id :7
03-06 10:05:44.094  2111 12345 I HotkeyService: isSearchingChannel:false
03-06 10:05:44.094  2111 12345 I HotkeyService: Enter AppHotkeyHandler
03-06 10:05:44.094  2111 12345 I HotkeyManager: notifyHotkeyListener
03-06 10:05:44.094  2111 12345 I HotkeyService: notifyCallbacks size : 4
03-06 10:05:44.094  2111 12345 I HotkeyService: dispatch key<24:KEYCODE_VOLUME_UP:0> to HotkeyCallbackWrapper{Uid:10011, Pid:1742, Priority:9, AppName:com.pptv.systemui}
03-06 10:05:44.094  1742  3451 D NotificationPanel: keycode=24, action=0
03-06 10:05:44.094  1742  3451 D SystemUIApplication: handleKeyEvent, keycode:24 action:0, ret:false
03-06 10:05:44.094  1742  3451 D TvStatusBar:   mPlayGuideView android.widget.FrameLayout{332479e4 G.E..... ......I. 0,0-1920,1080}  interceptKegEvent   false  event.getDeviceId()  -1
03-06 10:05:44.095  2111 12345 I HotkeyService: dispatch key<24:KEYCODE_VOLUME_UP:0> to HotkeyCallbackWrapper{Uid:1000, Pid:3394, Priority:8, AppName:com.pptv.voicecontroller}
03-06 10:05:44.095  3394  3410 D PPTVVoiceService_handleKeyEvent_670: handleKeyEvent 24, 0
03-06 10:05:44.096  2111 12345 I HotkeyService: dispatch key<24:KEYCODE_VOLUME_UP:0> to HotkeyCallbackWrapper{Uid:1000, Pid:2111, Priority:5, AppName:com.pptv.framework.tvservice}
03-06 10:05:44.096  2111 12345 I HotkeyService: dispatch key<24:KEYCODE_VOLUME_UP:0> to HotkeyCallbackWrapper{Uid:1000, Pid:2214, Priority:5, AppName:com.pptv.tv}
03-06 10:05:44.096  2214  2232 D ppostv/TvApplication: gsd handleKeyEvent  keyCode = 24   action = 0
03-06 10:05:44.096  2214  2232 D ppostv/TvApplication: KeyEvent.ACTION_DOWN 24
03-06 10:05:44.096  2111 12345 D ITvInputManagerImplPolicy: [server][2214][1000][12345]getCurrentTvInput
03-06 10:05:44.097  2322  4937 D TVApiSystemInputSourceImpl: eventSystemInputSourceGetInputSource
03-06 10:05:44.097  2322  4937 D TVApiSystemInputSourceImpl: generateInputSourceList
03-06 10:05:44.101  2322  4937 D TVApiSystemInputSourceImpl: currentSrc&&&&&&&&&&&&&& =7
03-06 10:05:44.102  2111 12345 I TvInputManagerImpl: getCurrentTvInput inputsource id :7
03-06 10:05:44.102  2111 12345 I ITvInputManagerImplPolicy: [server][2214][1000][12345]getCurrentTvInput =com.pptv.framework.cvte.tv1.tv.TvInputImpl@1a4fda9e
03-06 10:05:44.102  2111 12345 D ITvInputManagerImplPolicy: [server][2214][1000][12345]getCurrentTvInput from mTvInputsArray, size =8
03-06 10:05:44.102  2111 12345 D ITvInputManagerImplPolicy: [server][2214][1000][12345]getCurrentTvInput from mTvInputsArray, input =ITvInputPolicy{3cd0697f MEDIA}
03-06 10:05:44.103  2111 12345 I ITvInputPolicy: [server][2214][1000][12345]getSound --->com.pptv.framework.cvte.tv1.tv.SoundImpl@252bc195
03-06 10:05:44.103  2111 12345 I ITvInputPolicy: [server][2214][1000][12345]getSound ---> remote com.pptv.framework.tv.policy.ISoundPolicy@36ce32c0
03-06 10:05:44.104  1762  2471 I PictureManager_JNI: getDlcAverageLuma
03-06 10:05:44.104  2111 12345 D ISoundPolicy: [server][2214][1000][12345]getProp key = PROP_SPEAKER_ROUTE
03-06 10:05:44.104  1762  2471 I TvManager_JNI: isSignalStable
03-06 10:05:44.104  1762  2471 I PictureManager_JNI: getBacklight
03-06 10:05:44.104  1762  2471 E septemberan: dbcHandler: mDbcBacklightRange: 48
03-06 10:05:44.104  1762  2471 I PictureManager_JNI: setBacklight
03-06 10:05:44.104  1821  5434 I TvSettingsProvider: [server][2111][1000][5434]query uri = content://com.pptv.framework.tvservice/fs/SpeakerRoute
03-06 10:05:44.104  1821  5434 I FileStorage: [server][2111][1000][5434]query uri = content://com.pptv.framework.tvservice/fs/SpeakerRoute
03-06 10:05:44.105  1821  5434 I FileStorage: [server][2111][1000][5434]query key = SpeakerRoute
03-06 10:05:44.105  1821  5434 I FileStorage: [server][2111][1000][5434]query value = INNER_SPEAKER
03-06 10:05:44.106  2111 12345 D SoundImpl: getProp PROP_SPEAKER_ROUTE value = INNER_SPEAKER
03-06 10:05:44.106  2214  2232 I ppostv/TvApplication: volume up 0
03-06 10:05:44.106  2214  2214 D VolumePanel: setStreanVolumeUp
03-06 10:05:44.107  2111 12345 I HotkeyService: <24:KEYCODE_VOLUME_UP:0> is intercepted by HotkeyCallbackWrapper{Uid:1000, Pid:2214, Priority:5, AppName:com.pptv.tv}
03-06 10:05:44.107  2111 12345 I HotkeyService: AppHotkeyHandler intercept key, keyCode:24
03-06 10:05:44.107  2111  5435 D ITvSystemImplPolicy: [server][2214][1000][5435]getProp key = PROP_SOUND_ARC_CONNECTED
03-06 10:05:44.107  2111 12345 I HotkeyService: hotkey keycode : 24 deviceId=-1 result : 6 reason:R_INTERCEPTED_BY_APP
03-06 10:05:44.107  1589  1646 D WindowManager: mPPTVHotkeyService bRet =true
03-06 10:05:44.110  2322 14178 D TvCecManager: arcIsAmpVolume
03-06 10:05:44.110  1589  1646 D WindowManager: interceptKeyTi keyCode=24 down=false repeatCount=0 keyguardOn=false mHomePressed=false canceled=false deviceName=Virtual
03-06 10:05:44.110  1762  1784 I CECManager_JNI: arcIsAmpVolume
03-06 10:05:44.110  1589  1646 E septemberan: mHotkeyService != null
03-06 10:05:44.111  2111  5435 I SystemImpl: getProp key:TvSystem:PROP_SOUND_ARC_CONNECTED value:false
03-06 10:05:44.111  2214  2214 I TvSystemImplPolicy: getProp [key:PROP_SOUND_ARC_CONNECTED;value:false]
03-06 10:05:44.112  2111  4763 D ITvSystemImplPolicy: [server][2214][1000][4763]getProp key = PROP_SOUND_ARC_CONNECTED
03-06 10:05:44.113  2322 11145 D TvCecManager: arcIsAmpVolume
03-06 10:05:44.113  1762  2473 I CECManager_JNI: arcIsAmpVolume
03-06 10:05:44.114  2779  2797 E CvteATHotkey: <AT-TPV> processTPVFacKey ScanCode = 0x0
03-06 10:05:44.114  2111  4763 I SystemImpl: getProp key:TvSystem:PROP_SOUND_ARC_CONNECTED value:false
03-06 10:05:44.114  2214  2214 I TvSystemImplPolicy: getProp [key:PROP_SOUND_ARC_CONNECTED;value:false]
03-06 10:05:44.115  2322  2339 D TvCecManager: arcIsAmpVolume
03-06 10:05:44.115  1589  2213 D AudioService: isPipOn: false
03-06 10:05:44.115  1762  4931 I CECManager_JNI: arcIsAmpVolume
03-06 10:05:44.115  1589  2213 D AudioService: getMasterVolume speaker mute=false A2dp mute =false MasterVolumeFaked=100 volumeSpeaker=10 volumeA2dp=20
03-06 10:05:44.115  1589  2213 D AudioService: isPipOn: false
03-06 10:05:44.115  1589  2213 D AudioService: isPipOn: false
03-06 10:05:44.116  1589  1646 D WindowManager: bRet =false
03-06 10:05:44.116  1589  1646 E septemberan: mPPTVHotkeyService != null
03-06 10:05:44.116  2111  5436 D ITvSystemImplPolicy: [server][2214][1000][5436]getProp key = PROP_SOUND_MUTE
03-06 10:05:44.116  2111  2133 I HotkeyService: handleKeyEvents
03-06 10:05:44.116  2111  2133 I HotkeyService: Enter ListenAloneKeyHandler
03-06 10:05:44.116  2111  2133 I HotkeyService: Enter FirstAndSearchingHandler
03-06 10:05:44.116  2111  2133 I HotkeyService: check Volume key, repeat count:0
03-06 10:05:44.116  2111  2133 I HotkeyService: isSearchingChannel
03-06 10:05:44.117  1589  2227 D AudioService: isPipOn: false
03-06 10:05:44.118  1589  2227 D AudioService: getMasterVolume speaker mute=false A2dp mute =false MasterVolumeFaked=100 volumeSpeaker=10 volumeA2dp=20
03-06 10:05:44.118  1589  2227 D AudioService: isPipOn: false
03-06 10:05:44.118  1589  2227 D AudioService: isPipOn: false
03-06 10:05:44.119  2322  2338 D TVApiSoundSpeakerOutImpl: <--- eventSoundSpeakerOutIsMute --->false
03-06 10:05:44.119  1589  2121 D AudioService: isPipOn: false
03-06 10:05:44.119  2322  4937 D TVApiSystemInputSourceImpl: eventSystemInputSourceGetInputSource
03-06 10:05:44.119  2322  4937 D TVApiSystemInputSourceImpl: generateInputSourceList
03-06 10:05:44.119  1589  2121 D AudioService: getMasterVolume speaker mute=false A2dp mute =false MasterVolumeFaked=100 volumeSpeaker=10 volumeA2dp=20
03-06 10:05:44.119  1589  2121 D AudioService: isPipOn: false
03-06 10:05:44.119  1589  2121 D AudioService: isPipOn: false
03-06 10:05:44.120  2111  5436 I SystemImpl: getProp key:TvSystem:PROP_SOUND_MUTE value:false
03-06 10:05:44.120  2214  2214 I TvSystemImplPolicy: getProp [key:PROP_SOUND_MUTE;value:false]
03-06 10:05:44.120  2214  2214 D VolumeView2: origin volume = 11
03-06 10:05:44.120  2322  4937 D TVApiSystemInputSourceImpl: currentSrc&&&&&&&&&&&&&& =7
03-06 10:05:44.121  2111  2133 I TvInputManagerImpl: getCurrentTvInput inputsource id :7
03-06 10:05:44.121  2111  2133 I HotkeyService: isSearchingChannel:false
03-06 10:05:44.121  2111  2133 I HotkeyService: Enter AppHotkeyHandler
03-06 10:05:44.121  2111  2133 I HotkeyManager: notifyHotkeyListener
03-06 10:05:44.121  2111  2133 I HotkeyService: notifyCallbacks size : 4
03-06 10:05:44.121  2111  2133 I HotkeyService: dispatch key<24:KEYCODE_VOLUME_UP:1> to HotkeyCallbackWrapper{Uid:10011, Pid:1742, Priority:9, AppName:com.pptv.systemui}
03-06 10:05:44.123  1742  1759 D NotificationPanel: keycode=24, action=1
03-06 10:05:44.123  1742  1759 D SystemUIApplication: handleKeyEvent, keycode:24 action:1, ret:false
03-06 10:05:44.123  1742  1759 D TvStatusBar:   mPlayGuideView android.widget.FrameLayout{332479e4 G.E..... ......I. 0,0-1920,1080}  interceptKegEvent   false  event.getDeviceId()  -1
03-06 10:05:44.124  2111  2133 I HotkeyService: dispatch key<24:KEYCODE_VOLUME_UP:1> to HotkeyCallbackWrapper{Uid:1000, Pid:3394, Priority:8, AppName:com.pptv.voicecontroller}
03-06 10:05:44.124  3394  3411 D PPTVVoiceService_handleKeyEvent_670: handleKeyEvent 24, 1
03-06 10:05:44.125  1589  1646 D AudioService: isPipOn: false
03-06 10:05:44.129  1589  1646 D AudioService: getMasterVolume speaker mute=false A2dp mute =false MasterVolumeFaked=100 volumeSpeaker=10 volumeA2dp=20
03-06 10:05:44.129  1589  1646 D AudioService: isPipOn: false
03-06 10:05:44.129  1589  1646 D AudioService: isPipOn: false
03-06 10:05:44.130  1589  1646 D AudioService: isPipOn: false
03-06 10:05:44.130  1589  1646 D AudioService: getMasterVolume speaker mute=false A2dp mute =false MasterVolumeFaked=100 volumeSpeaker=10 volumeA2dp=20
03-06 10:05:44.130  1589  1646 D AudioService: isPipOn: false
03-06 10:05:44.130  1589  1646 D AudioService: isPipOn: false
03-06 10:05:44.131  3394  3411 W ContextImpl: Calling a method in the system process without a qualified user: android.app.ContextImpl.startService:1690 android.content.ContextWrapper.startService:515 com.baidu.duer.libs.tv.RecognitionHelper.uploadEvent:458 com.pptv.voicecontroller.sdk.DuerSdkManagerV3.speakerVolumeChanged:396 com.pptv.voicecontroller.service.PPTVVoiceService.handleKeyEvent:764 
03-06 10:05:44.134  1589  1646 D AudioService: isPipOn: false
03-06 10:05:44.134  1589  1646 D AudioService: getMasterVolume speaker mute=false A2dp mute =false MasterVolumeFaked=100 volumeSpeaker=10 volumeA2dp=20
03-06 10:05:44.134  1589  1646 D AudioService: isPipOn: false
03-06 10:05:44.134  1589  1646 D AudioService: isPipOn: false
03-06 10:05:44.135  1589  1646 D AudioService: isPipOn: false
03-06 10:05:44.135  1589  1646 D AudioService: getMasterVolume speaker mute=false A2dp mute =false MasterVolumeFaked=100 volumeSpeaker=10 volumeA2dp=20
03-06 10:05:44.135  1589  1646 D AudioService: isPipOn: false
03-06 10:05:44.135  1589  1646 D AudioService: isPipOn: false
03-06 10:05:44.135  3394  3394 D HttpConfig: getAccessToken: 24.5fcfff2a7e01c34091394049cd82c914.2592000.1553421188.282335-9793364
03-06 10:05:44.136  3394  3394 D HttpConfig: getAccessToken: 24.5fcfff2a7e01c34091394049cd82c914.2592000.1553421188.282335-9793364
03-06 10:05:44.136  3394  3394 E logId   : logId:f9df41cb-beeb-465a-bd89-8387c21bdfba
03-06 10:05:44.136  3394  3411 W ContextImpl: Calling a method in the system process without a qualified user: android.app.ContextImpl.startService:1690 android.content.ContextWrapper.startService:515 com.baidu.duer.libs.tv.RecognitionHelper.uploadEvent:458 com.pptv.voicecontroller.sdk.DuerSdkManagerV3.uploadVolumeState:421 com.pptv.voicecontroller.sdk.DuerSdkManagerV3.speakerVolumeChanged:400 
03-06 10:05:44.139  3394  3394 I tvRequestBody: onDcsRequestBody :BaseMessage{header=Header{namespace='ai.dueros.device_interface.speaker_controller', name='VolumeChanged'} id:9d2e9967-8cff-469b-8499-f4616f5e829e, payload={"volume":10,"muted":false}}
03-06 10:05:44.139  2111  2133 I HotkeyService: dispatch key<24:KEYCODE_VOLUME_UP:1> to HotkeyCallbackWrapper{Uid:1000, Pid:2111, Priority:5, AppName:com.pptv.framework.tvservice}
03-06 10:05:44.139  3394  3394 I DlpManager: bodyJson {"event":{"header":{"name":"VolumeChanged","namespace":"ai.dueros.device_interface.speaker_controller","messageId":"9d2e9967-8cff-469b-8499-f4616f5e829e"},"payload":{"volume":10,"muted":false}}}
03-06 10:05:44.140  2111  2133 I HotkeyService: dispatch key<24:KEYCODE_VOLUME_UP:1> to HotkeyCallbackWrapper{Uid:1000, Pid:2214, Priority:5, AppName:com.pptv.tv}
03-06 10:05:44.140  2111  2133 I HotkeyService: hotkey keycode : 24 deviceId=-1 result : 7 reason:R_INTERCEPTED_BY_GLOBAL
03-06 10:05:44.140  3394  3394 I dlp-chen: bodyJson {"event":{"header":{"name":"VolumeChanged","namespace":"ai.dueros.device_interface.speaker_controller","messageId":"9d2e9967-8cff-469b-8499-f4616f5e829e"},"payload":{"volume":10,"muted":false}}}
03-06 10:05:44.140  1589  1646 D WindowManager: mPPTVHotkeyService bRet =true
03-06 10:05:44.141  3394  3394 E com.baidu.duer.dcs.duerlink.dlp.util.ToClientDataUtil: dcsMappingDlpData :{"to_client":{"header":{"name":"VolumeChanged","namespace":"dlp.speaker_controller","messageId":"9d2e9967-8cff-469b-8499-f4616f5e829e"},"payload":{"volume":10,"muted":false}}}
03-06 10:05:44.142  1589  2188 D AudioService: isPipOn: false
03-06 10:05:44.142  1589  2188 D AudioService: volume=0.11 oldVolume=10
03-06 10:05:44.142  1589  2188 D AudioService: isPipOn: false
03-06 10:05:44.142  3394  3394 D HttpConfig: getAccessToken: 24.5fcfff2a7e01c34091394049cd82c914.2592000.1553421188.282335-9793364
03-06 10:05:44.142  3394  3394 D HttpConfig: getAccessToken: 24.5fcfff2a7e01c34091394049cd82c914.2592000.1553421188.282335-9793364
03-06 10:05:44.142  3394  3394 E logId   : logId:a6c12522-00a5-4eb4-a10a-f5ba263b8ffa
03-06 10:05:44.143 20104 20900 D AudioFlinger: setMasterVolume value1 = 0.110000 state 0 pipmode: 0 
03-06 10:05:44.143  1169  1169 I tvos    :  SetAudioVolume(0,11 ) 
03-06 10:05:44.143  1169  1169 I tvos    :  SetVolume(11 ) 
03-06 10:05:44.143  1169  1169 I tvos    : SetAbsoluteVolume: 7,38,0
03-06 10:05:44.143  1169  1169 I tvos    :  SetHPVolume(11 ) 
03-06 10:05:44.143  1169  1169 I tvos    : SetAbsoluteVolume: 9,31,0
03-06 10:05:44.143  1169  1169 I tvos    : SetAbsoluteVolume: 7,38,0
03-06 10:05:44.143  1169  1169 I tvos    :  SetOutputGain(2,50 ) 
03-06 10:05:44.143  1169  1169 I tvos    : SetVolume: septemberan SetOutputGain 50 AA 
03-06 10:05:44.143  1169  1169 I tvos    :  SetAudioVolume(1,10 ) 
03-06 10:05:44.143  1169  1169 I tvos    :  SetHPVolume(10 ) 
03-06 10:05:44.143  1169  1169 I tvos    : SetAbsoluteVolume: 8,34,4
03-06 10:05:44.143  1169  1169 I tvos    :  SetAudioVolume(2,11 ) 
03-06 10:05:44.143  1169  1169 I tvos    :  SetVolume(11,2 ) 
03-06 10:05:44.143  1169  1169 I tvos    : SetAbsoluteVolume: 7,38,0
03-06 10:05:44.144  1589  2188 D AudioService: bSetA2dpVolume =false newVolume=11
03-06 10:05:44.144  2214  2214 D ContextImpl: broadcast action is android.intent.action.volume.change
03-06 10:05:44.145  3394  3394 I tvRequestBody: onDcsRequestBody :BaseMessage{header=Header{namespace='ai.dueros.device_interface.speaker_controller', name='VolumeState'} id:da822fe5-d14c-4baa-8e7e-5959fcff73f2, payload={"volume":10,"muted":false}}
03-06 10:05:44.145  2214  2214 W ContextImpl: Calling a method in the system process without a qualified user: android.app.ContextImpl.sendBroadcast:1326 android.content.ContextWrapper.sendBroadcast:376 com.pptv.tv.VolumeView2.setVolume:170 com.pptv.tv.VolumeView2.increateVolume:215 com.pptv.tv.VolumePanel2.setStreanVolumeUp:49 
03-06 10:05:44.145  3394  3394 I DlpManager: bodyJson {"event":{"header":{"name":"VolumeState","namespace":"ai.dueros.device_interface.speaker_controller","messageId":"da822fe5-d14c-4baa-8e7e-5959fcff73f2"},"payload":{"volume":10,"muted":false}}}
03-06 10:05:44.145  3394  3394 I dlp-chen: bodyJson {"event":{"header":{"name":"VolumeState","namespace":"ai.dueros.device_interface.speaker_controller","messageId":"da822fe5-d14c-4baa-8e7e-5959fcff73f2"},"payload":{"volume":10,"muted":false}}}
03-06 10:05:44.146  3394  3394 E com.baidu.duer.dcs.duerlink.dlp.util.ToClientDataUtil: dcsMappingDlpData :{"to_client":{"header":{"name":"VolumeState","namespace":"dlp.speaker_controller","messageId":"da822fe5-d14c-4baa-8e7e-5959fcff73f2"},"payload":{"volume":10,"muted":false}}}
03-06 10:05:44.163  3394  3696 I BDSHttpRequestMaker: url = https://dueros-voice.baidu.com/dcs_event?sn=cafadba3-f1d7-4657-8039-73c22521b14e &18d680b4, 
03-06 10:05:44.163  3394  3696 D BDSHttpRequestMaker: url: https://dueros-voice.baidu.com/dcs_event?sn=cafadba3-f1d7-4657-8039-73c22521b14e mHostIp: dueros-voice.baidu.com &18d680b4, 
03-06 10:05:44.163  3394  3696 E BDSHttpRequestMaker: dcs url : https://dueros-voice.baidu.com/dcs_event?sn=cafadba3-f1d7-4657-8039-73c22521b14e
03-06 10:05:44.163  3394  3696 I BDSHttpRequestMaker: no proxy
03-06 10:05:44.198  3394  3696 D BDSHttpRequestMaker: hostname : dueros-voice.baidu.com verifyUrl : dueros-voice.baidu.com &18d680b4, 
03-06 10:05:44.201  3394  3696 I BDSHttpRequestMaker: sendData  dataType : 0 https://dueros-voice.baidu.com/dcs_event?sn=cafadba3-f1d7-4657-8039-73c22521b14e &18d680b4, 
03-06 10:05:44.202  3394  3696 I BDSHttpRequestMaker: sendData  dataType : 2 https://dueros-voice.baidu.com/dcs_event?sn=cafadba3-f1d7-4657-8039-73c22521b14e &18d680b4, 
03-06 10:05:44.204  3394  3696 I BDSHttpRequestMaker: sendData  dataType : 3 https://dueros-voice.baidu.com/dcs_event?sn=cafadba3-f1d7-4657-8039-73c22521b14e &18d680b4, 
03-06 10:05:44.205  1762  2471 I PictureManager_JNI: getDlcAverageLuma
03-06 10:05:44.205  1762  2471 I TvManager_JNI: isSignalStable
03-06 10:05:44.205  1762  2471 I PictureManager_JNI: getBacklight
03-06 10:05:44.206  1762  2471 E septemberan: dbcHandler: mDbcBacklightRange: 48
03-06 10:05:44.206  1762  2471 I PictureManager_JNI: setBacklight
03-06 10:05:44.239  3394  3728 I BDSHttpRequestMaker: readThirdData dataType : 242, dataLen=94, https://dueros-voice.baidu.com/dcs_event?sn=cafadba3-f1d7-4657-8039-73c22521b14e &18d680b4, 
03-06 10:05:44.239  3394  3728 I BDSHttpRequestMaker: response : HTTP/1.1 200 OK
03-06 10:05:44.239  3394  3728 I BDSHttpRequestMaker: Content-Type: multipart/form-data; boundary=___dueros_dcs_v1_boundary___
03-06 10:05:44.239  3394  3728 I BDSHttpRequestMaker: 
03-06 10:05:44.239  3394  3728 I BDSHttpRequestMaker:  https://dueros-voice.baidu.com/dcs_event?sn=cafadba3-f1d7-4657-8039-73c22521b14e &18d680b4, 
03-06 10:05:44.262  3394  3728 I BDSHttpRequestMaker: readThirdData dataType : 242, dataLen=33, https://dueros-voice.baidu.com/dcs_event?sn=cafadba3-f1d7-4657-8039-73c22521b14e &18d680b4, 
03-06 10:05:44.262  3394  3728 I BDSHttpRequestMaker: response : --___dueros_dcs_v1_boundary___
03-06 10:05:44.262  3394  3728 I BDSHttpRequestMaker:  https://dueros-voice.baidu.com/dcs_event?sn=cafadba3-f1d7-4657-8039-73c22521b14e &18d680b4, 
03-06 10:05:44.263  3394  3728 I BDSHttpRequestMaker: readThirdData dataType : 242, dataLen=47, https://dueros-voice.baidu.com/dcs_event?sn=cafadba3-f1d7-4657-8039-73c22521b14e &18d680b4, 
03-06 10:05:44.263  3394  3728 I BDSHttpRequestMaker: response : Content-Disposition: form-data; name="empty"
03-06 10:05:44.263  3394  3728 I BDSHttpRequestMaker:  https://dueros-voice.baidu.com/dcs_event?sn=cafadba3-f1d7-4657-8039-73c22521b14e &18d680b4, 
03-06 10:05:44.264  3394  3728 I BDSHttpRequestMaker: readThirdData dataType : 242, dataLen=3, https://dueros-voice.baidu.com/dcs_event?sn=cafadba3-f1d7-4657-8039-73c22521b14e &18d680b4, 
03-06 10:05:44.264  3394  3728 I BDSHttpRequestMaker: response : 
03-06 10:05:44.264  3394  3728 I BDSHttpRequestMaker:  https://dueros-voice.baidu.com/dcs_event?sn=cafadba3-f1d7-4657-8039-73c22521b14e &18d680b4, 
03-06 10:05:44.265  3394  3728 I BDSHttpRequestMaker: readThirdData dataType : 242, dataLen=3, https://dueros-voice.baidu.com/dcs_event?sn=cafadba3-f1d7-4657-8039-73c22521b14e &18d680b4, 
03-06 10:05:44.265  3394  3728 I BDSHttpRequestMaker: response : 
03-06 10:05:44.265  3394  3728 I BDSHttpRequestMaker:  https://dueros-voice.baidu.com/dcs_event?sn=cafadba3-f1d7-4657-8039-73c22521b14e &18d680b4, 
03-06 10:05:44.266  3394  3728 I BDSHttpRequestMaker: readThirdData dataType : 242, dataLen=35, https://dueros-voice.baidu.com/dcs_event?sn=cafadba3-f1d7-4657-8039-73c22521b14e &18d680b4, 
03-06 10:05:44.267  3394  3728 I BDSHttpRequestMaker: response : 
03-06 10:05:44.267  3394  3728 I BDSHttpRequestMaker: --___dueros_dcs_v1_boundary___-- https://dueros-voice.baidu.com/dcs_event?sn=cafadba3-f1d7-4657-8039-73c22521b14e &18d680b4, 
03-06 10:05:44.267  3394  3746 W System.err: java.io.IOException: Pipe not connected
03-06 10:05:44.267  3394  3746 W System.err: 	at java.io.PipedOutputStream.write(PipedOutputStream.java:174)
03-06 10:05:44.267  3394  3746 W System.err: 	at java.io.OutputStream.write(OutputStream.java:106)
03-06 10:05:44.267  3394  3746 W System.err: 	at java.io.PipedOutputStream.write(PipedOutputStream.java:147)
03-06 10:05:44.267  3394  3746 W System.err: 	at java.io.OutputStream.write(OutputStream.java:82)
03-06 10:05:44.267  3394  3746 W System.err: 	at com.baidu.dcs.acl.AudioTransportLayer$BaseEventListener$1.run(AudioTransportLayer.java:310)
03-06 10:05:44.267  3394  3746 W System.err: 	at java.util.concurrent.ThreadPoolExecutor.runWorker(ThreadPoolExecutor.java:1112)
03-06 10:05:44.267  3394  3746 W System.err: 	at java.util.concurrent.ThreadPoolExecutor$Worker.run(ThreadPoolExecutor.java:587)
03-06 10:05:44.267  3394  3746 W System.err: 	at java.lang.Thread.run(Thread.java:818)
03-06 10:05:44.268  3394  3728 I BDSHttpRequestMaker: readThirdData dataType : 243, dataLen=1, https://dueros-voice.baidu.com/dcs_event?sn=cafadba3-f1d7-4657-8039-73c22521b14e &18d680b4, 
03-06 10:05:44.268  3394  3746 W System.err: java.io.IOException: Pipe not connected
03-06 10:05:44.268  3394  3746 W System.err: 	at java.io.PipedOutputStream.write(PipedOutputStream.java:174)
03-06 10:05:44.268  3394  3746 W System.err: 	at java.io.OutputStream.write(OutputStream.java:106)
03-06 10:05:44.268  3394  3746 W System.err: 	at java.io.PipedOutputStream.write(PipedOutputStream.java:147)
03-06 10:05:44.268  3394  3746 W System.err: 	at java.io.OutputStream.write(OutputStream.java:82)
03-06 10:05:44.268  3394  3746 W System.err: 	at com.baidu.dcs.acl.AudioTransportLayer$BaseEventListener$1.run(AudioTransportLayer.java:310)
03-06 10:05:44.268  3394  3746 W System.err: 	at java.util.concurrent.ThreadPoolExecutor.runWorker(ThreadPoolExecutor.java:1112)
03-06 10:05:44.268  3394  3746 W System.err: 	at java.util.concurrent.ThreadPoolExecutor$Worker.run(ThreadPoolExecutor.java:587)
03-06 10:05:44.268  3394  3746 W System.err: 	at java.lang.Thread.run(Thread.java:818)
03-06 10:05:44.270  3394  3728 W BDSHttpRequestMaker: Dcsconnection stauts has already been closed. &18d680b4, 
03-06 10:05:44.306  1762  2471 I PictureManager_JNI: getDlcAverageLuma
03-06 10:05:44.306  1762  2471 I TvManager_JNI: isSignalStable
03-06 10:05:44.307  1762  2471 I PictureManager_JNI: getBacklight
03-06 10:05:44.307  1762  2471 E septemberan: dbcHandler: mDbcBacklightRange: 48
03-06 10:05:44.307  1762  2471 I PictureManager_JNI: setBacklight
03-06 10:05:44.368  3394  3696 I BDSHttpRequestMaker: url = https://dueros-voice.baidu.com/dcs_event?sn=7594e2f8-1a49-4745-8bee-57311233d753 &272b2852, 
03-06 10:05:44.368  3394  3696 D BDSHttpRequestMaker: url: https://dueros-voice.baidu.com/dcs_event?sn=7594e2f8-1a49-4745-8bee-57311233d753 mHostIp: dueros-voice.baidu.com &272b2852, 
03-06 10:05:44.368  3394  3696 E BDSHttpRequestMaker: dcs url : https://dueros-voice.baidu.com/dcs_event?sn=7594e2f8-1a49-4745-8bee-57311233d753
03-06 10:05:44.368  3394  3696 I BDSHttpRequestMaker: no proxy
03-06 10:05:44.394  3394  3696 D BDSHttpRequestMaker: hostname : dueros-voice.baidu.com verifyUrl : dueros-voice.baidu.com &272b2852, 
03-06 10:05:44.398  3394  3696 I BDSHttpRequestMaker: sendData  dataType : 0 https://dueros-voice.baidu.com/dcs_event?sn=7594e2f8-1a49-4745-8bee-57311233d753 &272b2852, 
03-06 10:05:44.400  3394  3696 I BDSHttpRequestMaker: sendData  dataType : 2 https://dueros-voice.baidu.com/dcs_event?sn=7594e2f8-1a49-4745-8bee-57311233d753 &272b2852, 
03-06 10:05:44.402  3394  3696 I BDSHttpRequestMaker: sendData  dataType : 3 https://dueros-voice.baidu.com/dcs_event?sn=7594e2f8-1a49-4745-8bee-57311233d753 &272b2852, 
03-06 10:05:44.407  1762  2471 I PictureManager_JNI: getDlcAverageLuma
03-06 10:05:44.407  1762  2471 I TvManager_JNI: isSignalStable
03-06 10:05:44.408  1762  2471 I PictureManager_JNI: getBacklight
03-06 10:05:44.408  1762  2471 E septemberan: dbcHandler: mDbcBacklightRange: 48
03-06 10:05:44.408  1762  2471 I PictureManager_JNI: setBacklight
03-06 10:05:44.435  3394  3728 I BDSHttpRequestMaker: readThirdData dataType : 242, dataLen=94, https://dueros-voice.baidu.com/dcs_event?sn=7594e2f8-1a49-4745-8bee-57311233d753 &272b2852, 
03-06 10:05:44.435  3394  3728 I BDSHttpRequestMaker: response : HTTP/1.1 200 OK
03-06 10:05:44.435  3394  3728 I BDSHttpRequestMaker: Content-Type: multipart/form-data; boundary=___dueros_dcs_v1_boundary___
03-06 10:05:44.435  3394  3728 I BDSHttpRequestMaker: 
03-06 10:05:44.435  3394  3728 I BDSHttpRequestMaker:  https://dueros-voice.baidu.com/dcs_event?sn=7594e2f8-1a49-4745-8bee-57311233d753 &272b2852, 
03-06 10:05:44.442  1589  1646 D WindowManager: interceptKeyTi keyCode=82 down=true repeatCount=0 keyguardOn=false mHomePressed=false canceled=false deviceName=Virtual
03-06 10:05:44.442  1589  1646 E septemberan: mHotkeyService != null
03-06 10:05:44.444  2322 15196 D Evan    : onGlobalKeyEvent keycode=82
03-06 10:05:44.444  2322 15196 D Evan    : invokeGlobalKeyListener
03-06 10:05:44.444  2322 15196 D TVApiSystemSignalImpl:  now=55476161
03-06 10:05:44.444  2322 15196 D TVApiSystemSignalImpl:  before=55459399
03-06 10:05:44.444  2322 15196 D Evan    : invokeGlobalKeyListener
03-06 10:05:44.444  2322 15196 D TVApiSystemNoActionAutoPowerOffImpl: KeyEvnetListener Reset counter
03-06 10:05:44.445  2322 14178 D TvCecManager: arcIsAmpVolume
03-06 10:05:44.445  1762  4930 I CECManager_JNI: arcIsAmpVolume
03-06 10:05:44.446  1589  1646 D WindowManager: bRet =false
03-06 10:05:44.446  1589  1646 E septemberan: mPPTVHotkeyService != null
03-06 10:05:44.446  2111  2134 I HotkeyService: handleKeyEvents
03-06 10:05:44.446  2111  2134 I HotkeyService: Enter ListenAloneKeyHandler
03-06 10:05:44.447  2111  2134 I SystemImpl: getProp key:TvSystem:PROP_LISTEN_ALONE value:false
03-06 10:05:44.447  2111  2134 I HotkeyService: Enter FirstAndSearchingHandler
03-06 10:05:44.447  2111  2134 I HotkeyService: Enter AppHotkeyHandler
03-06 10:05:44.447  2111  2134 I HotkeyManager: notifyHotkeyListener
03-06 10:05:44.447  2111  2134 I HotkeyService: notifyCallbacks size : 4
03-06 10:05:44.447  2111  2134 I HotkeyService: dispatch key<82:KEYCODE_MENU:0> to HotkeyCallbackWrapper{Uid:10011, Pid:1742, Priority:9, AppName:com.pptv.systemui}
03-06 10:05:44.447  1742  3137 D NotificationPanel: keycode=82, action=0
03-06 10:05:44.447  1742  3137 D SystemUIApplication: handleKeyEvent, keycode:82 action:0, ret:false
03-06 10:05:44.447  1742  3137 D TvStatusBar:   mPlayGuideView android.widget.FrameLayout{332479e4 G.E..... ......I. 0,0-1920,1080}  interceptKegEvent   false  event.getDeviceId()  -1
03-06 10:05:44.448  2111  2134 I HotkeyService: dispatch key<82:KEYCODE_MENU:0> to HotkeyCallbackWrapper{Uid:1000, Pid:3394, Priority:8, AppName:com.pptv.voicecontroller}
03-06 10:05:44.448  3394  3465 D PPTVVoiceService_handleKeyEvent_670: handleKeyEvent 82, 0
03-06 10:05:44.449  2111  2134 I HotkeyService: dispatch key<82:KEYCODE_MENU:0> to HotkeyCallbackWrapper{Uid:1000, Pid:2111, Priority:5, AppName:com.pptv.framework.tvservice}
03-06 10:05:44.449  2111  2134 I HotkeyService: dispatch key<82:KEYCODE_MENU:0> to HotkeyCallbackWrapper{Uid:1000, Pid:2214, Priority:5, AppName:com.pptv.tv}
03-06 10:05:44.449  2111  2134 I HotkeyService: hotkey keycode : 82 deviceId=-1 result : 0 reason:R_NO_INTERCEPT
03-06 10:05:44.449  1589  1646 D WindowManager: mPPTVHotkeyService bRet =false
03-06 10:05:44.450  2065  2065 D InputEventDispatcher: onInputEvent: KeyEvent { action=ACTION_DOWN, keyCode=KEYCODE_MENU, scanCode=0, metaState=0, flags=0x8, repeatCount=0, eventTime=55476159, downTime=55476159, deviceId=-1, source=0x101 }
03-06 10:05:44.451  1589  1646 D WindowManager: interceptKeyTi keyCode=82 down=false repeatCount=0 keyguardOn=false mHomePressed=false canceled=false deviceName=Virtual
03-06 10:05:44.451  1589  1646 E septemberan: mHotkeyService != null
03-06 10:05:44.454 19539 19539 D SogouIME: [onKeyDown] keycode = 82 model = PPTV-55P+Pro build_id:Build_130480_20170508 true
03-06 10:05:44.456  2779  9375 E CvteATHotkey: <AT-TPV> processTPVFacKey ScanCode = 0x0
03-06 10:05:44.458  2322  2339 D TvCecManager: arcIsAmpVolume
03-06 10:05:44.458  1762  1782 I CECManager_JNI: arcIsAmpVolume
03-06 10:05:44.459  1589  1646 D WindowManager: bRet =false
03-06 10:05:44.459  1589  1646 E septemberan: mPPTVHotkeyService != null
03-06 10:05:44.459  2111 12345 I HotkeyService: handleKeyEvents
03-06 10:05:44.459  2111 12345 I HotkeyService: Enter ListenAloneKeyHandler
03-06 10:05:44.460  3394  3728 I BDSHttpRequestMaker: readThirdData dataType : 242, dataLen=33, https://dueros-voice.baidu.com/dcs_event?sn=7594e2f8-1a49-4745-8bee-57311233d753 &272b2852, 
03-06 10:05:44.461  2111 12345 I SystemImpl: getProp key:TvSystem:PROP_LISTEN_ALONE value:false
03-06 10:05:44.461  2111 12345 I HotkeyService: Enter FirstAndSearchingHandler
03-06 10:05:44.461  2111 12345 I HotkeyService: Enter AppHotkeyHandler
03-06 10:05:44.461  2111 12345 I HotkeyManager: notifyHotkeyListener
03-06 10:05:44.461  2111 12345 I HotkeyService: notifyCallbacks size : 4
03-06 10:05:44.461  2111 12345 I HotkeyService: dispatch key<82:KEYCODE_MENU:1> to HotkeyCallbackWrapper{Uid:10011, Pid:1742, Priority:9, AppName:com.pptv.systemui}
03-06 10:05:44.461  1742  1758 D NotificationPanel: keycode=82, action=1
03-06 10:05:44.461  1742  1758 D SystemUIApplication: handleKeyEvent, keycode:82 action:1, ret:false
03-06 10:05:44.461  1742  1758 D TvStatusBar:   mPlayGuideView android.widget.FrameLayout{332479e4 G.E..... ......I. 0,0-1920,1080}  interceptKegEvent   false  event.getDeviceId()  -1
03-06 10:05:44.461  1742  1742 D NotificationPanel: clearAll
03-06 10:05:44.460  3394  3728 I BDSHttpRequestMaker: response : --___dueros_dcs_v1_boundary___
03-06 10:05:44.460  3394  3728 I BDSHttpRequestMaker:  https://dueros-voice.baidu.com/dcs_event?sn=7594e2f8-1a49-4745-8bee-57311233d753 &272b2852, 
03-06 10:05:44.462  2111 12345 I HotkeyService: dispatch key<82:KEYCODE_MENU:1> to HotkeyCallbackWrapper{Uid:1000, Pid:3394, Priority:8, AppName:com.pptv.voicecontroller}
03-06 10:05:44.462  3394  3411 D PPTVVoiceService_handleKeyEvent_670: handleKeyEvent 82, 1
03-06 10:05:44.462  2111 12345 I HotkeyService: dispatch key<82:KEYCODE_MENU:1> to HotkeyCallbackWrapper{Uid:1000, Pid:2111, Priority:5, AppName:com.pptv.framework.tvservice}
03-06 10:05:44.463  2111 12345 I HotkeyService: dispatch key<82:KEYCODE_MENU:1> to HotkeyCallbackWrapper{Uid:1000, Pid:2214, Priority:5, AppName:com.pptv.tv}
03-06 10:05:44.463  2111 12345 I HotkeyService: hotkey keycode : 82 deviceId=-1 result : 0 reason:R_NO_INTERCEPT
03-06 10:05:44.464  1589  1646 D WindowManager: mPPTVHotkeyService bRet =false
03-06 10:05:44.464  3394  3728 I BDSHttpRequestMaker: readThirdData dataType : 242, dataLen=47, https://dueros-voice.baidu.com/dcs_event?sn=7594e2f8-1a49-4745-8bee-57311233d753 &272b2852, 
03-06 