03-06 10:05:40.263  3394  4861 W System.err: 	at java.io.OutputStream.write(OutputStream.java:106)
03-06 10:05:40.263  3394  4861 W System.err: 	at java.io.PipedOutputStream.write(PipedOutputStream.java:147)
03-06 10:05:40.263  3394  4861 W System.err: 	at java.io.OutputStream.write(OutputStream.java:82)
03-06 10:05:40.263  3394  4861 W System.err: 	at com.baidu.dcs.acl.AudioTransportLayer$BaseEventListener$1.run(AudioTransportLayer.java:310)
03-06 10:05:40.263  3394  4861 W System.err: 	at java.util.concurrent.ThreadPoolExecutor.runWorker(ThreadPoolExecutor.java:1112)
03-06 10:05:40.263  3394  4861 W System.err: 	at java.util.concurrent.ThreadPoolExecutor$Worker.run(ThreadPoolExecutor.java:587)
03-06 10:05:40.264  3394  4861 W System.err: 	at java.lang.Thread.run(Thread.java:818)
03-06 10:05:40.269  3394  3728 W BDSHttpRequestMaker: Dcsconnection stauts has already been closed. &39213fa, 
03-06 10:05:40.311  1762  2471 I PictureManager_JNI: getDlcAverageLuma
03-06 10:05:40.311  1762  2471 I TvManager_JNI: isSignalStable
03-06 10:05:40.311  1762  2471 I PictureManager_JNI: getBacklight
03-06 10:05:40.312  1762  2471 E septemberan: dbcHandler: mDbcBacklightRange: 48
03-06 10:05:40.312  1762  2471 I PictureManager_JNI: setBacklight
03-06 10:05:40.412  1762  2471 I PictureManager_JNI: getDlcAverageLuma
03-06 10:05:40.413  1762  2471 I TvManager_JNI: isSignalStable
03-06 10:05:40.413  1762  2471 I PictureManager_JNI: getBacklight
03-06 10:05:40.413  1762  2471 E septemberan: dbcHandler: mDbcBacklightRange: 48
03-06 10:05:40.413  1762  2471 I PictureManager_JNI: setBacklight
03-06 10:05:40.483  1589  1646 D WindowManager: interceptKeyTi keyCode=20 down=true repeatCount=0 keyguardOn=false mHomePressed=false canceled=false deviceName=Virtual
03-06 10:05:40.483  1589  1646 E septemberan: mHotkeyService != null
03-06 10:05:40.485  2322  2497 D Evan    : onGlobalKeyEvent keycode=20
03-06 10:05:40.485  2322  2497 D Evan    : invokeGlobalKeyListener
03-06 10:05:40.485  2322  2497 D TVApiSystemSignalImpl:  now=55472202
03-06 10:05:40.485  2322  2497 D TVApiSystemSignalImpl:  before=55459399
03-06 10:05:40.485  2322  2497 D Evan    : invokeGlobalKeyListener
03-06 10:05:40.485  2322  2497 D TVApiSystemNoActionAutoPowerOffImpl: KeyEvnetListener Reset counter
03-06 10:05:40.485  2322  2338 D TvCecManager: arcIsAmpVolume
03-06 10:05:40.486  1762  4930 I CECManager_JNI: arcIsAmpVolume
03-06 10:05:40.487  1589  1646 D WindowManager: bRet =false
03-06 10:05:40.487  1589  1646 E septemberan: mPPTVHotkeyService != null
03-06 10:05:40.488  2111 12345 I HotkeyService: handleKeyEvents
03-06 10:05:40.488  2111 12345 I HotkeyService: Enter ListenAloneKeyHandler
03-06 10:05:40.489  2111 12345 I SystemImpl: getProp key:TvSystem:PROP_LISTEN_ALONE value:false
03-06 10:05:40.489  2111 12345 I HotkeyService: Enter FirstAndSearchingHandler
03-06 10:05:40.489  2111 12345 I HotkeyService: Enter AppHotkeyHandler
03-06 10:05:40.489  2111 12345 I HotkeyManager: notifyHotkeyListener
03-06 10:05:40.489  2111 12345 I HotkeyService: notifyCallbacks size : 4
03-06 10:05:40.489  2111 12345 I HotkeyService: dispatch key<20:KEYCODE_DPAD_DOWN:0> to HotkeyCallbackWrapper{Uid:10011, Pid:1742, Priority:9, AppName:com.pptv.systemui}
03-06 10:05:40.489  1742  3451 D NotificationPanel: keycode=20, action=0
03-06 10:05:40.490  1742  3451 D SystemUIApplication: handleKeyEvent, keycode:20 action:0, ret:false
03-06 10:05:40.490  1742  3451 D TvStatusBar:   mPlayGuideView android.widget.FrameLayout{332479e4 G.E..... ......I. 0,0-1920,1080}  interceptKegEvent   false  event.getDeviceId()  -1
03-06 10:05:40.491  2111 12345 I HotkeyService: dispatch key<20:KEYCODE_DPAD_DOWN:0> to HotkeyCallbackWrapper{Uid:1000, Pid:3394, Priority:8, AppName:com.pptv.voicecontroller}
03-06 10:05:40.492  3394  3465 D PPTVVoiceService_handleKeyEvent_670: handleKeyEvent 20, 0
03-06 10:05:40.492  2111 12345 I HotkeyService: dispatch key<20:KEYCODE_DPAD_DOWN:0> to HotkeyCallbackWrapper{Uid:1000, Pid:2111, Priority:5, AppName:com.pptv.framework.tvservice}
03-06 10:05:40.492  2111 12345 I HotkeyService: dispatch key<20:KEYCODE_DPAD_DOWN:0> to HotkeyCallbackWrapper{Uid:1000, Pid:2214, Priority:5, AppName:com.pptv.tv}
03-06 10:05:40.493  2111 12345 I HotkeyService: hotkey keycode : 20 deviceId=-1 result : 0 reason:R_NO_INTERCEPT
03-06 10:05:40.493  1589  1646 D WindowManager: mPPTVHotkeyService bRet =false
03-06 10:05:40.496  1589  1646 D WindowManager: interceptKeyTi keyCode=20 down=false repeatCount=0 keyguardOn=false mHomePressed=false canceled=false deviceName=Virtual
03-06 10:05:40.496  1589  1646 E septemberan: mHotkeyService != null
03-06 10:05:40.500  2779  2796 E CvteATHotkey: <AT-TPV> processTPVFacKey ScanCode = 0x0
03-06 10:05:40.502  2322  4929 D TvCecManager: arcIsAmpVolume
03-06 10:05:40.502  1762  1782 I CECManager_JNI: arcIsAmpVolume
03-06 10:05:40.503  1589  1646 D WindowManager: bRet =false
03-06 10:05:40.503  1589  1646 E septemberan: mPPTVHotkeyService != null
03-06 10:05:40.503  2111  5435 I HotkeyService: handleKeyEvents
03-06 10:05:40.503  2111  5435 I HotkeyService: Enter ListenAloneKeyHandler
03-06 10:05:40.504  2111  5435 I SystemImpl: getProp key:TvSystem:PROP_LISTEN_ALONE value:false
03-06 10:05:40.504  2111  5435 I HotkeyService: Enter FirstAndSearchingHandler
03-06 10:05:40.504  2111  5435 I HotkeyService: Enter AppHotkeyHandler
03-06 10:05:40.505  2111  5435 I HotkeyManager: notifyHotkeyListener
03-06 10:05:40.505  2111  5435 I HotkeyService: notifyCallbacks size : 4
03-06 10:05:40.505  2111  5435 I HotkeyService: dispatch key<20:KEYCODE_DPAD_DOWN:1> to HotkeyCallbackWrapper{Uid:10011, Pid:1742, Priority:9, AppName:com.pptv.systemui}
03-06 10:05:40.505  1742  1759 D NotificationPanel: keycode=20, action=1
03-06 10:05:40.505  1742  1759 D SystemUIApplication: handleKeyEvent, keycode:20 action:1, ret:false
03-06 10:05:40.505  1742  1759 D TvStatusBar:   mPlayGuideView android.widget.FrameLayout{332479e4 G.E..... ......I. 0,0-1920,1080}  interceptKegEvent   false  event.getDeviceId()  -1
03-06 10:05:40.506  2111  5435 I HotkeyService: dispatch key<20:KEYCODE_DPAD_DOWN:1> to HotkeyCallbackWrapper{Uid:1000, Pid:3394, Priority:8, AppName:com.pptv.voicecontroller}
03-06 10:05:40.506  3394  3411 D PPTVVoiceService_handleKeyEvent_670: handleKeyEvent 20, 1
03-06 10:05:40.506  2111  5435 I HotkeyService: dispatch key<20:KEYCODE_DPAD_DOWN:1> to HotkeyCallbackWrapper{Uid:1000, Pid:2111, Priority:5, AppName:com.pptv.framework.tvservice}
03-06 10:05:40.507  2111  5435 I HotkeyService: dispatch key<20:KEYCODE_DPAD_DOWN:1> to HotkeyCallbackWrapper{Uid:1000, Pid:2214, Priority:5, AppName:com.pptv.tv}
03-06 10:05:40.507  2111  5435 I HotkeyService: hotkey keycode : 20 deviceId=-1 result : 0 reason:R_NO_INTERCEPT
03-06 10:05:40.507  1589  1646 D WindowManager: mPPTVHotkeyService bRet =false
03-06 10:05:40.513  1762  2471 I PictureManager_JNI: getDlcAverageLuma
03-06 10:05:40.514  1762  2471 I TvManager_JNI: isSignalStable
03-06 10:05:40.514  1762  2471 I PictureManager_JNI: getBacklight
03-06 10:05:40.514  1762  2471 E septemberan: dbcHandler: mDbcBacklightRange: 48
03-06 10:05:40.514  1762  2471 I PictureManager_JNI: setBacklight
03-06 10:05:40.526  2065  2065 D InputEventDispatcher: onInputEvent: KeyEvent { action=ACTION_DOWN, keyCode=KEYCODE_DPAD_DOWN, scanCode=0, metaState=0, flags=0x8, repeatCount=0, eventTime=55472198, downTime=55472198, deviceId=-1, source=0x101 }
03-06 10:05:40.527 19539 19539 D SogouIME: [onKeyDown] keycode = 20 model = PPTV-55P+Pro build_id:Build_130480_20170508 true
03-06 10:05:40.529  2065  2065 D HomeMainRecyclerView: focusSearch: view = [android.widget.FrameLayout{3e7717dd VFE...C. ........ 829,472-1321,820 #7f0e0322 app:id/main_view}]
03-06 10:05:40.552  2065  2065 D setPrimaryItem: setPrimaryItem: 497
03-06 10:05:40.584 19539 19539 D SogouIME: [onKeyUp] keycode = 20 model = PPTV-55P+Pro build_id:Build_130480_20170508
03-06 10:05:40.585  2065  2065 D InputEventDispatcher: onInputEvent: KeyEvent { action=ACTION_UP, keyCode=KEYCODE_DPAD_DOWN, scanCode=0, metaState=0, flags=0x8, repeatCount=0, eventTime=55472212, downTime=55472212, deviceId=-1, source=0x101 }
03-06 10:05:40.598 19539 19539 D SogouIME API: ==============num:32
03-06 10:05:40.598 19539 19539 D SogouIME: mFocusedComponent:30   isHkbEnable:false
03-06 10:05:40.600 19539 19539 D SogouIME: =====configKeyboard=======是否有硬件盘:false     硬件盘是否不再隐藏：false
03-06 10:05:40.615  1762  2471 I PictureManager_JNI: getDlcAverageLuma
03-06 10:05:40.616  1762  2471 I TvManager_JNI: isSignalStable
03-06 10:05:40.616  1762  2471 I PictureManager_JNI: getBacklight
03-06 10:05:40.616  1762  2471 E septemberan: dbcHandler: mDbcBacklightRange: 48
03-06 10:05:40.616  1762  2471 I PictureManager_JNI: setBacklight
03-06 10:05:40.646 19387 19511 I art     : Explicit concurrent mark sweep GC freed 885(55KB) AllocSpace objects, 1(16KB) LOS objects, 25% free, 2MB/3MB, paused 413us total 29.799ms
03-06 10:05:40.716  1762  2471 I PictureManager_JNI: getDlcAverageLuma
03-06 10:05:40.721 19387 19511 I art     : Explicit concurrent mark sweep GC freed 18(632B) AllocSpace objects, 0(0B) LOS objects, 25% free, 2MB/3MB, paused 444us total 27.632ms
03-06 10:05:40.727  1762  2471 I TvManager_JNI: isSignalStable
03-06 10:05:40.727  1762  2471 I PictureManager_JNI: getBacklight
03-06 10:05:40.727  1762  2471 E septemberan: dbcHandler: mDbcBacklightRange: 48
03-06 10:05:40.727  1762  2471 I PictureManager_JNI: setBacklight
03-06 10:05:40.787 19387 19511 I art     : Explicit concurrent mark sweep GC freed 3(96B) AllocSpace objects, 0(0B) LOS objects, 25% free, 2MB/3MB, paused 369us total 23.517ms
03-06 10:05:40.828  1762  2471 I PictureManager_JNI: getDlcAverageLuma
03-06 10:05:40.828  1762  2471 I TvManager_JNI: isSignalStable
03-06 10:05:40.828  1762  2471 I PictureManager_JNI: getBacklight
03-06 10:05:40.829  1762  2471 E septemberan: dbcHandler: mDbcBacklightRange: 48
03-06 10:05:40.829  1762  2471 I PictureManager_JNI: setBacklight
03-06 10:05:40.852  1589  1646 D WindowManager: interceptKeyTi keyCode=4 down=true repeatCount=0 keyguardOn=false mHomePressed=false canceled=false deviceName=Virtual
03-06 10:05:40.852  1589  1646 E septemberan: mHotkeyService != null
03-06 10:05:40.853  2322 11145 D Evan    : onGlobalKeyEvent keycode=4
03-06 10:05:40.853  2322 11145 D Evan    : invokeGlobalKeyListener
03-06 10:05:40.853  2322 11145 D TVApiSystemSignalImpl:  now=55472570
03-06 10:05:40.853  2322 11145 D TVApiSystemSignalImpl:  before=55459399
03-06 10:05:40.853  2322 11145 D Evan    : invokeGlobalKeyListener
03-06 10:05:40.853  2322 11145 D TVApiSystemNoActionAutoPowerOffImpl: KeyEvnetListener Reset counter
03-06 10:05:40.854  2322  2339 D TvCecManager: arcIsAmpVolume
03-06 10:05:40.854  1762  1784 I CECManager_JNI: arcIsAmpVolume
03-06 10:05:40.855  1589  1646 D WindowManager: bRet =false
03-06 10:05:40.855  1589  1646 E septemberan: mPPTVHotkeyService != null
03-06 10:05:40.855  2111  5436 I HotkeyService: handleKeyEvents
03-06 10:05:40.855  2111  5436 I HotkeyService: Enter ListenAloneKeyHandler
03-06 10:05:40.856  2111  5436 I SystemImpl: getProp key:TvSystem:PROP_LISTEN_ALONE value:false
03-06 10:05:40.856  2111  5436 I HotkeyService: Enter FirstAndSearchingHandler
03-06 10:05:40.856  2111  5436 I HotkeyService: Enter AppHotkeyHandler
03-06 10:05:40.856  2111  5436 I HotkeyManager: notifyHotkeyListener
03-06 10:05:40.856  2111  5436 I HotkeyService: notifyCallbacks size : 4
03-06 10:05:40.856  2111  5436 I HotkeyService: dispatch key<4:KEYCODE_BACK:0> to HotkeyCallbackWrapper{Uid:10011, Pid:1742, Priority:9, AppName:com.pptv.systemui}
03-06 10:05:40.857  1742  3137 D NotificationPanel: keycode=4, action=0
03-06 10:05:40.857  1742  3137 D SystemUIApplication: handleKeyEvent, keycode:4 action:0, ret:false
03-06 10:05:40.857  1742  3137 D TvStatusBar:   mPlayGuideView android.widget.FrameLayout{332479e4 G.E..... ......I. 0,0-1920,1080}  interceptKegEvent   false  event.getDeviceId()  -1
03-06 10:05:40.858  2111  5436 I HotkeyService: dispatch key<4:KEYCODE_BACK:0> to HotkeyCallbackWrapper{Uid:1000, Pid:3394, Priority:8, AppName:com.pptv.voicecontroller}
03-06 10:05:40.858  3394  3410 D PPTVVoiceService_handleKeyEvent_670: handleKeyEvent 4, 0
03-06 10:05:40.859  2111  5436 I HotkeyService: dispatch key<4:KEYCODE_BACK:0> to HotkeyCallbackWrapper{Uid:1000, Pid:2111, Priority:5, AppName:com.pptv.framework.tvservice}
03-06 10:05:40.859  2111  5436 I HotkeyService: dispatch key<4:KEYCODE_BACK:0> to HotkeyCallbackWrapper{Uid:1000, Pid:2214, Priority:5, AppName:com.pptv.tv}
03-06 10:05:40.859  2111  5436 I HotkeyService: hotkey keycode : 4 deviceId=-1 result : 0 reason:R_NO_INTERCEPT
03-06 10:05:40.859  1589  1646 D WindowManager: mPPTVHotkeyService bRet =false
03-06 10:05:40.861  1589  1646 D WindowManager: interceptKeyTi keyCode=4 down=false repeatCount=0 keyguardOn=false mHomePressed=false canceled=false deviceName=Virtual
03-06 10:05:40.861  1589  1646 E septemberan: mHotkeyService != null
03-06 10:05:40.865  2065  2065 D InputEventDispatcher: onInputEvent: KeyEvent { action=ACTION_DOWN, keyCode=KEYCODE_BACK, scanCode=0, metaState=0, flags=0x8, repeatCount=0, eventTime=55472568, downTime=55472568, deviceId=-1, source=0x101 }
03-06 10:05:40.866 19539 19539 D SogouIME: [onKeyDown] keycode = 4 model = PPTV-55P+Pro build_id:Build_130480_20170508 true
03-06 10:05:40.869 19387 19511 I art     : Explicit concurrent mark sweep GC freed 3(96B) AllocSpace objects, 0(0B) LOS objects, 25% free, 2MB/3MB, paused 447us total 30.933ms
03-06 10:05:40.873  2779  2797 E CvteATHotkey: <AT-TPV> processTPVFacKey ScanCode = 0x0
03-06 10:05:40.874  2322  4932 D TvCecManager: arcIsAmpVolume
03-06 10:05:40.875  1762  2473 I CECManager_JNI: arcIsAmpVolume
03-06 10:05:40.877  1589  1646 D WindowManager: bRet =false
03-06 10:05:40.877  1589  1646 E septemberan: mPPTVHotkeyService != null
03-06 10:05:40.877  2111  2134 I HotkeyService: handleKeyEvents
03-06 10:05:40.877  2111  2134 I HotkeyService: Enter ListenAloneKeyHandler
03-06 10:05:40.883  2111  2134 I SystemImpl: getProp key:TvSystem:PROP_LISTEN_ALONE value:false
03-06 10:05:40.883  2111  2134 I HotkeyService: Enter FirstAndSearchingHandler
03-06 10:05:40.883  2111  2134 I HotkeyService: Enter AppHotkeyHandler
03-06 10:05:40.883  2111  2134 I HotkeyManager: notifyHotkeyListener
03-06 10:05:40.884  2111  2134 I HotkeyService: notifyCallbacks size : 4
03-06 10:05:40.884  2111  2134 I HotkeyService: dispatch key<4:KEYCODE_BACK:1> to HotkeyCallbackWrapper{Uid:10011, Pid:1742, Priority:9, AppName:com.pptv.systemui}
03-06 10:05:40.884  1742  1758 D NotificationPanel: keycode=4, action=1
03-06 10:05:40.884  1742  1758 D SystemUIApplication: handleKeyEvent, keycode:4 action:1, ret:false
03-06 10:05:40.884  1742  1758 D TvStatusBar:   mPlayGuideView android.widget.FrameLayout{332479e4 G.E..... ......I. 0,0-1920,1080}  interceptKegEvent   false  event.getDeviceId()  -1
03-06 10:05:40.885  2111  2134 I HotkeyService: dispatch key<4:KEYCODE_BACK:1> to HotkeyCallbackWrapper{Uid:1000, Pid:3394, Priority:8, AppName:com.pptv.voicecontroller}
03-06 10:05:40.886  3394  3465 D PPTVVoiceService_handleKeyEvent_670: handleKeyEvent 4, 1
03-06 10:05:40.886  2111  2134 I HotkeyService: dispatch key<4:KEYCODE_BACK:1> to HotkeyCallbackWrapper{Uid:1000, Pid:2111, Priority:5, AppName:com.pptv.framework.tvservice}
03-06 10:05:40.887  2111  2134 I HotkeyService: dispatch key<4:KEYCODE_BACK:1> to HotkeyCallbackWrapper{Uid:1000, Pid:2214, Priority:5, AppName:com.pptv.tv}
03-06 10:05:40.887  2111  2134 I HotkeyService: hotkey keycode : 4 deviceId=-1 result : 0 reason:R_NO_INTERCEPT
03-06 10:05:40.888  1589  1646 D WindowManager: mPPTVHotkeyService bRet =false
03-06 10:05:40.922  1762  4931 D PlayerImpl_JNI: isSignalStable
03-06 10:05:40.930  1762  2471 I PictureManager_JNI: getDlcAverageLuma
03-06 10:05:40.932  1762  2471 I TvManager_JNI: isSignalStable
03-06 10:05:40.932  1762  2471 I PictureManager_JNI: getBacklight
03-06 10:05:40.933  1762  2471 E septemberan: dbcHandler: mDbcBacklightRange: 48
03-06 10:05:40.933  1762  2471 I PictureManager_JNI: setBacklight
03-06 10:05:40.939  2065  2065 D InputEventDispatcher: onInputEvent: KeyEvent { action=ACTION_UP, keyCode=KEYCODE_BACK, scanCode=0, metaState=0, flags=0x8, repeatCount=0, eventTime=55472578, downTime=55472578, deviceId=-1, source=0x101 }
03-06 10:05:40.939 19539 19539 D SogouIME: [onKeyUp] keycode = 4 model = PPTV-55P+Pro build_id:Build_130480_20170508
03-06 10:05:40.941  2065  2480 I Launcher-Gank: log=t:7412,i:1369,p:page_home,e:tk,a:back,pn:推荐,pgn:推荐,ch:110037;
03-06 10:05:40.943  2065  2480 E txc     : 有此类com.pptv.framework.factory.FactoryManager
03-06 10:05:40.960  2065  2480 D Launcher-Gank: updateMeta: metaMaps = {plt=launcher, edt=0, ver=4.6.0.460, vab=0, osv=PPTV_55PPRO_V0.2.3_P4.6.0_200006_CN_B20180629_USER, dve=PPTV-55P+Pro, scra=3840, scrb=2160, d=20190306, t=100540, pid=00:25:92:a5:52:4c, uid=18616126570, vip=3, ppos=4.6.0, mac=00:25:92:a5:52:4c, WiFimac=0c:91:60:8a:81:74, Btmac=0c:91:60:81:15:65, D7=15, user_id=18616126570, o=200006, serial=null}
03-06 10:05:40.960  2065  2480 I Gank    : plt:launcher
03-06 10:05:40.960  2065  2480 I Gank    : edt:0
03-06 10:05:40.960  2065  2480 I Gank    : ver:4.6.0.460
03-06 10:05:40.960  2065  2480 I Gank    : vab:0
03-06 10:05:40.960  2065  2480 I Gank    : osv:PPTV_55PPRO_V0.2.3_P4.6.0_200006_CN_B20180629_USER
03-06 10:05:40.960  2065  2480 I Gank    : dve:PPTV-55P+Pro
03-06 10:05:40.960  2065  2480 I Gank    : scra:3840
03-06 10:05:40.960  2065  2480 I Gank    : scrb:2160
03-06 10:05:40.960  2065  2480 I Gank    : d:20190306
03-06 10:05:40.960  2065  2480 I Gank    : t:100540
03-06 10:05:40.960  2065  2480 I Gank    : pid:00:25:92:a5:52:4c
03-06 10:05:40.960  2065  2480 I Gank    : uid:18616126570
03-06 10:05:40.960  2065  2480 I Gank    : vip:3
03-06 10:05:40.960  2065  2480 I Gank    : ppos:4.6.0
03-06 10:05:40.960  2065  2480 I Gank    : mac:00:25:92:a5:52:4c
03-06 10:05:40.960  2065  2480 I Gank    : WiFimac:0c:91:60:8a:81:74
03-06 10:05:40.960  2065  2480 I Gank    : Btmac:0c:91:60:81:15:65
03-06 10:05:40.960  2065  2480 I Gank    : D7:15
03-06 10:05:40.960  2065  2480 I Gank    : user_id:18616126570
03-06 10:05:40.960  2065  2480 I Gank    : o:200006
03-06 10:05:40.960  2065  2480 I Gank    : serial:null
03-06 10:05:40.961  2065  2480 I Gank    : act:t:1318,i:1537,p:page_home,e:mv,tp:content_type_102,a:clk,pn:推荐,cn:今日热播,pgn:彼方剑语,ch:110037;cn:今日热播,loc:PGC,title_name:彼方剑语,event_time:2019-03-06 10:05:34,title_id:11099616,pn:推荐,event_key:click_home_position,from:,title_type:102;cn:今日热播,loc:PGC,title_name:彼方剑语,event_time:2019-03-06 10:05:33,title_id:11099616,pn:推荐,event_key:pitch_home_position,title_type:102,pitch_time:1990;cn:强档推荐,pn:推荐,event_key:click_home_position_back,event_time:2019-03-06 10:05:36;t:2818,i:1500,p:page_home,e:tk,a:back,pn:推荐,pgn:推荐,ch:110037;cn:强档推荐,loc:推荐位一,title_name:开通SVIP影视会员,event_time:2019-03-06 10:05:35,title_id:-1,pn:推荐,event_key:pitch_home_position,title_type:,pitch_time:884;pn:推荐,event_key:pitch_home_tab,event_time:2019-03-06 10:05:36,pitch_time:253;cn:今日热播,loc:PGC,title_name:彼方剑语,event_time:2019-03-06 10:05:36,title_id:11099616,pn:推荐,event_key:pitch_home_position,title_type:102,pitch_time:335;t:3876,i:1058,p:page_home,e:mv,tp:content_type_102,a:clk,pn:推荐,cn:今日热播,pgn:彼方剑语,ch:110037;cn:今日热播,loc:PGC,title_name:彼方剑语,event_time:2019-03-06 10:05:37,title_id:11099616,pn:推荐,event_key:click_home_position,from:,title_type:102;cn:今日热播,loc:推荐位二,title_name:蝴蝶公墓,event_time:2019-03-06 10:05:37,title_id:11110064,pn:推荐,event_key:pitch_home_position,title_type:102,pitch_time:1257;cn:强档推荐,pn:推荐,event_key:click_home_position_back,event_time:2019-03-06 10:05:39;t:6043,i:2167,p:page_home,e:tk,a:back,pn:推荐,pgn:推荐,ch:110037;cn:强档推荐,loc:推荐位一,title_name:开通SVIP影视会员,event_time:2019-03-06 10:05:38,title_id:-1,pn:推荐,event_key:pitch_home_position,title_type:,pitch_time:858;pn:推荐,event_key:pitch_home_tab,event_time:2019-03-06 10:05:39,pitch_time:594;cn:今日热播,loc:推荐位二,title_name:蝴蝶公墓,event_time:2019-03-06 10:05:40,title_id:11110064,pn:推荐,event_key:pitch_home_position,title_type:102,pitch_time:362;cn:强档推荐,pn:推荐,event_key:click_home_position_back,event_time:2019-03-06 10:05:40;t:7412,i:1369,p:page_home,e:tk,a:back,pn:推荐,pgn:推荐,ch:110037;cn:强档推荐,loc:推荐位一,title_name:开通SVIP影视会员,event_time:2019-03-06 10:05:40,title_id:-1,pn:推荐,event_key:pitch_home_position,title_type:,pitch_time:400;
03-06 10:05:40.965 19387 19511 I art     : Explicit concurrent mark sweep GC freed 3(96B) AllocSpace objects, 0(0B) LOS objects, 25% free, 2MB/3MB, paused 773us total 35.860ms
03-06 10:05:40.967  2065  2480 I Launcher-Gank: http://action.data.cp61.ott.cibntv.net/appevent/1.htmlkey=UserAction&c=gzip&data=j/t0aXZlX2FjdD7EOd5DrH1zerU/Q7hcJasBp5l4J2YK5hOQoj0+yLnYlA+rSQ91dnKzf3V5vA6kZYC5s5WN8w4U73/wZnzr/gOuaiTzlhjkzgVMO9xRLdBdkp1VImVrjccp8ZVUOXO2v+LFyMvEsYnA6GijLYbj5CRMvBBtvqbeUwoY7pugyEBGXnhrac/SaRbBuGU54YS7RccrKNJA5Kjs9JVPMED4+95AXcbieO8eONBt5PQqG613NuV4K+h0uWyleVuaaZK2TYFRx7eAlfEhGsAXMn/k68W04nmDh4eyiNwm5fAqiGt05qMofVzkYU+jQmkm696z2nrZrqwQpoKS1kIo0CX5kFC8OnSnktLlzBxNcEC6e8PLDwq1zzu85EslrjDpPkb9K0ujxS7srreRs6XhjcGu8LwLcCML+KXfbFlc1lsBha3yVVRfU01U3iVn9vtgQsmMQ0y16Gdiu+rb5GrjLm19kNPAHsUJSUMAaE2+waq+F8jCtOrExIjEkDKQU2S6UIIsjjYzoCFkWQG7ztGtd1iuHyFjDqUdmKWkS5zRXJpojtYcK6eg3+VOnxVFEiMbotUtWmB5RY4Xb3mUTxriCFGd6YpRroVC+llr8J7MvfIJGd62UuRJRQ3Is+HUu2V2JeuAt8dgrX3iCJ3UbLR+dT6wrp+B4mymoU5/2z//xh0uZ+3j0x7wKqpwoQBHS4tk5z5WXawyBepO/09NGMoAPSyuRPlzPhiMEcuhjAvuI7XDbiV7NcLni0d/QR9sCWDzBu1ZzwxqrElTnok1kFbtil3utlgysL6fXHcDCHz8PM91ll9Kiv5Tgd8ioYiMwZGovtAWSysIh3NmyDB2Gq6eaRDLr1gANeTz9urXa5Yoobp/EJ3Rev4XuOT856+cwwRmYP+YZbPfYwX+ynwNemxp
03-06 10:05:41.015  1169  1169 I tvos    : [37m[INFO] Change to Voltage: 117 mv (0x32)[m
03-06 10:05:41.024 19539 19539 D SogouIME API: ==============num:32
03-06 10:05:41.024 19539 19539 D SogouIME: mFocusedComponent:30   isHkbEnable:false
03-06 10:05:41.025 19539 19539 D SogouIME: =====configKeyboard=======是否有硬件盘:false     硬件盘是否不再隐藏：false
03-06 10:05:41.034  1762  2471 I PictureManager_JNI: getDlcAverageLuma
03-06 10:05:41.034  1762  2471 I TvManager_JNI: isSignalStable
03-06 10:05:41.035  1762  2471 I PictureManager_JNI: getBacklight
03-06 10:05:41.035  1762  2471 E septemberan: dbcHandler: mDbcBacklightRange: 48
03-06 10:05:41.035  1762  2471 I PictureManager_JNI: setBacklight
03-06 10:05:41.114  1169  1169 I tvos    : [37m[INFO] Change to Voltage: 102 mv (0x23)[m
03-06 10:05:41.135  1762  2471 I PictureManager_JNI: getDlcAverageLuma
03-06 10:05:41.136  1762  2471 I TvManager_JNI: isSignalStable
03-06 10:05:41.136  1762  2471 I PictureManager_JNI: getBacklight
03-06 10:05:41.136  1762  2471 E septemberan: dbcHandler: mDbcBacklightRange: 48
03-06 10:05:41.136  1762  2471 I PictureManager_JNI: setBacklight
03-06 10:05:41.192  1589  1646 D WindowManager: interceptKeyTi keyCode=23 down=true repeatCount=0 keyguardOn=false mHomePressed=false canceled=false deviceName=Virtual
03-06 10:05:41.192  1589  1646 E septemberan: mHotkeyService != null
03-06 10:05:41.194  2322 15196 D Evan    : onGlobalKeyEvent keycode=23
03-06 10:05:41.194  2322 15196 D Evan    : invokeGlobalKeyListener
03-06 10:05:41.194  2322 15196 D TVApiSystemSignalImpl:  now=55472911
03-06 10:05:41.194  2322 15196 D TVApiSystemSignalImpl:  before=55459399
03-06 10:05:41.194  2322 15196 D Evan    : invokeGlobalKeyListener
03-06 10:05:41.194  2322 15196 D TVApiSystemNoActionAutoPowerOffImpl: KeyEvnetListener Reset counter
03-06 10:05:41.195  2322 14178 D TvCecManager: arcIsAmpVolume
03-06 10:05:41.195  1762 13736 I CECManager_JNI: arcIsAmpVolume
03-06 10:05:41.196  1589  1646 D WindowManager: bRet =false
03-06 10:05:41.196  1589  1646 E septemberan: mPPTVHotkeyService != null
03-06 10:05:41.196  2111  2133 I HotkeyService: handleKeyEvents
03-06 10:05:41.196  2111  2133 I HotkeyService: Enter ListenAloneKeyHandler
03-06 10:05:41.197  2111  2133 I SystemImpl: getProp key:TvSystem:PROP_LISTEN_ALONE value:false
03-06 10:05:41.197  2111  2133 I HotkeyService: Enter FirstAndSearchingHandler
03-06 10:05:41.197  2111  2133 I HotkeyService: Enter AppHotkeyHandler
03-06 10:05:41.198  2111  2133 I HotkeyManager: notifyHotkeyListener
03-06 10:05:41.198  2111  2133 I HotkeyService: notifyCallbacks size : 4
03-06 10:05:41.198  2111  2133 I HotkeyService: dispatch key<23:KEYCODE_DPAD_CENTER:0> to HotkeyCallbackWrapper{Uid:10011, Pid:1742, Priority:9, AppName:com.pptv.systemui}
03-06 10:05:41.198  1742  3451 D NotificationPanel: keycode=23, action=0
03-06 10:05:41.198  1742  3451 D SystemUIApplication: handleKeyEvent, keycode:23 action:0, ret:false
03-06 10:05:41.198  1742  3451 D TvStatusBar:   mPlayGuideView android.widget.FrameLayout{332479e4 G.E..... ......I. 0,0-1920,1080}  interceptKegEvent   false  event.getDeviceId()  -1
03-06 10:05:41.199  2111  2133 I HotkeyService: dispatch key<23:KEYCODE_DPAD_CENTER:0> to HotkeyCallbackWrapper{Uid:1000, Pid:3394, Priority:8, AppName:com.pptv.voicecontroller}
03-06 10:05:41.199  3394  3411 D PPTVVoiceService_handleKeyEvent_670: handleKeyEvent 23, 0
03-06 10:05:41.200  2111  2133 I HotkeyService: dispatch key<23:KEYCODE_DPAD_CENTER:0> to HotkeyCallbackWrapper{Uid:1000, Pid:2111, Priority:5, AppName:com.pptv.framework.tvservice}
03-06 10:05:41.200  2111  2133 I HotkeyService: dispatch key<23:KEYCODE_DPAD_CENTER:0> to HotkeyCallbackWrapper{Uid:1000, Pid:2214, Priority:5, AppName:com.pptv.tv}
03-06 10:05:41.202  2111  2133 I HotkeyService: hotkey keycode : 23 deviceId=-1 result : 0 reason:R_NO_INTERCEPT
03-06 10:05:41.202  1589  1646 D WindowManager: mPPTVHotkeyService bRet =false
03-06 10:05:41.207  1589  1646 D WindowManager: interceptKeyTi keyCode=23 down=false repeatCount=0 keyguardOn=false mHomePressed=false canceled=false deviceName=Virtual
03-06 10:05:41.207  1589  1646 E septemberan: mHotkeyService != null
03-06 10:05:41.209  2065  2065 D InputEventDispatcher: onInputEvent: KeyEvent { action=ACTION_DOWN, keyCode=KEYCODE_DPAD_CENTER, scanCode=0, metaState=0, flags=0x8, repeatCount=0, eventTime=55472908, downTime=55472908, deviceId=-1, source=0x101 }
03-06 10:05:41.209 19539 19539 D SogouIME: [onKeyDown] keycode = 23 model = PPTV-55P+Pro build_id:Build_130480_20170508 true
03-06 10:05:41.213  2779  9375 E CvteATHotkey: <AT-TPV> processTPVFacKey ScanCode = 0x0
03-06 10:05:41.219  2322  2497 D TvCecManager: arcIsAmpVolume
03-06 10:05:41.219  1762  4930 I CECManager_JNI: arcIsAmpVolume
03-06 10:05:41.220  1589  1646 D WindowManager: bRet =false
03-06 10:05:41.220  1589  1646 E septemberan: mPPTVHotkeyService != null
03-06 10:05:41.220  2111  4763 I HotkeyService: handleKeyEvents
03-06 10:05:41.220  2111  4763 I HotkeyService: Enter ListenAloneKeyHandler
03-06 10:05:41.222  2111  4763 I SystemImpl: getProp key:TvSystem:PROP_LISTEN_ALONE value:false
03-06 10:05:41.222  2111  4763 I HotkeyService: Enter FirstAndSearchingHandler
03-06 10:05:41.222  2111  4763 I HotkeyService: Enter AppHotkeyHandler
03-06 10:05:41.222  2111  4763 I HotkeyManager: notifyHotkeyListener
03-06 10:05:41.222  2111  4763 I HotkeyService: notifyCallbacks size : 4
03-06 10:05:41.223  2111  4763 I HotkeyService: dispatch key<23:KEYCODE_DPAD_CENTER:1> to HotkeyCallbackWrapper{Uid:10011, Pid:1742, Priority:9, AppName:com.pptv.systemui}
03-06 10:05:41.223  1742  1759 D NotificationPanel: keycode=23, action=1
03-06 10:05:41.223  1742  1759 D SystemUIApplication: handleKeyEvent, keycode:23 action:1, ret:false
03-06 10:05:41.223  1742  1759 D TvStatusBar:   mPlayGuideView android.widget.FrameLayout{332479e4 G.E..... ......I. 0,0-1920,1080}  interceptKegEvent   false  event.getDeviceId()  -1
03-06 10:05:41.224  2111  4763 I HotkeyService: dispatch key<23:KEYCODE_DPAD_CENTER:1> to HotkeyCallbackWrapper{Uid:1000, Pid:3394, Priority:8, AppName:com.pptv.voicecontroller}
03-06 10:05:41.225  3394  3410 D PPTVVoiceService_handleKeyEvent_670: handleKeyEvent 23, 1
03-06 10:05:41.225  2111  4763 I HotkeyService: dispatch key<23:KEYCODE_DPAD_CENTER:1> to HotkeyCallbackWrapper{Uid:1000, Pid:2111, Priority:5, AppName:com.pptv.framework.tvservice}
03-06 10:05:41.225  2111  4763 I HotkeyService: dispatch key<23:KEYCODE_DPAD_CENTER:1> to HotkeyCallbackWrapper{Uid:1000, Pid:2214, Priority:5, AppName:com.pptv.tv}
03-06 10:05:41.226  2111  4763 I HotkeyService: hotkey keycode : 23 deviceId=-1 result : 0 reason:R_NO_INTERCEPT
03-06 10:05:41.227  1589  1646 D WindowManager: mPPTVHotkeyService bRet =false
03-06 10:05:41.228  2065  2065 D InputEventDispatcher: onInputEvent: KeyEvent { action=ACTION_UP, keyCode=KEYCODE_DPAD_CENTER, scanCode=0, metaState=0, flags=0x8, repeatCount=0, eventTime=55472920, downTime=55472920, deviceId=-1, source=0x101 }
03-06 10:05:41.228 19539 19539 D SogouIME: [onKeyUp] keycode = 23 model = PPTV-55P+Pro build_id:Build_130480_20170508
03-06 10:05:41.237  1762  2471 I PictureManager_JNI: getDlcAverageLuma
03-06 10:05:41.241  1762  2471 I TvManager_JNI: isSignalStable
03-06 10:05:41.241  1762  2471 I PictureManager_JNI: getBacklight
03-06 10:05:41.242  1762  2471 E septemberan: dbcHandler: mDbcBacklightRange: 48
03-06 10:05:41.242  1762  2471 I PictureManager_JNI: setBacklight
03-06 10:05:41.342  1762  2471 I PictureManager_JNI: getDlcAverageLuma
03-06 10:05:41.343  1762  2471 I TvManager_JNI: isSignalStable
03-06 10:05:41.343  1762  2471 I PictureManager_JNI: getBacklight
03-06 10:05:41.343  1762  2471 E septemberan: dbcHandler: mDbcBacklightRange: 48
03-06 10:05:41.343  1762  2471 I PictureManager_JNI: setBacklight
03-06 10:05:41.443  1762  2471 I PictureManager_JNI: getDlcAverageLuma
03-06 10:05:41.444  1762  2471 I TvManager_JNI: isSignalStable
03-06 10:05:41.444  1762  2471 I PictureManager_JNI: getBacklight
03-06 10:05:41.444  1762  2471 E septemberan: dbcHandler: mDbcBacklightRange: 48
03-06 10:05:41.444  1762  2471 I PictureManager_JNI: setBacklight
03-06 10:05:41.531  1589  1646 D WindowManager: interceptKeyTi keyCode=22 down=true repeatCount=0 keyguardOn=false mHomePressed=false canceled=false deviceName=Virtual
03-06 10:05:41.531  1589  1646 E septemberan: mHotkeyService != null
03-06 10:05:41.532  2322  4937 D Evan    : onGlobalKeyEvent keycode=22
03-06 10:05:41.532  2322  4937 D Evan    : invokeGlobalKeyListener
03-06 10:05:41.532  2322  4937 D TVApiSystemSignalImpl:  now=55473249
03-06 10:05:41.532  2322  4937 D TVApiSystemSignalImpl:  before=55459399
03-06 10:05:41.532  2322  4937 D Evan    : invokeGlobalKeyListener
03-06 10:05:41.532  2322  4937 D TVApiSystemNoActionAutoPowerOffImpl: KeyEvnetListener Reset counter
03-06 10:05:41.533  2322  4929 D TvCecManager: arcIsAmpVolume
03-06 10:05:41.533  1762  1782 I CECManager_JNI: arcIsAmpVolume
03-06 10:05:41.534  1589  1646 D WindowManager: bRet =false
03-06 10:05:41.534  1589  1646 E septemberan: mPPTVHotkeyService != null
03-06 10:05:41.534  2111 12345 I HotkeyService: handleKeyEvents
03-06 10:05:41.534  2111 12345 I HotkeyService: Enter ListenAloneKeyHandler
03-06 10:05:41.535  2111 12345 I SystemImpl: getProp key:TvSystem:PROP_LISTEN_ALONE value:false
03-06 10:05:41.535  2111 12345 I HotkeyService: Enter FirstAndSearchingHandler
03-06 10:05:41.535  2111 12345 I HotkeyService: Enter AppHotkeyHandler
03-06 10:05:41.535  2111 12345 I HotkeyManager: notifyHotkeyListener
03-06 10:05:41.535  2111 12345 I HotkeyService: notifyCallbacks size : 4
03-06 10:05:41.535  2111 12345 I HotkeyService: dispatch key<22:KEYCODE_DPAD_RIGHT:0> to HotkeyCallbackWrapper{Uid:10011, Pid:1742, Priority:9, AppName:com.pptv.systemui}
03-06 10:05:41.536  1742  3137 D NotificationPanel: keycode=22, action=0
03-06 10:05:41.536  1742  3137 D SystemUIApplication: handleKeyEvent, keycode:22 action:0, ret:false
03-06 10:05:41.536  1742  3137 D TvStatusBar:   mPlayGuideView android.widget.FrameLayout{332479e4 G.E..... ......I. 0,0-1920,1080}  interceptKegEvent   false  event.getDeviceId()  -1
03-06 10:05:41.536  2111 12345 I HotkeyService: dispatch key<22:KEYCODE_DPAD_RIGHT:0> to HotkeyCallbackWrapper{Uid:1000, Pid:3394, Priority:8, AppName:com.pptv.voicecontroller}
03-06 10:05:41.537  3394  3465 D PPTVVoiceService_handleKeyEvent_670: handleKeyEvent 22, 0
03-06 10:05:41.537  2111 12345 I HotkeyService: dispatch key<22:KEYCODE_DPAD_RIGHT:0> to HotkeyCallbackWrapper{Uid:1000, Pid:2111, Priority:5, AppName:com.pptv.framework.tvservice}
03-06 10:05:41.537  2111 12345 I HotkeyService: dispatch key<22:KEYCODE_DPAD_RIGHT:0> to HotkeyCallbackWrapper{Uid:1000, Pid:2214, Priority:5, AppName:com.pptv.tv}
03-06 10:05:41.537  2111 12345 I HotkeyService: hotkey keycode : 22 deviceId=-1 result : 0 reason:R_NO_INTERCEPT
03-06 10:05:41.538  1589  1646 D WindowManager: mPPTVHotkeyService bRet =false
03-06 10:05:41.539  2065  2065 D InputEventDispatcher: onInputEvent: KeyEvent { action=ACTION_DOWN, keyCode=KEYCODE_DPAD_RIGHT, scanCode=0, metaState=0, flags=0x8, repeatCount=0, eventTime=55473247, downTime=55473247, deviceId=-1, source=0x101 }
03-06 10:05:41.540  1589  1646 D WindowManager: interceptKeyTi keyCode=22 down=false repeatCount=0 keyguardOn=false mHomePressed=false canceled=false deviceName=Virtual
03-06 10:05:41.540  1589  1646 E septemberan: mHotkeyService != null
03-06 10:05:41.540 19539 19539 D SogouIME: [onKeyDown] keycode = 22 model = PPTV-55P+Pro build_id:Build_130480_20170508 true
03-06 10:05:41.544  2779  2796 E CvteATHotkey: <AT-TPV> processTPVFacKey ScanCode = 0x0
03-06 10:05:41.546  2322 11145 D TvCecManager: arcIsAmpVolume
03-06 10:05:41.546  1762  2471 I PictureManager_JNI: getDlcAverageLuma
03-06 10:05:41.546  1762  1784 I CECManager_JNI: arcIsAmpVolume
03-06 10:05:41.546  1762  2471 I TvManager_JNI: isSignalStable
03-06 10:05:41.547  1762  2471 I PictureManager_JNI: getBacklight
03-06 10:05:41.547  1762  2471 E septemberan: dbcHandler: mDbcBacklightRange: 48
03-06 10:05:41.547  1762  2471 I PictureManager_JNI: setBacklight
03-06 10:05:41.547  1589  1646 D WindowManager: bRet =false
03-06 10:05:41.547  1589  1646 E septemberan: mPPTVHotkeyService != null
03-06 10:05:41.547  2111  5435 I HotkeyService: handleKeyEvents
03-06 10:05:41.547  2111  5435 I HotkeyService: Enter ListenAloneKeyHandler
03-06 10:05:41.548  2111  5435 I SystemImpl: getProp key:TvSystem:PROP_LISTEN_ALONE value:false
03-06 10:05:41.548  2111  5435 I HotkeyService: Enter FirstAndSearchingHandler
03-06 10:05:41.548  2111  5435 I HotkeyService: Enter AppHotkeyHandler
03-06 10:05:41.548  2111  5435 I HotkeyManager: notifyHotkeyListener
03-06 10:05:41.549  2111  5435 I HotkeyService: notifyCallbacks size : 4
03-06 10:05:41.549  2111  5435 I HotkeyService: dispatch key<22:KEYCODE_DPAD_RIGHT:1> to HotkeyCallbackWrapper{Uid:10011, Pid:1742, Priority:9, AppName:com.pptv.systemui}
03-06 10:05:41.549  1742  1758 D NotificationPanel: keycode=22, action=1
03-06 10:05:41.549  1742  1758 D SystemUIApplication: handleKeyEvent, keycode:22 action:1, ret:false
03-06 10:05:41.549  1742  1758 D TvStatusBar:   mPlayGuideView android.widget.FrameLayout{332479e4 G.E..... ......I. 0,0-1920,1080}  interceptKegEvent   false  event.getDeviceId()  -1
03-06 10:05:41.550  2111  5435 I HotkeyService: dispatch key<22:KEYCODE_DPAD_RIGHT:1> to HotkeyCallbackWrapper{Uid:1000, Pid:3394, Priority:8, AppName:com.pptv.voicecontroller}
03-06 10:05:41.550  3394  3411 D PPTVVoiceService_handleKeyEvent_670: handleKeyEvent 22, 1
03-06 10:05:41.550  2111  5435 I HotkeyService: dispatch key<22:KEYCODE_DPAD_RIGHT:1> to HotkeyCallbackWrapper{Uid:1000, Pid:2111, Priority:5, AppName:com.pptv.framework.tvservice}
03-06 10:05:41.551  2111  5435 I HotkeyService: dispatch key<22:KEYCODE_DPAD_RIGHT:1> to HotkeyCallbackWrapper{Uid:1000, Pid:2214, Priority:5, AppName:com.pptv.tv}
03-06 10:05:41.551  2111  5435 I HotkeyService: hotkey keycode : 22 deviceId=-1 result : 0 reason:R_NO_INTERCEPT
03-06 10:05:41.551  1589  1646 D WindowManager: mPPTVHotkeyService bRet =false
03-06 10:05:41.559  2065  2065 D FragmentTv: onFragmentInvisible
03-06 10:05:41.560  2065  2065 E FragmentTv: stopPlay isCurrentFragmentVisible:false,getUserVisibleHint:false,isParentVisible:true
03-06 10:05:41.560  2065  2065 E FragmentTv: stopPlay: wallpaper visiblity:8
03-06 10:05:41.560  2065  2065 E TvPlayerManager-FragmentTv: stop
03-06 10:05:41.560  2065  2065 D ContextImpl: broadcast action is android.intent.action.SOURCEWALL_RELEASE_PLAYER
03-06 10:05:41.561  2065  2065 W ContextImpl: Calling a method in the system process without a qualified user: android.app.ContextImpl.sendBroadcast:1326 android.content.ContextWrapper.sendBroadcast:376 com.pptv.launcher.utils.TvPlayerManager.a:-1 com.pptv.launcher.utils.TvPlayerManager.i:-1 com.pptv.launcher.view.home.fragment.af.c:-1 
03-06 10:05:41.563  2065  2065 D FragmentTv: setWallpaperViewVisibility: 8
03-06 10:05:41.563  2065  2065 D WallpaperView: [0] setVisibility visibility=8
03-06 10:05:41.563  2065  2065 E Launcher: releaseWakeLock
03-06 10:05:41.563  2065  2065 E FragmentTv: stopPlay isCurrentFragmentVisible:false,getUserVisibleHint:false,isParentVisible:true
03-06 10:05:41.563  2065  2065 E FragmentTv: stopPlay: wallpaper visiblity:8
03-06 10:05:41.563  2065  2065 E TvPlayerManager-FragmentTv: stop
03-06 10:05:41.564  2065  2065 D ContextImpl: broadcast action is android.intent.action.SOURCEWALL_RELEASE_PLAYER
03-06 10:05:41.564  2065  2065 W ContextImpl: Calling a method in the system process without a qualified user: android.app.ContextImpl.sendBroadcast:1326 android.content.ContextWrapper.sendBroadcast:376 com.pptv.launcher.utils.TvPlayerManager.a:-1 com.pptv.launcher.utils.TvPlayerManager.i:-1 com.pptv.launcher.view.home.fragment.af.c:-1 
03-06 10:05:41.565  2214  2214 I ppostv/UpdatedReceiver: SOURCEWALL_RELEASE_PLAYER
03-06 10:05:41.565  2214  2214 I ppostv/TvPlayerService: getInstance
03-06 10:05:41.565  2214  2214 D ppostv/TvPlayerService: TvPlayerService::remove
03-06 10:05:41.565  2214  2214 D ppostv/TvPlayerService: BIP_SEND null duration 1551837941565
03-06 10:05:41.566  2065  2065 D FragmentTv: setWallpaperViewVisibility: 8
03-06 10:05:41.566  2214  2562 I Gank    : log=t:23006,i:8260,event_key:get_signal_online,event_time:2019-03-06 10:05:41,user_id:18616126570,pitch_time:1551837941565;
03-06 10:05:41.566  2065  2065 D WallpaperView: [0] setVisibility visibility=8
03-06 10:05:41.566  2065  2065 E Launcher: releaseWakeLock
03-06 10:05:41.567  2065  2065 D HomeLeftNavContainer: animateOut() called
03-06 10:05:41.569  2214  2214 I ppostv/UpdatedReceiver: SOURCEWALL_RELEASE_PLAYER
03-06 10:05:41.569  2214  2214 I ppostv/TvPlayerService: getInstance
03-06 10:05:41.569  2214  2214 D ppostv/TvPlayerService: TvPlayerService::remove
03-06 10:05:41.569  2214  2214 D ppostv/TvPlayerService: BIP_SEND null duration 1551837941569
03-06 10:05:41.570  2065  2065 D FragmentShop: setWallpaperViewVisibility: 8
03-06 10:05:41.570  2214  2562 I Gank    : log=t:23009,i:3,event_key:get_signal_online,event_time:2019-03-06 10:05:41,user_id:18616126570,pitch_time:1551837941569;
03-06 10:05:41.570  2065  2065 D WallpaperView: [0] setVisibility visibility=8
03-06 10:05:41.570  2065  2065 E Launcher: releaseWakeLock
03-06 10:05:41.570  2065  2065 E TvPlayerManager-FragmentTv: stopShopLive
03-06 10:05:41.570  2065  2065 E TvPlayerManager-FragmentTv: ottStopShopLive: 
03-06 10:05:41.571  2065  2065 D PLAYER--: ----app invoked onStop() method with OTTPlayerManager---
03-06 10:05:41.571  2065  2065 I PLAYER--: [CommonMsgController:989606733][onStop()]
03-06 10:05:41.571  2065  2065 I MP--    : remove() invoked! with status:1
03-06 10:05:41.572  2065 26995 I MP--    : remove() fail because status is 1 or mediaPlayer=null
03-06 10:05:41.572  2065  2065 E FragmentShop: removeLiveChannelMapView: 
03-06 10:05:41.647  1762  2471 I PictureManager_JNI: getDlcAverageLuma
03-06 10:05:41.648  1762  2471 I TvManager_JNI: isSignalStable
03-06 10:05:41.648  1762  2471 I PictureManager_JNI: getBacklight
03-06 10:05:41.648  1762  2471 E septemberan: dbcHandler: mDbcBacklightRange: 48
03-06 10:05:41.648  1762  2471 I PictureManager_JNI: setBacklight
03-06 10:05:41.748  1762  2471 I PictureManager_JNI: getDlcAverageLuma
03-06 10:05:41.749  1762  2471 I TvManager_JNI: isSignalStable
03-06 10:05:41.750  1762  2471 I PictureManager_JNI: getBacklight
03-06 10:05:41.750  1762  2471 E septemberan: dbcHandler: mDbcBacklightRange: 48
03-06 10:05:41.750  1762  2471 I PictureManager_JNI: setBacklight
03-06 10:05:41.836 19539 19539 D SogouIME: [onKeyUp] keycode = 22 model = PPTV-55P+Pro build_id:Build_130480_20170508
03-06 10:05:41.836  2065  2065 D InputEventDispatcher: onInputEvent: KeyEvent { action=ACTION_UP, keyCode=KEYCODE_DPAD_RIGHT, scanCode=0, metaState=0, flags=0x8, repeatCount=0, eventTime=55473256, downTime=55473256, deviceId=-1, source=0x101 }
03-06 10:05:41.838  2065  2065 V taskType--: set taskType = 12301 mPlayer=com.pptv.videoview.playerinstance.PPTVPlayerImp@ce37313
03-06 10:05:41.845 19539 19539 D SogouIME API: ==============num:32
03-06 10:05:41.845 19539 19539 D SogouIME: mFocusedComponent:30   isHkbEnable:false
03-06 10:05:41.845 19539 19539 D SogouIME: =====configKeyboard=======是否有硬件盘:false     硬件盘是否不再隐藏：false
03-06 10:05:41.850  1762  2471 I PictureManager_JNI: getDlcAverageLuma
03-06 10:05:41.851  1762  2471 I TvManager_JNI: isSignalStable
03-06 10:05:41.851  1762  2471 I PictureManager_JNI: getBacklight
03-06 10:05:41.851  1762  2471 E septemberan: dbcHandler: mDbcBacklightRange: 48
03-06 10:05:41.851  1762  2471 I PictureManager_JNI: setBacklight
03-06 10:05:41.883  1589  2097 W TelecomManager: Telecom Service not found.
03-06 10:05:41.883  1589  2097 W TelecomManager: Telecom Service not found.
03-06 10:05:41.884  1589  1646 D WindowManager: interceptKeyTi keyCode=24 down=true repeatCount=0 keyguardOn=false mHomePressed=false canceled=false deviceName=Virtual
03-06 10:05:41.884  1589  1646 E septemberan: mHotkeyService != null
03-06 10:05:41.886  2322  2338 D Evan    : onGlobalKeyEvent keycode=24
03-06 10:05:41.886  2322  2338 D Evan    : invokeGlobalKeyListener
03-06 10:05:41.886  2322  2338 D TVApiSystemSignalImpl:  now=55473603
03-06 10:05:41.886  2322  2338 D TVApiSystemSignalImpl:  before=55459399
03-06 10:05:41.886  2322  2338 D Evan    : invokeGlobalKeyListener
03-06 10:05:41.886  2322  2338 D TVApiSystemNoActionAutoPowerOffImpl: KeyEvnetListener Reset counter
03-06 10:05:41.887  2322  4932 D TvCecManager: arcIsAmpVolume
03-06 10:05:41.887  1762  2473 I CECManager_JNI: arcIsAmpVolume
03-06 10:05:41.888  1589  1646 D WindowManager: bRet =false
03-06 10:05:41.888  1589  1646 E septemberan: mPPTVHotkeyService != null
03-06 10:05:41.889  2111  5436 I HotkeyService: handleKeyEvents
03-06 10:05:41.889  2111  5436 I HotkeyService: Enter ListenAloneKeyHandler
03-06 10:05:41.889  2111  5436 I HotkeyService: Enter FirstAndSearchingHandler
03-06 10:05:41.889  2111  5436 I HotkeyService: check Volume key, repeat count:0
03-06 10:05:41.889  2111  5436 I HotkeyService: isSearchingChannel
03-06 10:05:41.890  2322  4929 D TVApiSystemInputSourceImpl: eventSystemInputSourceGetInputSource
03-06 10:05:41.890  2322  4929 D TVApiSystemInputSourceImpl: generateInputSourceList
03-06 10:05:41.891  2322  4929 D TVApiSystemInputSourceImpl: currentSrc&&&&&&&&&&&&&& =7
03-06 10:05:41.893  2111  5436 I TvInputManagerImpl: getCurrentTvInput inputsource id :7
03-06 10:05:41.893  2111  5436 I HotkeyService: isSearchingChannel:false
03-06 10:05:41.893  2111  5436 I HotkeyService: Enter AppHotkeyHandler
03-06 10:05:41.893  2111  5436 I HotkeyManager: notifyHotkeyListener
03-06 10:05:41.893  2111  5436 I HotkeyService: notifyCallbacks size : 4
03-06 10:05:41.893  2111  5436 I HotkeyService: dispatch key<24:KEYCODE_VOLUME_UP:0> to HotkeyCallbackWrapper{Uid:10011, Pid:1742, Priority:9, AppName:com.pptv.systemui}
03-06 10:05:41.894  1742  3451 D NotificationPanel: keycode=24, action=0
03-06 10:05:41.894  1742  3451 D SystemUIApplication: handleKeyEvent, keycode:24 action:0, ret:false
03-06 10:05:41.894  1742  3451 D TvStatusBar:   mPlayGuideView android.widget.FrameLayout{332479e4 G.E..... ......I. 0,0-1920,1080}  interceptKegEvent   false  event.getDeviceId()  -1
03-06 10:05:41.895  2111  5436 I HotkeyService: dispatch key<24:KEYCODE_VOLUME_UP:0> to HotkeyCallbackWrapper{Uid:1000, Pid:3394, Priority:8, AppName:com.pptv.voicecontroller}
03-06 10:05:41.895  3394  3410 D PPTVVoiceService_handleKeyEvent_670: handleKeyEvent 24, 0
03-06 10:05:41.896  2111  5436 I HotkeyService: dispatch key<24:KEYCODE_VOLUME_UP:0> to HotkeyCallbackWrapper{Uid:1000, Pid:2111, Priority:5, AppName:com.pptv.framework.tvservice}
03-06 10:05:41.896  2111  5436 I HotkeyService: dispatch key<24:KEYCODE_VOLUME_UP:0> to HotkeyCallbackWrapper{Uid:1000, Pid:2214, Priority:5, AppName:com.pptv.tv}
03-06 10:05:41.896  2214  2231 D ppostv/TvApplication: gsd handleKeyEvent  keyCode = 24   action = 0
03-06 10:05:41.896  2214  2231 D ppostv/TvApplication: KeyEvent.ACTION_DOWN 24
03-06 10:05:41.897  2111  5436 D ITvInputManagerImplPolicy: [server][2214][1000][5436]getCurrentTvInput
03-06 10:05:41.898  2322 14178 D TVApiSystemInputSourceImpl: eventSystemInputSourceGetInputSource
03-06 10:05:41.898  2322 14178 D TVApiSystemInputSourceImpl: generateInputSourceList
03-06 10:05:41.899  2322 14178 D TVApiSystemInputSourceImpl: currentSrc&&&&&&&&&&&&&& =7
03-06 10:05:41.901  2111  5436 I TvInputManagerImpl: getCurrentTvInput inputsource id :7
03-06 10:05:41.901  2111  5436 I ITvInputManagerImplPolicy: [server][2214][1000][5436]getCurrentTvInput =com.pptv.framework.cvte.tv1.tv.TvInputImpl@1a4fda9e
03-06 10:05:41.901  2111  5436 D ITvInputManagerImplPolicy: [server][2214][1000][5436]getCurrentTvInput from mTvInputsArray, size =8
03-06 10:05:41.901  2111  5436 D ITvInputManagerImplPolicy: [server][2214][1000][5436]getCurrentTvInput from mTvInputsArray, input =ITvInputPolicy{3cd0697f MEDIA}
03-06 10:05:41.902  2111  5436 I ITvInputPolicy: [server][2214][1000][5436]getSound --->com.pptv.framework.cvte.tv1.tv.SoundImpl@252bc195
03-06 10:05:41.902  2111  5436 I ITvInputPolicy: [server][2214][1000][5436]getSound ---> remote com.pptv.framework.tv.policy.ISoundPolicy@1127ec43
03-06 10:05:41.903  2111  5436 D ISoundPolicy: [server][2214][1000][5436]getProp key = PROP_SPEAKER_ROUTE
03-06 10:05:41.904  1821  1838 I TvSettingsProvider: [server][2111][1000][1838]query uri = content://com.pptv.framework.tvservice/fs/SpeakerRoute
03-06 10:05:41.904  1821  1838 I FileStorage: [server][2111][1000][1838]query uri = content://com.pptv.framework.tvservice/fs/SpeakerRoute
03-06 10:05:41.904  1821  1838 I FileStorage: [server][2111][1000][1838]query key = SpeakerRoute
03-06 10:05:41.904  1821  1838 I FileStorage: [server][2111][1000][1838]query value = INNER_SPEAKER
03-06 10:05:41.905  2111  5436 D SoundImpl: getProp PROP_SPEAKER_ROUTE value = INNER_SPEAKER
03-06 10:05:41.906  2214  2231 I ppostv/TvApplication: volume up 0
03-06 10:05:41.906  2214  2214 D VolumePanel: setStreanVolumeUp
03-06 10:05:41.906  2111  5436 I HotkeyService: <24:KEYCODE_VOLUME_UP:0> is intercepted by HotkeyCallbackWrapper{Uid:1000, Pid:2214, Priority:5, AppName:com.pptv.tv}
03-06 10:05:41.906  2111  5436 I HotkeyService: AppHotkeyHandler intercept key, keyCode:24
03-06 10:05:41.906  2111  5436 I HotkeyService: hotkey keycode : 24 deviceId=-1 result : 6 reason:R_INTERCEPTED_BY_APP
03-06 10:05:41.907  1589  1646 D WindowManager: mPPTVHotkeyService bRet =true
03-06 10:05:41.907  2111  5436 D ITvSystemImplPolicy: [server][2214][1000][5436]getProp key = PROP_SOUND_ARC_CONNECTED
03-06 10:05:41.907  2322  2339 D TvCecManager: arcIsAmpVolume
03-06 10:05:41.908  1762  4930 I CECManager_JNI: arcIsAmpVolume
03-06 10:05:41.908  1589  1646 D WindowManager: interceptKeyTi keyCode=24 down=false repeatCount=0 keyguardOn=false mHomePressed=false canceled=false deviceName=Virtual
03-06 10:05:41.909  1589  1646 E septemberan: mHotkeyService != null
03-06 10:05:41.909  2111  5436 I SystemImpl: getProp key:TvSystem:PROP_SOUND_ARC_CONNECTED value:false
03-06 10:05:41.909  2214  2214 I TvSystemImplPolicy: getProp [key:PROP_SOUND_ARC_CONNECTED;value:false]
03-06 10:05:41.910  2111  4763 D ITvSystemImplPolicy: [server][2214][1000][4763]getProp key = PROP_SOUND_ARC_CONNECTED
03-06 10:05:41.910  2322  2338 D TvCecManager: arcIsAmpVolume
03-06 10:05:41.911  1762  1782 I CECManager_JNI: arcIsAmpVolume
03-06 10:05:41.912  2779  2797 E CvteATHotkey: <AT-TPV> processTPVFacKey ScanCode = 0x0
03-06 10:05:41.912  2111  4763 I SystemImpl: getProp key:TvSystem:PROP_SOUND_ARC_CONNECTED value:false
03-06 10:05:41.913  2214  2214 I TvSystemImplPolicy: getProp [key:PROP_SOUND_ARC_CONNECTED;value:false]
03-06 10:05:41.913  1589  1625 D AudioService: isPipOn: false
03-06 10:05:41.913  2322  4932 D TvCecManager: arcIsAmpVolume
03-06 10:05:41.914  1762  1784 I CECManager_JNI: arcIsAmpVolume
03-06 10:05:41.914  1589  1625 D AudioService: getMasterVolume speaker mute=false A2dp mute =false MasterVolumeFaked=100 volumeSpeaker=9 volumeA2dp=20
03-06 10:05:41.914  1589  1625 D AudioService: isPipOn: false
03-06 10:05:41.914  1589  1625 D AudioService: isPipOn: false
03-06 10:05:41.915  1589  1646 D WindowManager: bRet =false
03-06 10:05:41.915  1589  1646 E septemberan: mPPTVHotkeyService != null
03-06 10:05:41.915  2111 12345 I HotkeyService: handleKeyEvents
03-06 10:05:41.915  2111 12345 I HotkeyService: Enter ListenAloneKeyHandler
03-06 10:05:41.915  2111 12345 I HotkeyService: Enter FirstAndSearchingHandler
03-06 10:05:41.915  2111 12345 I HotkeyService: check Volume key, repeat count:0
03-06 10:05:41.915  2111 12345 I HotkeyService: isSearchingChannel
