03-06 10:05:37.274  2111  2133 I HotkeyService: hotkey keycode : 23 deviceId=-1 result : 0 reason:R_NO_INTERCEPT
03-06 10:05:37.275  1589  1646 D WindowManager: mPPTVHotkeyService bRet =false
03-06 10:05:37.283  2065  2065 D InputEventDispatcher: onInputEvent: KeyEvent { action=ACTION_DOWN, keyCode=KEYCODE_DPAD_CENTER, scanCode=0, metaState=0, flags=0x8, repeatCount=0, eventTime=55468964, downTime=55468964, deviceId=-1, source=0x101 }
03-06 10:05:37.283 19539 19539 D SogouIME: [onKeyDown] keycode = 23 model = PPTV-55P+Pro build_id:Build_130480_20170508 true
03-06 10:05:37.339  2065  2065 D InputEventDispatcher: onInputEvent: KeyEvent { action=ACTION_UP, keyCode=KEYCODE_DPAD_CENTER, scanCode=0, metaState=0, flags=0x8, repeatCount=0, eventTime=55468977, downTime=55468977, deviceId=-1, source=0x101 }
03-06 10:05:37.340 19539 19539 D SogouIME: [onKeyUp] keycode = 23 model = PPTV-55P+Pro build_id:Build_130480_20170508
03-06 10:05:37.343  1762  2471 I PictureManager_JNI: getDlcAverageLuma
03-06 10:05:37.343  1762  2471 I TvManager_JNI: isSignalStable
03-06 10:05:37.343  1762  2471 I PictureManager_JNI: getBacklight
03-06 10:05:37.344  1762  2471 E septemberan: dbcHandler: mDbcBacklightRange: 48
03-06 10:05:37.344  1762  2471 I PictureManager_JNI: setBacklight
03-06 10:05:37.405  2065  2480 I Launcher-Gank: log=t:3876,i:1058,p:page_home,e:mv,tp:content_type_102,a:clk,pn:推荐,cn:今日热播,pgn:彼方剑语,ch:110037;
03-06 10:05:37.407  2065  2065 E QiYiHelper: isQiYiAction:false
03-06 10:05:37.411  2065  2065 W ContextImpl: Calling a method in the system process without a qualified user: android.app.ContextImpl.startActivity:1219 android.content.ContextWrapper.startActivity:322 com.pptv.launcher.utils.h.a:-1 com.pptv.launcher.utils.h.a:-1 com.pptv.launcher.view.home.aa.a:-1 
03-06 10:05:37.412 19387 19404 I art     : Explicit concurrent mark sweep GC freed 22(1768B) AllocSpace objects, 0(0B) LOS objects, 25% free, 2MB/3MB, paused 364us total 24.524ms
03-06 10:05:37.421  2065  2065 W ContextImpl: Calling a method in the system process without a qualified user: android.app.ContextImpl.startActivity:1231 android.app.ContextImpl.startActivity:1220 android.content.ContextWrapper.startActivity:322 com.pptv.launcher.utils.h.a:-1 com.pptv.launcher.utils.h.a:-1 
03-06 10:05:37.424  1589  1605 I ActivityManager: START u0 {cat=[android.intent.category.DEFAULT] flg=0x30000000 pkg=com.pptv.launcher cmp=com.pptv.launcher/.ChannelDetailActivity (has extras)} from uid 1000 on display 0
03-06 10:05:37.444  1762  2471 I PictureManager_JNI: getDlcAverageLuma
03-06 10:05:37.445  1762  2471 I TvManager_JNI: isSignalStable
03-06 10:05:37.445  1762  2471 I PictureManager_JNI: getBacklight
03-06 10:05:37.445  1762  2471 E septemberan: dbcHandler: mDbcBacklightRange: 48
03-06 10:05:37.445  1762  2471 I PictureManager_JNI: setBacklight
03-06 10:05:37.448  2065  2065 D setPrimaryItem: setPrimaryItem: 497
03-06 10:05:37.451  2065  2065 D setPrimaryItem: setPrimaryItem: 497
03-06 10:05:37.466  2065  2065 D CoverTransformer: position: 1.3586309
03-06 10:05:37.466  2065  2065 D CoverTransformer: position: 0.35863096
03-06 10:05:37.467  2065  2065 D CoverTransformer: position: -0.64136904
03-06 10:05:37.467  2065  2065 D CoverTransformer: position: -1.6413691
03-06 10:05:37.483  2065  2065 D CoverTransformer: position: 1.6056547
03-06 10:05:37.483  2065  2065 D CoverTransformer: position: 0.6056548
03-06 10:05:37.484  2065  2065 D CoverTransformer: position: -0.39434522
03-06 10:05:37.484  2065  2065 D CoverTransformer: position: -1.3943453
03-06 10:05:37.503 19387 19404 I art     : Explicit concurrent mark sweep GC freed 3(96B) AllocSpace objects, 0(0B) LOS objects, 25% free, 2MB/3MB, paused 377us total 47.331ms
03-06 10:05:37.511  2065  2065 D CoverTransformer: position: 1.84375
03-06 10:05:37.511  2065  2065 D CoverTransformer: position: 0.84375
03-06 10:05:37.511  2065  2065 D CoverTransformer: position: -0.15625
03-06 10:05:37.511  2065  2065 D CoverTransformer: position: -1.15625
03-06 10:05:37.514  1169  1169 I tvos    : [37m[INFO] Change to Voltage: 117 mv (0x32)[m
03-06 10:05:37.546  1762  2471 I PictureManager_JNI: getDlcAverageLuma
03-06 10:05:37.547  1762  2471 I TvManager_JNI: isSignalStable
03-06 10:05:37.547  1762  2471 I PictureManager_JNI: getBacklight
03-06 10:05:37.547  1762  2471 E septemberan: dbcHandler: mDbcBacklightRange: 48
03-06 10:05:37.547  1762  2471 I PictureManager_JNI: setBacklight
03-06 10:05:37.556  2065  2065 D CoverTransformer: position: 0.9776786
03-06 10:05:37.556  2065  2065 D CoverTransformer: position: -0.02232143
03-06 10:05:37.556  2065  2065 D CoverTransformer: position: -1.0223215
03-06 10:05:37.575 19387 19404 I art     : Explicit concurrent mark sweep GC freed 3(96B) AllocSpace objects, 0(0B) LOS objects, 25% free, 2MB/3MB, paused 404us total 20.366ms
03-06 10:05:37.606  2065  2065 D CoverTransformer: position: 1.0
03-06 10:05:37.606  2065  2065 D CoverTransformer: position: 0.0
03-06 10:05:37.606  2065  2065 D CoverTransformer: position: -1.0
03-06 10:05:37.636 19387 19404 I art     : Explicit concurrent mark sweep GC freed 3(96B) AllocSpace objects, 0(0B) LOS objects, 25% free, 2MB/3MB, paused 247us total 21.620ms
03-06 10:05:37.642  1589  1646 D WindowManager: interceptKeyTi keyCode=82 down=true repeatCount=0 keyguardOn=false mHomePressed=false canceled=false deviceName=Virtual
03-06 10:05:37.642  1589  1646 E septemberan: mHotkeyService != null
03-06 10:05:37.644  2322  4937 D Evan    : onGlobalKeyEvent keycode=82
03-06 10:05:37.644  2322  4937 D Evan    : invokeGlobalKeyListener
03-06 10:05:37.644  2322  4937 D TVApiSystemSignalImpl:  now=55469361
03-06 10:05:37.644  2322  4937 D TVApiSystemSignalImpl:  before=55459399
03-06 10:05:37.644  2322  4937 D Evan    : invokeGlobalKeyListener
03-06 10:05:37.644  2322  4937 D TVApiSystemNoActionAutoPowerOffImpl: KeyEvnetListener Reset counter
03-06 10:05:37.645  2322  4929 D TvCecManager: arcIsAmpVolume
03-06 10:05:37.645  1762  4930 I CECManager_JNI: arcIsAmpVolume
03-06 10:05:37.646  1589  1646 D WindowManager: bRet =false
03-06 10:05:37.646  1589  1646 E septemberan: mPPTVHotkeyService != null
03-06 10:05:37.646  2111  4763 I HotkeyService: handleKeyEvents
03-06 10:05:37.646  2111  4763 I HotkeyService: Enter ListenAloneKeyHandler
03-06 10:05:37.648  1762  2471 I PictureManager_JNI: getDlcAverageLuma
03-06 10:05:37.648  2111  4763 I SystemImpl: getProp key:TvSystem:PROP_LISTEN_ALONE value:false
03-06 10:05:37.648  2111  4763 I HotkeyService: Enter FirstAndSearchingHandler
03-06 10:05:37.648  2111  4763 I HotkeyService: Enter AppHotkeyHandler
03-06 10:05:37.648  2111  4763 I HotkeyManager: notifyHotkeyListener
03-06 10:05:37.648  2111  4763 I HotkeyService: notifyCallbacks size : 4
03-06 10:05:37.649  2111  4763 I HotkeyService: dispatch key<82:KEYCODE_MENU:0> to HotkeyCallbackWrapper{Uid:10011, Pid:1742, Priority:9, AppName:com.pptv.systemui}
03-06 10:05:37.649  1742  3451 D NotificationPanel: keycode=82, action=0
03-06 10:05:37.649  1742  3451 D SystemUIApplication: handleKeyEvent, keycode:82 action:0, ret:false
03-06 10:05:37.649  1762  2471 I TvManager_JNI: isSignalStable
03-06 10:05:37.649  1742  3451 D TvStatusBar:   mPlayGuideView android.widget.FrameLayout{332479e4 G.E..... ......I. 0,0-1920,1080}  interceptKegEvent   false  event.getDeviceId()  -1
03-06 10:05:37.650  1762  2471 I PictureManager_JNI: getBacklight
03-06 10:05:37.650  2111  4763 I HotkeyService: dispatch key<82:KEYCODE_MENU:0> to HotkeyCallbackWrapper{Uid:1000, Pid:3394, Priority:8, AppName:com.pptv.voicecontroller}
03-06 10:05:37.650  1762  2471 E septemberan: dbcHandler: mDbcBacklightRange: 48
03-06 10:05:37.650  1762  2471 I PictureManager_JNI: setBacklight
03-06 10:05:37.651  3394  3465 D PPTVVoiceService_handleKeyEvent_670: handleKeyEvent 82, 0
03-06 10:05:37.651  2111  4763 I HotkeyService: dispatch key<82:KEYCODE_MENU:0> to HotkeyCallbackWrapper{Uid:1000, Pid:2111, Priority:5, AppName:com.pptv.framework.tvservice}
03-06 10:05:37.651  2111  4763 I HotkeyService: dispatch key<82:KEYCODE_MENU:0> to HotkeyCallbackWrapper{Uid:1000, Pid:2214, Priority:5, AppName:com.pptv.tv}
03-06 10:05:37.652  2111  4763 I HotkeyService: hotkey keycode : 82 deviceId=-1 result : 0 reason:R_NO_INTERCEPT
03-06 10:05:37.652  1589  1646 D WindowManager: mPPTVHotkeyService bRet =false
03-06 10:05:37.655  1589  1646 D WindowManager: interceptKeyTi keyCode=82 down=false repeatCount=0 keyguardOn=false mHomePressed=false canceled=false deviceName=Virtual
03-06 10:05:37.655  1589  1646 E septemberan: mHotkeyService != null
03-06 10:05:37.659  2065  2065 D InputEventDispatcher: onInputEvent: KeyEvent { action=ACTION_DOWN, keyCode=KEYCODE_MENU, scanCode=0, metaState=0, flags=0x8, repeatCount=0, eventTime=55469357, downTime=55469357, deviceId=-1, source=0x101 }
03-06 10:05:37.660 19539 19539 D SogouIME: [onKeyDown] keycode = 82 model = PPTV-55P+Pro build_id:Build_130480_20170508 true
03-06 10:05:37.662  2779  2797 E CvteATHotkey: <AT-TPV> processTPVFacKey ScanCode = 0x0
03-06 10:05:37.665  2322 11145 D TvCecManager: arcIsAmpVolume
03-06 10:05:37.666  1762  1782 I CECManager_JNI: arcIsAmpVolume
03-06 10:05:37.670  1589  1646 D WindowManager: bRet =false
03-06 10:05:37.670  1589  1646 E septemberan: mPPTVHotkeyService != null
03-06 10:05:37.671  2111 12345 I HotkeyService: handleKeyEvents
03-06 10:05:37.671  2111 12345 I HotkeyService: Enter ListenAloneKeyHandler
03-06 10:05:37.672  2111 12345 I SystemImpl: getProp key:TvSystem:PROP_LISTEN_ALONE value:false
03-06 10:05:37.672  2111 12345 I HotkeyService: Enter FirstAndSearchingHandler
03-06 10:05:37.672  2111 12345 I HotkeyService: Enter AppHotkeyHandler
03-06 10:05:37.672  2111 12345 I HotkeyManager: notifyHotkeyListener
03-06 10:05:37.672  2111 12345 I HotkeyService: notifyCallbacks size : 4
03-06 10:05:37.672  2111 12345 I HotkeyService: dispatch key<82:KEYCODE_MENU:1> to HotkeyCallbackWrapper{Uid:10011, Pid:1742, Priority:9, AppName:com.pptv.systemui}
03-06 10:05:37.673  1742  1759 D NotificationPanel: keycode=82, action=1
03-06 10:05:37.673  1742  1742 D NotificationPanel: clearAll
03-06 10:05:37.673  1742  1759 D SystemUIApplication: handleKeyEvent, keycode:82 action:1, ret:false
03-06 10:05:37.673  1742  1759 D TvStatusBar:   mPlayGuideView android.widget.FrameLayout{332479e4 G.E..... ......I. 0,0-1920,1080}  interceptKegEvent   false  event.getDeviceId()  -1
03-06 10:05:37.673  2111 12345 I HotkeyService: dispatch key<82:KEYCODE_MENU:1> to HotkeyCallbackWrapper{Uid:1000, Pid:3394, Priority:8, AppName:com.pptv.voicecontroller}
03-06 10:05:37.674  3394  3411 D PPTVVoiceService_handleKeyEvent_670: handleKeyEvent 82, 1
03-06 10:05:37.676  2111 12345 I HotkeyService: dispatch key<82:KEYCODE_MENU:1> to HotkeyCallbackWrapper{Uid:1000, Pid:2111, Priority:5, AppName:com.pptv.framework.tvservice}
03-06 10:05:37.676  2111 12345 I HotkeyService: dispatch key<82:KEYCODE_MENU:1> to HotkeyCallbackWrapper{Uid:1000, Pid:2214, Priority:5, AppName:com.pptv.tv}
03-06 10:05:37.677  2111 12345 I HotkeyService: hotkey keycode : 82 deviceId=-1 result : 0 reason:R_NO_INTERCEPT
03-06 10:05:37.677  1589  1646 D WindowManager: mPPTVHotkeyService bRet =false
03-06 10:05:37.692 19387 19404 I art     : Explicit concurrent mark sweep GC freed 3(96B) AllocSpace objects, 0(0B) LOS objects, 25% free, 2MB/3MB, paused 311us total 18.239ms
03-06 10:05:37.714  1169  1169 I tvos    : [37m[INFO] Change to Voltage: 107 mv (0x28)[m
03-06 10:05:37.720 19539 19539 D SogouIME: [onKeyUp] keycode = 82 model = PPTV-55P+Pro build_id:Build_130480_20170508
03-06 10:05:37.720  2065  2065 D InputEventDispatcher: onInputEvent: KeyEvent { action=ACTION_UP, keyCode=KEYCODE_MENU, scanCode=0, metaState=0, flags=0x8, repeatCount=0, eventTime=55469371, downTime=55469371, deviceId=-1, source=0x101 }
03-06 10:05:37.752  1762  2471 I PictureManager_JNI: getDlcAverageLuma
03-06 10:05:37.753  1762  2471 I TvManager_JNI: isSignalStable
03-06 10:05:37.753  1762  2471 I PictureManager_JNI: getBacklight
03-06 10:05:37.753  1762  2471 E septemberan: dbcHandler: mDbcBacklightRange: 48
03-06 10:05:37.753  1762  2471 I PictureManager_JNI: setBacklight
03-06 10:05:37.758  2065  2065 D setPrimaryItem: setPrimaryItem: 497
03-06 10:05:37.813  1169  1169 I tvos    : [37m[INFO] Change to Voltage: 102 mv (0x23)[m
03-06 10:05:37.854  1762  2471 I PictureManager_JNI: getDlcAverageLuma
03-06 10:05:37.854  1762  2471 I TvManager_JNI: isSignalStable
03-06 10:05:37.854  1762  2471 I PictureManager_JNI: getBacklight
03-06 10:05:37.855  1762  2471 E septemberan: dbcHandler: mDbcBacklightRange: 48
03-06 10:05:37.855  1762  2471 I PictureManager_JNI: setBacklight
03-06 10:05:37.919  1762  1784 D PlayerImpl_JNI: isSignalStable
03-06 10:05:37.955  1762  2471 I PictureManager_JNI: getDlcAverageLuma
03-06 10:05:37.956  1762  2471 I TvManager_JNI: isSignalStable
03-06 10:05:37.956  1762  2471 I PictureManager_JNI: getBacklight
03-06 10:05:37.956  1762  2471 E septemberan: dbcHandler: mDbcBacklightRange: 48
03-06 10:05:37.956  1762  2471 I PictureManager_JNI: setBacklight
03-06 10:05:38.021  1589  1646 D WindowManager: interceptKeyTi keyCode=82 down=true repeatCount=0 keyguardOn=false mHomePressed=false canceled=false deviceName=Virtual
03-06 10:05:38.021  1589  1646 E septemberan: mHotkeyService != null
03-06 10:05:38.023  2322  2497 D Evan    : onGlobalKeyEvent keycode=82
03-06 10:05:38.023  2322  2497 D Evan    : invokeGlobalKeyListener
03-06 10:05:38.024  2322  2497 D TVApiSystemSignalImpl:  now=55469741
03-06 10:05:38.024  2322  2497 D TVApiSystemSignalImpl:  before=55459399
03-06 10:05:38.024  2322  2497 D Evan    : invokeGlobalKeyListener
03-06 10:05:38.024  2322  2497 D TVApiSystemNoActionAutoPowerOffImpl: KeyEvnetListener Reset counter
03-06 10:05:38.025  2322  4932 D TvCecManager: arcIsAmpVolume
03-06 10:05:38.025  1762  2473 I CECManager_JNI: arcIsAmpVolume
03-06 10:05:38.026  1589  1646 D WindowManager: bRet =false
03-06 10:05:38.026  1589  1646 E septemberan: mPPTVHotkeyService != null
03-06 10:05:38.026  2111  5435 I HotkeyService: handleKeyEvents
03-06 10:05:38.026  2111  5435 I HotkeyService: Enter ListenAloneKeyHandler
03-06 10:05:38.028  2111  5435 I SystemImpl: getProp key:TvSystem:PROP_LISTEN_ALONE value:false
03-06 10:05:38.028  2111  5435 I HotkeyService: Enter FirstAndSearchingHandler
03-06 10:05:38.028  2111  5435 I HotkeyService: Enter AppHotkeyHandler
03-06 10:05:38.028  2111  5435 I HotkeyManager: notifyHotkeyListener
03-06 10:05:38.028  2111  5435 I HotkeyService: notifyCallbacks size : 4
03-06 10:05:38.028  2111  5435 I HotkeyService: dispatch key<82:KEYCODE_MENU:0> to HotkeyCallbackWrapper{Uid:10011, Pid:1742, Priority:9, AppName:com.pptv.systemui}
03-06 10:05:38.029  1742  1758 D NotificationPanel: keycode=82, action=0
03-06 10:05:38.029  1742  1758 D SystemUIApplication: handleKeyEvent, keycode:82 action:0, ret:false
03-06 10:05:38.029  1742  1758 D TvStatusBar:   mPlayGuideView android.widget.FrameLayout{332479e4 G.E..... ......I. 0,0-1920,1080}  interceptKegEvent   false  event.getDeviceId()  -1
03-06 10:05:38.030  2111  5435 I HotkeyService: dispatch key<82:KEYCODE_MENU:0> to HotkeyCallbackWrapper{Uid:1000, Pid:3394, Priority:8, AppName:com.pptv.voicecontroller}
03-06 10:05:38.030  3394  3410 D PPTVVoiceService_handleKeyEvent_670: handleKeyEvent 82, 0
03-06 10:05:38.031  2111  5435 I HotkeyService: dispatch key<82:KEYCODE_MENU:0> to HotkeyCallbackWrapper{Uid:1000, Pid:2111, Priority:5, AppName:com.pptv.framework.tvservice}
03-06 10:05:38.031  2111  5435 I HotkeyService: dispatch key<82:KEYCODE_MENU:0> to HotkeyCallbackWrapper{Uid:1000, Pid:2214, Priority:5, AppName:com.pptv.tv}
03-06 10:05:38.031  2111  5435 I HotkeyService: hotkey keycode : 82 deviceId=-1 result : 0 reason:R_NO_INTERCEPT
03-06 10:05:38.032  1589  1646 D WindowManager: mPPTVHotkeyService bRet =false
03-06 10:05:38.032  2065  2065 D InputEventDispatcher: onInputEvent: KeyEvent { action=ACTION_DOWN, keyCode=KEYCODE_MENU, scanCode=0, metaState=0, flags=0x8, repeatCount=0, eventTime=55469738, downTime=55469738, deviceId=-1, source=0x101 }
03-06 10:05:38.034 19539 19539 D SogouIME: [onKeyDown] keycode = 82 model = PPTV-55P+Pro build_id:Build_130480_20170508 true
03-06 10:05:38.035  1589  1646 D WindowManager: interceptKeyTi keyCode=82 down=false repeatCount=0 keyguardOn=false mHomePressed=false canceled=false deviceName=Virtual
03-06 10:05:38.035  1589  1646 E septemberan: mHotkeyService != null
03-06 10:05:38.040  2779  9375 E CvteATHotkey: <AT-TPV> processTPVFacKey ScanCode = 0x0
03-06 10:05:38.041  2322 15196 D TvCecManager: arcIsAmpVolume
03-06 10:05:38.042  1762  4931 I CECManager_JNI: arcIsAmpVolume
03-06 10:05:38.043  1589  1646 D WindowManager: bRet =false
03-06 10:05:38.043  1589  1646 E septemberan: mPPTVHotkeyService != null
03-06 10:05:38.043  2111  5436 I HotkeyService: handleKeyEvents
03-06 10:05:38.043  2111  5436 I HotkeyService: Enter ListenAloneKeyHandler
03-06 10:05:38.045  2111  5436 I SystemImpl: getProp key:TvSystem:PROP_LISTEN_ALONE value:false
03-06 10:05:38.045  2111  5436 I HotkeyService: Enter FirstAndSearchingHandler
03-06 10:05:38.045  2111  5436 I HotkeyService: Enter AppHotkeyHandler
03-06 10:05:38.045  2111  5436 I HotkeyManager: notifyHotkeyListener
03-06 10:05:38.045  2111  5436 I HotkeyService: notifyCallbacks size : 4
03-06 10:05:38.045  2111  5436 I HotkeyService: dispatch key<82:KEYCODE_MENU:1> to HotkeyCallbackWrapper{Uid:10011, Pid:1742, Priority:9, AppName:com.pptv.systemui}
03-06 10:05:38.046  1742  3137 D NotificationPanel: keycode=82, action=1
03-06 10:05:38.046  1742  3137 D SystemUIApplication: handleKeyEvent, keycode:82 action:1, ret:false
03-06 10:05:38.046  1742  3137 D TvStatusBar:   mPlayGuideView android.widget.FrameLayout{332479e4 G.E..... ......I. 0,0-1920,1080}  interceptKegEvent   false  event.getDeviceId()  -1
03-06 10:05:38.046  1742  1742 D NotificationPanel: clearAll
03-06 10:05:38.047  2111  5436 I HotkeyService: dispatch key<82:KEYCODE_MENU:1> to HotkeyCallbackWrapper{Uid:1000, Pid:3394, Priority:8, AppName:com.pptv.voicecontroller}
03-06 10:05:38.047  3394  3465 D PPTVVoiceService_handleKeyEvent_670: handleKeyEvent 82, 1
03-06 10:05:38.047  2111  5436 I HotkeyService: dispatch key<82:KEYCODE_MENU:1> to HotkeyCallbackWrapper{Uid:1000, Pid:2111, Priority:5, AppName:com.pptv.framework.tvservice}
03-06 10:05:38.047  2111  5436 I HotkeyService: dispatch key<82:KEYCODE_MENU:1> to HotkeyCallbackWrapper{Uid:1000, Pid:2214, Priority:5, AppName:com.pptv.tv}
03-06 10:05:38.048  2111  5436 I HotkeyService: hotkey keycode : 82 deviceId=-1 result : 0 reason:R_NO_INTERCEPT
03-06 10:05:38.048  1589  1646 D WindowManager: mPPTVHotkeyService bRet =false
03-06 10:05:38.049  2065  2065 D InputEventDispatcher: onInputEvent: KeyEvent { action=ACTION_UP, keyCode=KEYCODE_MENU, scanCode=0, metaState=0, flags=0x8, repeatCount=0, eventTime=55469751, downTime=55469751, deviceId=-1, source=0x101 }
03-06 10:05:38.049 19539 19539 D SogouIME: [onKeyUp] keycode = 82 model = PPTV-55P+Pro build_id:Build_130480_20170508
03-06 10:05:38.056  1762  2471 I PictureManager_JNI: getDlcAverageLuma
03-06 10:05:38.057  1762  2471 I TvManager_JNI: isSignalStable
03-06 10:05:38.057  1762  2471 I PictureManager_JNI: getBacklight
03-06 10:05:38.057  1762  2471 E septemberan: dbcHandler: mDbcBacklightRange: 48
03-06 10:05:38.057  1762  2471 I PictureManager_JNI: setBacklight
03-06 10:05:38.158  1762  2471 I PictureManager_JNI: getDlcAverageLuma
03-06 10:05:38.158  1762  2471 I TvManager_JNI: isSignalStable
03-06 10:05:38.158  1762  2471 I PictureManager_JNI: getBacklight
03-06 10:05:38.158  1762  2471 E septemberan: dbcHandler: mDbcBacklightRange: 48
03-06 10:05:38.158  1762  2471 I PictureManager_JNI: setBacklight
03-06 10:05:38.259  1762  2471 I PictureManager_JNI: getDlcAverageLuma
03-06 10:05:38.259  1762  2471 I TvManager_JNI: isSignalStable
03-06 10:05:38.259  1762  2471 I PictureManager_JNI: getBacklight
03-06 10:05:38.259  1762  2471 E septemberan: dbcHandler: mDbcBacklightRange: 48
03-06 10:05:38.260  1762  2471 I PictureManager_JNI: setBacklight
03-06 10:05:38.350  1589  1646 D WindowManager: interceptKeyTi keyCode=3 down=true repeatCount=0 keyguardOn=false mHomePressed=false canceled=false deviceName=Virtual
03-06 10:05:38.351  1589  1646 E septemberan: mHotkeyService != null
03-06 10:05:38.352  2322  2339 D Evan    : onGlobalKeyEvent keycode=3
03-06 10:05:38.352  2322  2339 D Evan    : invokeGlobalKeyListener
03-06 10:05:38.352  2322  2339 D TVApiSystemSignalImpl:  now=55470069
03-06 10:05:38.352  2322  2339 D TVApiSystemSignalImpl:  before=55459399
03-06 10:05:38.352  2322  2339 D Evan    : invokeGlobalKeyListener
03-06 10:05:38.352  2322  2339 D TVApiSystemNoActionAutoPowerOffImpl: KeyEvnetListener Reset counter
03-06 10:05:38.352  2322  2338 D TvCecManager: arcIsAmpVolume
03-06 10:05:38.353  1762 13736 I CECManager_JNI: arcIsAmpVolume
03-06 10:05:38.353  1589  1646 D WindowManager: bRet =false
03-06 10:05:38.353  1589  1646 E septemberan: mPPTVHotkeyService != null
03-06 10:05:38.354  2111  2134 I HotkeyService: handleKeyEvents
03-06 10:05:38.354  2111  2134 I HotkeyService: Enter ListenAloneKeyHandler
03-06 10:05:38.355  2111  2134 I SystemImpl: getProp key:TvSystem:PROP_LISTEN_ALONE value:false
03-06 10:05:38.355  2111  2134 I HotkeyService: Enter FirstAndSearchingHandler
03-06 10:05:38.355  2111  2134 I HotkeyService: isFirst:com.pptv.launcher
03-06 10:05:38.355  2111  2134 I HotkeyService: isFirst:false flag:1 state:0
03-06 10:05:38.355  2111  2134 I HotkeyService: isSearchingChannel
03-06 10:05:38.356  2322  4929 D TVApiSystemInputSourceImpl: eventSystemInputSourceGetInputSource
03-06 10:05:38.356  2322  4929 D TVApiSystemInputSourceImpl: generateInputSourceList
03-06 10:05:38.357  2322  4929 D TVApiSystemInputSourceImpl: currentSrc&&&&&&&&&&&&&& =7
03-06 10:05:38.358  2111  2134 I TvInputManagerImpl: getCurrentTvInput inputsource id :7
03-06 10:05:38.359  2111  2134 I HotkeyService: Enter AppHotkeyHandler
03-06 10:05:38.359  2111  2134 I HotkeyManager: notifyHotkeyListener
03-06 10:05:38.359  2111  2134 I HotkeyService: notifyCallbacks size : 4
03-06 10:05:38.359  2111  2134 I HotkeyService: dispatch key<3:KEYCODE_HOME:0> to HotkeyCallbackWrapper{Uid:10011, Pid:1742, Priority:9, AppName:com.pptv.systemui}
03-06 10:05:38.359  1742  3451 D NotificationPanel: keycode=3, action=0
03-06 10:05:38.359  1742  3451 D SystemUIApplication: handleKeyEvent, keycode:3 action:0, ret:false
03-06 10:05:38.359  1742  3451 D TvStatusBar:   mPlayGuideView android.widget.FrameLayout{332479e4 G.E..... ......I. 0,0-1920,1080}  interceptKegEvent   false  event.getDeviceId()  -1
03-06 10:05:38.360  2111  2134 I HotkeyService: dispatch key<3:KEYCODE_HOME:0> to HotkeyCallbackWrapper{Uid:1000, Pid:3394, Priority:8, AppName:com.pptv.voicecontroller}
03-06 10:05:38.360  1762  2471 I PictureManager_JNI: getDlcAverageLuma
03-06 10:05:38.361  3394  3411 D PPTVVoiceService_handleKeyEvent_670: handleKeyEvent 3, 0
03-06 10:05:38.361  2111  2134 I HotkeyService: dispatch key<3:KEYCODE_HOME:0> to HotkeyCallbackWrapper{Uid:1000, Pid:2111, Priority:5, AppName:com.pptv.framework.tvservice}
03-06 10:05:38.361  2111  2134 I HotkeyService: dispatch key<3:KEYCODE_HOME:0> to HotkeyCallbackWrapper{Uid:1000, Pid:2214, Priority:5, AppName:com.pptv.tv}
03-06 10:05:38.361  1762  2471 I TvManager_JNI: isSignalStable
03-06 10:05:38.361  1762  2471 I PictureManager_JNI: getBacklight
03-06 10:05:38.361  2111  2134 I HotkeyService: hotkey keycode : 3 deviceId=-1 result : 0 reason:R_NO_INTERCEPT
03-06 10:05:38.362  1589  1646 D WindowManager: mPPTVHotkeyService bRet =false
03-06 10:05:38.363  1589  1646 D WindowManager: interceptKeyTi keyCode=3 down=false repeatCount=0 keyguardOn=false mHomePressed=true canceled=false deviceName=Virtual
03-06 10:05:38.363  1589  1646 E septemberan: mHotkeyService != null
03-06 10:05:38.366  2779  2796 E CvteATHotkey: <AT-TPV> processTPVFacKey ScanCode = 0x0
03-06 10:05:38.367  1762  2471 E septemberan: dbcHandler: mDbcBacklightRange: 48
03-06 10:05:38.367  1762  2471 I PictureManager_JNI: setBacklight
03-06 10:05:38.368  2322 15196 D TvCecManager: arcIsAmpVolume
03-06 10:05:38.368  1762  1782 I CECManager_JNI: arcIsAmpVolume
03-06 10:05:38.369  1589  1646 D WindowManager: bRet =false
03-06 10:05:38.369  1589  1646 E septemberan: mPPTVHotkeyService != null
03-06 10:05:38.369  2111  2133 I HotkeyService: handleKeyEvents
03-06 10:05:38.369  2111  2133 I HotkeyService: Enter ListenAloneKeyHandler
03-06 10:05:38.370  2111  2133 I SystemImpl: getProp key:TvSystem:PROP_LISTEN_ALONE value:false
03-06 10:05:38.370  2111  2133 I HotkeyService: Enter FirstAndSearchingHandler
03-06 10:05:38.371  2111  2133 I HotkeyService: isFirst:com.pptv.launcher
03-06 10:05:38.371  2111  2133 I HotkeyService: isFirst:false flag:1 state:0
03-06 10:05:38.371  2111  2133 I HotkeyService: isSearchingChannel
03-06 10:05:38.372  2322  2338 D TVApiSystemInputSourceImpl: eventSystemInputSourceGetInputSource
03-06 10:05:38.372  2322  2338 D TVApiSystemInputSourceImpl: generateInputSourceList
03-06 10:05:38.373  2322  2338 D TVApiSystemInputSourceImpl: currentSrc&&&&&&&&&&&&&& =7
03-06 10:05:38.374  2111  2133 I TvInputManagerImpl: getCurrentTvInput inputsource id :7
03-06 10:05:38.374  2111  2133 I HotkeyService: Enter AppHotkeyHandler
03-06 10:05:38.375  2111  2133 I HotkeyManager: notifyHotkeyListener
03-06 10:05:38.375  2111  2133 I HotkeyService: notifyCallbacks size : 4
03-06 10:05:38.375  2111  2133 I HotkeyService: dispatch key<3:KEYCODE_HOME:1> to HotkeyCallbackWrapper{Uid:10011, Pid:1742, Priority:9, AppName:com.pptv.systemui}
03-06 10:05:38.375  1742  1759 D NotificationPanel: keycode=3, action=1
03-06 10:05:38.375  1742  1759 D SystemUIApplication: handleKeyEvent, keycode:3 action:1, ret:false
03-06 10:05:38.375  1742  1742 D NotificationPanel: clearAll
03-06 10:05:38.375  1742  1759 D TvStatusBar:   mPlayGuideView android.widget.FrameLayout{332479e4 G.E..... ......I. 0,0-1920,1080}  interceptKegEvent   false  event.getDeviceId()  -1
03-06 10:05:38.378  2111  2133 I HotkeyService: dispatch key<3:KEYCODE_HOME:1> to HotkeyCallbackWrapper{Uid:1000, Pid:3394, Priority:8, AppName:com.pptv.voicecontroller}
03-06 10:05:38.379  3394  3410 D PPTVVoiceService_handleKeyEvent_670: handleKeyEvent 3, 1
03-06 10:05:38.379  2111  2133 I HotkeyService: dispatch key<3:KEYCODE_HOME:1> to HotkeyCallbackWrapper{Uid:1000, Pid:2111, Priority:5, AppName:com.pptv.framework.tvservice}
03-06 10:05:38.379  2111  2133 I HotkeyService: dispatch key<3:KEYCODE_HOME:1> to HotkeyCallbackWrapper{Uid:1000, Pid:2214, Priority:5, AppName:com.pptv.tv}
03-06 10:05:38.379  2111  2133 I HotkeyService: hotkey keycode : 3 deviceId=-1 result : 0 reason:R_NO_INTERCEPT
03-06 10:05:38.380  1589  1646 D WindowManager: mPPTVHotkeyService bRet =false
03-06 10:05:38.383  1589  1646 W TelecomManager: Telecom Service not found.
03-06 10:05:38.384  1589  1646 D PhoneWindowManager: startTVOrHome inputSouce = 34
03-06 10:05:38.385  2028  2028 D PPTVTM  : onReceive action=android.intent.action.CLOSE_SYSTEM_DIALOGS
03-06 10:05:38.385  2028  2028 D PPTVTM  : received key event:homekey
03-06 10:05:38.385  2187  2187 E tvplayer:e.onReceive(L:-1): HomeReceiver----android.intent.action.CLOSE_SYSTEM_DIALOGS
03-06 10:05:38.387  3394  3394 D PPTVVoiceService$7_onReceive_232: Receive action android.intent.action.CLOSE_SYSTEM_DIALOGS, hide voice UI.
03-06 10:05:38.388  1589  1646 D PPTVTM  : System use all Apps installed .
03-06 10:05:38.388  1589  1646 D PhoneWindowManager: get Home List package name:com.pptv.launcher
03-06 10:05:38.388  1589  1646 D PhoneWindowManager: get Home List activity name:com.pptv.launcher.LauncherNew
03-06 10:05:38.388  1589  1646 D PhoneWindowManager: rti.get(0).topActivity class name:com.pptv.launcher.LauncherNew
03-06 10:05:38.388  3394  3394 W ContextImpl: Calling a method in the system process without a qualified user: android.app.ContextImpl.startService:1690 android.content.ContextWrapper.startService:515 com.baidu.duer.modules.assistant.AssistantWindow$HomeKeyReceiver.onReceive:347 android.app.LoadedApk$ReceiverDispatcher$Args.run:861 android.os.Handler.handleCallback:739 
03-06 10:05:38.388  1589  1646 D PPTVTM  : System use all Apps installed .
03-06 10:05:38.389  1589  2153 W ActivityManager: getTasks: caller 10046 does not hold GET_TASKS; limiting output
03-06 10:05:38.389  1589  1646 I ActivityManager: START u0 {act=android.intent.action.MAIN cat=[android.intent.category.TV_HOME] flg=0x10200000 cmp=com.pptv.launcher/.LauncherNew} from uid 1000 on display 0
03-06 10:05:38.393  3394  3394 D BaseMultiChannelMediaPlayer: ChannelMediaPlayer-stop-channelName:dialog
03-06 10:05:38.393  3394  3394 D BaseMultiChannelMediaPlayer: ListenerProxy onStopped  del:dialog
03-06 10:05:38.393  3394  3394 D BaseMultiChannelMediaPlayer: ListenerProxy onStopped after del :0
03-06 10:05:38.393  3394  3394 D DcsSdk  : DcsResponseBodyEnqueue-onTtsOutputFinished ok 
03-06 10:05:38.393  3394  3394 D MediaPlayerImpl: mCurrentState = IDLE
03-06 10:05:38.393  3394  3394 D MediaPlayerImpl: mCurrentState = IDLE
03-06 10:05:38.393  3394  3394 D BaseMultiChannelMediaPlayer: ChannelMediaPlayer-setActive-isActive:true
03-06 10:05:38.395  3394  3394 I TVDialogStateListener: onDialogStateChanged :IDLE
03-06 10:05:38.468  1762  2471 I PictureManager_JNI: getDlcAverageLuma
03-06 10:05:38.468  1762  2471 I TvManager_JNI: isSignalStable
03-06 10:05:38.468  1762  2471 I PictureManager_JNI: getBacklight
03-06 10:05:38.468  1762  2471 E septemberan: dbcHandler: mDbcBacklightRange: 48
03-06 10:05:38.468  1762  2471 I PictureManager_JNI: setBacklight
03-06 10:05:38.569  1762  2471 I PictureManager_JNI: getDlcAverageLuma
03-06 10:05:38.569  1762  2471 I TvManager_JNI: isSignalStable
03-06 10:05:38.570  1762  2471 I PictureManager_JNI: getBacklight
03-06 10:05:38.570  1762  2471 E septemberan: dbcHandler: mDbcBacklightRange: 48
03-06 10:05:38.570  1762  2471 I PictureManager_JNI: setBacklight
03-06 10:05:38.670  1762  2471 I PictureManager_JNI: getDlcAverageLuma
03-06 10:05:38.671  1762  2471 I TvManager_JNI: isSignalStable
03-06 10:05:38.671  1762  2471 I PictureManager_JNI: getBacklight
03-06 10:05:38.671  1762  2471 E septemberan: dbcHandler: mDbcBacklightRange: 48
03-06 10:05:38.671  1762  2471 I PictureManager_JNI: setBacklight
03-06 10:05:38.695  1589  1646 D WindowManager: interceptKeyTi keyCode=20 down=true repeatCount=0 keyguardOn=false mHomePressed=false canceled=false deviceName=Virtual
03-06 10:05:38.695  1589  1646 E septemberan: mHotkeyService != null
03-06 10:05:38.696  2322  2497 D Evan    : onGlobalKeyEvent keycode=20
03-06 10:05:38.696  2322  2497 D Evan    : invokeGlobalKeyListener
03-06 10:05:38.696  2322  2497 D TVApiSystemSignalImpl:  now=55470413
03-06 10:05:38.696  2322  2497 D TVApiSystemSignalImpl:  before=55459399
03-06 10:05:38.696  2322  2497 D Evan    : invokeGlobalKeyListener
03-06 10:05:38.696  2322  2497 D TVApiSystemNoActionAutoPowerOffImpl: KeyEvnetListener Reset counter
03-06 10:05:38.697  2322  4932 D TvCecManager: arcIsAmpVolume
03-06 10:05:38.697  1762  2473 I CECManager_JNI: arcIsAmpVolume
03-06 10:05:38.698  1589  1646 D WindowManager: bRet =false
03-06 10:05:38.698  1589  1646 E septemberan: mPPTVHotkeyService != null
03-06 10:05:38.698  2111  4763 I HotkeyService: handleKeyEvents
03-06 10:05:38.698  2111  4763 I HotkeyService: Enter ListenAloneKeyHandler
03-06 10:05:38.699  2111  4763 I SystemImpl: getProp key:TvSystem:PROP_LISTEN_ALONE value:false
03-06 10:05:38.699  2111  4763 I HotkeyService: Enter FirstAndSearchingHandler
03-06 10:05:38.699  2111  4763 I HotkeyService: Enter AppHotkeyHandler
03-06 10:05:38.699  2111  4763 I HotkeyManager: notifyHotkeyListener
03-06 10:05:38.699  2111  4763 I HotkeyService: notifyCallbacks size : 4
03-06 10:05:38.699  2111  4763 I HotkeyService: dispatch key<20:KEYCODE_DPAD_DOWN:0> to HotkeyCallbackWrapper{Uid:10011, Pid:1742, Priority:9, AppName:com.pptv.systemui}
03-06 10:05:38.699  1742  1759 D NotificationPanel: keycode=20, action=0
03-06 10:05:38.700  1742  1759 D SystemUIApplication: handleKeyEvent, keycode:20 action:0, ret:false
03-06 10:05:38.700  1742  1759 D TvStatusBar:   mPlayGuideView android.widget.FrameLayout{332479e4 G.E..... ......I. 0,0-1920,1080}  interceptKegEvent   false  event.getDeviceId()  -1
03-06 10:05:38.700  2111  4763 I HotkeyService: dispatch key<20:KEYCODE_DPAD_DOWN:0> to HotkeyCallbackWrapper{Uid:1000, Pid:3394, Priority:8, AppName:com.pptv.voicecontroller}
03-06 10:05:38.700  3394  3465 D PPTVVoiceService_handleKeyEvent_670: handleKeyEvent 20, 0
03-06 10:05:38.701  2111  4763 I HotkeyService: dispatch key<20:KEYCODE_DPAD_DOWN:0> to HotkeyCallbackWrapper{Uid:1000, Pid:2111, Priority:5, AppName:com.pptv.framework.tvservice}
03-06 10:05:38.701  2111  4763 I HotkeyService: dispatch key<20:KEYCODE_DPAD_DOWN:0> to HotkeyCallbackWrapper{Uid:1000, Pid:2214, Priority:5, AppName:com.pptv.tv}
03-06 10:05:38.701  2111  4763 I HotkeyService: hotkey keycode : 20 deviceId=-1 result : 0 reason:R_NO_INTERCEPT
03-06 10:05:38.701  1589  1646 D WindowManager: mPPTVHotkeyService bRet =false
03-06 10:05:38.702  2065  2065 D InputEventDispatcher: onInputEvent: KeyEvent { action=ACTION_DOWN, keyCode=KEYCODE_DPAD_DOWN, scanCode=0, metaState=0, flags=0x8, repeatCount=0, eventTime=55470411, downTime=55470411, deviceId=-1, source=0x101 }
03-06 10:05:38.702 19539 19539 D SogouIME: [onKeyDown] keycode = 20 model = PPTV-55P+Pro build_id:Build_130480_20170508 true
03-06 10:05:38.703  1589  1646 D WindowManager: interceptKeyTi keyCode=20 down=false repeatCount=0 keyguardOn=false mHomePressed=false canceled=false deviceName=Virtual
03-06 10:05:38.703  1589  1646 E septemberan: mHotkeyService != null
03-06 10:05:38.706  2065  2065 D HomeMainRecyclerView: focusSearch: view = [android.widget.FrameLayout{3e7717dd VFE...C. ........ 829,472-1321,820 #7f0e0322 app:id/main_view}]
03-06 10:05:38.707  2779  2797 E CvteATHotkey: <AT-TPV> processTPVFacKey ScanCode = 0x0
03-06 10:05:38.708  2322 15196 D TvCecManager: arcIsAmpVolume
03-06 10:05:38.708  1762  4931 I CECManager_JNI: arcIsAmpVolume
03-06 10:05:38.709  1589  1646 D WindowManager: bRet =false
03-06 10:05:38.709  1589  1646 E septemberan: mPPTVHotkeyService != null
03-06 10:05:38.709  2111 12345 I HotkeyService: handleKeyEvents
03-06 10:05:38.709  2111 12345 I HotkeyService: Enter ListenAloneKeyHandler
03-06 10:05:38.710  2111 12345 I SystemImpl: getProp key:TvSystem:PROP_LISTEN_ALONE value:false
03-06 10:05:38.710  2111 12345 I HotkeyService: Enter FirstAndSearchingHandler
03-06 10:05:38.710  2111 12345 I HotkeyService: Enter AppHotkeyHandler
03-06 10:05:38.710  2111 12345 I HotkeyManager: notifyHotkeyListener
03-06 10:05:38.710  2111 12345 I HotkeyService: notifyCallbacks size : 4
03-06 10:05:38.710  2111 12345 I HotkeyService: dispatch key<20:KEYCODE_DPAD_DOWN:1> to HotkeyCallbackWrapper{Uid:10011, Pid:1742, Priority:9, AppName:com.pptv.systemui}
03-06 10:05:38.712  1742  1758 D NotificationPanel: keycode=20, action=1
03-06 10:05:38.712  1742  1758 D SystemUIApplication: handleKeyEvent, keycode:20 action:1, ret:false
03-06 10:05:38.712  1742  1758 D TvStatusBar:   mPlayGuideView android.widget.FrameLayout{332479e4 G.E..... ......I. 0,0-1920,1080}  interceptKegEvent   false  event.getDeviceId()  -1
03-06 10:05:38.712  2111 12345 I HotkeyService: dispatch key<20:KEYCODE_DPAD_DOWN:1> to HotkeyCallbackWrapper{Uid:1000, Pid:3394, Priority:8, AppName:com.pptv.voicecontroller}
03-06 10:05:38.713  3394  3411 D PPTVVoiceService_handleKeyEvent_670: handleKeyEvent 20, 1
03-06 10:05:38.713  2111 12345 I HotkeyService: dispatch key<20:KEYCODE_DPAD_DOWN:1> to HotkeyCallbackWrapper{Uid:1000, Pid:2111, Priority:5, AppName:com.pptv.framework.tvservice}
03-06 10:05:38.713  2111 12345 I HotkeyService: dispatch key<20:KEYCODE_DPAD_DOWN:1> to HotkeyCallbackWrapper{Uid:1000, Pid:2214, Priority:5, AppName:com.pptv.tv}
03-06 10:05:38.714  2111 12345 I HotkeyService: hotkey keycode : 20 deviceId=-1 result : 0 reason:R_NO_INTERCEPT
03-06 10:05:38.714  1589  1646 D WindowManager: mPPTVHotkeyService bRet =false
03-06 10:05:38.718  2065  2065 D setPrimaryItem: setPrimaryItem: 497
03-06 10:05:38.732  2065  2065 D InputEventDispatcher: onInputEvent: KeyEvent { action=ACTION_UP, keyCode=KEYCODE_DPAD_DOWN, scanCode=0, metaState=0, flags=0x8, repeatCount=0, eventTime=55470419, downTime=55470419, deviceId=-1, source=0x101 }
03-06 10:05:38.732 19539 19539 D SogouIME: [onKeyUp] keycode = 20 model = PPTV-55P+Pro build_id:Build_130480_20170508
03-06 10:05:38.734 19539 19539 D SogouIME API: ==============num:32
03-06 10:05:38.734 19539 19539 D SogouIME: mFocusedComponent:30   isHkbEnable:false
03-06 10:05:38.734 19539 19539 D SogouIME: =====configKeyboard=======是否有硬件盘:false     硬件盘是否不再隐藏：false
03-06 10:05:38.771  1762  2471 I PictureManager_JNI: getDlcAverageLuma
03-06 10:05:38.772  1762  2471 I TvManager_JNI: isSignalStable
03-06 10:05:38.772  1762  2471 I PictureManager_JNI: getBacklight
03-06 10:05:38.772  1762  2471 E septemberan: dbcHandler: mDbcBacklightRange: 48
03-06 10:05:38.772  1762  2471 I PictureManager_JNI: setBacklight
03-06 10:05:38.873  1762  2471 I PictureManager_JNI: getDlcAverageLuma
03-06 10:05:38.873  1762  2471 I TvManager_JNI: isSignalStable
03-06 10:05:38.874  1762  2471 I PictureManager_JNI: getBacklight
03-06 10:05:38.874  1762  2471 E septemberan: dbcHandler: mDbcBacklightRange: 48
03-06 10:05:38.874  1762  2471 I PictureManager_JNI: setBacklight
03-06 10:05:38.974  1762  2471 I PictureManager_JNI: getDlcAverageLuma
03-06 10:05:38.975  1762  2471 I TvManager_JNI: isSignalStable
03-06 10:05:38.975  1762  2471 I PictureManager_JNI: getBacklight
03-06 10:05:38.975  1762  2471 E septemberan: dbcHandler: mDbcBacklightRange: 48
03-06 10:05:38.975  1762  2471 I PictureManager_JNI: setBacklight
03-06 10:05:39.020  1589  1646 D WindowManager: interceptKeyTi keyCode=3 down=true repeatCount=0 keyguardOn=false mHomePressed=false canceled=false deviceName=Virtual
03-06 10:05:39.020  1589  1646 E septemberan: mHotkeyService != null
03-06 10:05:39.022  2322  2339 D Evan    : onGlobalKeyEvent keycode=3
03-06 10:05:39.022  2322  2339 D Evan    : invokeGlobalKeyListener
03-06 10:05:39.022  2322  2339 D TVApiSystemSignalImpl:  now=55470739
03-06 10:05:39.022  2322  2339 D TVApiSystemSignalImpl:  before=55459399
03-06 10:05:39.022  2322  2339 D Evan    : invokeGlobalKeyListener
03-06 10:05:39.022  2322  2339 D TVApiSystemNoActionAutoPowerOffImpl: KeyEvnetListener Reset counter
03-06 10:05:39.023  2322  2338 D TvCecManager: arcIsAmpVolume
03-06 10:05:39.023  1762 13736 I CECManager_JNI: arcIsAmpVolume
03-06 10:05:39.024  1589  1646 D WindowManager: bRet =false
03-06 10:05:39.024  1589  1646 E septemberan: mPPTVHotkeyService != null
03-06 10:05:39.025  2111  5435 I HotkeyService: handleKeyEvents
03-06 10:05:39.025  2111  5435 I HotkeyService: Enter ListenAloneKeyHandler
03-06 10:05:39.026  2111  5435 I SystemImpl: getProp key:TvSystem:PROP_LISTEN_ALONE value:false
03-06 10:05:39.026  2111  5435 I HotkeyService: Enter FirstAndSearchingHandler
03-06 10:05:39.027  2111  5435 I HotkeyService: isFirst:com.pptv.launcher
03-06 10:05:39.027  2111  5435 I HotkeyService: isFirst:false flag:1 state:0
03-06 10:05:39.027  2111  5435 I HotkeyService: isSearchingChannel
03-06 10:05:39.028  2322  4929 D TVApiSystemInputSourceImpl: eventSystemInputSourceGetInputSource
03-06 10:05:39.028  2322  4929 D TVApiSystemInputSourceImpl: generateInputSourceList
03-06 10:05:39.032  2322  4929 D TVApiSystemInputSourceImpl: currentSrc&&&&&&&&&&&&&& =7
03-06 10:05:39.033  2111  5435 I TvInputManagerImpl: getCurrentTvInput inputsource id :7
03-06 10:05:39.033  2111  5435 I HotkeyService: Enter AppHotkeyHandler
03-06 10:05:39.033  2111  5435 I HotkeyManager: notifyHotkeyListener
03-06 10:05:39.033  2111  5435 I HotkeyService: notifyCallbacks size : 4
03-06 10:05:39.034  2111  5435 I HotkeyService: dispatch key<3:KEYCODE_HOME:0> to HotkeyCallbackWrapper{Uid:10011, Pid:1742, Priority:9, AppName:com.pptv.systemui}
03-06 10:05:39.034  1742  3137 D NotificationPanel: keycode=3, action=0
03-06 10:05:39.034  1742  3137 D SystemUIApplication: handleKeyEvent, keycode:3 action:0, ret:false
03-06 10:05:39.034  1742  3137 D TvStatusBar:   mPlayGuideView android.widget.FrameLayout{332479e4 G.E..... ......I. 0,0-1920,1080}  interceptKegEvent   false  event.getDeviceId()  -1
03-06 10:05:39.035  2111  5435 I HotkeyService: dispatch key<3:KEYCODE_HOME:0> to HotkeyCallbackWrapper{Uid:1000, Pid:3394, Priority:8, AppName:com.pptv.voicecontroller}
03-06 10:05:39.036  3394  3410 D PPTVVoiceService_handleKeyEvent_670: handleKeyEvent 3, 0
03-06 10:05:39.036  2111  5435 I HotkeyService: dispatch key<3:KEYCODE_HOME:0> to HotkeyCallbackWrapper{Uid:1000, Pid:2111, Priority:5, AppName:com.pptv.framework.tvservice}
03-06 10:05:39.036  2111  5435 I HotkeyService: dispatch key<3:KEYCODE_HOME:0> to HotkeyCallbackWrapper{Uid:1000, Pid:2214, Priority:5, AppName:com.pptv.tv}
03-06 10:05:39.037  2111  5435 I HotkeyService: hotkey keycode : 3 deviceId=-1 result : 0 reason:R_NO_INTERCEPT
03-06 10:05:39.037  1589  1646 D WindowManager: mPPTVHotkeyService bRet =false
03-06 10:05:39.039  1589  1646 D WindowManager: interceptKeyTi keyCode=3 down=false repeatCount=0 keyguardOn=false mHomePressed=true canceled=false deviceName=Virtual
03-06 10:05:39.039  1589  1646 E septemberan: mHotkeyService != null
03-06 10:05:39.042  2779  9375 E CvteATHotkey: <AT-TPV> processTPVFacKey ScanCode = 0x0
03-06 10:05:39.044  2322 15196 D TvCecManager: arcIsAmpVolume
03-06 10:05:39.045  1762  1782 I CECManager_JNI: arcIsAmpVolume
03-06 10:05:39.045  1589  1646 D WindowManager: bRet =false
03-06 10:05:39.045  1589  1646 E septemberan: mPPTVHotkeyService != null
03-06 10:05:39.046  2111  5436 I HotkeyService: handleKeyEvents
03-06 10:05:39.046  2111  5436 I HotkeyService: Enter ListenAloneKeyHandler
03-06 10:05:39.047  2111  5436 I SystemImpl: getProp key:TvSystem:PROP_LISTEN_ALONE value:false
03-06 10:05:39.047  2111  5436 I HotkeyService: Enter FirstAndSearchingHandler
03-06 10:05:39.048  2111  5436 I HotkeyService: isFirst:com.pptv.launcher
03-06 10:05:39.048  2111  5436 I HotkeyService: isFirst:false flag:1 state:0
03-06 10:05:39.048  2111  5436 I HotkeyService: isSearchingChannel
03-06 10:05:39.049  2322  2338 D TVApiSystemInputSourceImpl: eventSystemInputSourceGetInputSource
03-06 10:05:39.049  2322  2338 D TVApiSystemInputSourceImpl: generateInputSourceList
03-06 10:05:39.050  2322  2338 D TVApiSystemInputSourceImpl: currentSrc&&&&&&&&&&&&&& =7
03-06 10:05:39.051  2111  5436 I TvInputManagerImpl: getCurrentTvInput inputsource id :7
03-06 10:05:39.052  2111  5436 I HotkeyService: Enter AppHotkeyHandler
03-06 10:05:39.052  2111  5436 I HotkeyManager: notifyHotkeyListener
03-06 10:05:39.052  2111  5436 I HotkeyService: notifyCallbacks size : 4
03-06 10:05:39.052  2111  5436 I HotkeyService: dispatch key<3:KEYCODE_HOME:1> to HotkeyCallbackWrapper{Uid:10011, Pid:1742, Priority:9, AppName:com.pptv.systemui}
03-06 10:05:39.052  1742  3451 D NotificationPanel: keycode=3, action=1
03-06 10:05:39.052  1742  3451 D SystemUIApplication: handleKeyEvent, keycode:3 action:1, ret:false
03-06 10:05:39.052  1742  1742 D NotificationPanel: clearAll
03-06 10:05:39.053  1742  3451 D TvStatusBar:   mPlayGuideView android.widget.FrameLayout{332479e4 G.E..... ......I. 0,0-1920,1080}  interceptKegEvent   false  event.getDeviceId()  -1
03-06 10:05:39.053  2111  5436 I HotkeyService: dispatch key<3:KEYCODE_HOME:1> to HotkeyCallbackWrapper{Uid:1000, Pid:3394, Priority:8, AppName:com.pptv.voicecontroller}
03-06 10:05:39.054  3394  3465 D PPTVVoiceService_handleKeyEvent_670: handleKeyEvent 3, 1
03-06 10:05:39.055  2111  5436 I HotkeyService: dispatch key<3:KEYCODE_HOME:1> to HotkeyCallbackWrapper{Uid:1000, Pid:2111, Priority:5, AppName:com.pptv.framework.tvservice}
03-06 10:05:39.055  2111  5436 I HotkeyService: dispatch key<3:KEYCODE_HOME:1> to HotkeyCallbackWrapper{Uid:1000, Pid:2214, Priority:5, AppName:com.pptv.tv}
03-06 10:05:39.056  2111  5436 I HotkeyService: hotkey keycode : 3 deviceId=-1 result : 0 reason:R_NO_INTERCEPT
03-06 10:05:39.056  1589  1646 D WindowManager: mPPTVHotkeyService bRet =false
03-06 10:05:39.056  1589  1646 W TelecomManager: Telecom Service not found.
03-06 10:05:39.061  1589  1646 D PhoneWindowManager: startTVOrHome inputSouce = 34
03-06 10:05:39.063  2028  2028 D PPTVTM  : onReceive action=android.intent.action.CLOSE_SYSTEM_DIALOGS
03-06 10:05:39.063  2028  2028 D PPTVTM  : received key event:homekey
03-06 10:05:39.063  2028  2028 D PPTVTM  : Please wait for 10s to clear background memory.
03-06 10:05:39.063  2187  2187 E tvplayer:e.onReceive(L:-1): HomeReceiver----android.intent.action.CLOSE_SYSTEM_DIALOGS
03-06 10:05:39.063  1589  1646 D PPTVTM  : System use all Apps installed .
03-06 10:05:39.063  1589  1646 D PhoneWindowManager: get Home List package name:com.pptv.launcher
03-06 10:05:39.063  1589  1646 D PhoneWindowManager: get Home List activity name:com.pptv.launcher.LauncherNew
03-06 10:05:39.063  1589  1646 D PhoneWindowManager: rti.get(0).topActivity class name:com.pptv.launcher.LauncherNew
03-06 10:05:39.064  1589  1646 D PPTVTM  : System use all Apps installed .
03-06 10:05:39.064  1589  1605 W ActivityManager: getTasks: caller 10046 does not hold GET_TASKS; limiting output
03-06 10:05:39.065  1589  1646 I ActivityManager: START u0 {act=android.intent.action.MAIN cat=[android.intent.category.TV_HOME] flg=0x10200000 cmp=com.pptv.launcher/.LauncherNew} from uid 1000 on display 0
03-06 10:05:39.066  3394  3394 D PPTVVoiceService$7_onReceive_232: Receive action android.intent.action.CLOSE_SYSTEM_DIALOGS, hide voice UI.
03-06 10:05:39.066  3394  3394 W ContextImpl: Calling a method in the system process without a qualified user: android.app.ContextImpl.startService:1690 android.content.ContextWrapper.startService:515 com.baidu.duer.modules.assistant.AssistantWindow$HomeKeyReceiver.onReceive:347 android.app.LoadedApk$ReceiverDispatcher$Args.run:861 android.os.Handler.handleCallback:739 
03-06 10:05:39.069  3394  3394 D BaseMultiChannelMediaPlayer: ChannelMediaPlayer-stop-channelName:dialog
03-06 10:05:39.069  3394  3394 D BaseMultiChannelMediaPlayer: ListenerProxy onStopped  del:dialog
03-06 10:05:39.069  3394  3394 D BaseMultiChannelMediaPlayer: ListenerProxy onStopped after del :0
03-06 10:05:39.069  3394  3394 D DcsSdk  : DcsResponseBodyEnqueue-onTtsOutputFinished ok 
03-06 10:05:39.069  3394  3394 D MediaPlayerImpl: mCurrentState = IDLE
03-06 10:05:39.069  3394  3394 D MediaPlayerImpl: mCurrentState = IDLE
03-06 10:05:39.069  3394  3394 D BaseMultiChannelMediaPlayer: ChannelMediaPlayer-setActive-isActive:true
03-06 10:05:39.077  1762  2471 I PictureManager_JNI: getDlcAverageLuma
03-06 10:05:39.078  1762  2471 I TvManager_JNI: isSignalStable
03-06 10:05:39.078  1762  2471 I PictureManager_JNI: getBacklight
03-06 10:05:39.078  1762  2471 E septemberan: dbcHandler: mDbcBacklightRange: 48
03-06 10:05:39.078  1762  2471 I PictureManager_JNI: setBacklight
03-06 10:05:39.079  3394  3394 I TVDialogStateListener: onDialogStateChanged :IDLE
03-06 10:05:39.182  1762  2471 I PictureManager_JNI: getDlcAverageLuma
03-06 10:05:39.183  1762  2471 I TvManager_JNI: isSignalStable
03-06 10:05:39.183  1762  2471 I PictureManager_JNI: getBacklight
03-06 10:05:39.183  1762  2471 E septemberan: dbcHandler: mDbcBacklightRange: 48
03-06 10:05:39.183  1762  2471 I PictureManager_JNI: setBacklight
03-06 10:05:39.283  1762  2471 I PictureManager_JNI: getDlcAverageLuma
03-06 10:05:39.284  1762  2471 I TvManager_JNI: isSignalStable
03-06 10:05:39.284  1762  2471 I PictureManager_JNI: getBacklight
03-06 10:05:39.284  1762  2471 E septemberan: dbcHandler: mDbcBacklightRange: 48
03-06 10:05:39.284  1762  2471 I PictureManager_JNI: setBacklight
03-06 10:05:39.371  1589  1646 D WindowManager: interceptKeyTi keyCode=4 down=true repeatCount=0 keyguardOn=false mHomePressed=false canceled=false deviceName=Virtual
03-06 10:05:39.371  1589  1646 E septemberan: mHotkeyService != null
03-06 10:05:39.372  2322  4932 D Evan    : onGlobalKeyEvent keycode=4
03-06 10:05:39.372  2322  4932 D Evan    : invokeGlobalKeyListener
03-06 10:05:39.372  2322  4932 D TVApiSystemSignalImpl:  now=55471089
03-06 10:05:39.372  2322  4932 D TVApiSystemSignalImpl:  before=55459399
03-06 10:05:39.372  2322  4932 D Evan    : invokeGlobalKeyListener
03-06 10:05:39.373  2322  4932 D TVApiSystemNoActionAutoPowerOffImpl: KeyEvnetListener Reset counter
03-06 10:05:39.373  2322  4937 D TvCecManager: arcIsAmpVolume
03-06 10:05:39.374  1762  2473 I CECManager_JNI: arcIsAmpVolume
03-06 10:05:39.378  1589  1646 D WindowManager: bRet =false
03-06 10:05:39.378  1589  1646 E septemberan: mPPTVHotkeyService != null
03-06 10:05:39.378  2111  2134 I HotkeyService: handleKeyEvents
03-06 10:05:39.378  2111  2134 I HotkeyService: Enter ListenAloneKeyHandler
03-06 10:05:39.379  2111  2134 I SystemImpl: getProp key:TvSystem:PROP_LISTEN_ALONE value:false
03-06 10:05:39.379  2111  2134 I HotkeyService: Enter FirstAndSearchingHandler
03-06 10:05:39.379  2111  2134 I HotkeyService: Enter AppHotkeyHandler
03-06 10:05:39.380  2111  2134 I HotkeyManager: notifyHotkeyListener
03-06 10:05:39.380  2111  2134 I HotkeyService: notifyCallbacks size : 4
