03-06 10:00:46.197  1762  1762 D TvLanguage: locale country = CN
03-06 10:00:46.197  1762  1762 D TvLanguage: language id = 43
03-06 10:00:46.197  1762  1762 I TvService: language :43
03-06 10:00:46.198  1762  2471 I PictureManager_JNI: getDlcAverageLuma
03-06 10:00:46.203  1762  2471 I TvManager_JNI: isSignalStable
03-06 10:00:46.203  1762  2471 I PictureManager_JNI: getBacklight
03-06 10:00:46.207  1762  2471 E septemberan: dbcHandler: mDbcBacklightRange: 48
03-06 10:00:46.207  1762  2471 I PictureManager_JNI: setBacklight
03-06 10:00:46.210  2982  2982 I hpplay-java: [main]:DaemonService:onConfigurationChanged
03-06 10:00:46.215 19331 19331 D mp--    : surface vis:0
03-06 10:00:46.215  1867  1867 D ErrorBinder: updateView= 0
03-06 10:00:46.217  1867  1867 W BaseBinder: getView
03-06 10:00:46.217  1867  1867 W BaseBinder: java.lang.NullPointerException: Attempt to invoke virtual method 'java.lang.Object com.pptv.player.core.PlayPackage.getProp(com.pptv.base.prop.PropKey)' on a null object reference
03-06 10:00:46.217  1867  1867 W BaseBinder: 	at com.pptv.wallpaperui.standard.state.ErrorBinder$Holder.updateMediaErr(ErrorBinder.java:91)
03-06 10:00:46.217  1867  1867 W BaseBinder: 	at com.pptv.wallpaperui.standard.state.ErrorBinder$Holder.updateView(ErrorBinder.java:84)
03-06 10:00:46.217  1867  1867 W BaseBinder: 	at com.pptv.wallpaperui.standard.state.ErrorBinder$Holder.updateView(ErrorBinder.java:39)
03-06 10:00:46.217  1867  1867 W BaseBinder: 	at com.pptv.base.view.BaseHolder.updateView(BaseHolder.java:37)
03-06 10:00:46.217  1867  1867 W BaseBinder: 	at com.pptv.base.view.BaseBinder.getView(BaseBinder.java:48)
03-06 10:00:46.217  1867  1867 W BaseBinder: 	at com.pptv.base.view.HolderGroup.addBinder(HolderGroup.java:129)
03-06 10:00:46.217  1867  1867 W BaseBinder: 	at com.pptv.base.view.HolderGroup.addBinder(HolderGroup.java:120)
03-06 10:00:46.217  1867  1867 W BaseBinder: 	at com.pptv.wallpaperui.standard.frame.StateFrameBinder$Holder.setView(StateFrameBinder.java:62)
03-06 10:00:46.217  1867  1867 W BaseBinder: 	at com.pptv.base.view.BaseBinder.getView(BaseBinder.java:41)
03-06 10:00:46.217  1867  1867 W BaseBinder: 	at com.pptv.base.view.HolderGroup.addBinder(HolderGroup.java:129)
03-06 10:00:46.217  1867  1867 W BaseBinder: 	at com.pptv.base.view.HolderGroup.addBinder(HolderGroup.java:120)
03-06 10:00:46.217  1867  1867 W BaseBinder: 	at com.pptv.wallpaperui.standard.MainBinder$Holder.setView(MainBinder.java:127)
03-06 10:00:46.217  1867  1867 W BaseBinder: 	at com.pptv.wallpaperui.tvinput.TvInputMainBinder$Holder.setView(TvInputMainBinder.java:42)
03-06 10:00:46.217  1867  1867 W BaseBinder: 	at com.pptv.base.view.BaseBinder.getView(BaseBinder.java:41)
03-06 10:00:46.217  1867  1867 W BaseBinder: 	at com.pptv.player.view.PlayUIController.switchUIFactory(PlayUIController.java:213)
03-06 10:00:46.217  1867  1867 W BaseBinder: 	at com.pptv.player.view.PlayUIController.reloadUI(PlayUIController.java:198)
03-06 10:00:46.217  1867  1867 W BaseBinder: 	at com.pptv.wallpaperplayer.view.MainViewController.onConfigurationChanged(MainViewController.java:136)
03-06 10:00:46.217  1867  1867 W BaseBinder: 	at com.pptv.wallpaperplayer.WallpaperPlayerService.onConfigurationChanged(WallpaperPlayerService.java:68)
03-06 10:00:46.217  1867  1867 W BaseBinder: 	at android.app.ActivityThread.performConfigurationChanged(ActivityThread.java:4009)
03-06 10:00:46.217  1867  1867 W BaseBinder: 	at android.app.ActivityThread.handleConfigurationChanged(ActivityThread.java:4082)
03-06 10:00:46.217  1867  1867 W BaseBinder: 	at android.app.ActivityThread$H.handleMessage(ActivityThread.java:1388)
03-06 10:00:46.217  1867  1867 W BaseBinder: 	at android.os.Handler.dispatchMessage(Handler.java:102)
03-06 10:00:46.217  1867  1867 W BaseBinder: 	at android.os.Looper.loop(Looper.java:135)
03-06 10:00:46.217  1867  1867 W BaseBinder: 	at android.app.ActivityThread.main(ActivityThread.java:5221)
03-06 10:00:46.217  1867  1867 W BaseBinder: 	at java.lang.reflect.Method.invoke(Native Method)
03-06 10:00:46.217  1867  1867 W BaseBinder: 	at java.lang.reflect.Method.invoke(Method.java:372)
03-06 10:00:46.217  1867  1867 W BaseBinder: 	at com.android.internal.os.ZygoteInit$MethodAndArgsCaller.run(ZygoteInit.java:902)
03-06 10:00:46.217  1867  1867 W BaseBinder: 	at com.android.internal.os.ZygoteInit.main(ZygoteInit.java:697)
03-06 10:00:46.218 19331 19331 D VIEW--  : [StandBaseVideoView][showFullScreen:false]
03-06 10:00:46.219 19331 19331 I VIEW--  : StandBaseVideoView remove all view--
03-06 10:00:46.219  1867  1867 E BaseBinder: Holder: com.pptv.wallpaperui.standard.state.ErrorBinder$Holder@246dc4c5
03-06 10:00:46.220 19331 19331 I VIEW--  : [StandBaseVideoView ][remove all view][reserve view:surface_view,simpleName:BaseVideoView]
03-06 10:00:46.220  1867  1867 E BaseBinder:   mMediaVG: android.widget.LinearLayout{2a0efe1a V.E..... ......I. 0,0-0,0 #7f090058 app:id/llayout_player_err_tip}
03-06 10:00:46.221  1867  1867 E BaseBinder:   mMeidaMsg: android.widget.TextView{1bea4d4b V.ED.... ......ID 0,0-0,0 #7f09005a app:id/txt_player_err_msg}
03-06 10:00:46.222  1867  1867 E BaseBinder:   mMediaTip: android.widget.TextView{1951f328 V.ED.... ......ID 0,0-0,0 #7f090059 app:id/txt_player_err_tip}
03-06 10:00:46.223  1867  1867 E BaseBinder:   mInputVG: android.widget.LinearLayout{38eae841 V.E..... ......I. 0,0-0,0 #7f09005d app:id/llayout_player_err_input}
03-06 10:00:46.223 19331 19331 I VIEW--  : [StandBaseVideoView ][remove all view][reserve view:null,simpleName:SimpleUrlImageView]
03-06 10:00:46.224  1867  1867 E BaseBinder:   mInputIcon: android.widget.ImageView{320ee1e6 V.ED.... ......I. 0,0-0,0 #7f09005e app:id/img_player_err_input}
03-06 10:00:46.225  1867  1867 E BaseBinder:   mInputTitle: android.widget.TextView{370e7327 V.ED.... ......ID 0,0-0,0 #7f09005f app:id/img_player_input_title}
03-06 10:00:46.226  1867  1867 E BaseBinder:   mInputMsg: android.widget.TextView{f6719d4 V.ED.... ......I. 0,0-0,0 #7f090060 app:id/img_player_input_msg}
03-06 10:00:46.227  1867  1867 D StateFrameBinder: setViewFlags(1, 1, 1)
03-06 10:00:46.229  1589  2213 I ActivityManager: Start proc com.sohu.inputmethod.sogou.tv for broadcast com.sohu.inputmethod.sogou.tv/com.sohu.inputmethod.settings.status.InputMethodChangedReceiver: pid=19539 uid=10050 gids={50050, 9997, 3003, 1028, 1015, 1023} abi=armeabi-v7a
03-06 10:00:46.233 19331 19331 D PLAYER--: --app invoked startPlay() method with via OTTPlayerManager---
03-06 10:00:46.241 19331 19331 I PLAYER--: [CommonMsgController:175439118][release()]
03-06 10:00:46.249 19331 19331 D Observers:  msgCode: AD_DESTORY; thread name: main
03-06 10:00:46.253 19331 19535 I PlayModuleMessenger: [PlayModuleMessenger][update] msgCode: AD_DESTORY
03-06 10:00:46.255 19331 19533 I QoSModuleMessenger: [QoSModuleMessenger][update] msgCode: AD_DESTORY
03-06 10:00:46.256 19331 19331 D MP--    : [SystemPlayerImp][remove()][mid:90659525][tid:main][msg:invoked with status:1,mid:90659525]
03-06 10:00:46.256 19331 19534 D BipModuleMessenger: [BipModuleMessenger][update] msgCode: AD_DESTORY
03-06 10:00:46.256 19331 19331 D MP--    : [SystemPlayerImp][remove][mid:90659525][tid:main][msg:mediaHandler do remove]
03-06 10:00:46.259 19331 19537 D MP--    : [SystemPlayerImp][handleMessage][mid:90659525][tid:MP--][msg:msgWhat=20006]
03-06 10:00:46.259 19331 19537 D MP--    : [SystemPlayerImp][mediaRemove()][mid:90659525][tid:MP--][msg:typename:NEW_PROGRAM]
03-06 10:00:46.260 19331 19537 D MP--    : [SystemPlayerImp][mediaStop()][mid:90659525][tid:MP--][msg:--NEW_PROGRAM]
03-06 10:00:46.261 19331 19331 I PLAYER--: [CommonMsgController:175439118][setDataSource][with map:{appvercode=370110, ppi=AgABAAAAAQAAAAEAAAAAAAAAAH0cWjSL_QalQhujCWHfmJYrf0I7Ilt9GG9BOZ1lg6U-eKHIsWlA-_7GZm0p9FB66Dpe98ZCczp0XYU-8lvUI8pKAUNj, token=, userType=0, appplt=atv, sn_productLineId=1, position=300001, userid=, appswtype=0, appver=3.7.1, appnumber=9, version=6, channel=230001, type=tv.sports, video_id=37, apptec=20, PLAY_TYPE=1, appname=CIBN聚体育, ad_platform=262144, cid=, appid=pptv.atv.sports, appcate=5, appvername=3.7.1, username=, apkName=CIBN聚体育, channel_id=230001, ver=6}]
03-06 10:00:46.263 19331 19331 D Observers:  msgCode: INIT_START; thread name: main
03-06 10:00:46.263 19331 19534 D BipModuleMessenger: [BipModuleMessenger][update] msgCode: INIT_START
03-06 10:00:46.263 19331 19535 I PlayModuleMessenger: [PlayModuleMessenger][update] msgCode: INIT_START
03-06 10:00:46.264 19331 19533 I QoSModuleMessenger: [QoSModuleMessenger][update] msgCode: INIT_START
03-06 10:00:46.267 19331 19331 V PLAYER--: [CommonMsgController][resetGlobalData]
03-06 10:00:46.268 19331 19331 V PLAYER--: [CommonMsgController][resetData][reset currentBuilder = null]
03-06 10:00:46.269 19331 19331 I PLAYER--: [CommonMsgController:175439118][getEpgData][needBackToCarousel:false]
03-06 10:00:46.270 19331 19331 D Observers:  msgCode: DATA_VIDEO_BEAN_GET; thread name: main
03-06 10:00:46.270 19331 19331 D PRETTY_LOGGER-EpgDataManager: ┌────────────────────────────────────────────────────────────────────────────────────────────────────────────────
03-06 10:00:46.271 19331 19331 D PRETTY_LOGGER-EpgDataManager: │ Thread: main
03-06 10:00:46.271 19331 19331 D PRETTY_LOGGER-EpgDataManager: ├┄┄┄┄┄┄┄┄┄┄┄┄┄┄┄┄┄┄┄┄┄┄┄┄┄┄┄┄┄┄┄┄┄┄┄┄┄┄┄┄┄┄┄┄┄┄┄┄┄┄┄┄┄┄┄┄┄┄┄┄┄┄┄┄┄┄┄┄┄┄┄┄┄┄┄┄┄┄┄┄┄┄┄┄┄┄┄┄┄┄┄┄┄┄┄┄┄┄┄┄┄┄┄┄┄┄┄┄┄┄┄┄
03-06 10:00:46.271 19331 19331 D PRETTY_LOGGER-EpgDataManager: │ EpgDataManager.update  (EpgDataManager.java:59)
03-06 10:00:46.271 19331 19331 D PRETTY_LOGGER-EpgDataManager: │    EpgDataManager.update  (EpgDataManager.java:943)
03-06 10:00:46.271 19331 19331 D PRETTY_LOGGER-EpgDataManager: ├┄┄┄┄┄┄┄┄┄┄┄┄┄┄┄┄┄┄┄┄┄┄┄┄┄┄┄┄┄┄┄┄┄┄┄┄┄┄┄┄┄┄┄┄┄┄┄┄┄┄┄┄┄┄┄┄┄┄┄┄┄┄┄┄┄┄┄┄┄┄┄┄┄┄┄┄┄┄┄┄┄┄┄┄┄┄┄┄┄┄┄┄┄┄┄┄┄┄┄┄┄┄┄┄┄┄┄┄┄┄┄┄
03-06 10:00:46.281 19331 19331 D PRETTY_LOGGER-EpgDataManager: │ {appvercode=370110, ppi=AgABAAAAAQAAAAEAAAAAAAAAAH0cWjSL_QalQhujCWHfmJYrf0I7Ilt9GG9BOZ1lg6U-eKHIsWlA-_7GZm0p9FB66Dpe98ZCczp0XYU-8lvUI8pKAUNj, token=, userType=0, appplt=atv, sn_productLineId=1, position=300001, userid=, appswtype=0, appver=3.7.1, appnumber=9, version=6, channel=230001, type=tv.sports, video_id=37, apptec=20, PLAY_TYPE=1, appname=CIBN聚体育, ad_platform=262144, cid=, appid=pptv.atv.sports, appcate=5, appvername=3.7.1, username=, apkName=CIBN聚体育, channel_id=230001, ver=6}
03-06 10:00:46.281 19331 19331 D PRETTY_LOGGER-EpgDataManager: └────────────────────────────────────────────────────────────────────────────────────────────────────────────────
03-06 10:00:46.282 19331 19331 I EpgDataManager: playType: 1
03-06 10:00:46.288 19331 19331 D CarsoulProgramListReader: [createUrl] get carsoul program list url:http://ppgateway.cp61.ott.cibntv.net/ott-web/CarouselService/findByProductLine?productLineId=1&version=1&ssgw-channel=ott.carousel&version_num=3.7.1&Channel_num=230001
03-06 10:00:46.291 19331 19533 I QoSModuleMessenger: [QoSModuleMessenger][update] msgCode: DATA_VIDEO_BEAN_GET
03-06 10:00:46.291 19331 19534 D BipModuleMessenger: [BipModuleMessenger][update] msgCode: DATA_VIDEO_BEAN_GET
03-06 10:00:46.291 19331 19535 I PlayModuleMessenger: [PlayModuleMessenger][update] msgCode: DATA_VIDEO_BEAN_GET
03-06 10:00:46.296 19331 19331 W InputEventSender: Failed to send key event on channel 'ClientState{288880bd uid 10155 pid 19331} (server)'.  status=-32
03-06 10:00:46.296 19331 19331 W InputMethodManager: Unable to send input event to IME: io.appium.android.ime/.UnicodeIME dropping: KeyEvent { action=ACTION_DOWN, keyCode=KEYCODE_MENU, scanCode=0, metaState=0, flags=0x8, repeatCount=0, eventTime=55177456, downTime=55177456, deviceId=-1, source=0x101 }
03-06 10:00:46.297 19331 19331 I Choreographer: Skipped 50 frames!  The application may be doing too much work on its main thread.
03-06 10:00:46.298  2065  2065 D InputEventDispatcher: onInputEvent: KeyEvent { action=ACTION_UP, keyCode=KEYCODE_MENU, scanCode=0, metaState=0, flags=0x8, repeatCount=0, eventTime=55177475, downTime=55177475, deviceId=-1, source=0x101 }
03-06 10:00:46.300  1867  1867 W BaseBinder: getView
03-06 10:00:46.300  1867  1867 W BaseBinder: java.lang.NullPointerException: Attempt to invoke virtual method 'android.os.Bundle com.pptv.player.core.PlayPackage.getExtra()' on a null object reference
03-06 10:00:46.300  1867  1867 W BaseBinder: 	at com.pptv.wallpaperui.standard.FormatHelper.getInputType(FormatHelper.java:132)
03-06 10:00:46.300  1867  1867 W BaseBinder: 	at com.pptv.wallpaperui.standard.play.TitleBarBinder$Holder.updateView(TitleBarBinder.java:87)
03-06 10:00:46.300  1867  1867 W BaseBinder: 	at com.pptv.wallpaperui.standard.play.TitleBarBinder$Holder.updateView(TitleBarBinder.java:47)
03-06 10:00:46.300  1867  1867 W BaseBinder: 	at com.pptv.base.view.BaseHolder.updateView(BaseHolder.java:37)
03-06 10:00:46.300  1867  1867 W BaseBinder: 	at com.pptv.base.view.BaseBinder.getView(BaseBinder.java:48)
03-06 10:00:46.300  1867  1867 W BaseBinder: 	at com.pptv.base.view.HolderGroup.addBinder(HolderGroup.java:129)
03-06 10:00:46.300  1867  1867 W BaseBinder: 	at com.pptv.base.view.HolderGroup.addBinder(HolderGroup.java:120)
03-06 10:00:46.300  1867  1867 W BaseBinder: 	at com.pptv.wallpaperui.standard.frame.PlayFrameBinder$Holder.setView(PlayFrameBinder.java:66)
03-06 10:00:46.300  1867  1867 W BaseBinder: 	at com.pptv.base.view.BaseBinder.getView(BaseBinder.java:41)
03-06 10:00:46.300  1867  1867 W BaseBinder: 	at com.pptv.base.view.HolderGroup.addBinder(HolderGroup.java:129)
03-06 10:00:46.300  1867  1867 W BaseBinder: 	at com.pptv.base.view.HolderGroup.addBinder(HolderGroup.java:120)
03-06 10:00:46.300  1867  1867 W BaseBinder: 	at com.pptv.wallpaperui.standard.MainBinder$Holder.setView(MainBinder.java:127)
03-06 10:00:46.300  1867  1867 W BaseBinder: 	at com.pptv.wallpaperui.tvinput.TvInputMainBinder$Holder.setView(TvInputMainBinder.java:42)
03-06 10:00:46.300  1867  1867 W BaseBinder: 	at com.pptv.base.view.BaseBinder.getView(BaseBinder.java:41)
03-06 10:00:46.300  1867  1867 W BaseBinder: 	at com.pptv.player.view.PlayUIController.switchUIFactory(PlayUIController.java:213)
03-06 10:00:46.300  1867  1867 W BaseBinder: 	at com.pptv.player.view.PlayUIController.reloadUI(PlayUIController.java:198)
03-06 10:00:46.300  1867  1867 W BaseBinder: 	at com.pptv.wallpaperplayer.view.MainViewController.onConfigurationChanged(MainViewController.java:136)
03-06 10:00:46.300  1867  1867 W BaseBinder: 	at com.pptv.wallpaperplayer.WallpaperPlayerService.onConfigurationChanged(WallpaperPlayerService.java:68)
03-06 10:00:46.300  1867  1867 W BaseBinder: 	at android.app.ActivityThread.performConfigurationChanged(ActivityThread.java:4009)
03-06 10:00:46.300  1867  1867 W BaseBinder: 	at android.app.ActivityThread.handleConfigurationChanged(ActivityThread.java:4082)
03-06 10:00:46.300  1867  1867 W BaseBinder: 	at android.app.ActivityThread$H.handleMessage(ActivityThread.java:1388)
03-06 10:00:46.300  1867  1867 W BaseBinder: 	at android.os.Handler.dispatchMessage(Handler.java:102)
03-06 10:00:46.300  1867  1867 W BaseBinder: 	at android.os.Looper.loop(Looper.java:135)
03-06 10:00:46.300  1867  1867 W BaseBinder: 	at android.app.ActivityThread.main(ActivityThread.java:5221)
03-06 10:00:46.300  1867  1867 W BaseBinder: 	at java.lang.reflect.Method.invoke(Native Method)
03-06 10:00:46.300  1867  1867 W BaseBinder: 	at java.lang.reflect.Method.invoke(Method.java:372)
03-06 10:00:46.300  1867  1867 W BaseBinder: 	at com.android.internal.os.ZygoteInit$MethodAndArgsCaller.run(ZygoteInit.java:902)
03-06 10:00:46.300  1867  1867 W BaseBinder: 	at com.android.internal.os.ZygoteInit.main(ZygoteInit.java:697)
03-06 10:00:46.301  1867  1867 E BaseBinder: Holder: com.pptv.wallpaperui.standard.play.TitleBarBinder$Holder@3505ff40
03-06 10:00:46.302  1867  1867 E BaseBinder:   mBinder: com.pptv.wallpaperui.standard.play.TitleBarBinder@28463401
03-06 10:00:46.302  1867  1867 E BaseBinder:     mContext: com.pptv.base.plugin.PluginContext@ee6011a
03-06 10:00:46.303  1867  1867 E BaseBinder:     mViewId: 2131296297
03-06 10:00:46.303  1867  1867 E BaseBinder:   mView: android.widget.LinearLayout{12d35e79 V.E..... ......I. 0,0-0,0 #7f090029 app:id/llayout_player_title}
03-06 10:00:46.304  1867  1867 E BaseBinder:   mTitleViewG: android.widget.LinearLayout{12d35e79 V.E..... ......I. 0,0-0,0 #7f090029 app:id/llayout_player_title}
03-06 10:00:46.305  1867  1867 E BaseBinder:   mTitleText: android.widget.TextView{355e47be V.ED.... ......ID 0,0-0,0 #7f09002a app:id/txt_player_title}
03-06 10:00:46.306  1867  1867 E BaseBinder:   mQualityBtn: android.widget.TextView{2df4a01f V.ED.... ......ID 0,0-0,0 #7f09002b app:id/txt_player_title_quality}
03-06 10:00:46.306 19331 19346 I art     : Background partial concurrent mark sweep GC freed 7570(1686KB) AllocSpace objects, 4(2MB) LOS objects, 30% free, 37MB/53MB, paused 9.528ms total 167.252ms
03-06 10:00:46.307  1867  1867 E BaseBinder:   mSysTimeText: android.widget.TextView{10ebcf6c V.ED.... ......ID 0,0-0,0 #7f09002d app:id/txt_player_title_time}
03-06 10:00:46.308  1762  2471 I PictureManager_JNI: getDlcAverageLuma
03-06 10:00:46.308  1762  2471 I TvManager_JNI: isSignalStable
03-06 10:00:46.308  1762  2471 I PictureManager_JNI: getBacklight
03-06 10:00:46.308  1762  2471 E septemberan: dbcHandler: mDbcBacklightRange: 48
03-06 10:00:46.308  1762  2471 I PictureManager_JNI: setBacklight
03-06 10:00:46.310  1867  1867 D PlayFrameBinder: setViewFlags(0, 1, 1)
03-06 10:00:46.310  1867  1867 D PlayFrameBinder: setViewFlags(1, 1, 1)
03-06 10:00:46.311  1867  1867 D PlayFrameBinder: setViewFlags(2, 1, 1)
03-06 10:00:46.318  1867  1867 D MenuFrameBinder: updateMenuItems level=0
03-06 10:00:46.318  1867  1867 D ExtendMenuGroupMaker: invoke index=-1
03-06 10:00:46.321  1867  1867 D MenuFrameBinder: updateMenuItems middle
03-06 10:00:46.321  1867  1867 D MenuFrameBinder: notifyDataChanged
03-06 10:00:46.326  2111 12345 D ITvInputManagerImplPolicy: [server][1867][1000][12345]getCurrentTvInput
03-06 10:00:46.327  2322  2338 D TVApiSystemInputSourceImpl: eventSystemInputSourceGetInputSource
03-06 10:00:46.327  2322  2338 D TVApiSystemInputSourceImpl: generateInputSourceList
03-06 10:00:46.329  1867  1867 W BaseBinder: getView
03-06 10:00:46.329  1867  1867 W BaseBinder: java.lang.NullPointerException: Attempt to invoke virtual method 'android.os.Bundle com.pptv.player.core.PlayPackage.getExtra()' on a null object reference
03-06 10:00:46.329  1867  1867 W BaseBinder: 	at com.pptv.wallpaperui.standard.FormatHelper.getInputType(FormatHelper.java:132)
03-06 10:00:46.329  1867  1867 W BaseBinder: 	at com.pptv.wallpaperui.standard.frame.ToastFrameBinder$Holder.updateView(ToastFrameBinder.java:110)
03-06 10:00:46.329  1867  1867 W BaseBinder: 	at com.pptv.wallpaperui.standard.frame.ToastFrameBinder$Holder.updateView(ToastFrameBinder.java:48)
03-06 10:00:46.329  1867  1867 W BaseBinder: 	at com.pptv.base.view.BaseHolder.updateView(BaseHolder.java:37)
03-06 10:00:46.329  1867  1867 W BaseBinder: 	at com.pptv.base.view.BaseBinder.getView(BaseBinder.java:48)
03-06 10:00:46.329  1867  1867 W BaseBinder: 	at com.pptv.base.view.HolderGroup.addBinder(HolderGroup.java:129)
03-06 10:00:46.329  1867  1867 W BaseBinder: 	at com.pptv.base.view.HolderGroup.addBinder(HolderGroup.java:120)
03-06 10:00:46.329  1867  1867 W BaseBinder: 	at com.pptv.wallpaperui.standard.MainBinder$Holder.setView(MainBinder.java:127)
03-06 10:00:46.329  1867  1867 W BaseBinder: 	at com.pptv.wallpaperui.tvinput.TvInputMainBinder$Holder.setView(TvInputMainBinder.java:42)
03-06 10:00:46.329  1867  1867 W BaseBinder: 	at com.pptv.base.view.BaseBinder.getView(BaseBinder.java:41)
03-06 10:00:46.329  1867  1867 W BaseBinder: 	at com.pptv.player.view.PlayUIController.switchUIFactory(PlayUIController.java:213)
03-06 10:00:46.329  1867  1867 W BaseBinder: 	at com.pptv.player.view.PlayUIController.reloadUI(PlayUIController.java:198)
03-06 10:00:46.329  1867  1867 W BaseBinder: 	at com.pptv.wallpaperplayer.view.MainViewController.onConfigurationChanged(MainViewController.java:136)
03-06 10:00:46.329  1867  1867 W BaseBinder: 	at com.pptv.wallpaperplayer.WallpaperPlayerService.onConfigurationChanged(WallpaperPlayerService.java:68)
03-06 10:00:46.329  1867  1867 W BaseBinder: 	at android.app.ActivityThread.performConfigurationChanged(ActivityThread.java:4009)
03-06 10:00:46.329  1867  1867 W BaseBinder: 	at android.app.ActivityThread.handleConfigurationChanged(ActivityThread.java:4082)
03-06 10:00:46.329  1867  1867 W BaseBinder: 	at android.app.ActivityThread$H.handleMessage(ActivityThread.java:1388)
03-06 10:00:46.329  1867  1867 W BaseBinder: 	at android.os.Handler.dispatchMessage(Handler.java:102)
03-06 10:00:46.329  1867  1867 W BaseBinder: 	at android.os.Looper.loop(Looper.java:135)
03-06 10:00:46.329  1867  1867 W BaseBinder: 	at android.app.ActivityThread.main(ActivityThread.java:5221)
03-06 10:00:46.329  1867  1867 W BaseBinder: 	at java.lang.reflect.Method.invoke(Native Method)
03-06 10:00:46.329  1867  1867 W BaseBinder: 	at java.lang.reflect.Method.invoke(Method.java:372)
03-06 10:00:46.329  1867  1867 W BaseBinder: 	at com.android.internal.os.ZygoteInit$MethodAndArgsCaller.run(ZygoteInit.java:902)
03-06 10:00:46.329  1867  1867 W BaseBinder: 	at com.android.internal.os.ZygoteInit.main(ZygoteInit.java:697)
03-06 10:00:46.330  1867  1867 E BaseBinder: Holder: com.pptv.wallpaperui.standard.frame.ToastFrameBinder$Holder@367c7658
03-06 10:00:46.330 19331 19331 D VIEW--  : [BaseVideoView][onSizeChanged]-w=583,h=328,oldw=0,oldh=0,markViewScale=0.30364582
03-06 10:00:46.331  1867  1867 E BaseBinder:   mBinder: com.pptv.wallpaperui.standard.frame.ToastFrameBinder@14a0a9df
03-06 10:00:46.331  1867  1867 E BaseBinder:     mContext: com.pptv.base.plugin.PluginContext@ee6011a
03-06 10:00:46.332 19331 19331 D VIEW--  : [BaseVideoView][setMarkViewScale] scale =0.30364582
03-06 10:00:46.332  2322  2338 D TVApiSystemInputSourceImpl: currentSrc&&&&&&&&&&&&&& =7
03-06 10:00:46.332  1867  1867 E BaseBinder:     mLayoutId: 2130968606
03-06 10:00:46.333  2111 12345 I TvInputManagerImpl: getCurrentTvInput inputsource id :7
03-06 10:00:46.333  2111 12345 I ITvInputManagerImplPolicy: [server][1867][1000][12345]getCurrentTvInput =com.pptv.framework.cvte.tv1.tv.TvInputImpl@1a4fda9e
03-06 10:00:46.333  2111 12345 D ITvInputManagerImplPolicy: [server][1867][1000][12345]getCurrentTvInput from mTvInputsArray, size =8
03-06 10:00:46.333  2111 12345 D ITvInputManagerImplPolicy: [server][1867][1000][12345]getCurrentTvInput from mTvInputsArray, input =ITvInputPolicy{3cd0697f MEDIA}
03-06 10:00:46.334  2111  4763 I ITvInputPolicy: [server][1867][1000][4763]getPicture
03-06 10:00:46.334  1867  1867 E BaseBinder:   mView: android.widget.RelativeLayout{3f1d63b1 V.E..... ......I. 0,0-0,0}
03-06 10:00:46.335  2111  5435 D IPicturePolicy: [server][1867][1000][5435]getPropValues key=PROP_AV_MODE
03-06 10:00:46.335  2111  2133 D IPicturePolicy: [server][1867][1000][2133]getProp key = PROP_AV_MODE
03-06 10:00:46.335  1867  1867 D MainBinder: [11] setViewFlags(2, 1, 1)
03-06 10:00:46.336  1821  1837 I TvSettingsProvider: [server][2111][1000][1837]query uri = content://com.pptv.framework.tvservice/fs/av_mode
03-06 10:00:46.336  1821  1837 I FileStorage: [server][2111][1000][1837]query uri = content://com.pptv.framework.tvservice/fs/av_mode
03-06 10:00:46.336  1821  1837 I FileStorage: [server][2111][1000][1837]query key = av_mode
03-06 10:00:46.336  1821  1837 I FileStorage: [server][2111][1000][1837]query value = AUTO
03-06 10:00:46.337  1867  1867 D MainBinder: [11] setViewFlags(5, 1, 1)
03-06 10:00:46.338  1867  1867 D MainBinder: [11] setViewFlags(4, 1, 1)
03-06 10:00:46.339  1867  2559 D ExtendMenuGroupMaker: send finished, resultExtras=Bundle[mParcelledData.dataSize=708]
03-06 10:00:46.340  1867  2559 D ExtendMenuGroupMaker: makeMenuGroup onResult group=com.pptv.base.menu.MenuGroup@1fc99096
03-06 10:00:46.340  1867  1867 D MainBinder: [11] setViewFlags(3, 1, 1)
03-06 10:00:46.341  1867  1867 D MainBinder: [11] setViewFlags(1, 1, 1)
03-06 10:00:46.342  1867  1867 D ViewUtils: setScale full=true
03-06 10:00:46.342  1867  1867 D ViewUtils: rectView=Rect(0, 0 - 0, 0) rectFull=Rect(0, 0 - 0, 0)
03-06 10:00:46.343  1867  1867 D ViewUtils: setPosition rect=null
03-06 10:00:46.343  1867  1867 D ViewUtils: setPosition rectFull=Rect(0, 0 - 0, 0)
03-06 10:00:46.344  1867  1867 D ViewUtils: setPosition rect=Rect(0, 0 - 0, 0)
03-06 10:00:46.344  1867  1867 D PlayInfoForUI: syncListeners
03-06 10:00:46.345  1867  1867 D MenuFrameBinder: notifyDataChanged
03-06 10:00:46.345  1867  1867 I MenuFrameBinder2: buildMenus: [com.pptv.base.menu.MenuGroup@1fe00d2f]
03-06 10:00:46.346  1867  1867 D MainBinder: [10] setMenuEnabled: true
03-06 10:00:46.346  1867  1867 D MainBinder: [10] setViewFlags(4, 0, 2)
03-06 10:00:46.347  1867  1867 D MenuFrameBinder: notifyDataChanged
03-06 10:00:46.347  1867  1867 I MenuFrameBinder2: buildMenus: [com.pptv.base.menu.MenuGroup@1fc99096]
03-06 10:00:46.348  1867  1867 D MainBinder: [11] setMenuEnabled: true
03-06 10:00:46.348  1867  1867 D MainBinder: [11] setViewFlags(4, 0, 2)
03-06 10:00:46.403 19331 19444 D OTT_Statistics_SA: [StatisticsLog][setTypeParams type = EXPOSURE]: 
03-06 10:00:46.404 19331 19444 D OTT_Statistics_SA: [StatisticsLog][Static---setExposure---start--]: 
03-06 10:00:46.405 19331 19367 D OTT_Statistics_SA: [StatisticsLog][save append key:ott_exposure={"ct":"20190306100046404","sec":"2","curl":"pgtitle=首页-90","vdid":"{\"carousel_id\":\"37\",\"block_id\":\"1132\"}","mdl":"首屏","exp":"90000006"}]: 
03-06 10:00:46.405 19331 19444 D OTT_Statistics_SA: [StatisticsLog][Static---setExposure---end--]: 
03-06 10:00:46.409  1762  2471 I PictureManager_JNI: getDlcAverageLuma
03-06 10:00:46.409  1762  2471 I TvManager_JNI: isSignalStable
03-06 10:00:46.409  1762  2471 I PictureManager_JNI: getBacklight
03-06 10:00:46.409  1762  2471 E septemberan: dbcHandler: mDbcBacklightRange: 48
03-06 10:00:46.409  1762  2471 I PictureManager_JNI: setBacklight
03-06 10:00:46.413  1169  1169 I tvos    : [37m[INFO] Change to Voltage: 112 mv (0x2D)[m
03-06 10:00:46.415 19331 19558 D DACService: Send Request to DAC Server---http://action.data.cp61.ott.cibntv.net/appevent/1.html?key=UserAction&data=1ebR1+rEysbcsc7d4tXiy9Hl0sSHyOrO3eLP5NXW26KRkZStlp+hnaCiiaeVmZGTrp2llOXj0dvVzsOekKWP5dPirZ+XrZOQh9Pg3azi5uPc2OjZ0oenq6aolODZ0KamlZmTmK6ioajRpaaeqJ+TxInY39SrwMDAv6OalLGOxNvelN+tnpymlY+SieTZ3uGtpJqfpJWF0Nbqpr++xMbLnqu1r7Oy07+fnKKen8jGmY2XkaTIoZ6goJyf1aitwKWmmaCmoKaeotW6sqa1mt3Q0M/gzdDbokXvC1z2/w==---200
03-06 10:00:46.415 19331 19558 E DacAppRec: --try send--http://action.data.cp61.ott.cibntv.net/appevent/1.html?key=UserAction&data=1ebR1+rEysbcsc7d4tXiy9Hl0sSHyOrO3eLP5NXW26KRkZStlp+hnaCiiaeVmZGTrp2llOXj0dvVzsOekKWP5dPirZ+XrZOQh9Pg3azi5uPc2OjZ0oenq6aolODZ0KamlZmTmK6ioajRpaaeqJ+TxInY39SrwMDAv6OalLGOxNvelN+tnpymlY+SieTZ3uGtpJqfpJWF0Nbqpr++xMbLnqu1r7Oy07+fnKKen8jGmY2XkaTIoZ6goJyf1aitwKWmmaCmoKaeotW6sqa1mt3Q0M/gzdDbokXvC1z2/w==---ret=true
03-06 10:00:46.442 19331 19444 D OTT_Statistics_SA: [StatisticsLog][setTypeParams type = EXPOSURE]: 
03-06 10:00:46.442 19331 19444 D OTT_Statistics_SA: [StatisticsLog][Static---setExposure---start--]: 
03-06 10:00:46.443 19331 19444 D OTT_Statistics_SA: [StatisticsLog][Static---setExposure---end--]: 
03-06 10:00:46.443 19331 19367 D OTT_Statistics_SA: [StatisticsLog][save append key:ott_exposure={"ct":"20190306100046404","sec":"2","curl":"pgtitle=首页-90","vdid":"{\"carousel_id\":\"37\",\"block_id\":\"1132\"}","mdl":"首屏","exp":"90000006"}!#@#!{"ct":"20190306100046442","sec":"2","curl":"pgtitle=首页-90","vdid":"{\"block_id\":\"1136\"}","mdl":"首屏","exp":"90000138"}]: 
03-06 10:00:46.469 19331 19444 D OTT_Statistics_SA: [StatisticsLog][setTypeParams type = EXPOSURE]: 
03-06 10:00:46.469 19331 19444 D OTT_Statistics_SA: [StatisticsLog][Static---setExposure---start--]: 
03-06 10:00:46.470 19331 19444 D OTT_Statistics_SA: [StatisticsLog][Static---setExposure---end--]: 
03-06 10:00:46.470 19331 19367 D OTT_Statistics_SA: [StatisticsLog][save append key:ott_exposure={"ct":"20190306100046404","sec":"2","curl":"pgtitle=首页-90","vdid":"{\"carousel_id\":\"37\",\"block_id\":\"1132\"}","mdl":"首屏","exp":"90000006"}!#@#!{"ct":"20190306100046442","sec":"2","curl":"pgtitle=首页-90","vdid":"{\"block_id\":\"1136\"}","mdl":"首屏","exp":"90000138"}!#@#!{"ct":"20190306100046470","sec":"2","curl":"pgtitle=首页-90","vdid":"{\"special_id\":\"8100305\",\"block_id\":\"1316\"}","mdl":"首屏","exp":"90000003"}]: 
03-06 10:00:46.487 19331 19444 D OTT_Statistics_SA: [StatisticsLog][setTypeParams type = EXPOSURE]: 
03-06 10:00:46.487 19331 19444 D OTT_Statistics_SA: [StatisticsLog][Static---setExposure---start--]: 
03-06 10:00:46.488 19331 19444 D OTT_Statistics_SA: [StatisticsLog][Static---setExposure---end--]: 
03-06 10:00:46.488 19331 19367 D OTT_Statistics_SA: [StatisticsLog][save append key:ott_exposure={"ct":"20190306100046404","sec":"2","curl":"pgtitle=首页-90","vdid":"{\"carousel_id\":\"37\",\"block_id\":\"1132\"}","mdl":"首屏","exp":"90000006"}!#@#!{"ct":"20190306100046442","sec":"2","curl":"pgtitle=首页-90","vdid":"{\"block_id\":\"1136\"}","mdl":"首屏","exp":"90000138"}!#@#!{"ct":"20190306100046470","sec":"2","curl":"pgtitle=首页-90","vdid":"{\"special_id\":\"8100305\",\"block_id\":\"1316\"}","mdl":"首屏","exp":"90000003"}!#@#!{"ct":"20190306100046488","sec":"2","curl":"pgtitle=首页-90","vdid":"{\"special_id\":\"8100512\",\"block_id\":\"1137\"}","mdl":"首屏","exp":"90000003"}]: 
03-06 10:00:46.499 19331 19557 D CarsoulProgramListReader: [CarsoulProgramListReader][doGetData]issuccess:true
03-06 10:00:46.510  1762  2471 I PictureManager_JNI: getDlcAverageLuma
03-06 10:00:46.510  1762  2471 I TvManager_JNI: isSignalStable
03-06 10:00:46.510  1762  2471 I PictureManager_JNI: getBacklight
03-06 10:00:46.511  1762  2471 E septemberan: dbcHandler: mDbcBacklightRange: 48
03-06 10:00:46.511  1762  2471 I PictureManager_JNI: setBacklight
03-06 10:00:46.514  1169  1169 I tvos    : [37m[INFO] Change to Voltage: 102 mv (0x23)[m
03-06 10:00:46.569 19331 19444 D OTT_Statistics_SA: [StatisticsLog][setTypeParams type = EXPOSURE]: 
03-06 10:00:46.569 19331 19444 D OTT_Statistics_SA: [StatisticsLog][Static---setExposure---start--]: 
03-06 10:00:46.570 19331 19444 D OTT_Statistics_SA: [StatisticsLog][Static---setExposure---end--]: 
03-06 10:00:46.570 19331 19367 D OTT_Statistics_SA: [StatisticsLog][save append key:ott_exposure={"ct":"20190306100046404","sec":"2","curl":"pgtitle=首页-90","vdid":"{\"carousel_id\":\"37\",\"block_id\":\"1132\"}","mdl":"首屏","exp":"90000006"}!#@#!{"ct":"20190306100046442","sec":"2","curl":"pgtitle=首页-90","vdid":"{\"block_id\":\"1136\"}","mdl":"首屏","exp":"90000138"}!#@#!{"ct":"20190306100046470","sec":"2","curl":"pgtitle=首页-90","vdid":"{\"special_id\":\"8100305\",\"block_id\":\"1316\"}","mdl":"首屏","exp":"90000003"}!#@#!{"ct":"20190306100046488","sec":"2","curl":"pgtitle=首页-90","vdid":"{\"special_id\":\"8100512\",\"block_id\":\"1137\"}","mdl":"首屏","exp":"90000003"}!#@#!{"ct":"20190306100046569","sec":"2","curl":"pgtitle=首页-90","vdid":"{\"special_id\":\"8100516\",\"block_id\":\"1139\"}","mdl":"首屏","exp":"90000003"}]: 
03-06 10:00:46.579 19331 19444 D OTT_Statistics_SA: [StatisticsLog][setTypeParams type = EXPOSURE]: 
03-06 10:00:46.579 19331 19444 D OTT_Statistics_SA: [StatisticsLog][Static---setExposure---start--]: 
03-06 10:00:46.580 19331 19444 D OTT_Statistics_SA: [StatisticsLog][Static---setExposure---end--]: 
03-06 10:00:46.580 19331 19367 D OTT_Statistics_SA: [StatisticsLog][save append key:ott_exposure={"ct":"20190306100046404","sec":"2","curl":"pgtitle=首页-90","vdid":"{\"carousel_id\":\"37\",\"block_id\":\"1132\"}","mdl":"首屏","exp":"90000006"}!#@#!{"ct":"20190306100046442","sec":"2","curl":"pgtitle=首页-90","vdid":"{\"block_id\":\"1136\"}","mdl":"首屏","exp":"90000138"}!#@#!{"ct":"20190306100046470","sec":"2","curl":"pgtitle=首页-90","vdid":"{\"special_id\":\"8100305\",\"block_id\":\"1316\"}","mdl":"首屏","exp":"90000003"}!#@#!{"ct":"20190306100046488","sec":"2","curl":"pgtitle=首页-90","vdid":"{\"special_id\":\"8100512\",\"block_id\":\"1137\"}","mdl":"首屏","exp":"90000003"}!#@#!{"ct":"20190306100046569","sec":"2","curl":"pgtitle=首页-90","vdid":"{\"special_id\":\"8100516\",\"block_id\":\"1139\"}","mdl":"首屏","exp":"90000003"}!#@#!{"ct":"20190306100046579","sec":"2","curl":"pgtitle=首页-90","vdid":"{\"special_id\":\"8100613\",\"block_id\":\"1140\"}","mdl":"首屏","exp":"90000003"}]: 
03-06 10:00:46.587  1762  1782 D PlayerImpl_JNI: isSignalStable
03-06 10:00:46.600  1589  1646 D WindowManager: interceptKeyTi keyCode=23 down=true repeatCount=0 keyguardOn=false mHomePressed=false canceled=false deviceName=Virtual
03-06 10:00:46.600  1589  1646 E septemberan: mHotkeyService != null
03-06 10:00:46.603  2322 11145 D Evan    : onGlobalKeyEvent keycode=23
03-06 10:00:46.603  2322 11145 D Evan    : invokeGlobalKeyListener
03-06 10:00:46.603  2322 11145 D TVApiSystemSignalImpl:  now=55178320
03-06 10:00:46.603  2322 11145 D TVApiSystemSignalImpl:  before=55175360
03-06 10:00:46.603  2322 11145 D Evan    : invokeGlobalKeyListener
03-06 10:00:46.603  2322 11145 D TVApiSystemNoActionAutoPowerOffImpl: KeyEvnetListener Reset counter
03-06 10:00:46.604  2322 15196 D TvCecManager: arcIsAmpVolume
03-06 10:00:46.604  1762  4930 I CECManager_JNI: arcIsAmpVolume
03-06 10:00:46.605  1589  1646 D WindowManager: bRet =false
03-06 10:00:46.605  1589  1646 E septemberan: mPPTVHotkeyService != null
03-06 10:00:46.605  2111  2134 I HotkeyService: handleKeyEvents
03-06 10:00:46.605  2111  2134 I HotkeyService: Enter ListenAloneKeyHandler
03-06 10:00:46.606  2111  2134 I SystemImpl: getProp key:TvSystem:PROP_LISTEN_ALONE value:false
03-06 10:00:46.606  2111  2134 I HotkeyService: Enter FirstAndSearchingHandler
03-06 10:00:46.606  2111  2134 I HotkeyService: Enter AppHotkeyHandler
03-06 10:00:46.606  2111  2134 I HotkeyManager: notifyHotkeyListener
03-06 10:00:46.606  2111  2134 I HotkeyService: notifyCallbacks size : 4
03-06 10:00:46.606  2111  2134 I HotkeyService: dispatch key<23:KEYCODE_DPAD_CENTER:0> to HotkeyCallbackWrapper{Uid:10011, Pid:1742, Priority:9, AppName:com.pptv.systemui}
03-06 10:00:46.607  1742  1759 D NotificationPanel: keycode=23, action=0
03-06 10:00:46.607  1742  1759 D SystemUIApplication: handleKeyEvent, keycode:23 action:0, ret:false
03-06 10:00:46.607  1742  1759 D TvStatusBar:   mPlayGuideView android.widget.FrameLayout{332479e4 G.E..... ......I. 0,0-1920,1080}  interceptKegEvent   false  event.getDeviceId()  -1
03-06 10:00:46.607  2111  2134 I HotkeyService: dispatch key<23:KEYCODE_DPAD_CENTER:0> to HotkeyCallbackWrapper{Uid:1000, Pid:3394, Priority:8, AppName:com.pptv.voicecontroller}
03-06 10:00:46.608  3394  3465 D PPTVVoiceService_handleKeyEvent_670: handleKeyEvent 23, 0
03-06 10:00:46.608  2111  2134 I HotkeyService: dispatch key<23:KEYCODE_DPAD_CENTER:0> to HotkeyCallbackWrapper{Uid:1000, Pid:2111, Priority:5, AppName:com.pptv.framework.tvservice}
03-06 10:00:46.608  2111  2134 I HotkeyService: dispatch key<23:KEYCODE_DPAD_CENTER:0> to HotkeyCallbackWrapper{Uid:1000, Pid:2214, Priority:5, AppName:com.pptv.tv}
03-06 10:00:46.609  2111  2134 I HotkeyService: hotkey keycode : 23 deviceId=-1 result : 0 reason:R_NO_INTERCEPT
03-06 10:00:46.609  1589  1646 D WindowManager: mPPTVHotkeyService bRet =false
03-06 10:00:46.611  1762  2471 I PictureManager_JNI: getDlcAverageLuma
03-06 10:00:46.613  1762  2471 I TvManager_JNI: isSignalStable
03-06 10:00:46.613  1762  2471 I PictureManager_JNI: getBacklight
03-06 10:00:46.613  1762  2471 E septemberan: dbcHandler: mDbcBacklightRange: 48
03-06 10:00:46.613  1762  2471 I PictureManager_JNI: setBacklight
03-06 10:00:46.619 19331 19444 D OTT_Statistics_SA: [StatisticsLog][setTypeParams type = EXPOSURE]: 
03-06 10:00:46.619 19331 19444 D OTT_Statistics_SA: [StatisticsLog][Static---setExposure---start--]: 
03-06 10:00:46.620 19331 19444 D OTT_Statistics_SA: [StatisticsLog][Static---setExposure---end--]: 
03-06 10:00:46.620 19331 19367 D OTT_Statistics_SA: [StatisticsLog][save append key:ott_exposure={"ct":"20190306100046404","sec":"2","curl":"pgtitle=首页-90","vdid":"{\"carousel_id\":\"37\",\"block_id\":\"1132\"}","mdl":"首屏","exp":"90000006"}!#@#!{"ct":"20190306100046442","sec":"2","curl":"pgtitle=首页-90","vdid":"{\"block_id\":\"1136\"}","mdl":"首屏","exp":"90000138"}!#@#!{"ct":"20190306100046470","sec":"2","curl":"pgtitle=首页-90","vdid":"{\"special_id\":\"8100305\",\"block_id\":\"1316\"}","mdl":"首屏","exp":"90000003"}!#@#!{"ct":"20190306100046488","sec":"2","curl":"pgtitle=首页-90","vdid":"{\"special_id\":\"8100512\",\"block_id\":\"1137\"}","mdl":"首屏","exp":"90000003"}!#@#!{"ct":"20190306100046569","sec":"2","curl":"pgtitle=首页-90","vdid":"{\"special_id\":\"8100516\",\"block_id\":\"1139\"}","mdl":"首屏","exp":"90000003"}!#@#!{"ct":"20190306100046579","sec":"2","curl":"pgtitle=首页-90","vdid":"{\"special_id\":\"8100613\",\"block_id\":\"1140\"}","mdl":"首屏","exp":"90000003"}!#@#!{"ct":"20190306100046619","sec":"2","curl":"pgtitle=首页-90","vdid":"{\"special_id\":\"8100612\",\"block_id\":\"1141\"}","mdl":"小编诚心推荐！不看你会后悔","exp":"90000003"}]: 
03-06 10:00:46.630 19331 19444 D OTT_Statistics_SA: [StatisticsLog][setTypeParams type = EXPOSURE]: 
03-06 10:00:46.630 19331 19444 D OTT_Statistics_SA: [StatisticsLog][Static---setExposure---start--]: 
03-06 10:00:46.631 19331 19444 D OTT_Statistics_SA: [StatisticsLog][Static---setExposure---end--]: 
03-06 10:00:46.631 19331 19367 D OTT_Statistics_SA: [StatisticsLog][save append key:ott_exposure={"ct":"20190306100046404","sec":"2","curl":"pgtitle=首页-90","vdid":"{\"carousel_id\":\"37\",\"block_id\":\"1132\"}","mdl":"首屏","exp":"90000006"}!#@#!{"ct":"20190306100046442","sec":"2","curl":"pgtitle=首页-90","vdid":"{\"block_id\":\"1136\"}","mdl":"首屏","exp":"90000138"}!#@#!{"ct":"20190306100046470","sec":"2","curl":"pgtitle=首页-90","vdid":"{\"special_id\":\"8100305\",\"block_id\":\"1316\"}","mdl":"首屏","exp":"90000003"}!#@#!{"ct":"20190306100046488","sec":"2","curl":"pgtitle=首页-90","vdid":"{\"special_id\":\"8100512\",\"block_id\":\"1137\"}","mdl":"首屏","exp":"90000003"}!#@#!{"ct":"20190306100046569","sec":"2","curl":"pgtitle=首页-90","vdid":"{\"special_id\":\"8100516\",\"block_id\":\"1139\"}","mdl":"首屏","exp":"90000003"}!#@#!{"ct":"20190306100046579","sec":"2","curl":"pgtitle=首页-90","vdid":"{\"special_id\":\"8100613\",\"block_id\":\"1140\"}","mdl":"首屏","exp":"90000003"}!#@#!{"ct":"20190306100046619","sec":"2","curl":"pgtitle=首页-90","vdid":"{\"special_id\":\"8100612\",\"block_id\":\"1141\"}","mdl":"小编诚心推荐！不看你会后悔","exp":"90000003"}!#@#!{"ct":"20190306100046630","sec":"2","curl":"pgtitle=首页-90","vdid":"{\"special_id\":\"8100520\",\"block_id\":\"1142\"}","mdl":"小编诚心推荐！不看你会后悔","exp":"90000003"}]: 
03-06 10:00:46.657 19331 19331 D MP--    : [SystemPlayerImp][SurfaceEventCallback][mid:90659525][tid:main][msg:surface-- on create syn surface start--]
03-06 10:00:46.658 19331 19331 I MP--    : sys_surfaceCreated in thread main
03-06 10:00:46.658 19331 19331 D MP--    : [SystemPlayerImp][SurfaceEventCallback][mid:90659525][tid:main][msg:surface-- on create syn surface finish-]
03-06 10:00:46.658 19331 19331 D MP--    : [SystemPlayerImp][SurfaceEventCallback][mid:90659525][tid:main][msg:surface-- onChanged in thread main,width w:583,h:328,format:]
03-06 10:00:46.714  1762  2471 I PictureManager_JNI: getDlcAverageLuma
03-06 10:00:46.714  1762  2471 I TvManager_JNI: isSignalStable
03-06 10:00:46.714  1762  2471 I PictureManager_JNI: getBacklight
03-06 10:00:46.714  1762  2471 E septemberan: dbcHandler: mDbcBacklightRange: 48
03-06 10:00:46.714  1762  2471 I PictureManager_JNI: setBacklight
03-06 10:00:46.816  1762  2471 I PictureManager_JNI: getDlcAverageLuma
03-06 10:00:46.817  1762  2471 I TvManager_JNI: isSignalStable
03-06 10:00:46.817  1762  2471 I PictureManager_JNI: getBacklight
03-06 10:00:46.818  1762  2471 E septemberan: dbcHandler: mDbcBacklightRange: 48
03-06 10:00:46.818  1762  2471 I PictureManager_JNI: setBacklight
03-06 10:00:46.919  1762  2471 I PictureManager_JNI: getDlcAverageLuma
03-06 10:00:46.920  1762  2471 I TvManager_JNI: isSignalStable
03-06 10:00:46.920  1762  2471 I PictureManager_JNI: getBacklight
03-06 10:00:46.920  1762  2471 E septemberan: dbcHandler: mDbcBacklightRange: 48
03-06 10:00:46.920  1762  2471 I PictureManager_JNI: setBacklight
03-06 10:00:46.951 19331 19331 W InputEventSender: Failed to send key event on channel 'ClientState{288880bd uid 10155 pid 19331} (server)'.  status=-32
03-06 10:00:46.951 19331 19331 W InputMethodManager: Unable to send input event to IME: io.appium.android.ime/.UnicodeIME dropping: KeyEvent { action=ACTION_UP, keyCode=KEYCODE_MENU, scanCode=0, metaState=0, flags=0x8, repeatCount=0, eventTime=55177475, downTime=55177475, deviceId=-1, source=0x101 }
03-06 10:00:46.952 19331 19331 D OTT_Statistics_SA: [StatisticsLog][setTypeParams type = CUSTOMEEVENT]: 
03-06 10:00:46.952 19331 19331 D OTT_Statistics_SA: [StatisticsLog][Static---setCustomEvent---start--]: 
03-06 10:00:46.953 19331 19331 D OTT_Statistics_SA: [StatisticsLog][Static---setCustomEvent---end--]: 
03-06 10:00:46.953 19331 19367 D OTT_Statistics_SA: [StatisticsLog][save append key:ott_customevent={"evi":"","ct":"20190306100046952","sec":"2","curl":"pgtitle=首页-90","eid":"90000018"}]: 
03-06 10:00:46.955  2065  2065 D InputEventDispatcher: onInputEvent: KeyEvent { action=ACTION_DOWN, keyCode=KEYCODE_DPAD_CENTER, scanCode=0, metaState=0, flags=0x8, repeatCount=0, eventTime=55178316, downTime=55178316, deviceId=-1, source=0x101 }
03-06 10:00:46.956  1589  1646 D WindowManager: interceptKeyTi keyCode=23 down=false repeatCount=0 keyguardOn=false mHomePressed=false canceled=false deviceName=Virtual
03-06 10:00:46.956  1589  1646 E septemberan: mHotkeyService != null
03-06 10:00:46.961  2779  2797 E CvteATHotkey: <AT-TPV> processTPVFacKey ScanCode = 0x0
03-06 10:00:46.962  2322  2497 D TvCecManager: arcIsAmpVolume
03-06 10:00:46.962  1762  2473 I CECManager_JNI: arcIsAmpVolume
03-06 10:00:46.964  1589  1646 D WindowManager: bRet =false
03-06 10:00:46.964  1589  1646 E septemberan: mPPTVHotkeyService != null
03-06 10:00:46.964  2111 12345 I HotkeyService: handleKeyEvents
03-06 10:00:46.964  2111 12345 I HotkeyService: Enter ListenAloneKeyHandler
03-06 10:00:46.964 19331 19331 W InputEventSender: Failed to send key event on channel 'ClientState{288880bd uid 10155 pid 19331} (server)'.  status=-32
03-06 10:00:46.964 19331 19331 W InputMethodManager: Unable to send input event to IME: io.appium.android.ime/.UnicodeIME dropping: KeyEvent { action=ACTION_DOWN, keyCode=KEYCODE_DPAD_CENTER, scanCode=0, metaState=0, flags=0x8, repeatCount=0, eventTime=55178316, downTime=55178316, deviceId=-1, source=0x101 }
03-06 10:00:46.966  2111 12345 I SystemImpl: getProp key:TvSystem:PROP_LISTEN_ALONE value:false
03-06 10:00:46.967  2111 12345 I HotkeyService: Enter FirstAndSearchingHandler
03-06 10:00:46.967  2111 12345 I HotkeyService: Enter AppHotkeyHandler
03-06 10:00:46.967  2111 12345 I HotkeyManager: notifyHotkeyListener
03-06 10:00:46.967  2111 12345 I HotkeyService: notifyCallbacks size : 4
03-06 10:00:46.967  2111 12345 I HotkeyService: dispatch key<23:KEYCODE_DPAD_CENTER:1> to HotkeyCallbackWrapper{Uid:10011, Pid:1742, Priority:9, AppName:com.pptv.systemui}
03-06 10:00:46.967  1742  3137 D NotificationPanel: keycode=23, action=1
03-06 10:00:46.967  1742  3137 D SystemUIApplication: handleKeyEvent, keycode:23 action:1, ret:false
03-06 10:00:46.968  1742  3137 D TvStatusBar:   mPlayGuideView android.widget.FrameLayout{332479e4 G.E..... ......I. 0,0-1920,1080}  interceptKegEvent   false  event.getDeviceId()  -1
03-06 10:00:46.968  2111 12345 I HotkeyService: dispatch key<23:KEYCODE_DPAD_CENTER:1> to HotkeyCallbackWrapper{Uid:1000, Pid:3394, Priority:8, AppName:com.pptv.voicecontroller}
03-06 10:00:46.970  3394  3410 D PPTVVoiceService_handleKeyEvent_670: handleKeyEvent 23, 1
03-06 10:00:46.970  2111 12345 I HotkeyService: dispatch key<23:KEYCODE_DPAD_CENTER:1> to HotkeyCallbackWrapper{Uid:1000, Pid:2111, Priority:5, AppName:com.pptv.framework.tvservice}
03-06 10:00:46.970  2111 12345 I HotkeyService: dispatch key<23:KEYCODE_DPAD_CENTER:1> to HotkeyCallbackWrapper{Uid:1000, Pid:2214, Priority:5, AppName:com.pptv.tv}
03-06 10:00:46.971  2111 12345 I HotkeyService: hotkey keycode : 23 deviceId=-1 result : 0 reason:R_NO_INTERCEPT
03-06 10:00:46.971  1589  1646 D WindowManager: mPPTVHotkeyService bRet =false
03-06 10:00:46.972 19331 19331 W InputEventSender: Failed to send key event on channel 'ClientState{288880bd uid 10155 pid 19331} (server)'.  status=-32
03-06 10:00:46.972 19331 19331 W InputMethodManager: Unable to send input event to IME: io.appium.android.ime/.UnicodeIME dropping: KeyEvent { action=ACTION_UP, keyCode=KEYCODE_DPAD_CENTER, scanCode=0, metaState=0, flags=0x8, repeatCount=0, eventTime=55178673, downTime=55178673, deviceId=-1, source=0x101 }
03-06 10:00:46.972  2065  2065 D InputEventDispatcher: onInputEvent: KeyEvent { action=ACTION_UP, keyCode=KEYCODE_DPAD_CENTER, scanCode=0, metaState=0, flags=0x8, repeatCount=0, eventTime=55178673, downTime=55178673, deviceId=-1, source=0x101 }
03-06 10:00:46.985 19331 19331 D OTT_Statistics_SA: [StatisticsLog][setTypeParams type = ONPAUSE]: 
03-06 10:00:46.986 19331 19331 D OTT_Statistics_SA: [StatisticsLog][Static---onPause---start--]: 
03-06 10:00:46.986 19331 19557 D CarsoulProgramListReader: [onResponse] spend time:487ms,with data count:1
03-06 10:00:46.987 19331 19331 D OTT_Statistics_SA: [StatisticsLog][{curl=pgtitle=首页-90}]: 
03-06 10:00:46.989 19331 19331 D OTT_Statistics_SA: [StatisticsLog][pageNumber--2]: 
03-06 10:00:46.989 19331 19331 D OTT_Statistics_SA: [StatisticsLog][Static---onPause---end--]: 
03-06 10:00:46.989 19331 19367 D OTT_Statistics_SA: [StatisticsLog][save append key:ott_page={"sec":"2","it":"20190306100045717","curl":"pgtitle=首页-90","furl":"pgtitle=首页-239","ot":"20190306100046988","ext":{"tab_page":"推荐"}}]: 
03-06 10:00:47.012 19331 19573 D Observers:  msgCode: DATA_VIDEOBAEN_SUCCESS; thread name: Thread-522
03-06 10:00:47.012 19331 19535 I PlayModuleMessenger: [PlayModuleMessenger][update] msgCode: DATA_VIDEOBAEN_SUCCESS
03-06 10:00:47.016 19331 19533 I QoSModuleMessenger: [QoSModuleMessenger][update] msgCode: DATA_VIDEOBAEN_SUCCESS
03-06 10:00:47.016 19331 19534 D BipModuleMessenger: [BipModuleMessenger][update] msgCode: DATA_VIDEOBAEN_SUCCESS
03-06 10:00:47.016 19331 19536 I PLAYER--: [CommonMsgController][updateWithAdMsg]DATA_VIDEOBAEN_SUCCESS
03-06 10:00:47.021  1762  2471 I PictureManager_JNI: getDlcAverageLuma
03-06 10:00:47.021  1762  2471 I TvManager_JNI: isSignalStable
03-06 10:00:47.021  1762  2471 I PictureManager_JNI: getBacklight
03-06 10:00:47.022  1762  2471 E septemberan: dbcHandler: mDbcBacklightRange: 48
03-06 10:00:47.022  1762  2471 I PictureManager_JNI: setBacklight
03-06 10:00:47.026 19331 19536 D PLAYER--: [Tools][getScaleIndexPreference][scaleIndex:0]
03-06 10:00:47.026 19331 19536 V PLAYER--: [Tools][getftReference][log>>getftReference0
03-06 10:00:47.027 19331 19536 D Observers:  msgCode: DATA_GET_EPGBUILDER_BY_ID; thread name: controlUpdateThread
03-06 10:00:47.027 19331 19536 E EpgDataManager: [EpgDataManager][getEpgBuilderByPlayId]
03-06 10:00:47.030 19331 19533 I QoSModuleMessenger: [QoSModuleMessenger][update] msgCode: DATA_GET_EPGBUILDER_BY_ID
03-06 10:00:47.030 19331 19534 D BipModuleMessenger: [BipModuleMessenger][update] msgCode: DATA_GET_EPGBUILDER_BY_ID
03-06 10:00:47.036 19331 19535 I PlayModuleMessenger: [PlayModuleMessenger][update] msgCode: DATA_GET_EPGBUILDER_BY_ID
03-06 10:00:47.047 19331 19574 D EpgDataManager: [EpgDataManager][confirmBuilderByBean()]
03-06 10:00:47.049 19331 19574 D SettingPreferenceUtils: [saveOttepgChannelId]37
03-06 10:00:47.056 19331 19575 D Observers:  msgCode: VIEW_PROGRESS_WORK_START; thread name: Thread-524
03-06 10:00:47.056 19331 19535 I PlayModuleMessenger: [PlayModuleMessenger][update] msgCode: VIEW_PROGRESS_WORK_START
03-06 10:00:47.056 19331 19533 I QoSModuleMessenger: [QoSModuleMessenger][update] msgCode: VIEW_PROGRESS_WORK_START
03-06 10:00:47.057 19331 19534 D BipModuleMessenger: [BipModuleMessenger][update] msgCode: VIEW_PROGRESS_WORK_START
03-06 10:00:47.057 19331 19536 I PLAYER--: [CommonMsgController][updateWithAdMsg]VIEW_PROGRESS_WORK_START
03-06 10:00:47.058 19331 19574 V SNCarouselProgramListBean: CarouselProgramListBean go to binarySearch mid=39  size=79 low=0 high=78
03-06 10:00:47.058 19331 19574 V SNCarouselProgramListBean: CarouselProgramListBean go to binarySearch mid=19  size=79 low=0 high=39
03-06 10:00:47.059 19331 19574 V SNCarouselProgramListBean: CarouselProgramListBean go to binarySearch mid=29  size=79 low=19 high=39
03-06 10:00:47.059 19331 19574 V SNCarouselProgramListBean: CarouselProgramListBean go to binarySearch mid=34  size=79 low=29 high=39
03-06 10:00:47.059 19331 19574 V SNCarouselProgramListBean: CarouselProgramListBean go to binarySearch mid=36  size=79 low=34 high=39
03-06 10:00:47.060 19331 19574 V SNCarouselProgramListBean: StandCarouseVideoViewfind channel index success index = 36  size=79 low=34 high=39
03-06 10:00:47.072 19331 19574 D PLAYER--: nowTime:1551837647068,beginTime:1551833913000,endTime:1551842100000
03-06 10:00:47.073 19331 19574 D PLAYER--: nowTime > beginTime && nowTime < endTime
03-06 10:00:47.074 19331 19574 D Observers:  msgCode: DATA_VID_CONFIRMED; thread name: Thread-523
03-06 10:00:47.076 19331 19383 D AppLogMgr: all.txt is not in writing,going to write
03-06 10:00:47.082 19331 19535 I PlayModuleMessenger: [PlayModuleMessenger][update] msgCode: DATA_VID_CONFIRMED
