03-06 10:00:17.661  1762  2471 I PictureManager_JNI: getBacklight
03-06 10:00:17.661  1762  2471 E septemberan: dbcHandler: mDbcBacklightRange: 48
03-06 10:00:17.661  1762  2471 I PictureManager_JNI: setBacklight
03-06 10:00:17.761  1762  2471 I PictureManager_JNI: getDlcAverageLuma
03-06 10:00:17.763  1762  2471 I TvManager_JNI: isSignalStable
03-06 10:00:17.763  1762  2471 I PictureManager_JNI: getBacklight
03-06 10:00:17.763  1762  2471 E septemberan: dbcHandler: mDbcBacklightRange: 48
03-06 10:00:17.763  1762  2471 I PictureManager_JNI: setBacklight
03-06 10:00:17.863  1762  2471 I PictureManager_JNI: getDlcAverageLuma
03-06 10:00:17.864  1762  2471 I TvManager_JNI: isSignalStable
03-06 10:00:17.864  1762  2471 I PictureManager_JNI: getBacklight
03-06 10:00:17.864  1762  2471 E septemberan: dbcHandler: mDbcBacklightRange: 48
03-06 10:00:17.864  1762  2471 I PictureManager_JNI: setBacklight
03-06 10:00:17.965  1762  2471 I PictureManager_JNI: getDlcAverageLuma
03-06 10:00:17.965  1762  2471 I TvManager_JNI: isSignalStable
03-06 10:00:17.965  1762  2471 I PictureManager_JNI: getBacklight
03-06 10:00:17.966  1762  2471 E septemberan: dbcHandler: mDbcBacklightRange: 48
03-06 10:00:17.966  1762  2471 I PictureManager_JNI: setBacklight
03-06 10:00:18.061  1762  1782 D PlayerImpl_JNI: isSignalStable
03-06 10:00:18.066  1762  2471 I PictureManager_JNI: getDlcAverageLuma
03-06 10:00:18.066  1762  2471 I TvManager_JNI: isSignalStable
03-06 10:00:18.067  1762  2471 I PictureManager_JNI: getBacklight
03-06 10:00:18.067  1762  2471 E septemberan: dbcHandler: mDbcBacklightRange: 48
03-06 10:00:18.067  1762  2471 I PictureManager_JNI: setBacklight
03-06 10:00:18.167  1762  2471 I PictureManager_JNI: getDlcAverageLuma
03-06 10:00:18.170  1762  2471 I TvManager_JNI: isSignalStable
03-06 10:00:18.170  1762  2471 I PictureManager_JNI: getBacklight
03-06 10:00:18.170  1762  2471 E septemberan: dbcHandler: mDbcBacklightRange: 48
03-06 10:00:18.170  1762  2471 I PictureManager_JNI: setBacklight
03-06 10:00:18.270  1762  2471 I PictureManager_JNI: getDlcAverageLuma
03-06 10:00:18.271  1762  2471 I TvManager_JNI: isSignalStable
03-06 10:00:18.271  1762  2471 I PictureManager_JNI: getBacklight
03-06 10:00:18.271  1762  2471 E septemberan: dbcHandler: mDbcBacklightRange: 48
03-06 10:00:18.271  1762  2471 I PictureManager_JNI: setBacklight
03-06 10:00:18.372  1762  2471 I PictureManager_JNI: getDlcAverageLuma
03-06 10:00:18.372  1762  2471 I TvManager_JNI: isSignalStable
03-06 10:00:18.373  1762  2471 I PictureManager_JNI: getBacklight
03-06 10:00:18.373  1762  2471 E septemberan: dbcHandler: mDbcBacklightRange: 48
03-06 10:00:18.373  1762  2471 I PictureManager_JNI: setBacklight
03-06 10:00:18.469 23037 23037 I txc     : onPageScrollStateChanged== state= ====2
03-06 10:00:18.469 23037 23037 I txc     : onPageSelected== position= ====0
03-06 10:00:18.474  1762  2471 I PictureManager_JNI: getDlcAverageLuma
03-06 10:00:18.475  1762  2471 I TvManager_JNI: isSignalStable
03-06 10:00:18.475  1762  2471 I PictureManager_JNI: getBacklight
03-06 10:00:18.475  1762  2471 E septemberan: dbcHandler: mDbcBacklightRange: 48
03-06 10:00:18.475  1762  2471 I PictureManager_JNI: setBacklight
03-06 10:00:18.486 23037 23037 D GLIDE   : onResourceReady(com.bumptech.glide.load.resource.bitmap.GlideBitmapDrawable@24015c8, /data/data/com.pptv.screenprotect/cache/ScreenProtect2/TA2018102510135500001.jpg, Target for: android.widget.ImageView{1c9c6661 V.ED..C. ......ID 5781120,0-5783040,1080 #7f0c0074 app:id/daimajia_slider_image}, true, true)
03-06 10:00:18.576  1762  2471 I PictureManager_JNI: getDlcAverageLuma
03-06 10:00:18.576  1762  2471 I TvManager_JNI: isSignalStable
03-06 10:00:18.576  1762  2471 I PictureManager_JNI: getBacklight
03-06 10:00:18.577  1762  2471 E septemberan: dbcHandler: mDbcBacklightRange: 48
03-06 10:00:18.577  1762  2471 I PictureManager_JNI: setBacklight
03-06 10:00:18.677  1762  2471 I PictureManager_JNI: getDlcAverageLuma
03-06 10:00:18.678  1762  2471 I TvManager_JNI: isSignalStable
03-06 10:00:18.678  1762  2471 I PictureManager_JNI: getBacklight
03-06 10:00:18.678  1762  2471 E septemberan: dbcHandler: mDbcBacklightRange: 48
03-06 10:00:18.678  1762  2471 I PictureManager_JNI: setBacklight
03-06 10:00:18.742 24180 25255 I art     : Explicit concurrent mark sweep GC freed 885(55KB) AllocSpace objects, 1(16KB) LOS objects, 24% free, 2MB/3MB, paused 345us total 23.617ms
03-06 10:00:18.781  1762  2471 I PictureManager_JNI: getDlcAverageLuma
03-06 10:00:18.781  1762  2471 I TvManager_JNI: isSignalStable
03-06 10:00:18.782  1762  2471 I PictureManager_JNI: getBacklight
03-06 10:00:18.782  1762  2471 E septemberan: dbcHandler: mDbcBacklightRange: 48
03-06 10:00:18.782  1762  2471 I PictureManager_JNI: setBacklight
03-06 10:00:18.809 24180 25255 I art     : Explicit concurrent mark sweep GC freed 18(632B) AllocSpace objects, 0(0B) LOS objects, 24% free, 2MB/3MB, paused 358us total 25.105ms
03-06 10:00:18.873 24180 25255 I art     : Explicit concurrent mark sweep GC freed 3(96B) AllocSpace objects, 0(0B) LOS objects, 24% free, 2MB/3MB, paused 347us total 24.223ms
03-06 10:00:18.882  1762  2471 I PictureManager_JNI: getDlcAverageLuma
03-06 10:00:18.883  1762  2471 I TvManager_JNI: isSignalStable
03-06 10:00:18.883  1762  2471 I PictureManager_JNI: getBacklight
03-06 10:00:18.884  1762  2471 E septemberan: dbcHandler: mDbcBacklightRange: 48
03-06 10:00:18.884  1762  2471 I PictureManager_JNI: setBacklight
03-06 10:00:18.940 24180 25255 I art     : Explicit concurrent mark sweep GC freed 3(96B) AllocSpace objects, 0(0B) LOS objects, 24% free, 2MB/3MB, paused 366us total 25.007ms
03-06 10:00:18.984  1762  2471 I PictureManager_JNI: getDlcAverageLuma
03-06 10:00:18.985  1762  2471 I TvManager_JNI: isSignalStable
03-06 10:00:18.985  1762  2471 I PictureManager_JNI: getBacklight
03-06 10:00:18.985  1762  2471 E septemberan: dbcHandler: mDbcBacklightRange: 48
03-06 10:00:18.985  1762  2471 I PictureManager_JNI: setBacklight
03-06 10:00:19.006 24180 25255 I art     : Explicit concurrent mark sweep GC freed 3(96B) AllocSpace objects, 0(0B) LOS objects, 24% free, 2MB/3MB, paused 430us total 26.446ms
03-06 10:00:19.086  1762  2471 I PictureManager_JNI: getDlcAverageLuma
03-06 10:00:19.086  1762  2471 I TvManager_JNI: isSignalStable
03-06 10:00:19.086  1762  2471 I PictureManager_JNI: getBacklight
03-06 10:00:19.087  1762  2471 E septemberan: dbcHandler: mDbcBacklightRange: 48
03-06 10:00:19.087  1762  2471 I PictureManager_JNI: setBacklight
03-06 10:00:19.187  1762  2471 I PictureManager_JNI: getDlcAverageLuma
03-06 10:00:19.187  1762  2471 I TvManager_JNI: isSignalStable
03-06 10:00:19.188  1762  2471 I PictureManager_JNI: getBacklight
03-06 10:00:19.188  1762  2471 E septemberan: dbcHandler: mDbcBacklightRange: 48
03-06 10:00:19.188  1762  2471 I PictureManager_JNI: setBacklight
03-06 10:00:19.288  1762  2471 I PictureManager_JNI: getDlcAverageLuma
03-06 10:00:19.289  1762  2471 I TvManager_JNI: isSignalStable
03-06 10:00:19.289  1762  2471 I PictureManager_JNI: getBacklight
03-06 10:00:19.289  1762  2471 E septemberan: dbcHandler: mDbcBacklightRange: 48
03-06 10:00:19.289  1762  2471 I PictureManager_JNI: setBacklight
03-06 10:00:19.389  1762  2471 I PictureManager_JNI: getDlcAverageLuma
03-06 10:00:19.390  1762  2471 I TvManager_JNI: isSignalStable
03-06 10:00:19.390  1762  2471 I PictureManager_JNI: getBacklight
03-06 10:00:19.391  1762  2471 E septemberan: dbcHandler: mDbcBacklightRange: 48
03-06 10:00:19.391  1762  2471 I PictureManager_JNI: setBacklight
03-06 10:00:19.491  1762  2471 I PictureManager_JNI: getDlcAverageLuma
03-06 10:00:19.492  1762  2471 I TvManager_JNI: isSignalStable
03-06 10:00:19.492  1762  2471 I PictureManager_JNI: getBacklight
03-06 10:00:19.492  1762  2471 E septemberan: dbcHandler: mDbcBacklightRange: 48
03-06 10:00:19.492  1762  2471 I PictureManager_JNI: setBacklight
03-06 10:00:19.562  1762  2473 D PlayerImpl_JNI: isSignalStable
03-06 10:00:19.593  1762  2471 I PictureManager_JNI: getDlcAverageLuma
03-06 10:00:19.593  1762  2471 I TvManager_JNI: isSignalStable
03-06 10:00:19.593  1762  2471 I PictureManager_JNI: getBacklight
03-06 10:00:19.594  1762  2471 E septemberan: dbcHandler: mDbcBacklightRange: 48
03-06 10:00:19.594  1762  2471 I PictureManager_JNI: setBacklight
03-06 10:00:19.597  1589  1659 E WifiStateMachine: WifiStateMachine CMD_START_SCAN source -2 txSuccessRate=570.81 rxSuccessRate=603.10 targetRoamBSSID=34:ce:00:00:c8:59 RSSI=-45
03-06 10:00:19.694  1762  2471 I PictureManager_JNI: getDlcAverageLuma
03-06 10:00:19.695  1762  2471 I TvManager_JNI: isSignalStable
03-06 10:00:19.696  1762  2471 I PictureManager_JNI: getBacklight
03-06 10:00:19.696  1762  2471 E septemberan: dbcHandler: mDbcBacklightRange: 48
03-06 10:00:19.696  1762  2471 I PictureManager_JNI: setBacklight
03-06 10:00:19.796  1762  2471 I PictureManager_JNI: getDlcAverageLuma
03-06 10:00:19.797  1762  2471 I TvManager_JNI: isSignalStable
03-06 10:00:19.797  1762  2471 I PictureManager_JNI: getBacklight
03-06 10:00:19.797  1762  2471 E septemberan: dbcHandler: mDbcBacklightRange: 48
03-06 10:00:19.797  1762  2471 I PictureManager_JNI: setBacklight
03-06 10:00:19.898  1762  2471 I PictureManager_JNI: getDlcAverageLuma
03-06 10:00:19.899  1762  2471 I TvManager_JNI: isSignalStable
03-06 10:00:19.899  1762  2471 I PictureManager_JNI: getBacklight
03-06 10:00:19.899  1762  2471 E septemberan: dbcHandler: mDbcBacklightRange: 48
03-06 10:00:19.899  1762  2471 I PictureManager_JNI: setBacklight
03-06 10:00:19.999  1762  2471 I PictureManager_JNI: getDlcAverageLuma
03-06 10:00:20.000  1762  2471 I TvManager_JNI: isSignalStable
03-06 10:00:20.001  1762  2471 I PictureManager_JNI: getBacklight
03-06 10:00:20.001  1762  2471 E septemberan: dbcHandler: mDbcBacklightRange: 48
03-06 10:00:20.001  1762  2471 I PictureManager_JNI: setBacklight
03-06 10:00:20.102  1762  2471 I PictureManager_JNI: getDlcAverageLuma
03-06 10:00:20.102  1762  2471 I TvManager_JNI: isSignalStable
03-06 10:00:20.103  1762  2471 I PictureManager_JNI: getBacklight
03-06 10:00:20.103  1762  2471 E septemberan: dbcHandler: mDbcBacklightRange: 48
03-06 10:00:20.103  1762  2471 I PictureManager_JNI: setBacklight
03-06 10:00:20.204  1762  2471 I PictureManager_JNI: getDlcAverageLuma
03-06 10:00:20.204  1762  2471 I TvManager_JNI: isSignalStable
03-06 10:00:20.204  1762  2471 I PictureManager_JNI: getBacklight
03-06 10:00:20.204  1762  2471 E septemberan: dbcHandler: mDbcBacklightRange: 48
03-06 10:00:20.204  1762  2471 I PictureManager_JNI: setBacklight
03-06 10:00:20.305  1762  2471 I PictureManager_JNI: getDlcAverageLuma
03-06 10:00:20.305  1762  2471 I TvManager_JNI: isSignalStable
03-06 10:00:20.306  1762  2471 I PictureManager_JNI: getBacklight
03-06 10:00:20.306  1762  2471 E septemberan: dbcHandler: mDbcBacklightRange: 48
03-06 10:00:20.306  1762  2471 I PictureManager_JNI: setBacklight
03-06 10:00:20.406  1762  2471 I PictureManager_JNI: getDlcAverageLuma
03-06 10:00:20.407  1762  2471 I TvManager_JNI: isSignalStable
03-06 10:00:20.407  1762  2471 I PictureManager_JNI: getBacklight
03-06 10:00:20.407  1762  2471 E septemberan: dbcHandler: mDbcBacklightRange: 48
03-06 10:00:20.407  1762  2471 I PictureManager_JNI: setBacklight
03-06 10:00:20.508  1762  2471 I PictureManager_JNI: getDlcAverageLuma
03-06 10:00:20.509  1762  2471 I TvManager_JNI: isSignalStable
03-06 10:00:20.509  1762  2471 I PictureManager_JNI: getBacklight
03-06 10:00:20.509  1762  2471 E septemberan: dbcHandler: mDbcBacklightRange: 48
03-06 10:00:20.509  1762  2471 I PictureManager_JNI: setBacklight
03-06 10:00:20.516 23037 23037 I txc     : onPageScrollStateChanged== state= ====0
03-06 10:00:20.516 23037 23037 I txc     : onPageScrollStateChanged== positionOffsetPixels= ====DepthPage
03-06 10:00:20.517 23037 11165 I AdSendManager: startUrl== url= ====http://jp.as.cp61.ott.cibntv.net/ikanstat/stat?pos=300109&tid=TA2018102510135500001&sid=&cid=&pid=&vchid=0&seq=0&lid=001&rqip=2029896051&rqfreq=&rqtime=1551786465266&mtrseq=0&vvid=&uuid=@[uuid]&ver=4.6.0&dpid=002592A5524C&act=1000&platform=65536&reqtype=vast&o=110037&e=7972822B1F7D0DDFA9F71A2F65E238DE&sectionid=&appid=com.pptv.screenprotect&creative_abtest=0&userUnique=&utm=&isVip=0
03-06 10:00:20.609  1762  2471 I PictureManager_JNI: getDlcAverageLuma
03-06 10:00:20.610  1762  2471 I TvManager_JNI: isSignalStable
03-06 10:00:20.610  1762  2471 I PictureManager_JNI: getBacklight
03-06 10:00:20.610  1762  2471 E septemberan: dbcHandler: mDbcBacklightRange: 48
03-06 10:00:20.610  1762  2471 I PictureManager_JNI: setBacklight
03-06 10:00:20.612 19130 19130 D AndroidRuntime: 
03-06 10:00:20.612 19130 19130 D AndroidRuntime: >>>>>> AndroidRuntime START com.android.internal.os.RuntimeInit <<<<<<
03-06 10:00:20.616 19130 19130 D AndroidRuntime: CheckJNI is OFF
03-06 10:00:20.656 23037 11165 I AdSendManager: sendUrl== isSuccessful= ====true
03-06 10:00:20.656 23037 11165 I AdSendManager: completeUrl== url= ====http://jp.as.cp61.ott.cibntv.net/ikanstat/stat?pos=300109&tid=TA2018102510135500001&sid=&cid=&pid=&vchid=0&seq=0&lid=001&rqip=2029896051&rqfreq=&rqtime=1551786465266&mtrseq=0&vvid=&uuid=@[uuid]&ver=4.6.0&dpid=002592A5524C&act=1001&platform=65536&reqtype=vast&o=110037&e=7972822B1F7D0DDFA9F71A2F65E238DE&sectionid=&appid=com.pptv.screenprotect&creative_abtest=0&userUnique=&utm=&isVip=0
03-06 10:00:20.711  1762  2471 I PictureManager_JNI: getDlcAverageLuma
03-06 10:00:20.712  1762  2471 I TvManager_JNI: isSignalStable
03-06 10:00:20.712  1762  2471 I PictureManager_JNI: getBacklight
03-06 10:00:20.712  1762  2471 E septemberan: dbcHandler: mDbcBacklightRange: 48
03-06 10:00:20.712  1762  2471 I PictureManager_JNI: setBacklight
03-06 10:00:20.779 23037 11165 I AdSendManager: sendUrl== isSuccessful= ====true
03-06 10:00:20.779 23037 11165 I txc     : SendUrlCompleteListener== onSendUrlComplete= ====
03-06 10:00:20.779 23037 11165 I AdSendManager:  是否正在发送日志 =====false
03-06 10:00:20.780 23037 11165 I AdSendManager: 开始查询   filepath=====/data/data/com.pptv.screenprotect/cache/AdLogCache/
03-06 10:00:20.780 23037 11165 I AdSendManager: fileList filename==-开始删除过多的文件--------------------
03-06 10:00:20.780 23037 11165 I AdSendManager: fileList filename==-查询剩余的文件--------------------
03-06 10:00:20.780 23037 11165 I AdSendManager: fileList filename==-查询完毕-----------------
03-06 10:00:20.780 23037 11165 I AdSendManager:  清理完成  开始发送日志 =====/data/data/com.pptv.screenprotect/cache/AdLogCache/
03-06 10:00:20.780 23037 11165 I AdSendManager: ==sendAdUrl 在线广告日志发送成功11= ====
03-06 10:00:20.812  1762  2471 I PictureManager_JNI: getDlcAverageLuma
03-06 10:00:20.813  1762  2471 I TvManager_JNI: isSignalStable
03-06 10:00:20.814  1762  2471 I PictureManager_JNI: getBacklight
03-06 10:00:20.814  1762  2471 E septemberan: dbcHandler: mDbcBacklightRange: 48
03-06 10:00:20.814  1762  2471 I PictureManager_JNI: setBacklight
03-06 10:00:20.814 19130 19130 D AndroidRuntime: Calling main entry com.android.commands.pm.Pm
--------- beginning of system
03-06 10:00:20.841  8265  8281 D DefContainer: Copying /data/local/tmp/UnicodeIME-debug.apk to base.apk
03-06 10:00:20.855  1589  1636 W ResourcesManager: Asset path '/system/framework/framework-pptv.jar' does not exist or contains no resources.
03-06 10:00:20.856  1589  1636 D PPTVTM  : pkgName=io.appium.android.ime
03-06 10:00:20.856  1589  1636 D PPTVTM  : settings provider forbid install black list=null
03-06 10:00:20.875  1589  1636 D PackageManager: Renaming /data/app/vmdl1133072914.tmp to /data/app/io.appium.android.ime-2
03-06 10:00:20.875  1589  1636 D PPTVTM  : pkgName=io.appium.android.ime
03-06 10:00:20.875  1589  1636 D PPTVTM  : settings provider forbid install black list=null
03-06 10:00:20.876  1589  1636 W PackageManager: Attempt to re-install io.appium.android.ime without first uninstalling.
03-06 10:00:20.914  1762  2471 I PictureManager_JNI: getDlcAverageLuma
03-06 10:00:20.915  1762  2471 I TvManager_JNI: isSignalStable
03-06 10:00:20.915  1762  2471 I PictureManager_JNI: getBacklight
03-06 10:00:20.915  1762  2471 E septemberan: dbcHandler: mDbcBacklightRange: 48
03-06 10:00:20.915  1762  2471 I PictureManager_JNI: setBacklight
03-06 10:00:21.015  1762  2471 I PictureManager_JNI: getDlcAverageLuma
03-06 10:00:21.016  1762  2471 I TvManager_JNI: isSignalStable
03-06 10:00:21.016  1762  2471 I PictureManager_JNI: getBacklight
03-06 10:00:21.016  1762  2471 E septemberan: dbcHandler: mDbcBacklightRange: 48
03-06 10:00:21.017  1762  2471 I PictureManager_JNI: setBacklight
03-06 10:00:21.026  1589  1636 I art     : Explicit concurrent mark sweep GC freed 98353(6MB) AllocSpace objects, 39(796KB) LOS objects, 33% free, 18MB/28MB, paused 1.832ms total 147.448ms
03-06 10:00:21.035 19130 19130 D AndroidRuntime: Shutting down VM
03-06 10:00:21.063  1762  1784 D PlayerImpl_JNI: isSignalStable
03-06 10:00:21.117  1762  2471 I PictureManager_JNI: getDlcAverageLuma
03-06 10:00:21.117  1762  2471 I TvManager_JNI: isSignalStable
03-06 10:00:21.117  1762  2471 I PictureManager_JNI: getBacklight
03-06 10:00:21.118  1762  2471 E septemberan: dbcHandler: mDbcBacklightRange: 48
03-06 10:00:21.118  1762  2471 I PictureManager_JNI: setBacklight
03-06 10:00:21.218  1762  2471 I PictureManager_JNI: getDlcAverageLuma
03-06 10:00:21.218  1762  2471 I TvManager_JNI: isSignalStable
03-06 10:00:21.219  1762  2471 I PictureManager_JNI: getBacklight
03-06 10:00:21.219  1762  2471 E septemberan: dbcHandler: mDbcBacklightRange: 48
03-06 10:00:21.219  1762  2471 I PictureManager_JNI: setBacklight
03-06 10:00:21.319  1762  2471 I PictureManager_JNI: getDlcAverageLuma
03-06 10:00:21.320  1762  2471 I TvManager_JNI: isSignalStable
03-06 10:00:21.320  1762  2471 I PictureManager_JNI: getBacklight
03-06 10:00:21.320  1762  2471 E septemberan: dbcHandler: mDbcBacklightRange: 48
03-06 10:00:21.320  1762  2471 I PictureManager_JNI: setBacklight
03-06 10:00:21.420  1762  2471 I PictureManager_JNI: getDlcAverageLuma
03-06 10:00:21.421  1762  2471 I TvManager_JNI: isSignalStable
03-06 10:00:21.421  1762  2471 I PictureManager_JNI: getBacklight
03-06 10:00:21.421  1762  2471 E septemberan: dbcHandler: mDbcBacklightRange: 48
03-06 10:00:21.421  1762  2471 I PictureManager_JNI: setBacklight
03-06 10:00:21.521  1762  2471 I PictureManager_JNI: getDlcAverageLuma
03-06 10:00:21.522  1762  2471 I TvManager_JNI: isSignalStable
03-06 10:00:21.522  1762  2471 I PictureManager_JNI: getBacklight
03-06 10:00:21.522  1762  2471 E septemberan: dbcHandler: mDbcBacklightRange: 48
03-06 10:00:21.522  1762  2471 I PictureManager_JNI: setBacklight
03-06 10:00:21.623  1762  2471 I PictureManager_JNI: getDlcAverageLuma
03-06 10:00:21.623  1762  2471 I TvManager_JNI: isSignalStable
03-06 10:00:21.623  1762  2471 I PictureManager_JNI: getBacklight
03-06 10:00:21.623  1762  2471 E septemberan: dbcHandler: mDbcBacklightRange: 48
03-06 10:00:21.623  1762  2471 I PictureManager_JNI: setBacklight
03-06 10:00:21.724  1762  2471 I PictureManager_JNI: getDlcAverageLuma
03-06 10:00:21.724  1762  2471 I TvManager_JNI: isSignalStable
03-06 10:00:21.724  1762  2471 I PictureManager_JNI: getBacklight
03-06 10:00:21.725  1762  2471 E septemberan: dbcHandler: mDbcBacklightRange: 48
03-06 10:00:21.725  1762  2471 I PictureManager_JNI: setBacklight
03-06 10:00:21.825  1762  2471 I PictureManager_JNI: getDlcAverageLuma
03-06 10:00:21.826  1762  2471 I TvManager_JNI: isSignalStable
03-06 10:00:21.826  1762  2471 I PictureManager_JNI: getBacklight
03-06 10:00:21.826  1762  2471 E septemberan: dbcHandler: mDbcBacklightRange: 48
03-06 10:00:21.826  1762  2471 I PictureManager_JNI: setBacklight
03-06 10:00:21.926  1762  2471 I PictureManager_JNI: getDlcAverageLuma
03-06 10:00:21.927  1762  2471 I TvManager_JNI: isSignalStable
03-06 10:00:21.927  1762  2471 I PictureManager_JNI: getBacklight
03-06 10:00:21.927  1762  2471 E septemberan: dbcHandler: mDbcBacklightRange: 48
03-06 10:00:21.927  1762  2471 I PictureManager_JNI: setBacklight
03-06 10:00:22.027  1762  2471 I PictureManager_JNI: getDlcAverageLuma
03-06 10:00:22.028  1762  2471 I TvManager_JNI: isSignalStable
03-06 10:00:22.028  1762  2471 I PictureManager_JNI: getBacklight
03-06 10:00:22.028  1762  2471 E septemberan: dbcHandler: mDbcBacklightRange: 48
03-06 10:00:22.028  1762  2471 I PictureManager_JNI: setBacklight
03-06 10:00:22.129  1762  2471 I PictureManager_JNI: getDlcAverageLuma
03-06 10:00:22.129  1762  2471 I TvManager_JNI: isSignalStable
03-06 10:00:22.129  1762  2471 I PictureManager_JNI: getBacklight
03-06 10:00:22.129  1762  2471 E septemberan: dbcHandler: mDbcBacklightRange: 48
03-06 10:00:22.129  1762  2471 I PictureManager_JNI: setBacklight
03-06 10:00:22.230  1762  2471 I PictureManager_JNI: getDlcAverageLuma
03-06 10:00:22.230  1762  2471 I TvManager_JNI: isSignalStable
03-06 10:00:22.230  1762  2471 I PictureManager_JNI: getBacklight
03-06 10:00:22.231  1762  2471 E septemberan: dbcHandler: mDbcBacklightRange: 48
03-06 10:00:22.231  1762  2471 I PictureManager_JNI: setBacklight
03-06 10:00:22.267 24180 24198 I art     : Explicit concurrent mark sweep GC freed 19(1656B) AllocSpace objects, 0(0B) LOS objects, 24% free, 2MB/3MB, paused 327us total 21.206ms
03-06 10:00:22.322 24180 24198 I art     : Explicit concurrent mark sweep GC freed 3(96B) AllocSpace objects, 0(0B) LOS objects, 24% free, 2MB/3MB, paused 312us total 20.252ms
03-06 10:00:22.331  1762  2471 I PictureManager_JNI: getDlcAverageLuma
03-06 10:00:22.332  1762  2471 I TvManager_JNI: isSignalStable
03-06 10:00:22.333  1762  2471 I PictureManager_JNI: getBacklight
03-06 10:00:22.333  1762  2471 E septemberan: dbcHandler: mDbcBacklightRange: 48
03-06 10:00:22.333  1762  2471 I PictureManager_JNI: setBacklight
03-06 10:00:22.378 24180 24198 I art     : Explicit concurrent mark sweep GC freed 3(96B) AllocSpace objects, 0(0B) LOS objects, 24% free, 2MB/3MB, paused 377us total 20.796ms
03-06 10:00:22.432 24180 24198 I art     : Explicit concurrent mark sweep GC freed 3(96B) AllocSpace objects, 0(0B) LOS objects, 24% free, 2MB/3MB, paused 288us total 20.169ms
03-06 10:00:22.434  1762  2471 I PictureManager_JNI: getDlcAverageLuma
03-06 10:00:22.434  1762  2471 I TvManager_JNI: isSignalStable
03-06 10:00:22.434  1762  2471 I PictureManager_JNI: getBacklight
03-06 10:00:22.434  1762  2471 E septemberan: dbcHandler: mDbcBacklightRange: 48
03-06 10:00:22.434  1762  2471 I PictureManager_JNI: setBacklight
03-06 10:00:22.487 24180 24198 I art     : Explicit concurrent mark sweep GC freed 3(96B) AllocSpace objects, 0(0B) LOS objects, 24% free, 2MB/3MB, paused 319us total 20.755ms
03-06 10:00:22.535  1762  2471 I PictureManager_JNI: getDlcAverageLuma
03-06 10:00:22.535  1762  2471 I TvManager_JNI: isSignalStable
03-06 10:00:22.535  1762  2471 I PictureManager_JNI: getBacklight
03-06 10:00:22.536  1762  2471 E septemberan: dbcHandler: mDbcBacklightRange: 48
03-06 10:00:22.536  1762  2471 I PictureManager_JNI: setBacklight
03-06 10:00:22.564  1762  4931 D PlayerImpl_JNI: isSignalStable
03-06 10:00:22.636  1762  2471 I PictureManager_JNI: getDlcAverageLuma
03-06 10:00:22.637  1762  2471 I TvManager_JNI: isSignalStable
03-06 10:00:22.637  1762  2471 I PictureManager_JNI: getBacklight
03-06 10:00:22.637  1762  2471 E septemberan: dbcHandler: mDbcBacklightRange: 48
03-06 10:00:22.637  1762  2471 I PictureManager_JNI: setBacklight
03-06 10:00:22.714  1169  1169 I tvos    : [37m[INFO] Change to Voltage: 117 mv (0x32)[m
03-06 10:00:22.737  1762  2471 I PictureManager_JNI: getDlcAverageLuma
03-06 10:00:22.740  1762  2471 I TvManager_JNI: isSignalStable
03-06 10:00:22.740  1762  2471 I PictureManager_JNI: getBacklight
03-06 10:00:22.740  1762  2471 E septemberan: dbcHandler: mDbcBacklightRange: 48
03-06 10:00:22.740  1762  2471 I PictureManager_JNI: setBacklight
03-06 10:00:22.775 19154 19154 D AndroidRuntime: 
03-06 10:00:22.775 19154 19154 D AndroidRuntime: >>>>>> AndroidRuntime START com.android.internal.os.RuntimeInit <<<<<<
03-06 10:00:22.778 19154 19154 D AndroidRuntime: CheckJNI is OFF
03-06 10:00:22.841  1762  2471 I PictureManager_JNI: getDlcAverageLuma
03-06 10:00:22.841  1762  2471 I TvManager_JNI: isSignalStable
03-06 10:00:22.841  1762  2471 I PictureManager_JNI: getBacklight
03-06 10:00:22.841  1762  2471 E septemberan: dbcHandler: mDbcBacklightRange: 48
03-06 10:00:22.841  1762  2471 I PictureManager_JNI: setBacklight
03-06 10:00:22.914  1169  1169 I tvos    : [37m[INFO] Change to Voltage: 102 mv (0x23)[m
03-06 10:00:22.942  1762  2471 I PictureManager_JNI: getDlcAverageLuma
03-06 10:00:22.943  1762  2471 I TvManager_JNI: isSignalStable
03-06 10:00:22.943  1762  2471 I PictureManager_JNI: getBacklight
03-06 10:00:22.943  1762  2471 E septemberan: dbcHandler: mDbcBacklightRange: 48
03-06 10:00:22.943  1762  2471 I PictureManager_JNI: setBacklight
03-06 10:00:22.949 19154 19154 D AndroidRuntime: Calling main entry com.android.commands.settings.SettingsCmd
03-06 10:00:22.956 19154 19154 D AndroidRuntime: Shutting down VM
03-06 10:00:23.043  1762  2471 I PictureManager_JNI: getDlcAverageLuma
03-06 10:00:23.044  1762  2471 I TvManager_JNI: isSignalStable
03-06 10:00:23.044  1762  2471 I PictureManager_JNI: getBacklight
03-06 10:00:23.044  1762  2471 E septemberan: dbcHandler: mDbcBacklightRange: 48
03-06 10:00:23.044  1762  2471 I PictureManager_JNI: setBacklight
03-06 10:00:23.144  1762  2471 I PictureManager_JNI: getDlcAverageLuma
03-06 10:00:23.145  1762  2471 I TvManager_JNI: isSignalStable
03-06 10:00:23.145  1762  2471 I PictureManager_JNI: getBacklight
03-06 10:00:23.145  1762  2471 E septemberan: dbcHandler: mDbcBacklightRange: 48
03-06 10:00:23.145  1762  2471 I PictureManager_JNI: setBacklight
03-06 10:00:23.246  1762  2471 I PictureManager_JNI: getDlcAverageLuma
03-06 10:00:23.246  1762  2471 I TvManager_JNI: isSignalStable
03-06 10:00:23.247  1762  2471 I PictureManager_JNI: getBacklight
03-06 10:00:23.247  1762  2471 E septemberan: dbcHandler: mDbcBacklightRange: 48
03-06 10:00:23.247  1762  2471 I PictureManager_JNI: setBacklight
03-06 10:00:23.341  1742  1857 D NotificationController: notificationUri=content://com.pptv.providers.SystemUIProvider/notification, sortOrder=time DESC, mContentResolver=android.app.ContextImpl$ApplicationContentResolver@34965e16
03-06 10:00:23.341  1742  1857 D NotificationController: deleteExpiryNotification
03-06 10:00:23.347  1762  2471 I PictureManager_JNI: getDlcAverageLuma
03-06 10:00:23.348  1762  2471 I TvManager_JNI: isSignalStable
03-06 10:00:23.348  1762  2471 I PictureManager_JNI: getBacklight
03-06 10:00:23.348  1762  2471 E septemberan: dbcHandler: mDbcBacklightRange: 48
03-06 10:00:23.348  1762  2471 I PictureManager_JNI: setBacklight
03-06 10:00:23.448  1762  2471 I PictureManager_JNI: getDlcAverageLuma
03-06 10:00:23.449  1762  2471 I TvManager_JNI: isSignalStable
03-06 10:00:23.449  1762  2471 I PictureManager_JNI: getBacklight
03-06 10:00:23.449  1762  2471 E septemberan: dbcHandler: mDbcBacklightRange: 48
03-06 10:00:23.449  1762  2471 I PictureManager_JNI: setBacklight
03-06 10:00:23.550  1762  2471 I PictureManager_JNI: getDlcAverageLuma
03-06 10:00:23.550  1762  2471 I TvManager_JNI: isSignalStable
03-06 10:00:23.550  1762  2471 I PictureManager_JNI: getBacklight
03-06 10:00:23.551  1762  2471 E septemberan: dbcHandler: mDbcBacklightRange: 48
03-06 10:00:23.551  1762  2471 I PictureManager_JNI: setBacklight
03-06 10:00:23.651  1762  2471 I PictureManager_JNI: getDlcAverageLuma
03-06 10:00:23.652  1762  2471 I TvManager_JNI: isSignalStable
03-06 10:00:23.652  1762  2471 I PictureManager_JNI: getBacklight
03-06 10:00:23.652  1762  2471 E septemberan: dbcHandler: mDbcBacklightRange: 48
03-06 10:00:23.652  1762  2471 I PictureManager_JNI: setBacklight
03-06 10:00:23.752  1762  2471 I PictureManager_JNI: getDlcAverageLuma
03-06 10:00:23.753  1762  2471 I TvManager_JNI: isSignalStable
03-06 10:00:23.753  1762  2471 I PictureManager_JNI: getBacklight
03-06 10:00:23.753  1762  2471 E septemberan: dbcHandler: mDbcBacklightRange: 48
03-06 10:00:23.753  1762  2471 I PictureManager_JNI: setBacklight
03-06 10:00:23.823 19172 19172 D AndroidRuntime: 
03-06 10:00:23.823 19172 19172 D AndroidRuntime: >>>>>> AndroidRuntime START com.android.internal.os.RuntimeInit <<<<<<
03-06 10:00:23.826 19172 19172 D AndroidRuntime: CheckJNI is OFF
03-06 10:00:23.854  1762  2471 I PictureManager_JNI: getDlcAverageLuma
03-06 10:00:23.854  1762  2471 I TvManager_JNI: isSignalStable
03-06 10:00:23.854  1762  2471 I PictureManager_JNI: getBacklight
03-06 10:00:23.855  1762  2471 E septemberan: dbcHandler: mDbcBacklightRange: 48
03-06 10:00:23.855  1762  2471 I PictureManager_JNI: setBacklight
03-06 10:00:23.955  1762  2471 I PictureManager_JNI: getDlcAverageLuma
03-06 10:00:23.956  1762  2471 I TvManager_JNI: isSignalStable
03-06 10:00:23.956  1762  2471 I PictureManager_JNI: getBacklight
03-06 10:00:23.956  1762  2471 E septemberan: dbcHandler: mDbcBacklightRange: 48
03-06 10:00:23.956  1762  2471 I PictureManager_JNI: setBacklight
03-06 10:00:24.033 19172 19172 D AndroidRuntime: Calling main entry com.android.commands.ime.Ime
03-06 10:00:24.038 19172 19172 D AndroidRuntime: Shutting down VM
03-06 10:00:24.057  1762  2471 I PictureManager_JNI: getDlcAverageLuma
03-06 10:00:24.057  1762  2471 I TvManager_JNI: isSignalStable
03-06 10:00:24.058  1762  2471 I PictureManager_JNI: getBacklight
03-06 10:00:24.058  1762  2471 E septemberan: dbcHandler: mDbcBacklightRange: 48
03-06 10:00:24.058  1762  2471 I PictureManager_JNI: setBacklight
03-06 10:00:24.065  1762 13736 D PlayerImpl_JNI: isSignalStable
03-06 10:00:24.158  1762  2471 I PictureManager_JNI: getDlcAverageLuma
03-06 10:00:24.159  1762  2471 I TvManager_JNI: isSignalStable
03-06 10:00:24.159  1762  2471 I PictureManager_JNI: getBacklight
03-06 10:00:24.159  1762  2471 E septemberan: dbcHandler: mDbcBacklightRange: 48
03-06 10:00:24.159  1762  2471 I PictureManager_JNI: setBacklight
03-06 10:00:24.259  1762  2471 I PictureManager_JNI: getDlcAverageLuma
03-06 10:00:24.260  1762  2471 I TvManager_JNI: isSignalStable
03-06 10:00:24.260  1762  2471 I PictureManager_JNI: getBacklight
03-06 10:00:24.260  1762  2471 E septemberan: dbcHandler: mDbcBacklightRange: 48
03-06 10:00:24.260  1762  2471 I PictureManager_JNI: setBacklight
03-06 10:00:24.361  1762  2471 I PictureManager_JNI: getDlcAverageLuma
03-06 10:00:24.361  1762  2471 I TvManager_JNI: isSignalStable
03-06 10:00:24.361  1762  2471 I PictureManager_JNI: getBacklight
03-06 10:00:24.361  1762  2471 E septemberan: dbcHandler: mDbcBacklightRange: 48
03-06 10:00:24.361  1762  2471 I PictureManager_JNI: setBacklight
03-06 10:00:24.462  1762  2471 I PictureManager_JNI: getDlcAverageLuma
03-06 10:00:24.462  1762  2471 I TvManager_JNI: isSignalStable
03-06 10:00:24.462  1762  2471 I PictureManager_JNI: getBacklight
03-06 10:00:24.463  1762  2471 E septemberan: dbcHandler: mDbcBacklightRange: 48
03-06 10:00:24.463  1762  2471 I PictureManager_JNI: setBacklight
03-06 10:00:24.563  1762  2471 I PictureManager_JNI: getDlcAverageLuma
03-06 10:00:24.564  1762  2471 I TvManager_JNI: isSignalStable
03-06 10:00:24.564  1762  2471 I PictureManager_JNI: getBacklight
03-06 10:00:24.564  1762  2471 E septemberan: dbcHandler: mDbcBacklightRange: 48
03-06 10:00:24.564  1762  2471 I PictureManager_JNI: setBacklight
03-06 10:00:24.665  1762  2471 I PictureManager_JNI: getDlcAverageLuma
03-06 10:00:24.665  1762  2471 I TvManager_JNI: isSignalStable
03-06 10:00:24.665  1762  2471 I PictureManager_JNI: getBacklight
03-06 10:00:24.665  1762  2471 E septemberan: dbcHandler: mDbcBacklightRange: 48
03-06 10:00:24.665  1762  2471 I PictureManager_JNI: setBacklight
03-06 10:00:24.766  1762  2471 I PictureManager_JNI: getDlcAverageLuma
03-06 10:00:24.766  1762  2471 I TvManager_JNI: isSignalStable
03-06 10:00:24.767  1762  2471 I PictureManager_JNI: getBacklight
03-06 10:00:24.767  1762  2471 E septemberan: dbcHandler: mDbcBacklightRange: 48
03-06 10:00:24.767  1762  2471 I PictureManager_JNI: setBacklight
03-06 10:00:24.867  1762  2471 I PictureManager_JNI: getDlcAverageLuma
03-06 10:00:24.868  1762  2471 I TvManager_JNI: isSignalStable
03-06 10:00:24.868  1762  2471 I PictureManager_JNI: getBacklight
03-06 10:00:24.868  1762  2471 E septemberan: dbcHandler: mDbcBacklightRange: 48
03-06 10:00:24.868  1762  2471 I PictureManager_JNI: setBacklight
03-06 10:00:24.968  1762  2471 I PictureManager_JNI: getDlcAverageLuma
03-06 10:00:24.969  1762  2471 I TvManager_JNI: isSignalStable
03-06 10:00:24.969  1762  2471 I PictureManager_JNI: getBacklight
03-06 10:00:24.969  1762  2471 E septemberan: dbcHandler: mDbcBacklightRange: 48
03-06 10:00:24.969  1762  2471 I PictureManager_JNI: setBacklight
03-06 10:00:25.070  1762  2471 I PictureManager_JNI: getDlcAverageLuma
03-06 10:00:25.070  1762  2471 I TvManager_JNI: isSignalStable
03-06 10:00:25.070  1762  2471 I PictureManager_JNI: getBacklight
03-06 10:00:25.070  1762  2471 E septemberan: dbcHandler: mDbcBacklightRange: 48
03-06 10:00:25.070  1762  2471 I PictureManager_JNI: setBacklight
03-06 10:00:25.171  1762  2471 I PictureManager_JNI: getDlcAverageLuma
03-06 10:00:25.171  1762  2471 I TvManager_JNI: isSignalStable
03-06 10:00:25.172  1762  2471 I PictureManager_JNI: getBacklight
03-06 10:00:25.172  1762  2471 E septemberan: dbcHandler: mDbcBacklightRange: 48
03-06 10:00:25.172  1762  2471 I PictureManager_JNI: setBacklight
03-06 10:00:25.272  1762  2471 I PictureManager_JNI: getDlcAverageLuma
03-06 10:00:25.273  1762  2471 I TvManager_JNI: isSignalStable
03-06 10:00:25.273  1762  2471 I PictureManager_JNI: getBacklight
03-06 10:00:25.273  1762  2471 E septemberan: dbcHandler: mDbcBacklightRange: 48
03-06 10:00:25.273  1762  2471 I PictureManager_JNI: setBacklight
03-06 10:00:25.373  1762  2471 I PictureManager_JNI: getDlcAverageLuma
03-06 10:00:25.374  1762  2471 I TvManager_JNI: isSignalStable
03-06 10:00:25.374  1762  2471 I PictureManager_JNI: getBacklight
03-06 10:00:25.374  1762  2471 E septemberan: dbcHandler: mDbcBacklightRange: 48
03-06 10:00:25.374  1762  2471 I PictureManager_JNI: setBacklight
03-06 10:00:25.474  1762  2471 I PictureManager_JNI: getDlcAverageLuma
03-06 10:00:25.475  1762  2471 I TvManager_JNI: isSignalStable
03-06 10:00:25.475  1762  2471 I PictureManager_JNI: getBacklight
03-06 10:00:25.475  1762  2471 E septemberan: dbcHandler: mDbcBacklightRange: 48
03-06 10:00:25.475  1762  2471 I PictureManager_JNI: setBacklight
03-06 10:00:25.513  1169  1169 I tvos    : [37m[INFO] Change to Voltage: 117 mv (0x32)[m
03-06 10:00:25.562 24180 24197 I art     : Explicit concurrent mark sweep GC freed 885(55KB) AllocSpace objects, 1(16KB) LOS objects, 24% free, 2MB/3MB, paused 266us total 15.531ms
03-06 10:00:25.566  1762  4930 D PlayerImpl_JNI: isSignalStable
03-06 10:00:25.580  1762  2471 I PictureManager_JNI: getDlcAverageLuma
03-06 10:00:25.582  1762  2471 I TvManager_JNI: isSignalStable
03-06 10:00:25.582  1762  2471 I PictureManager_JNI: getBacklight
03-06 10:00:25.582  1762  2471 E septemberan: dbcHandler: mDbcBacklightRange: 48
03-06 10:00:25.583  1762  2471 I PictureManager_JNI: setBacklight
03-06 10:00:25.614  1169  1169 I tvos    : [37m[INFO] Change to Voltage: 107 mv (0x28)[m
03-06 10:00:25.626 19190 19190 D AndroidRuntime: 
03-06 10:00:25.626 19190 19190 D AndroidRuntime: >>>>>> AndroidRuntime START com.android.internal.os.RuntimeInit <<<<<<
03-06 10:00:25.628 24180 24197 I art     : Explicit concurrent mark sweep GC freed 18(632B) AllocSpace objects, 0(0B) LOS objects, 24% free, 2MB/3MB, paused 325us total 22.836ms
03-06 10:00:25.630 19190 19190 D AndroidRuntime: CheckJNI is OFF
03-06 10:00:25.679 24180 24197 I art     : Explicit concurrent mark sweep GC freed 3(96B) AllocSpace objects, 0(0B) LOS objects, 24% free, 2MB/3MB, paused 290us total 18.936ms
03-06 10:00:25.683  1762  2471 I PictureManager_JNI: getDlcAverageLuma
03-06 10:00:25.684  1762  2471 I TvManager_JNI: isSignalStable
03-06 10:00:25.684  1762  2471 I PictureManager_JNI: getBacklight
03-06 10:00:25.684  1762  2471 E septemberan: dbcHandler: mDbcBacklightRange: 48
03-06 10:00:25.684  1762  2471 I PictureManager_JNI: setBacklight
03-06 10:00:25.714  1169  1169 I tvos    : [37m[INFO] Change to Voltage: 102 mv (0x23)[m
03-06 10:00:25.736 24180 24197 I art     : Explicit concurrent mark sweep GC freed 3(96B) AllocSpace objects, 0(0B) LOS objects, 24% free, 2MB/3MB, paused 463us total 21.629ms
03-06 10:00:25.736  2028  2295 D HeartBeat: url=http://tms.api.cp61.ott.cibntv.net/init/hearbeat?mac=00:25:92:A5:52:4C
03-06 10:00:25.784  1762  2471 I PictureManager_JNI: getDlcAverageLuma
03-06 10:00:25.785  1762  2471 I TvManager_JNI: isSignalStable
03-06 10:00:25.786  1762  2471 I PictureManager_JNI: getBacklight
03-06 10:00:25.786  1762  2471 E septemberan: dbcHandler: mDbcBacklightRange: 48
03-06 10:00:25.786  1762  2471 I PictureManager_JNI: setBacklight
03-06 10:00:25.807  2028  2295 D HeartBeat: httpResponse.getStatusLine().getStatusCode()=200
03-06 10:00:25.808  2028  2295 D HeartBeat: response = {"code":"0","message":"success"}
03-06 10:00:25.808 24180 24197 I art     : Explicit concurrent mark sweep GC freed 3(96B) AllocSpace objects, 0(0B) LOS objects, 24% free, 2MB/3MB, paused 364us total 25.025ms
03-06 10:00:25.844 19190 19190 D AndroidRuntime: Calling main entry com.android.commands.ime.Ime
03-06 10:00:25.882 19190 19190 D AndroidRuntime: Shutting down VM
03-06 10:00:25.886  1762  2471 I PictureManager_JNI: getDlcAverageLuma
03-06 10:00:25.887  1762  2471 I TvManager_JNI: isSignalStable
03-06 10:00:25.887  1762  2471 I PictureManager_JNI: getBacklight
03-06 10:00:25.887  1762  2471 E septemberan: dbcHandler: mDbcBacklightRange: 48
03-06 10:00:25.888  1762  2471 I PictureManager_JNI: setBacklight
03-06 10:00:25.936 19207 19207 I art     : Late-enabling -Xcheck:jni
03-06 10:00:25.939  1589  1605 I ActivityManager: Start proc io.appium.android.ime for service io.appium.android.ime/.UnicodeIME: pid=19207 uid=10077 gids={50077, 9997} abi=arm64-v8a
03-06 10:00:25.939  1589  1605 V InputMethodManagerService: Adding window token: android.os.Binder@36ed008c
03-06 10:00:25.940  1589  1606 E InputMethodManagerService: Ignoring updateStatusIcon due to an invalid token. uid:1000 token:android.os.Binder@2c7108c5
03-06 10:00:25.941 22636 22636 D SogouIME API: ==============num:32
03-06 10:00:25.941 22636 22636 D SogouIME: mFocusedComponent:30   isHkbEnable:false
03-06 10:00:25.989  1762  2471 I PictureManager_JNI: getDlcAverageLuma
03-06 10:00:25.989  1762  2471 I TvManager_JNI: isSignalStable
03-06 10:00:25.990  1762  2471 I PictureManager_JNI: getBacklight
03-06 10:00:25.990  1762  2471 E septemberan: dbcHandler: mDbcBacklightRange: 48
03-06 10:00:25.990  1762  2471 I PictureManager_JNI: setBacklight
03-06 10:00:26.029 19207 19207 E PPtvSystemUI: PPtvSystemUI permission denied: You are trying to show StatusBar, pls use pptv.permission.STATUSBAR_SHOW.
03-06 10:00:26.050 19207 19207 I AppiumUnicodeIME: onStartInput
03-06 10:00:26.052 22636 22636 W System.err: java.lang.NoSuchMethodException: getSimStateGemini [int]
03-06 10:00:26.052 22636 22636 W System.err: 	at java.lang.Class.getMethod(Class.java:664)
03-06 10:00:26.052 22636 22636 W System.err: 	at java.lang.Class.getMethod(Class.java:643)
03-06 10:00:26.052 22636 22636 W System.err: 	at agy.a(SogouSource:61)
03-06 10:00:26.052 22636 22636 W System.err: 	at com.sohu.inputmethod.settings.internet.StatisticsData.e(SogouSource:8531)
03-06 10:00:26.052 22636 22636 W System.err: 	at com.sohu.inputmethod.settings.internet.StatisticsData.a(SogouSource:3491)
03-06 10:00:26.052 22636 22636 W System.err: 	at com.sohu.inputmethod.sogou.tv.SogouIME.onDestroy(SogouSource:6341)
03-06 10:00:26.052 22636 22636 W System.err: 	at android.app.ActivityThread.handleStopService(ActivityThread.java:2894)
03-06 10:00:26.052 22636 22636 W System.err: 	at android.app.ActivityThread.access$2200(ActivityThread.java:144)
03-06 10:00:26.052 22636 22636 W System.err: 	at android.app.ActivityThread$H.handleMessage(ActivityThread.java:1381)
03-06 10:00:26.052 22636 22636 W System.err: 	at android.os.Handler.dispatchMessage(Handler.java:102)
03-06 10:00:26.052 22636 22636 W System.err: 	at android.os.Looper.loop(Looper.java:135)
03-06 10:00:26.052 22636 22636 W System.err: 	at android.app.ActivityThread.main(ActivityThread.java:5221)
03-06 10:00:26.052 22636 22636 W System.err: 	at java.lang.reflect.Method.invoke(Native Method)
03-06 10:00:26.052 22636 22636 W System.err: 	at java.lang.reflect.Method.invoke(Method.java:372)
03-06 10:00:26.052 22636 22636 W System.err: 	at com.android.internal.os.ZygoteInit$MethodAndArgsCaller.run(ZygoteInit.java:902)
03-06 10:00:26.052 22636 22636 W System.err: 	at com.android.internal.os.ZygoteInit.main(ZygoteInit.java:697)
03-06 10:00:26.053 22636 22636 W System.err: java.lang.NoSuchMethodException: dualPhoneEnable []
03-06 10:00:26.053 22636 22636 W System.err: 	at java.lang.Class.getMethod(Class.java:664)
03-06 10:00:26.053 22636 22636 W System.err: 	at java.lang.Class.getDeclaredMethod(Class.java:626)
03-06 10:00:26.053 22636 22636 W System.err: 	at agy.b(SogouSource:91)
03-06 10:00:26.053 22636 22636 W System.err: 	at agy.a(SogouSource:70)
03-06 10:00:26.053 22636 22636 W System.err: 	at com.sohu.inputmethod.settings.internet.StatisticsData.e(SogouSource:8531)
03-06 10:00:26.053 22636 22636 W System.err: 	at com.sohu.inputmethod.settings.internet.StatisticsData.a(SogouSource:3491)
03-06 10:00:26.053 22636 22636 W System.err: 	at com.sohu.inputmethod.sogou.tv.SogouIME.onDestroy(SogouSource:6341)
03-06 10:00:26.053 22636 22636 W System.err: 	at android.app.ActivityThread.handleStopService(ActivityThread.java:2894)
03-06 10:00:26.053 22636 22636 W System.err: 	at android.app.ActivityThread.access$2200(ActivityThread.java:144)
03-06 10:00:26.053 22636 22636 W System.err: 	at android.app.ActivityThread$H.handleMessage(ActivityThread.java:1381)
03-06 10:00:26.053 22636 22636 W System.err: 	at android.os.Handler.dispatchMessage(Handler.java:102)
03-06 10:00:26.053 22636 22636 W System.err: 	at android.os.Looper.loop(Looper.java:135)
03-06 10:00:26.053 22636 22636 W System.err: 	at android.app.ActivityThread.main(ActivityThread.java:5221)
03-06 10:00:26.053 22636 22636 W System.err: 	at java.lang.reflect.Method.invoke(Native Method)
03-06 10:00:26.053 22636 22636 W System.err: 	at java.lang.reflect.Method.invoke(Method.java:372)
03-06 10:00:26.053 22636 22636 W System.err: 	at com.android.internal.os.ZygoteInit$MethodAndArgsCaller.run(ZygoteInit.java:902)
03-06 10:00:26.053 22636 22636 W System.err: 	at com.android.internal.os.ZygoteInit.main(ZygoteInit.java:697)
03-06 10:00:26.054 22636 22636 W System.err: java.lang.ClassNotFoundException: android.telephony.MultiSimTelephonyManager
03-06 10:00:26.054 22636 22636 W System.err: 	at java.lang.Class.classForName(Native Method)
03-06 10:00:26.054 22636 22636 W System.err: 	at java.lang.Class.forName(Class.java:308)
03-06 10:00:26.054 22636 22636 W System.err: 	at java.lang.Class.forName(Class.java:272)
03-06 10:00:26.054 22636 22636 W System.err: 	at agy.a(SogouSource:192)
03-06 10:00:26.054 22636 22636 W System.err: 	at agy.a(SogouSource:160)
03-06 10:00:26.054 22636 22636 W System.err: 	at agy.a(SogouSource:137)
03-06 10:00:26.054 22636 22636 W System.err: 	at com.sohu.inputmethod.settings.internet.StatisticsData.e(SogouSource:8533)
03-06 10:00:26.054 22636 22636 W System.err: 	at com.sohu.inputmethod.settings.internet.StatisticsData.a(SogouSource:3491)
03-06 10:00:26.055 22636 22636 W System.err: 	at com.sohu.inputmethod.sogou.tv.SogouIME.onDestroy(SogouSource:6341)
03-06 10:00:26.055 22636 22636 W System.err: 	at android.app.ActivityThread.handleStopService(ActivityThread.java:2894)
03-06 10:00:26.055 22636 22636 W System.err: 	at android.app.ActivityThread.access$2200(ActivityThread.java:144)
03-06 10:00:26.055 22636 22636 W System.err: 	at android.app.ActivityThread$H.handleMessage(ActivityThread.java:1381)
03-06 10:00:26.055 22636 22636 W System.err: 	at android.os.Handler.dispatchMessage(Handler.java:102)
03-06 10:00:26.055 22636 22636 W System.err: 	at android.os.Looper.loop(Looper.java:135)
03-06 10:00:26.055 22636 22636 W System.err: 	at android.app.ActivityThread.main(ActivityThread.java:5221)
03-06 10:00:26.055 22636 22636 W System.err: 	at java.lang.reflect.Method.invoke(Native Method)
03-06 10:00:26.055 22636 22636 W System.err: 	at java.lang.reflect.Method.invoke(Method.java:372)
03-06 10:00:26.055 22636 22636 W System.err: 	at com.android.internal.os.ZygoteInit$MethodAndArgsCaller.run(ZygoteInit.java:902)
03-06 10:00:26.055 22636 22636 W System.err: 	at com.android.internal.os.ZygoteInit.main(ZygoteInit.java:697)
03-06 10:00:26.055 22636 22636 W System.err: Caused by: java.lang.ClassNotFoundException: Didn't find class "android.telephony.MultiSimTelephonyManager" on path: DexPathList[[zip file "/system/app/com.sohu.inputmethod.sogou.tv/com.sohu.inputmethod.sogou.tv.apk"],nativeLibraryDirectories=[/system/app/com.sohu.inputmethod.sogou.tv/lib/arm, /vendor/lib, /system/lib]]
03-06 10:00:26.055 22636 22636 W System.err: 	at dalvik.system.BaseDexClassLoader.findClass(BaseDexClassLoader.java:56)
03-06 10:00:26.055 22636 22636 W System.err: 	at java.lang.ClassLoader.loadClass(ClassLoader.java:511)
03-06 10:00:26.055 22636 22636 W System.err: 	at java.lang.ClassLoader.loadClass(ClassLoader.java:469)
03-06 10:00:26.055 22636 22636 W System.err: 	... 19 more
03-06 10:00:26.055 22636 22636 W System.err: 	Suppressed: java.lang.ClassNotFoundException: android.telephony.MultiSimTelephonyManager
03-06 10:00:26.056 22636 22636 W System.err: 		at java.lang.Class.classForName(Native Method)
03-06 10:00:26.056 22636 22636 W System.err: 		at java.lang.BootClassLoader.findClass(ClassLoader.java:781)
03-06 10:00:26.056 22636 22636 W System.err: 		at java.lang.BootClassLoader.loadClass(ClassLoader.java:841)
03-06 10:00:26.056 22636 22636 W System.err: 		at java.lang.ClassLoader.loadClass(ClassLoader.java:504)
03-06 10:00:26.056 22636 22636 W System.err: 		... 20 more
03-06 10:00:26.056 22636 22636 W System.err: 	Caused by: java.lang.NoClassDefFoundError: Class not found using the boot class loader; no stack available
03-06 10:00:26.056 22636 22636 W System.err: java.lang.NoSuchMethodException: getSimStateGemini [int]
03-06 10:00:26.057 22636 22636 W System.err: 	at java.lang.Class.getMethod(Class.java:664)
03-06 10:00:26.057 22636 22636 W System.err: 	at java.lang.Class.getDeclaredMethod(Class.java:626)
03-06 10:00:26.057 22636 22636 W System.err: 	at agy.d(SogouSource:281)
03-06 10:00:26.057 22636 22636 W System.err: 	at agy.a(SogouSource:169)
03-06 10:00:26.057 22636 22636 W System.err: 	at agy.a(SogouSource:137)
03-06 10:00:26.057 22636 22636 W System.err: 	at com.sohu.inputmethod.settings.internet.StatisticsData.e(SogouSource:8533)
03-06 10:00:26.057 22636 22636 W System.err: 	at com.sohu.inputmethod.settings.internet.StatisticsData.a(SogouSource:3491)
03-06 10:00:26.057 22636 22636 W System.err: 	at com.sohu.inputmethod.sogou.tv.SogouIME.onDestroy(SogouSource:6341)
03-06 10:00:26.057 22636 22636 W System.err: 	at android.app.ActivityThread.handleStopService(ActivityThread.java:2894)
03-06 10:00:26.057 22636 22636 W System.err: 	at android.app.ActivityThread.access$2200(ActivityThread.java:144)
03-06 10:00:26.057 22636 22636 W System.err: 	at android.app.ActivityThread$H.handleMessage(ActivityThread.java:1381)
03-06 10:00:26.057 22636 22636 W System.err: 	at android.os.Handler.dispatchMessage(Handler.java:102)
03-06 10:00:26.057 22636 22636 W System.err: 	at android.os.Looper.loop(Looper.java:135)
03-06 10:00:26.057 22636 22636 W System.err: 	at android.app.ActivityThread.main(ActivityThread.java:5221)
03-06 10:00:26.057 22636 22636 W System.err: 	at java.lang.reflect.Method.invoke(Native Method)
03-06 10:00:26.057 22636 22636 W System.err: 	at java.lang.reflect.Method.invoke(Method.java:372)
03-06 10:00:26.057 22636 22636 W System.err: 	at com.android.internal.os.ZygoteInit$MethodAndArgsCaller.run(ZygoteInit.java:902)
03-06 10:00:26.057 22636 22636 W System.err: 	at com.android.internal.os.ZygoteInit.main(ZygoteInit.java:697)
03-06 10:00:26.058 22636 22636 W System.err: java.lang.NoSuchMethodException: getDefault [int]
03-06 10:00:26.058 22636 22636 W System.err: 	at java.lang.Class.getMethod(Class.java:664)
03-06 10:00:26.058 22636 22636 W System.err: 	at java.lang.Class.getDeclaredMethod(Class.java:626)
03-06 10:00:26.058 22636 22636 W System.err: 	at agy.c(SogouSource:254)
03-06 10:00:26.058 22636 22636 W System.err: 	at agy.a(SogouSource:174)
03-06 10:00:26.058 22636 22636 W System.err: 	at agy.a(SogouSource:137)
03-06 10:00:26.058 22636 22636 W System.err: 	at com.sohu.inputmethod.settings.internet.StatisticsData.e(SogouSource:8533)
03-06 10:00:26.058 22636 22636 W System.err: 	at com.sohu.inputmethod.settings.internet.StatisticsData.a(SogouSource:3491)
03-06 10:00:26.058 22636 22636 W System.err: 	at com.sohu.inputmethod.sogou.tv.SogouIME.onDestroy(SogouSource:6341)
03-06 10:00:26.058 22636 22636 W System.err: 	at android.app.ActivityThread.handleStopService(ActivityThread.java:2894)
03-06 10:00:26.058 22636 22636 W System.err: 	at android.app.ActivityThread.access$2200(ActivityThread.java:144)
