03-06 10:00:45.695  1589  1589 W InputMethodManagerService: 	at com.android.server.InputMethodManagerService.finishSessionLocked(InputMethodManagerService.java:1415)
03-06 10:00:45.695  1589  1589 W InputMethodManagerService: 	at com.android.server.InputMethodManagerService.clearClientSessionLocked(InputMethodManagerService.java:1406)
03-06 10:00:45.695  1589  1589 W InputMethodManagerService: 	at com.android.server.InputMethodManagerService.clearCurMethodLocked(InputMethodManagerService.java:1432)
03-06 10:00:45.695  1589  1589 W InputMethodManagerService: 	at com.android.server.InputMethodManagerService.onServiceDisconnected(InputMethodManagerService.java:1451)
03-06 10:00:45.695  1589  1589 W InputMethodManagerService: 	at android.app.LoadedApk$ServiceDispatcher.doDeath(LoadedApk.java:1208)
03-06 10:00:45.695  1589  1589 W InputMethodManagerService: 	at android.app.LoadedApk$ServiceDispatcher$RunConnection.run(LoadedApk.java:1222)
03-06 10:00:45.695  1589  1589 W InputMethodManagerService: 	at android.os.Handler.handleCallback(Handler.java:739)
03-06 10:00:45.695  1589  1589 W InputMethodManagerService: 	at android.os.Handler.dispatchMessage(Handler.java:95)
03-06 10:00:45.695  1589  1589 W InputMethodManagerService: 	at android.os.Looper.loop(Looper.java:135)
03-06 10:00:45.695  1589  1589 W InputMethodManagerService: 	at com.android.server.SystemServer.run(SystemServer.java:269)
03-06 10:00:45.695  1589  1589 W InputMethodManagerService: 	at com.android.server.SystemServer.main(SystemServer.java:170)
03-06 10:00:45.695  1589  1589 W InputMethodManagerService: 	at java.lang.reflect.Method.invoke(Native Method)
03-06 10:00:45.695  1589  1589 W InputMethodManagerService: 	at java.lang.reflect.Method.invoke(Method.java:372)
03-06 10:00:45.695  1589  1589 W InputMethodManagerService: 	at com.android.internal.os.ZygoteInit$MethodAndArgsCaller.run(ZygoteInit.java:902)
03-06 10:00:45.695  1589  1589 W InputMethodManagerService: 	at com.android.internal.os.ZygoteInit.main(ZygoteInit.java:697)
03-06 10:00:45.696  1589  1589 W InputMethodManagerService: Session failed to close due to remote exception
03-06 10:00:45.696  1589  1589 W InputMethodManagerService: android.os.DeadObjectException
03-06 10:00:45.696  1589  1589 W InputMethodManagerService: 	at android.os.BinderProxy.transactNative(Native Method)
03-06 10:00:45.696  1589  1589 W InputMethodManagerService: 	at android.os.BinderProxy.transact(Binder.java:496)
03-06 10:00:45.696  1589  1589 W InputMethodManagerService: 	at com.android.internal.view.IInputMethodSession$Stub$Proxy.finishSession(IInputMethodSession.java:305)
03-06 10:00:45.696  1589  1589 W InputMethodManagerService: 	at com.android.server.InputMethodManagerService.finishSessionLocked(InputMethodManagerService.java:1415)
03-06 10:00:45.696  1589  1589 W InputMethodManagerService: 	at com.android.server.InputMethodManagerService.clearClientSessionLocked(InputMethodManagerService.java:1406)
03-06 10:00:45.696  1589  1589 W InputMethodManagerService: 	at com.android.server.InputMethodManagerService.clearCurMethodLocked(InputMethodManagerService.java:1432)
03-06 10:00:45.696  1589  1589 W InputMethodManagerService: 	at com.android.server.InputMethodManagerService.onServiceDisconnected(InputMethodManagerService.java:1451)
03-06 10:00:45.696  1589  1589 W InputMethodManagerService: 	at android.app.LoadedApk$ServiceDispatcher.doDeath(LoadedApk.java:1208)
03-06 10:00:45.696  1589  1589 W InputMethodManagerService: 	at android.app.LoadedApk$ServiceDispatcher$RunConnection.run(LoadedApk.java:1222)
03-06 10:00:45.696  1589  1589 W InputMethodManagerService: 	at android.os.Handler.handleCallback(Handler.java:739)
03-06 10:00:45.696  1589  1589 W InputMethodManagerService: 	at android.os.Handler.dispatchMessage(Handler.java:95)
03-06 10:00:45.696  1589  1589 W InputMethodManagerService: 	at android.os.Looper.loop(Looper.java:135)
03-06 10:00:45.696  1589  1589 W InputMethodManagerService: 	at com.android.server.SystemServer.run(SystemServer.java:269)
03-06 10:00:45.696  1589  1589 W InputMethodManagerService: 	at com.android.server.SystemServer.main(SystemServer.java:170)
03-06 10:00:45.696  1589  1589 W InputMethodManagerService: 	at java.lang.reflect.Method.invoke(Native Method)
03-06 10:00:45.696  1589  1589 W InputMethodManagerService: 	at java.lang.reflect.Method.invoke(Method.java:372)
03-06 10:00:45.696  1589  1589 W InputMethodManagerService: 	at com.android.internal.os.ZygoteInit$MethodAndArgsCaller.run(ZygoteInit.java:902)
03-06 10:00:45.696  1589  1589 W InputMethodManagerService: 	at com.android.internal.os.ZygoteInit.main(ZygoteInit.java:697)
03-06 10:00:45.706 19331 19331 D OTT_Statistics_SA: [StatisticsLog][setTypeParams type = ONRESUME]: 
03-06 10:00:45.707 19331 19331 D OTT_Statistics_SA: [StatisticsLog][Static---onResume---start--]: 
03-06 10:00:45.707 19331 19331 D OTT_Statistics_SA: [StatisticsLog][{curl=pgtitle=首页-239}]: 
03-06 10:00:45.707 19331 19331 E OTT_Statistics_SA: [StatisticsLog][pgtitle=首页-239 - 14]: 
03-06 10:00:45.708 19331 19331 D OTT_Statistics_SA: [StatisticsLog][get key:accessing=1]: 
03-06 10:00:45.708 19331 19331 I OTT_Statistics_SA: [StatisticsLog][Static---ACCESSING = 1]: 
03-06 10:00:45.708 19331 19331 D OTT_Statistics_SA: [StatisticsLog][Static---onResume---end--]: 
03-06 10:00:45.708 19331 19367 D OTT_Statistics_SA: [StatisticsLog][save append key:ott_page_new={"sec":"1","it":"20190306100045707","curl":"pgtitle=首页-239","furl":"","ext":{"tab_page":"随心看"}}]: 
03-06 10:00:45.716 19331 19331 D OTT_Statistics_SA: [StatisticsLog][setTypeParams type = ONRESUME]: 
03-06 10:00:45.716 19331 19331 D OTT_Statistics_SA: [StatisticsLog][Static---onResume---start--]: 
03-06 10:00:45.716 19331 19331 D OTT_Statistics_SA: [StatisticsLog][{curl=pgtitle=首页-90}]: 
03-06 10:00:45.717 19331 19331 E OTT_Statistics_SA: [StatisticsLog][pgtitle=首页-90 - 13]: 
03-06 10:00:45.717 19331 19331 D OTT_Statistics_SA: [StatisticsLog][get key:accessing=1]: 
03-06 10:00:45.717 19331 19331 I OTT_Statistics_SA: [StatisticsLog][Static---ACCESSING = 1]: 
03-06 10:00:45.718 19331 19331 D OTT_Statistics_SA: [StatisticsLog][Static---onResume---end--]: 
03-06 10:00:45.719 19331 19367 D OTT_Statistics_SA: [StatisticsLog][save append key:ott_page_new={"sec":"1","it":"20190306100045707","curl":"pgtitle=首页-239","furl":"","ext":{"tab_page":"随心看"}}!#@#!{"sec":"2","it":"20190306100045717","curl":"pgtitle=首页-90","furl":"pgtitle=首页-239","ext":{"tab_page":"推荐"}}]: 
03-06 10:00:45.729  1589  2251 W ActivityManager: Scheduling restart of crashed service io.appium.android.ime/.UnicodeIME in 1000ms
03-06 10:00:45.731  1589  2251 I ActivityManager:   Force stopping service ServiceRecord{115c13d5 u0 io.appium.android.ime/.UnicodeIME}
03-06 10:00:45.732  1589  2251 D PPTVTM  : bwSetPackageStoppedState>>
03-06 10:00:45.732  1589  2251 D PPTVTM  : isAllow>>
03-06 10:00:45.732  1589  2251 D PPTVTM  : com.pptv.tvsports is in default state.
03-06 10:00:45.732  1589  2183 W ActivityManager: Spurious death for ProcessRecord{3c108f5f 19207:io.appium.android.ime/u0a77}, curProc for 19207: null
03-06 10:00:45.735  2028 19520 D PPTVTM  : com.hisense.hitv.payment is not focus APP.
03-06 10:00:45.735  2028 19520 D PPTVTM  : com.hisense.hitv.payment is not allowed. type=CLOSE_RUN_APP
03-06 10:00:45.735  2028 19520 D PPTVTM  : Stop process com.hisense.hitv.payment
03-06 10:00:45.737  1589  2153 I ActivityManager: Force stopping com.hisense.hitv.payment appid=10038 user=0: from pid 2028
03-06 10:00:45.739  1589  2153 D PPTVTM  : bwSetPackageStoppedState>>
03-06 10:00:45.740  1589  2153 D PPTVTM  : isAllow>>
03-06 10:00:45.740  1589  2153 D PPTVTM  : com.pptv.tvsports is in default state.
03-06 10:00:45.741  1589  1646 D WindowManager: interceptKeyTi keyCode=82 down=true repeatCount=0 keyguardOn=false mHomePressed=false canceled=false deviceName=Virtual
03-06 10:00:45.741  1589  1646 E septemberan: mHotkeyService != null
03-06 10:00:45.744  2322  4929 D Evan    : onGlobalKeyEvent keycode=82
03-06 10:00:45.744  2322  4929 D Evan    : invokeGlobalKeyListener
03-06 10:00:45.744  2322  4929 D TVApiSystemSignalImpl:  now=55177461
03-06 10:00:45.744  2322  4929 D TVApiSystemSignalImpl:  before=55175360
03-06 10:00:45.744  2322  4929 D Evan    : invokeGlobalKeyListener
03-06 10:00:45.744  2322  4929 D TVApiSystemNoActionAutoPowerOffImpl: KeyEvnetListener Reset counter
03-06 10:00:45.749  2322  4932 D TvCecManager: arcIsAmpVolume
03-06 10:00:45.750  1762  1782 I CECManager_JNI: arcIsAmpVolume
03-06 10:00:45.751  1589  1646 D WindowManager: bRet =false
03-06 10:00:45.751  1589  1646 E septemberan: mPPTVHotkeyService != null
03-06 10:00:45.751  2111  5435 I HotkeyService: handleKeyEvents
03-06 10:00:45.751  2111  5435 I HotkeyService: Enter ListenAloneKeyHandler
03-06 10:00:45.752  2111  5435 I SystemImpl: getProp key:TvSystem:PROP_LISTEN_ALONE value:false
03-06 10:00:45.752  2111  5435 I HotkeyService: Enter FirstAndSearchingHandler
03-06 10:00:45.752  2111  5435 I HotkeyService: Enter AppHotkeyHandler
03-06 10:00:45.752  2111  5435 I HotkeyManager: notifyHotkeyListener
03-06 10:00:45.753  2111  5435 I HotkeyService: notifyCallbacks size : 4
03-06 10:00:45.753  2111  5435 I HotkeyService: dispatch key<82:KEYCODE_MENU:0> to HotkeyCallbackWrapper{Uid:10011, Pid:1742, Priority:9, AppName:com.pptv.systemui}
03-06 10:00:45.753  1742  3451 D NotificationPanel: keycode=82, action=0
03-06 10:00:45.753  1742  3451 D SystemUIApplication: handleKeyEvent, keycode:82 action:0, ret:false
03-06 10:00:45.753  1742  3451 D TvStatusBar:   mPlayGuideView android.widget.FrameLayout{332479e4 G.E..... ......I. 0,0-1920,1080}  interceptKegEvent   false  event.getDeviceId()  -1
03-06 10:00:45.754  2111  5435 I HotkeyService: dispatch key<82:KEYCODE_MENU:0> to HotkeyCallbackWrapper{Uid:1000, Pid:3394, Priority:8, AppName:com.pptv.voicecontroller}
03-06 10:00:45.754  3394  3411 D PPTVVoiceService_handleKeyEvent_670: handleKeyEvent 82, 0
03-06 10:00:45.755  2111  5435 I HotkeyService: dispatch key<82:KEYCODE_MENU:0> to HotkeyCallbackWrapper{Uid:1000, Pid:2111, Priority:5, AppName:com.pptv.framework.tvservice}
03-06 10:00:45.755  2111  5435 I HotkeyService: dispatch key<82:KEYCODE_MENU:0> to HotkeyCallbackWrapper{Uid:1000, Pid:2214, Priority:5, AppName:com.pptv.tv}
03-06 10:00:45.755  2111  5435 I HotkeyService: hotkey keycode : 82 deviceId=-1 result : 0 reason:R_NO_INTERCEPT
03-06 10:00:45.755  1589  1646 D WindowManager: mPPTVHotkeyService bRet =false
03-06 10:00:45.756  2065  2065 D InputEventDispatcher: onInputEvent: KeyEvent { action=ACTION_DOWN, keyCode=KEYCODE_MENU, scanCode=0, metaState=0, flags=0x8, repeatCount=0, eventTime=55177456, downTime=55177456, deviceId=-1, source=0x101 }
03-06 10:00:45.760  1589  1646 D WindowManager: interceptKeyTi keyCode=82 down=false repeatCount=0 keyguardOn=false mHomePressed=false canceled=false deviceName=Virtual
03-06 10:00:45.760  1589  1646 E septemberan: mHotkeyService != null
03-06 10:00:45.763  2779  2796 E CvteATHotkey: <AT-TPV> processTPVFacKey ScanCode = 0x0
03-06 10:00:45.764  2322 11145 D TvCecManager: arcIsAmpVolume
03-06 10:00:45.765  1762  2471 I PictureManager_JNI: getDlcAverageLuma
03-06 10:00:45.765  1762  4930 I CECManager_JNI: arcIsAmpVolume
03-06 10:00:45.766  1589  1646 D WindowManager: bRet =false
03-06 10:00:45.766  1589  1646 E septemberan: mPPTVHotkeyService != null
03-06 10:00:45.766  2111  2133 I HotkeyService: handleKeyEvents
03-06 10:00:45.766  2111  2133 I HotkeyService: Enter ListenAloneKeyHandler
03-06 10:00:45.767  2111  2133 I SystemImpl: getProp key:TvSystem:PROP_LISTEN_ALONE value:false
03-06 10:00:45.768  2111  2133 I HotkeyService: Enter FirstAndSearchingHandler
03-06 10:00:45.768  2111  2133 I HotkeyService: Enter AppHotkeyHandler
03-06 10:00:45.768  2111  2133 I HotkeyManager: notifyHotkeyListener
03-06 10:00:45.768  2111  2133 I HotkeyService: notifyCallbacks size : 4
03-06 10:00:45.768  2111  2133 I HotkeyService: dispatch key<82:KEYCODE_MENU:1> to HotkeyCallbackWrapper{Uid:10011, Pid:1742, Priority:9, AppName:com.pptv.systemui}
03-06 10:00:45.768  1742  1759 D NotificationPanel: keycode=82, action=1
03-06 10:00:45.768  1742  1759 D SystemUIApplication: handleKeyEvent, keycode:82 action:1, ret:false
03-06 10:00:45.768  1742  1759 D TvStatusBar:   mPlayGuideView android.widget.FrameLayout{332479e4 G.E..... ......I. 0,0-1920,1080}  interceptKegEvent   false  event.getDeviceId()  -1
03-06 10:00:45.769  1742  1742 D NotificationPanel: clearAll
03-06 10:00:45.769  2111  2133 I HotkeyService: dispatch key<82:KEYCODE_MENU:1> to HotkeyCallbackWrapper{Uid:1000, Pid:3394, Priority:8, AppName:com.pptv.voicecontroller}
03-06 10:00:45.769  3394  3696 I BDSHttpRequestMaker: url = https://dueros-voice.baidu.com/dcs_event?sn=09474483-e6b2-494f-852b-7878020c307c &2097e6de, 
03-06 10:00:45.769  3394  3696 D BDSHttpRequestMaker: url: https://dueros-voice.baidu.com/dcs_event?sn=09474483-e6b2-494f-852b-7878020c307c mHostIp: dueros-voice.baidu.com &2097e6de, 
03-06 10:00:45.769  3394  3696 E BDSHttpRequestMaker: dcs url : https://dueros-voice.baidu.com/dcs_event?sn=09474483-e6b2-494f-852b-7878020c307c
03-06 10:00:45.769  3394  3696 I BDSHttpRequestMaker: no proxy
03-06 10:00:45.770  3394  3465 D PPTVVoiceService_handleKeyEvent_670: handleKeyEvent 82, 1
03-06 10:00:45.770  2111  2133 I HotkeyService: dispatch key<82:KEYCODE_MENU:1> to HotkeyCallbackWrapper{Uid:1000, Pid:2111, Priority:5, AppName:com.pptv.framework.tvservice}
03-06 10:00:45.770  2111  2133 I HotkeyService: dispatch key<82:KEYCODE_MENU:1> to HotkeyCallbackWrapper{Uid:1000, Pid:2214, Priority:5, AppName:com.pptv.tv}
03-06 10:00:45.771  2111  2133 I HotkeyService: hotkey keycode : 82 deviceId=-1 result : 0 reason:R_NO_INTERCEPT
03-06 10:00:45.771  1589  1646 D WindowManager: mPPTVHotkeyService bRet =false
03-06 10:00:45.772  1762  2471 I TvManager_JNI: isSignalStable
03-06 10:00:45.773  1762  2471 I PictureManager_JNI: getBacklight
03-06 10:00:45.773  1762  2471 E septemberan: dbcHandler: mDbcBacklightRange: 48
03-06 10:00:45.773  1762  2471 I PictureManager_JNI: setBacklight
03-06 10:00:45.779 19331 19331 I VIEW--  : [BaseVideoView][initVideoView]
03-06 10:00:45.786  2028 19520 D PPTVTM  : io.appium.settings is not focus APP.
03-06 10:00:45.787  2028 19520 D PPTVTM  : io.appium.settings is not allowed. type=CLOSE_RUN_APP
03-06 10:00:45.787  2028 19520 D PPTVTM  : Stop process io.appium.settings
03-06 10:00:45.791  1589  2061 I ActivityManager: Force stopping io.appium.settings appid=10078 user=0: from pid 2028
03-06 10:00:45.791 19331 19331 D VIEW--  : [UpdateLogoCover.setLogoView()] view = com.pptv.protocols.utils.SimpleUrlImageView{269ceda4 I.ED.... ......I. 0,0-0,0}
03-06 10:00:45.794  1589  2061 D PPTVTM  : bwSetPackageStoppedState>>
03-06 10:00:45.794  1589  2061 D PPTVTM  : isAllow>>
03-06 10:00:45.794  1589  2061 D PPTVTM  : com.pptv.tvsports is in default state.
03-06 10:00:45.802  2028 19520 D PPTVTM  : com.hisense.tv.gamecenter is not focus APP.
03-06 10:00:45.802  2028 19520 D PPTVTM  : com.hisense.tv.gamecenter is not allowed. type=CLOSE_RUN_APP
03-06 10:00:45.802  2028 19520 D PPTVTM  : Stop process com.hisense.tv.gamecenter
03-06 10:00:45.803  3394  3696 D BDSHttpRequestMaker: hostname : dueros-voice.baidu.com verifyUrl : dueros-voice.baidu.com &2097e6de, 
03-06 10:00:45.804  1589  1606 I ActivityManager: Force stopping com.hisense.tv.gamecenter appid=10040 user=0: from pid 2028
03-06 10:00:45.806  3394  3696 I BDSHttpRequestMaker: sendData  dataType : 0 https://dueros-voice.baidu.com/dcs_event?sn=09474483-e6b2-494f-852b-7878020c307c &2097e6de, 
03-06 10:00:45.806  1589  1606 D PPTVTM  : bwSetPackageStoppedState>>
03-06 10:00:45.806  1589  1606 D PPTVTM  : isAllow>>
03-06 10:00:45.806  1589  1606 D PPTVTM  : com.pptv.tvsports is in default state.
03-06 10:00:45.807  3394  3696 I BDSHttpRequestMaker: sendData  dataType : 2 https://dueros-voice.baidu.com/dcs_event?sn=09474483-e6b2-494f-852b-7878020c307c &2097e6de, 
03-06 10:00:45.809  3394  3696 I BDSHttpRequestMaker: sendData  dataType : 3 https://dueros-voice.baidu.com/dcs_event?sn=09474483-e6b2-494f-852b-7878020c307c &2097e6de, 
03-06 10:00:45.819  2028 19520 D PPTVTM  : com.roamingsoft.manager is not focus APP.
03-06 10:00:45.819  2028 19520 D PPTVTM  : com.roamingsoft.manager is not allowed. type=CLOSE_RUN_APP
03-06 10:00:45.819  2028 19520 D PPTVTM  : Stop process com.roamingsoft.manager
03-06 10:00:45.819  1589  2061 I ActivityManager: Force stopping com.roamingsoft.manager appid=10066 user=0: from pid 2028
03-06 10:00:45.821  1589  2061 D PPTVTM  : bwSetPackageStoppedState>>
03-06 10:00:45.821  1589  2061 D PPTVTM  : isAllow>>
03-06 10:00:45.821  1589  2061 D PPTVTM  : com.pptv.tvsports is in default state.
03-06 10:00:45.826 19331 19331 D PLAYER--: ----app invoked initPlayer(type) method with OTTPlayerManager----
03-06 10:00:45.826  2028 19520 D PPTVTM  : com.shafa.market is not focus APP.
03-06 10:00:45.826  2028 19520 D PPTVTM  : com.shafa.market is not allowed. type=CLOSE_RUN_APP
03-06 10:00:45.826  2028 19520 D PPTVTM  : Stop process com.shafa.market
03-06 10:00:45.826  1589  2183 I ActivityManager: Force stopping com.shafa.market appid=10082 user=0: from pid 2028
03-06 10:00:45.827 19331 19530 D DACService: Send Request to DAC Server---http://action.data.cp61.ott.cibntv.net/appevent/1.html?key=UserAction&data=1ebR1+rEysbcsc7d4tXiy9Hl0sSHyOrO3eLP5NXW26KRkZStlp+hnaCiiaeVmZGTrp2klOXj0dvVzsOekKWP5dPirZ+XrZOQh9Pg3azi5uPc2OjZ0oenq6aolODZ0KamlZmTmK6ioajRpaaeqJ+TxInY39SrwMDAv6OalLGOxNvelN+tnpymlY+SieTZ3uGtpJqfpJWF0Nbqpr++xMbLnqu1r7Oy07+fnKKen8jGmY2XkaTIoZ6goJyf1aitwKWmmaCmoKaeotW6sqa1mt3Q0M/gzdDbokXvC1z2/w==---200
03-06 10:00:45.827 19331 19530 E DacAppRec: --try send--http://action.data.cp61.ott.cibntv.net/appevent/1.html?key=UserAction&data=1ebR1+rEysbcsc7d4tXiy9Hl0sSHyOrO3eLP5NXW26KRkZStlp+hnaCiiaeVmZGTrp2klOXj0dvVzsOekKWP5dPirZ+XrZOQh9Pg3azi5uPc2OjZ0oenq6aolODZ0KamlZmTmK6ioajRpaaeqJ+TxInY39SrwMDAv6OalLGOxNvelN+tnpymlY+SieTZ3uGtpJqfpJWF0Nbqpr++xMbLnqu1r7Oy07+fnKKen8jGmY2XkaTIoZ6goJyf1aitwKWmmaCmoKaeotW6sqa1mt3Q0M/gzdDbokXvC1z2/w==---ret=true
03-06 10:00:45.829  1589  2183 D PPTVTM  : bwSetPackageStoppedState>>
03-06 10:00:45.829  1589  2183 D PPTVTM  : isAllow>>
03-06 10:00:45.829  1589  2183 D PPTVTM  : com.pptv.tvsports is in default state.
03-06 10:00:45.837  1589  1617 I ActivityManager: Config changes=20 {1.0 ?mcc?mnc zh_CN ldltr sw720dp w1280dp h720dp 240dpi xlrg long land television -touch -keyb/h/h dpad/v s.20}
03-06 10:00:45.851 19331 19331 E PLAYER--: [CommonMsgController:175439118][int][msg:the userdefine player is null]
03-06 10:00:45.851 19331 19331 V PLAYER--: [Tools][getEngPreference][log>>>getEngPreference0
03-06 10:00:45.870 19331 19331 D MP--    : [SystemPlayerImp][init][mid:90659525][tid:main][msg:init---]
03-06 10:00:45.873 19331 19331 V PLAYER--: [setPlayer]
03-06 10:00:45.873  1762  2471 I PictureManager_JNI: getDlcAverageLuma
03-06 10:00:45.874  1762  2471 I TvManager_JNI: isSignalStable
03-06 10:00:45.874  1762  2471 I PictureManager_JNI: getBacklight
03-06 10:00:45.875  1762  2471 E septemberan: dbcHandler: mDbcBacklightRange: 48
03-06 10:00:45.875  1762  2471 I PictureManager_JNI: setBacklight
03-06 10:00:45.876 19331 19331 D PLAYER--: ---app invoked initVideoView() method with OTTPlayerManager--aftercom.pptv.ottplayer.player.a.a@a74fd0e
03-06 10:00:45.882  2028 19520 D PPTVTM  : com.juli.dangbeimarket is not focus APP.
03-06 10:00:45.882  2028 19520 D PPTVTM  : com.juli.dangbeimarket is not allowed. type=CLOSE_RUN_APP
03-06 10:00:45.882  2028 19520 D PPTVTM  : Stop process com.juli.dangbeimarket
03-06 10:00:45.882 19331 19331 I MP--    : sys_bindSurfaceView:com.pptv.protocols.iplayer.RatioSurfaceView
03-06 10:00:45.883  3394  3728 I BDSHttpRequestMaker: readThirdData dataType : 242, dataLen=94, https://dueros-voice.baidu.com/dcs_event?sn=09474483-e6b2-494f-852b-7878020c307c &2097e6de, 
03-06 10:00:45.883  3394  3728 I BDSHttpRequestMaker: response : HTTP/1.1 200 OK
03-06 10:00:45.883  3394  3728 I BDSHttpRequestMaker: Content-Type: multipart/form-data; boundary=___dueros_dcs_v1_boundary___
03-06 10:00:45.883  3394  3728 I BDSHttpRequestMaker: 
03-06 10:00:45.883  3394  3728 I BDSHttpRequestMaker:  https://dueros-voice.baidu.com/dcs_event?sn=09474483-e6b2-494f-852b-7878020c307c &2097e6de, 
03-06 10:00:45.883 19331 19331 V PLAYER--: [bindSurfaceView][viewcom.pptv.protocols.iplayer.RatioSurfaceView{407dc1a V.E..... ......I. 0,0-0,0}]
03-06 10:00:45.884 19331 19331 D VIEW--  : [StandBaseVideoView][showFullScreen:false]
03-06 10:00:45.887 19331 19331 I VIEW--  : StandBaseVideoView remove all view--
03-06 10:00:45.888 19331 19331 I VIEW--  : [StandBaseVideoView ][remove all view][reserve view:surface_view,simpleName:BaseVideoView]
03-06 10:00:45.889 19331 19331 I VIEW--  : [StandBaseVideoView ][remove all view][reserve view:null,simpleName:SimpleUrlImageView]
03-06 10:00:45.891 19331 19331 V PLAYER--: [CommonMsgController][setPlayerStatusCallback]
03-06 10:00:45.893  2982  2982 I hpplay-java: [main]:DaemonService:onConfigurationChanged
03-06 10:00:45.901  1589  2252 I ActivityManager: Force stopping com.juli.dangbeimarket appid=1000 user=0: from pid 2028
03-06 10:00:45.922  1762  1762 I TvService: onConfigurationChanged()
03-06 10:00:45.927  1589  2252 D PPTVTM  : bwSetPackageStoppedState>>
03-06 10:00:45.927  1589  2252 D PPTVTM  : isAllow>>
03-06 10:00:45.927  1589  2252 D PPTVTM  : com.pptv.tvsports is in default state.
03-06 10:00:45.923  1762  1762 D TvLanguage: locale language = zh
03-06 10:00:45.931  1762  1762 D TvLanguage: locale country = CN
03-06 10:00:45.931  1762  1762 D TvLanguage: language id = 43
03-06 10:00:45.931  1762  1762 I TvService: language :43
03-06 10:00:45.933  3394  3728 I BDSHttpRequestMaker: readThirdData dataType : 242, dataLen=33, https://dueros-voice.baidu.com/dcs_event?sn=09474483-e6b2-494f-852b-7878020c307c &2097e6de, 
03-06 10:00:45.933  3394  3728 I BDSHttpRequestMaker: response : --___dueros_dcs_v1_boundary___
03-06 10:00:45.933  3394  3728 I BDSHttpRequestMaker:  https://dueros-voice.baidu.com/dcs_event?sn=09474483-e6b2-494f-852b-7878020c307c &2097e6de, 
03-06 10:00:45.934  2028 19520 D PPTVTM  : com.finalwire.aida64 is not focus APP.
03-06 10:00:45.934  2028 19520 D PPTVTM  : com.finalwire.aida64 is not allowed. type=CLOSE_RUN_APP
03-06 10:00:45.934  2028 19520 D PPTVTM  : Stop process com.finalwire.aida64
03-06 10:00:45.935  1589  2288 I ActivityManager: Force stopping com.finalwire.aida64 appid=10063 user=0: from pid 2028
03-06 10:00:45.935  1867  1867 D WallpaperPlayerService: onConfigurationChanged
03-06 10:00:45.935 19387 19387 D Tinker.DefaultAppLike: onConfigurationChanged:{1.0 ?mcc?mnc zh_CN ldltr sw720dp w1280dp h720dp 240dpi xlrg long land television -touch -keyb/h/h dpad/v s.20}
03-06 10:00:45.937  1867  1867 D MainViewController: switchUIFactory com.pptv.wallpaperui.tvinput.TvInputUIFactory@127606d7
03-06 10:00:45.942  1589  2288 D PPTVTM  : bwSetPackageStoppedState>>
03-06 10:00:45.942  1589  2288 D PPTVTM  : isAllow>>
03-06 10:00:45.942  1589  2288 D PPTVTM  : com.pptv.tvsports is in default state.
03-06 10:00:45.948  2028 19520 D PPTVTM  : com.pptv.tvbuy is in black list,BLACK_RUN_APP
03-06 10:00:45.948  2028 19520 D PPTVTM  : Stop process com.pptv.tvbuy
03-06 10:00:45.949  2065  2065 E NetworkController: onReceive: Intent { act=android.intent.action.CONFIGURATION_CHANGED flg=0x70000010 }
03-06 10:00:45.949  1589  2213 I ActivityManager: Force stopping com.pptv.tvbuy appid=1000 user=0: from pid 2028
03-06 10:00:45.951  1589  2213 D PPTVTM  : bwSetPackageStoppedState>>
03-06 10:00:45.951  1589  2213 D PPTVTM  : isAllow>>
03-06 10:00:45.951  1589  2213 D PPTVTM  : com.pptv.tvsports is in default state.
03-06 10:00:45.970  2028 19520 D PPTVTM  : cn.cvte.tv.factory.autotest is not focus APP.
03-06 10:00:45.970  2028 19520 D PPTVTM  : cn.cvte.tv.factory.autotest is not allowed. type=CLOSE_RUN_APP
03-06 10:00:45.970  2028 19520 D PPTVTM  : Stop process cn.cvte.tv.factory.autotest
03-06 10:00:45.973  1589  2251 I ActivityManager: Force stopping cn.cvte.tv.factory.autotest appid=1000 user=0: from pid 2028
03-06 10:00:45.975  1589  2251 D PPTVTM  : bwSetPackageStoppedState>>
03-06 10:00:45.975  1589  2251 D PPTVTM  : isAllow>>
03-06 10:00:45.975  1589  2251 D PPTVTM  : com.pptv.tvsports is in default state.
03-06 10:00:45.980  1762  2471 I PictureManager_JNI: getDlcAverageLuma
03-06 10:00:45.981  1762  2471 I TvManager_JNI: isSignalStable
03-06 10:00:45.981  1762  2471 I PictureManager_JNI: getBacklight
03-06 10:00:45.981  1762  2471 E septemberan: dbcHandler: mDbcBacklightRange: 48
03-06 10:00:45.981  1762  2471 I PictureManager_JNI: setBacklight
03-06 10:00:45.982  2028 19520 D PPTVTM  : com.hisense.hitv.hicloud.account is not focus APP.
03-06 10:00:45.982  2028 19520 D PPTVTM  : com.hisense.hitv.hicloud.account is not allowed. type=CLOSE_RUN_APP
03-06 10:00:45.982  2028 19520 D PPTVTM  : Stop process com.hisense.hitv.hicloud.account
03-06 10:00:45.983  1589  2213 I ActivityManager: Force stopping com.hisense.hitv.hicloud.account appid=10032 user=0: from pid 2028
03-06 10:00:45.985  1589  2213 D PPTVTM  : bwSetPackageStoppedState>>
03-06 10:00:45.985  1589  2213 D PPTVTM  : isAllow>>
03-06 10:00:45.985  1589  2213 D PPTVTM  : com.pptv.tvsports is in default state.
03-06 10:00:45.992  2065  4517 E Clock   : doInBackground: [Landroid.content.Intent;@3b879635
03-06 10:00:45.993  2065  2065 E Clock   : onPostExecute: 10:00
03-06 10:00:45.994  1867  1867 D ErrorBinder: updateView= 0
03-06 10:00:45.994  3394  3728 I BDSHttpRequestMaker: readThirdData dataType : 242, dataLen=47, https://dueros-voice.baidu.com/dcs_event?sn=09474483-e6b2-494f-852b-7878020c307c &2097e6de, 
03-06 10:00:45.995  3394  3728 I BDSHttpRequestMaker: response : Content-Disposition: form-data; name="empty"
03-06 10:00:45.995  3394  3728 I BDSHttpRequestMaker:  https://dueros-voice.baidu.com/dcs_event?sn=09474483-e6b2-494f-852b-7878020c307c &2097e6de, 
03-06 10:00:45.996  1867  1867 W BaseBinder: getView
03-06 10:00:45.996  1867  1867 W BaseBinder: java.lang.NullPointerException: Attempt to invoke virtual method 'java.lang.Object com.pptv.player.core.PlayPackage.getProp(com.pptv.base.prop.PropKey)' on a null object reference
03-06 10:00:45.996  1867  1867 W BaseBinder: 	at com.pptv.wallpaperui.standard.state.ErrorBinder$Holder.updateMediaErr(ErrorBinder.java:91)
03-06 10:00:45.996  1867  1867 W BaseBinder: 	at com.pptv.wallpaperui.standard.state.ErrorBinder$Holder.updateView(ErrorBinder.java:84)
03-06 10:00:45.996  1867  1867 W BaseBinder: 	at com.pptv.wallpaperui.standard.state.ErrorBinder$Holder.updateView(ErrorBinder.java:39)
03-06 10:00:45.996  1867  1867 W BaseBinder: 	at com.pptv.base.view.BaseHolder.updateView(BaseHolder.java:37)
03-06 10:00:45.996  1867  1867 W BaseBinder: 	at com.pptv.base.view.BaseBinder.getView(BaseBinder.java:48)
03-06 10:00:45.996  1867  1867 W BaseBinder: 	at com.pptv.base.view.HolderGroup.addBinder(HolderGroup.java:129)
03-06 10:00:45.996  1867  1867 W BaseBinder: 	at com.pptv.base.view.HolderGroup.addBinder(HolderGroup.java:120)
03-06 10:00:45.996  1867  1867 W BaseBinder: 	at com.pptv.wallpaperui.standard.frame.StateFrameBinder$Holder.setView(StateFrameBinder.java:62)
03-06 10:00:45.996  1867  1867 W BaseBinder: 	at com.pptv.base.view.BaseBinder.getView(BaseBinder.java:41)
03-06 10:00:45.996  1867  1867 W BaseBinder: 	at com.pptv.base.view.HolderGroup.addBinder(HolderGroup.java:129)
03-06 10:00:45.996  1867  1867 W BaseBinder: 	at com.pptv.base.view.HolderGroup.addBinder(HolderGroup.java:120)
03-06 10:00:45.996  1867  1867 W BaseBinder: 	at com.pptv.wallpaperui.standard.MainBinder$Holder.setView(MainBinder.java:127)
03-06 10:00:45.996  1867  1867 W BaseBinder: 	at com.pptv.wallpaperui.tvinput.TvInputMainBinder$Holder.setView(TvInputMainBinder.java:42)
03-06 10:00:45.996  1867  1867 W BaseBinder: 	at com.pptv.base.view.BaseBinder.getView(BaseBinder.java:41)
03-06 10:00:45.996  1867  1867 W BaseBinder: 	at com.pptv.player.view.PlayUIController.switchUIFactory(PlayUIController.java:213)
03-06 10:00:45.996  1867  1867 W BaseBinder: 	at com.pptv.player.view.PlayUIController.reloadUI(PlayUIController.java:198)
03-06 10:00:45.996  1867  1867 W BaseBinder: 	at com.pptv.wallpaperplayer.view.MainViewController.onConfigurationChanged(MainViewController.java:136)
03-06 10:00:45.996  1867  1867 W BaseBinder: 	at com.pptv.wallpaperplayer.WallpaperPlayerService.onConfigurationChanged(WallpaperPlayerService.java:68)
03-06 10:00:45.996  1867  1867 W BaseBinder: 	at android.app.ActivityThread.performConfigurationChanged(ActivityThread.java:4009)
03-06 10:00:45.996  1867  1867 W BaseBinder: 	at android.app.ActivityThread.handleConfigurationChanged(ActivityThread.java:4082)
03-06 10:00:45.996  1867  1867 W BaseBinder: 	at android.app.ActivityThread$H.handleMessage(ActivityThread.java:1388)
03-06 10:00:45.996  1867  1867 W BaseBinder: 	at android.os.Handler.dispatchMessage(Handler.java:102)
03-06 10:00:45.996  1867  1867 W BaseBinder: 	at android.os.Looper.loop(Looper.java:135)
03-06 10:00:45.996  1867  1867 W BaseBinder: 	at android.app.ActivityThread.main(ActivityThread.java:5221)
03-06 10:00:45.996  1867  1867 W BaseBinder: 	at java.lang.reflect.Method.invoke(Native Method)
03-06 10:00:45.996  1867  1867 W BaseBinder: 	at java.lang.reflect.Method.invoke(Method.java:372)
03-06 10:00:45.996  1867  1867 W BaseBinder: 	at com.android.internal.os.ZygoteInit$MethodAndArgsCaller.run(ZygoteInit.java:902)
03-06 10:00:45.996  1867  1867 W BaseBinder: 	at com.android.internal.os.ZygoteInit.main(ZygoteInit.java:697)
03-06 10:00:45.996  3394  3728 I BDSHttpRequestMaker: readThirdData dataType : 242, dataLen=3, https://dueros-voice.baidu.com/dcs_event?sn=09474483-e6b2-494f-852b-7878020c307c &2097e6de, 
03-06 10:00:45.996  3394  3728 I BDSHttpRequestMaker: response : 
03-06 10:00:45.996  3394  3728 I BDSHttpRequestMaker:  https://dueros-voice.baidu.com/dcs_event?sn=09474483-e6b2-494f-852b-7878020c307c &2097e6de, 
03-06 10:00:45.997  1867  1867 E BaseBinder: Holder: com.pptv.wallpaperui.standard.state.ErrorBinder$Holder@954c547
03-06 10:00:45.998  1867  1867 E BaseBinder:   mMediaVG: android.widget.LinearLayout{291dd174 V.E..... ......I. 0,0-0,0 #7f090058 app:id/llayout_player_err_tip}
03-06 10:00:45.998  1867  1867 E BaseBinder:   mMeidaMsg: android.widget.TextView{b3bb69d V.ED.... ......ID 0,0-0,0 #7f09005a app:id/txt_player_err_msg}
03-06 10:00:45.998  3394  3728 I BDSHttpRequestMaker: readThirdData dataType : 242, dataLen=3, https://dueros-voice.baidu.com/dcs_event?sn=09474483-e6b2-494f-852b-7878020c307c &2097e6de, 
03-06 10:00:45.998  3394  3728 I BDSHttpRequestMaker: response : 
03-06 10:00:45.998  3394  3728 I BDSHttpRequestMaker:  https://dueros-voice.baidu.com/dcs_event?sn=09474483-e6b2-494f-852b-7878020c307c &2097e6de, 
03-06 10:00:45.999  1867  1867 E BaseBinder:   mMediaTip: android.widget.TextView{147ec712 V.ED.... ......ID 0,0-0,0 #7f090059 app:id/txt_player_err_tip}
03-06 10:00:45.999  1867  1867 E BaseBinder:   mInputVG: android.widget.LinearLayout{248e6ee3 V.E..... ......I. 0,0-0,0 #7f09005d app:id/llayout_player_err_input}
03-06 10:00:46.000  1867  1867 E BaseBinder:   mInputIcon: android.widget.ImageView{1d0090e0 V.ED.... ......I. 0,0-0,0 #7f09005e app:id/img_player_err_input}
03-06 10:00:46.000  1867  1867 E BaseBinder:   mInputTitle: android.widget.TextView{32a21f99 V.ED.... ......ID 0,0-0,0 #7f09005f app:id/img_player_input_title}
03-06 10:00:46.001  1867  1867 E BaseBinder:   mInputMsg: android.widget.TextView{3dfe425e V.ED.... ......I. 0,0-0,0 #7f090060 app:id/img_player_input_msg}
03-06 10:00:46.001  3394  4809 W System.err: java.io.IOException: Pipe not connected
03-06 10:00:46.001  1867  1867 D StateFrameBinder: setViewFlags(1, 1, 1)
03-06 10:00:46.001  3394  4809 W System.err: 	at java.io.PipedOutputStream.write(PipedOutputStream.java:174)
03-06 10:00:46.001  3394  4809 W System.err: 	at java.io.OutputStream.write(OutputStream.java:106)
03-06 10:00:46.001  3394  4809 W System.err: 	at java.io.PipedOutputStream.write(PipedOutputStream.java:147)
03-06 10:00:46.001  3394  4809 W System.err: 	at java.io.OutputStream.write(OutputStream.java:82)
03-06 10:00:46.002  3394  4809 W System.err: 	at com.baidu.dcs.acl.AudioTransportLayer$BaseEventListener$1.run(AudioTransportLayer.java:310)
03-06 10:00:46.002  3394  4809 W System.err: 	at java.util.concurrent.ThreadPoolExecutor.runWorker(ThreadPoolExecutor.java:1112)
03-06 10:00:46.002  3394  4809 W System.err: 	at java.util.concurrent.ThreadPoolExecutor$Worker.run(ThreadPoolExecutor.java:587)
03-06 10:00:46.002  3394  4809 W System.err: 	at java.lang.Thread.run(Thread.java:818)
03-06 10:00:46.002  3394  3728 I BDSHttpRequestMaker: readThirdData dataType : 242, dataLen=35, https://dueros-voice.baidu.com/dcs_event?sn=09474483-e6b2-494f-852b-7878020c307c &2097e6de, 
03-06 10:00:46.002  3394  3728 I BDSHttpRequestMaker: response : 
03-06 10:00:46.002  3394  3728 I BDSHttpRequestMaker: --___dueros_dcs_v1_boundary___-- https://dueros-voice.baidu.com/dcs_event?sn=09474483-e6b2-494f-852b-7878020c307c &2097e6de, 
03-06 10:00:46.011  2028 19520 D PPTVTM  : com.qiyivideopptv.tv is not focus APP.
03-06 10:00:46.011  2028 19520 D PPTVTM  : com.qiyivideopptv.tv is not allowed. type=CLOSE_RUN_APP
03-06 10:00:46.011  2028 19520 D PPTVTM  : Stop process com.qiyivideopptv.tv
03-06 10:00:46.011  1589  2251 I ActivityManager: Force stopping com.qiyivideopptv.tv appid=10043 user=0: from pid 2028
03-06 10:00:46.011  3394  4809 W System.err: java.io.IOException: Pipe not connected
03-06 10:00:46.012  3394  4809 W System.err: 	at java.io.PipedOutputStream.write(PipedOutputStream.java:174)
03-06 10:00:46.012  3394  4809 W System.err: 	at java.io.OutputStream.write(OutputStream.java:106)
03-06 10:00:46.012  3394  4809 W System.err: 	at java.io.PipedOutputStream.write(PipedOutputStream.java:147)
03-06 10:00:46.012  3394  4809 W System.err: 	at java.io.OutputStream.write(OutputStream.java:82)
03-06 10:00:46.012  3394  4809 W System.err: 	at com.baidu.dcs.acl.AudioTransportLayer$BaseEventListener$1.run(AudioTransportLayer.java:310)
03-06 10:00:46.012  3394  4809 W System.err: 	at java.util.concurrent.ThreadPoolExecutor.runWorker(ThreadPoolExecutor.java:1112)
03-06 10:00:46.012  3394  4809 W System.err: 	at java.util.concurrent.ThreadPoolExecutor$Worker.run(ThreadPoolExecutor.java:587)
03-06 10:00:46.012  3394  4809 W System.err: 	at java.lang.Thread.run(Thread.java:818)
03-06 10:00:46.013  1589  2251 D PPTVTM  : bwSetPackageStoppedState>>
03-06 10:00:46.013  1589  2251 D PPTVTM  : isAllow>>
03-06 10:00:46.013  1589  2251 D PPTVTM  : com.pptv.tvsports is in default state.
03-06 10:00:46.013  3394  3728 I BDSHttpRequestMaker: readThirdData dataType : 243, dataLen=1, https://dueros-voice.baidu.com/dcs_event?sn=09474483-e6b2-494f-852b-7878020c307c &2097e6de, 
03-06 10:00:46.015 19331 19346 I art     : Background sticky concurrent mark sweep GC freed 16978(970KB) AllocSpace objects, 15(3MB) LOS objects, 1% free, 38MB/39MB, paused 2.790ms total 119.191ms
03-06 10:00:46.016 19331 19345 I art     : WaitForGcToComplete blocked for 30.367ms for cause HeapTrim
03-06 10:00:46.033  2028 19520 D PPTVTM  : net.myvst.v2 is not focus APP.
03-06 10:00:46.034  2028 19520 D PPTVTM  : net.myvst.v2 is not allowed. type=CLOSE_RUN_APP
03-06 10:00:46.034  2028 19520 D PPTVTM  : Stop process net.myvst.v2
03-06 10:00:46.034  1589  2062 I ActivityManager: Force stopping net.myvst.v2 appid=10052 user=0: from pid 2028
03-06 10:00:46.037  1589  2062 D PPTVTM  : bwSetPackageStoppedState>>
03-06 10:00:46.037  1589  2062 D PPTVTM  : isAllow>>
03-06 10:00:46.037  1589  2062 D PPTVTM  : com.pptv.tvsports is in default state.
03-06 10:00:46.045  2028 19520 D PPTVTM  : io.appium.unlock is not focus APP.
03-06 10:00:46.046  2028 19520 D PPTVTM  : io.appium.unlock is not allowed. type=CLOSE_RUN_APP
03-06 10:00:46.046  2028 19520 D PPTVTM  : Stop process io.appium.unlock
03-06 10:00:46.046  1589  2251 I ActivityManager: Force stopping io.appium.unlock appid=10079 user=0: from pid 2028
03-06 10:00:46.048  1589  2251 D PPTVTM  : bwSetPackageStoppedState>>
03-06 10:00:46.048  1589  2251 D PPTVTM  : isAllow>>
03-06 10:00:46.048  1589  2251 D PPTVTM  : com.pptv.tvsports is in default state.
03-06 10:00:46.058  1867  1867 W BaseBinder: getView
03-06 10:00:46.058  1867  1867 W BaseBinder: java.lang.NullPointerException: Attempt to invoke virtual method 'android.os.Bundle com.pptv.player.core.PlayPackage.getExtra()' on a null object reference
03-06 10:00:46.058  1867  1867 W BaseBinder: 	at com.pptv.wallpaperui.standard.FormatHelper.getInputType(FormatHelper.java:132)
03-06 10:00:46.058  1867  1867 W BaseBinder: 	at com.pptv.wallpaperui.standard.play.TitleBarBinder$Holder.updateView(TitleBarBinder.java:87)
03-06 10:00:46.058  1867  1867 W BaseBinder: 	at com.pptv.wallpaperui.standard.play.TitleBarBinder$Holder.updateView(TitleBarBinder.java:47)
03-06 10:00:46.058  1867  1867 W BaseBinder: 	at com.pptv.base.view.BaseHolder.updateView(BaseHolder.java:37)
03-06 10:00:46.058  1867  1867 W BaseBinder: 	at com.pptv.base.view.BaseBinder.getView(BaseBinder.java:48)
03-06 10:00:46.058  1867  1867 W BaseBinder: 	at com.pptv.base.view.HolderGroup.addBinder(HolderGroup.java:129)
03-06 10:00:46.058  1867  1867 W BaseBinder: 	at com.pptv.base.view.HolderGroup.addBinder(HolderGroup.java:120)
03-06 10:00:46.058  1867  1867 W BaseBinder: 	at com.pptv.wallpaperui.standard.frame.PlayFrameBinder$Holder.setView(PlayFrameBinder.java:66)
03-06 10:00:46.058  1867  1867 W BaseBinder: 	at com.pptv.base.view.BaseBinder.getView(BaseBinder.java:41)
03-06 10:00:46.058  1867  1867 W BaseBinder: 	at com.pptv.base.view.HolderGroup.addBinder(HolderGroup.java:129)
03-06 10:00:46.058  1867  1867 W BaseBinder: 	at com.pptv.base.view.HolderGroup.addBinder(HolderGroup.java:120)
03-06 10:00:46.058  1867  1867 W BaseBinder: 	at com.pptv.wallpaperui.standard.MainBinder$Holder.setView(MainBinder.java:127)
03-06 10:00:46.058  1867  1867 W BaseBinder: 	at com.pptv.wallpaperui.tvinput.TvInputMainBinder$Holder.setView(TvInputMainBinder.java:42)
03-06 10:00:46.058  1867  1867 W BaseBinder: 	at com.pptv.base.view.BaseBinder.getView(BaseBinder.java:41)
03-06 10:00:46.058  1867  1867 W BaseBinder: 	at com.pptv.player.view.PlayUIController.switchUIFactory(PlayUIController.java:213)
03-06 10:00:46.058  1867  1867 W BaseBinder: 	at com.pptv.player.view.PlayUIController.reloadUI(PlayUIController.java:198)
03-06 10:00:46.058  1867  1867 W BaseBinder: 	at com.pptv.wallpaperplayer.view.MainViewController.onConfigurationChanged(MainViewController.java:136)
03-06 10:00:46.058  1867  1867 W BaseBinder: 	at com.pptv.wallpaperplayer.WallpaperPlayerService.onConfigurationChanged(WallpaperPlayerService.java:68)
03-06 10:00:46.058  1867  1867 W BaseBinder: 	at android.app.ActivityThread.performConfigurationChanged(ActivityThread.java:4009)
03-06 10:00:46.058  1867  1867 W BaseBinder: 	at android.app.ActivityThread.handleConfigurationChanged(ActivityThread.java:4082)
03-06 10:00:46.058  1867  1867 W BaseBinder: 	at android.app.ActivityThread$H.handleMessage(ActivityThread.java:1388)
03-06 10:00:46.058  1867  1867 W BaseBinder: 	at android.os.Handler.dispatchMessage(Handler.java:102)
03-06 10:00:46.058  1867  1867 W BaseBinder: 	at android.os.Looper.loop(Looper.java:135)
03-06 10:00:46.058  1867  1867 W BaseBinder: 	at android.app.ActivityThread.main(ActivityThread.java:5221)
03-06 10:00:46.058  1867  1867 W BaseBinder: 	at java.lang.reflect.Method.invoke(Native Method)
03-06 10:00:46.058  1867  1867 W BaseBinder: 	at java.lang.reflect.Method.invoke(Method.java:372)
03-06 10:00:46.058  1867  1867 W BaseBinder: 	at com.android.internal.os.ZygoteInit$MethodAndArgsCaller.run(ZygoteInit.java:902)
03-06 10:00:46.058  1867  1867 W BaseBinder: 	at com.android.internal.os.ZygoteInit.main(ZygoteInit.java:697)
03-06 10:00:46.059  1867  1867 E BaseBinder: Holder: com.pptv.wallpaperui.standard.play.TitleBarBinder$Holder@1d08d75b
03-06 10:00:46.060  1867  1867 E BaseBinder:   mBinder: com.pptv.wallpaperui.standard.play.TitleBarBinder@28463401
03-06 10:00:46.060  1867  1867 E BaseBinder:     mContext: com.pptv.base.plugin.PluginContext@ee6011a
03-06 10:00:46.061  1867  1867 E BaseBinder:     mViewId: 2131296297
03-06 10:00:46.062  1867  1867 E BaseBinder:   mView: android.widget.LinearLayout{39c39bf8 V.E..... ......I. 0,0-0,0 #7f090029 app:id/llayout_player_title}
03-06 10:00:46.063  1867  1867 E BaseBinder:   mTitleViewG: android.widget.LinearLayout{39c39bf8 V.E..... ......I. 0,0-0,0 #7f090029 app:id/llayout_player_title}
03-06 10:00:46.063  1867  1867 E BaseBinder:   mTitleText: android.widget.TextView{b9f28d1 V.ED.... ......ID 0,0-0,0 #7f09002a app:id/txt_player_title}
03-06 10:00:46.064  1867  1867 E BaseBinder:   mQualityBtn: android.widget.TextView{13da3f36 V.ED.... ......ID 0,0-0,0 #7f09002b app:id/txt_player_title_quality}
03-06 10:00:46.065  1867  1867 E BaseBinder:   mSysTimeText: android.widget.TextView{cf38e37 V.ED.... ......ID 0,0-0,0 #7f09002d app:id/txt_player_title_time}
03-06 10:00:46.066  1867  1867 D PlayFrameBinder: setViewFlags(0, 1, 1)
03-06 10:00:46.067  1867  1867 D PlayFrameBinder: setViewFlags(1, 1, 1)
03-06 10:00:46.067  1867  1867 D PlayFrameBinder: setViewFlags(2, 1, 1)
03-06 10:00:46.067  3394  3728 W BDSHttpRequestMaker: Dcsconnection stauts has already been closed. &2097e6de, 
03-06 10:00:46.074  1867  1867 D MenuFrameBinder: updateMenuItems level=0
03-06 10:00:46.074  1589  1617 I ActivityManager: Config changes=20 {1.0 ?mcc?mnc zh_CN ldltr sw720dp w1280dp h720dp 240dpi xlrg long land television -touch -keyb/v/h dpad/v s.21}
03-06 10:00:46.075  1867  1867 D ExtendMenuGroupMaker: invoke index=-1
03-06 10:00:46.085  1762  2471 I PictureManager_JNI: getDlcAverageLuma
03-06 10:00:46.086  1762  2471 I TvManager_JNI: isSignalStable
03-06 10:00:46.087  1762  2471 I PictureManager_JNI: getBacklight
03-06 10:00:46.093  1762  2471 E septemberan: dbcHandler: mDbcBacklightRange: 48
03-06 10:00:46.094  1762  2471 I PictureManager_JNI: setBacklight
03-06 10:00:46.096 19387 19387 D Tinker.DefaultAppLike: onConfigurationChanged:{1.0 ?mcc?mnc zh_CN ldltr sw720dp w1280dp h720dp 240dpi xlrg long land television -touch -keyb/v/h dpad/v s.21}
03-06 10:00:46.111  1867  1867 D MenuFrameBinder: updateMenuItems middle
03-06 10:00:46.111  1867  1867 D MenuFrameBinder: notifyDataChanged
03-06 10:00:46.115  2111  5436 D ITvInputManagerImplPolicy: [server][1867][1000][5436]getCurrentTvInput
03-06 10:00:46.115  2322  4932 D TVApiSystemInputSourceImpl: eventSystemInputSourceGetInputSource
03-06 10:00:46.116  2322  4932 D TVApiSystemInputSourceImpl: generateInputSourceList
03-06 10:00:46.118  1867  1867 W BaseBinder: getView
03-06 10:00:46.118  1867  1867 W BaseBinder: java.lang.NullPointerException: Attempt to invoke virtual method 'android.os.Bundle com.pptv.player.core.PlayPackage.getExtra()' on a null object reference
03-06 10:00:46.118  1867  1867 W BaseBinder: 	at com.pptv.wallpaperui.standard.FormatHelper.getInputType(FormatHelper.java:132)
03-06 10:00:46.118  1867  1867 W BaseBinder: 	at com.pptv.wallpaperui.standard.frame.ToastFrameBinder$Holder.updateView(ToastFrameBinder.java:110)
03-06 10:00:46.118  1867  1867 W BaseBinder: 	at com.pptv.wallpaperui.standard.frame.ToastFrameBinder$Holder.updateView(ToastFrameBinder.java:48)
03-06 10:00:46.118  1867  1867 W BaseBinder: 	at com.pptv.base.view.BaseHolder.updateView(BaseHolder.java:37)
03-06 10:00:46.118  1867  1867 W BaseBinder: 	at com.pptv.base.view.BaseBinder.getView(BaseBinder.java:48)
03-06 10:00:46.118  1867  1867 W BaseBinder: 	at com.pptv.base.view.HolderGroup.addBinder(HolderGroup.java:129)
03-06 10:00:46.118  1867  1867 W BaseBinder: 	at com.pptv.base.view.HolderGroup.addBinder(HolderGroup.java:120)
03-06 10:00:46.118  1867  1867 W BaseBinder: 	at com.pptv.wallpaperui.standard.MainBinder$Holder.setView(MainBinder.java:127)
03-06 10:00:46.118  1867  1867 W BaseBinder: 	at com.pptv.wallpaperui.tvinput.TvInputMainBinder$Holder.setView(TvInputMainBinder.java:42)
03-06 10:00:46.118  1867  1867 W BaseBinder: 	at com.pptv.base.view.BaseBinder.getView(BaseBinder.java:41)
03-06 10:00:46.118  1867  1867 W BaseBinder: 	at com.pptv.player.view.PlayUIController.switchUIFactory(PlayUIController.java:213)
03-06 10:00:46.118  1867  1867 W BaseBinder: 	at com.pptv.player.view.PlayUIController.reloadUI(PlayUIController.java:198)
03-06 10:00:46.118  1867  1867 W BaseBinder: 	at com.pptv.wallpaperplayer.view.MainViewController.onConfigurationChanged(MainViewController.java:136)
03-06 10:00:46.118  1867  1867 W BaseBinder: 	at com.pptv.wallpaperplayer.WallpaperPlayerService.onConfigurationChanged(WallpaperPlayerService.java:68)
03-06 10:00:46.118  1867  1867 W BaseBinder: 	at android.app.ActivityThread.performConfigurationChanged(ActivityThread.java:4009)
03-06 10:00:46.118  1867  1867 W BaseBinder: 	at android.app.ActivityThread.handleConfigurationChanged(ActivityThread.java:4082)
03-06 10:00:46.118  1867  1867 W BaseBinder: 	at android.app.ActivityThread$H.handleMessage(ActivityThread.java:1388)
03-06 10:00:46.118  1867  1867 W BaseBinder: 	at android.os.Handler.dispatchMessage(Handler.java:102)
03-06 10:00:46.118  1867  1867 W BaseBinder: 	at android.os.Looper.loop(Looper.java:135)
03-06 10:00:46.118  1867  1867 W BaseBinder: 	at android.app.ActivityThread.main(ActivityThread.java:5221)
03-06 10:00:46.118  1867  1867 W BaseBinder: 	at java.lang.reflect.Method.invoke(Native Method)
03-06 10:00:46.118  1867  1867 W BaseBinder: 	at java.lang.reflect.Method.invoke(Method.java:372)
03-06 10:00:46.118  1867  1867 W BaseBinder: 	at com.android.internal.os.ZygoteInit$MethodAndArgsCaller.run(ZygoteInit.java:902)
03-06 10:00:46.118  1867  1867 W BaseBinder: 	at com.android.internal.os.ZygoteInit.main(ZygoteInit.java:697)
03-06 10:00:46.119  1867  1867 E BaseBinder: Holder: com.pptv.wallpaperui.standard.frame.ToastFrameBinder$Holder@3d68d6d3
03-06 10:00:46.120  1867  1867 E BaseBinder:   mBinder: com.pptv.wallpaperui.standard.frame.ToastFrameBinder@14a0a9df
03-06 10:00:46.120  1867  1867 E BaseBinder:     mContext: com.pptv.base.plugin.PluginContext@ee6011a
03-06 10:00:46.121  1867  1867 E BaseBinder:     mLayoutId: 2130968606
03-06 10:00:46.121  1867  1867 E BaseBinder:   mView: android.widget.RelativeLayout{1149f210 V.E..... ......I. 0,0-0,0}
03-06 10:00:46.122  1867  1867 D MainBinder: [10] setViewFlags(2, 1, 1)
03-06 10:00:46.123  1867  1867 D MainBinder: [10] setViewFlags(5, 1, 1)
03-06 10:00:46.124  1867  1867 D MainBinder: [10] setViewFlags(4, 1, 1)
03-06 10:00:46.124  1867  1867 D MainBinder: [10] setViewFlags(3, 1, 1)
03-06 10:00:46.125  1867  1867 D MainBinder: [10] setViewFlags(1, 1, 1)
03-06 10:00:46.126  1867  1867 D ViewUtils: setScale full=true
03-06 10:00:46.126  1867  1867 D ViewUtils: rectView=Rect(0, 0 - 0, 0) rectFull=Rect(0, 0 - 0, 0)
03-06 10:00:46.127  1867  1867 D ViewUtils: setPosition rect=null
03-06 10:00:46.127  1867  1867 D ViewUtils: setPosition rectFull=Rect(0, 0 - 0, 0)
03-06 10:00:46.128  1867  1867 D ViewUtils: setPosition rect=Rect(0, 0 - 0, 0)
03-06 10:00:46.129  1867  1867 D PlayInfoForUI: syncListeners
03-06 10:00:46.135  2065  2065 E NetworkController: onReceive: Intent { act=android.intent.action.CONFIGURATION_CHANGED flg=0x70000010 }
03-06 10:00:46.146  2065  4195 E Clock   : doInBackground: [Landroid.content.Intent;@a7d4aca
03-06 10:00:46.147  2065  2065 E Clock   : onPostExecute: 10:00
03-06 10:00:46.158  2322  4932 D TVApiSystemInputSourceImpl: currentSrc&&&&&&&&&&&&&& =7
03-06 10:00:46.159  2111  5436 I TvInputManagerImpl: getCurrentTvInput inputsource id :7
03-06 10:00:46.159  2111  5436 I ITvInputManagerImplPolicy: [server][1867][1000][5436]getCurrentTvInput =com.pptv.framework.cvte.tv1.tv.TvInputImpl@1a4fda9e
03-06 10:00:46.159  2111  5436 D ITvInputManagerImplPolicy: [server][1867][1000][5436]getCurrentTvInput from mTvInputsArray, size =8
03-06 10:00:46.159  2111  5436 D ITvInputManagerImplPolicy: [server][1867][1000][5436]getCurrentTvInput from mTvInputsArray, input =ITvInputPolicy{3cd0697f MEDIA}
03-06 10:00:46.160  2111  5435 I ITvInputPolicy: [server][1867][1000][5435]getPicture
03-06 10:00:46.161  2111  2133 D IPicturePolicy: [server][1867][1000][2133]getPropValues key=PROP_AV_MODE
03-06 10:00:46.162  2111  2134 D IPicturePolicy: [server][1867][1000][2134]getProp key = PROP_AV_MODE
03-06 10:00:46.163  1821  1838 I TvSettingsProvider: [server][2111][1000][1838]query uri = content://com.pptv.framework.tvservice/fs/av_mode
03-06 10:00:46.163  1821  1838 I FileStorage: [server][2111][1000][1838]query uri = content://com.pptv.framework.tvservice/fs/av_mode
03-06 10:00:46.163  1821  1838 I FileStorage: [server][2111][1000][1838]query key = av_mode
03-06 10:00:46.163  1821  1838 I FileStorage: [server][2111][1000][1838]query value = AUTO
03-06 10:00:46.172  1867  1867 D WallpaperPlayerService: onConfigurationChanged
03-06 10:00:46.174  1867  1867 D MainViewController: switchUIFactory com.pptv.wallpaperui.tvinput.TvInputUIFactory@127606d7
03-06 10:00:46.177  1867  1884 D ExtendMenuGroupMaker: send finished, resultExtras=Bundle[mParcelledData.dataSize=708]
03-06 10:00:46.177  1867  1884 D ExtendMenuGroupMaker: makeMenuGroup onResult group=com.pptv.base.menu.MenuGroup@1fe00d2f
03-06 10:00:46.197  1762  1762 I TvService: onConfigurationChanged()
03-06 10:00:46.197  1762  1762 D TvLanguage: locale language = zh
