03-06 10:00:44.398  2322  2339 D TVApiSystemInputSourceImpl: currentSrc&&&&&&&&&&&&&& =7
03-06 10:00:44.399  2111  2134 I TvInputManagerImpl: getCurrentTvInput inputsource id :7
03-06 10:00:44.400  2111  2134 I HotkeyService: Enter AppHotkeyHandler
03-06 10:00:44.400  2111  2134 I HotkeyManager: notifyHotkeyListener
03-06 10:00:44.400  2111  2134 I HotkeyService: notifyCallbacks size : 4
03-06 10:00:44.400  2111  2134 I HotkeyService: dispatch key<3:KEYCODE_HOME:1> to HotkeyCallbackWrapper{Uid:10011, Pid:1742, Priority:9, AppName:com.pptv.systemui}
03-06 10:00:44.400  1742  3137 D NotificationPanel: keycode=3, action=1
03-06 10:00:44.400  1742  3137 D SystemUIApplication: handleKeyEvent, keycode:3 action:1, ret:false
03-06 10:00:44.400  1742  3137 D TvStatusBar:   mPlayGuideView android.widget.FrameLayout{332479e4 G.E..... ......I. 0,0-1920,1080}  interceptKegEvent   false  event.getDeviceId()  -1
03-06 10:00:44.401  1742  1742 D NotificationPanel: clearAll
03-06 10:00:44.401  2111  2134 I HotkeyService: dispatch key<3:KEYCODE_HOME:1> to HotkeyCallbackWrapper{Uid:1000, Pid:3394, Priority:8, AppName:com.pptv.voicecontroller}
03-06 10:00:44.401  3394  3411 D PPTVVoiceService_handleKeyEvent_670: handleKeyEvent 3, 1
03-06 10:00:44.402  2111  2134 I HotkeyService: dispatch key<3:KEYCODE_HOME:1> to HotkeyCallbackWrapper{Uid:1000, Pid:2111, Priority:5, AppName:com.pptv.framework.tvservice}
03-06 10:00:44.402  2111  2134 I HotkeyService: dispatch key<3:KEYCODE_HOME:1> to HotkeyCallbackWrapper{Uid:1000, Pid:2214, Priority:5, AppName:com.pptv.tv}
03-06 10:00:44.403  2111  2134 I HotkeyService: hotkey keycode : 3 deviceId=-1 result : 0 reason:R_NO_INTERCEPT
03-06 10:00:44.403  1589  1646 D WindowManager: mPPTVHotkeyService bRet =false
03-06 10:00:44.403  1589  1646 W TelecomManager: Telecom Service not found.
03-06 10:00:44.403  1589  1646 I PowerManagerService: Waking up from dream (uid 1000)...
03-06 10:00:44.405  1589  1621 I DreamManagerService: Gently waking up from dream.
03-06 10:00:44.407  1589  1646 D PhoneWindowManager: startTVOrHome inputSouce = 34
03-06 10:00:44.407  2028  2028 D PPTVTM  : onReceive action=android.intent.action.CLOSE_SYSTEM_DIALOGS
03-06 10:00:44.407  2028  2028 D PPTVTM  : received key event:homekey
03-06 10:00:44.408  2187  2187 E tvplayer:e.onReceive(L:-1): HomeReceiver----android.intent.action.CLOSE_SYSTEM_DIALOGS
03-06 10:00:44.410  1589  1646 D PPTVTM  : System use all Apps installed .
03-06 10:00:44.410  1589  1646 D PhoneWindowManager: get Home List package name:com.pptv.launcher
03-06 10:00:44.410  1589  1646 D PhoneWindowManager: get Home List activity name:com.pptv.launcher.LauncherNew
03-06 10:00:44.410  1589  1646 D PhoneWindowManager: rti.get(0).topActivity class name:com.pptv.tvsports.activity.HomeActivity
03-06 10:00:44.411  1589  1646 D PPTVTM  : System use all Apps installed .
03-06 10:00:44.411  1589  2062 I DreamManagerService: Leaving dreamland.
03-06 10:00:44.411  1589  1616 I DreamController: Stopping dream: name=ComponentInfo{com.pptv.screenprotect/com.pptv.screenprotect.Screensaver}, isTest=false, canDoze=false, userId=0
03-06 10:00:44.411  1589  2153 W ActivityManager: getTasks: caller 10046 does not hold GET_TASKS; limiting output
03-06 10:00:44.411  1589  1646 I ActivityManager: START u0 {act=android.intent.action.MAIN cat=[android.intent.category.HOME] flg=0x10200000 cmp=com.pptv.launcher/.LauncherNew} from uid 1000 on display 0
03-06 10:00:44.418  3394  3394 D PPTVVoiceService$7_onReceive_232: Receive action android.intent.action.CLOSE_SYSTEM_DIALOGS, hide voice UI.
03-06 10:00:44.418  3394  3394 W ContextImpl: Calling a method in the system process without a qualified user: android.app.ContextImpl.startService:1690 android.content.ContextWrapper.startService:515 com.baidu.duer.modules.assistant.AssistantWindow$HomeKeyReceiver.onReceive:347 android.app.LoadedApk$ReceiverDispatcher$Args.run:861 android.os.Handler.handleCallback:739 
03-06 10:00:44.422 23037 23037 D DreamController: Screensaver detached from window
03-06 10:00:44.424 23037 23037 D ContextImpl: broadcast action is ScreenProtectManager.Bip.Broadcast
03-06 10:00:44.424  3394  3394 D PPTVVoiceService$5_onReceive_213: Dreaming stopped
03-06 10:00:44.424  3394  3394 D BaseMultiChannelMediaPlayer: ChannelMediaPlayer-stop-channelName:dialog
03-06 10:00:44.424  3394  3394 D BaseMultiChannelMediaPlayer: ListenerProxy onStopped  del:dialog
03-06 10:00:44.424  3394  3394 D BaseMultiChannelMediaPlayer: ListenerProxy onStopped after del :0
03-06 10:00:44.424  3394  3394 D DcsSdk  : DcsResponseBodyEnqueue-onTtsOutputFinished ok 
03-06 10:00:44.424  3394  3394 D MediaPlayerImpl: mCurrentState = IDLE
03-06 10:00:44.424  3394  3394 D MediaPlayerImpl: mCurrentState = IDLE
03-06 10:00:44.424  3394  3394 D BaseMultiChannelMediaPlayer: ChannelMediaPlayer-setActive-isActive:true
03-06 10:00:44.424 23037 23037 W ContextImpl: Calling a method in the system process without a qualified user: android.app.ContextImpl.sendBroadcast:1326 android.content.ContextWrapper.sendBroadcast:376 com.pptv.screenprotect.utils.BipUtils.onBackEvent:14 com.pptv.screenprotect.Screensaver.onDetachedFromWindow:100 com.android.internal.policy.impl.PhoneWindow$DecorView.onDetachedFromWindow:3110 
03-06 10:00:44.425  3394  3394 I TVDialogStateListener: onDialogStateChanged :IDLE
03-06 10:00:44.427  2065  2480 I Launcher-Gank: log=t:50423088,i:45356974,p:page_screenprotect,e:mv,a:clk,op:screenprotect_back,cid:4.6.0,ch:110037;
03-06 10:00:44.437  1762  2471 I PictureManager_JNI: getDlcAverageLuma
03-06 10:00:44.437  1762  2471 I TvManager_JNI: isSignalStable
03-06 10:00:44.439 23037 23037 I AdSendManager: onDestroy=====
03-06 10:00:44.439 23037 23037 I DreamController: onDestroy=====
03-06 10:00:44.441  1762  2471 I PictureManager_JNI: getBacklight
03-06 10:00:44.441  1762  2471 E septemberan: dbcHandler: mDbcBacklightRange: 48
03-06 10:00:44.441  1762  2471 I PictureManager_JNI: setBacklight
03-06 10:00:44.444 19285 19303 E QueryController: Got null root node from accessibility - Retrying...
03-06 10:00:44.445 19207 19207 I AppiumUnicodeIME: onFinishInput
03-06 10:00:44.445 19207 19207 I AppiumUnicodeIME: onStartInput
03-06 10:00:44.495  1159  1304 D hwcomposer: lastHWWindowInfo is dirty
03-06 10:00:44.542  1762  2471 I PictureManager_JNI: getDlcAverageLuma
03-06 10:00:44.543  1762  2471 I TvManager_JNI: isSignalStable
03-06 10:00:44.543  1762  2471 I PictureManager_JNI: getBacklight
03-06 10:00:44.543  1762  2471 E septemberan: dbcHandler: mDbcBacklightRange: 48
03-06 10:00:44.543  1762  2471 I PictureManager_JNI: setBacklight
03-06 10:00:44.551  1159  4009 D gralloc : allocate buffer from ION HEAP 0x1
03-06 10:00:44.551  1159  4009 D gralloc : allocate memory from system heap
03-06 10:00:44.611  1159  1304 D hwcomposer: lastHWWindowInfo is dirty
03-06 10:00:44.644  1762  2471 I PictureManager_JNI: getDlcAverageLuma
03-06 10:00:44.644  1762  2471 I TvManager_JNI: isSignalStable
03-06 10:00:44.644  1762  2471 I PictureManager_JNI: getBacklight
03-06 10:00:44.644  1762  2471 E septemberan: dbcHandler: mDbcBacklightRange: 48
03-06 10:00:44.644  1762  2471 I PictureManager_JNI: setBacklight
03-06 10:00:44.649  1159  4009 D gralloc : allocate buffer from ION HEAP 0x1
03-06 10:00:44.649  1159  4009 D gralloc : allocate memory from system heap
03-06 10:00:44.695  1159  1304 D hwcomposer: lastHWWindowInfo is dirty
03-06 10:00:44.718  1589  1646 D WindowManager: interceptKeyTi keyCode=23 down=true repeatCount=0 keyguardOn=false mHomePressed=false canceled=false deviceName=Virtual
03-06 10:00:44.718  1589  1646 E septemberan: mHotkeyService != null
03-06 10:00:44.720  2322  4937 D Evan    : onGlobalKeyEvent keycode=23
03-06 10:00:44.720  2322  4937 D Evan    : invokeGlobalKeyListener
03-06 10:00:44.720  2322  4937 D TVApiSystemSignalImpl:  now=55176437
03-06 10:00:44.720  2322  4937 D TVApiSystemSignalImpl:  before=55175360
03-06 10:00:44.720  2322  4937 D Evan    : invokeGlobalKeyListener
03-06 10:00:44.720  2322  4937 D TVApiSystemNoActionAutoPowerOffImpl: KeyEvnetListener Reset counter
03-06 10:00:44.721  2322  2497 D TvCecManager: arcIsAmpVolume
03-06 10:00:44.723  1762  1782 I CECManager_JNI: arcIsAmpVolume
03-06 10:00:44.724  1589  1646 D WindowManager: bRet =false
03-06 10:00:44.724  1589  1646 E septemberan: mPPTVHotkeyService != null
03-06 10:00:44.724  2111 12345 I HotkeyService: handleKeyEvents
03-06 10:00:44.724  2111 12345 I HotkeyService: Enter ListenAloneKeyHandler
03-06 10:00:44.725  2111 12345 I SystemImpl: getProp key:TvSystem:PROP_LISTEN_ALONE value:false
03-06 10:00:44.725  2111 12345 I HotkeyService: Enter FirstAndSearchingHandler
03-06 10:00:44.725  2111 12345 I HotkeyService: Enter AppHotkeyHandler
03-06 10:00:44.725  2111 12345 I HotkeyManager: notifyHotkeyListener
03-06 10:00:44.725  2111 12345 I HotkeyService: notifyCallbacks size : 4
03-06 10:00:44.725  2111 12345 I HotkeyService: dispatch key<23:KEYCODE_DPAD_CENTER:0> to HotkeyCallbackWrapper{Uid:10011, Pid:1742, Priority:9, AppName:com.pptv.systemui}
03-06 10:00:44.726  1742  1759 D NotificationPanel: keycode=23, action=0
03-06 10:00:44.726  1742  1759 D SystemUIApplication: handleKeyEvent, keycode:23 action:0, ret:false
03-06 10:00:44.726  1742  1759 D TvStatusBar:   mPlayGuideView android.widget.FrameLayout{332479e4 G.E..... ......I. 0,0-1920,1080}  interceptKegEvent   false  event.getDeviceId()  -1
03-06 10:00:44.726  2111 12345 I HotkeyService: dispatch key<23:KEYCODE_DPAD_CENTER:0> to HotkeyCallbackWrapper{Uid:1000, Pid:3394, Priority:8, AppName:com.pptv.voicecontroller}
03-06 10:00:44.727  3394  3465 D PPTVVoiceService_handleKeyEvent_670: handleKeyEvent 23, 0
03-06 10:00:44.728  2111 12345 I HotkeyService: dispatch key<23:KEYCODE_DPAD_CENTER:0> to HotkeyCallbackWrapper{Uid:1000, Pid:2111, Priority:5, AppName:com.pptv.framework.tvservice}
03-06 10:00:44.728  2111 12345 I HotkeyService: dispatch key<23:KEYCODE_DPAD_CENTER:0> to HotkeyCallbackWrapper{Uid:1000, Pid:2214, Priority:5, AppName:com.pptv.tv}
03-06 10:00:44.728  2111 12345 I HotkeyService: hotkey keycode : 23 deviceId=-1 result : 0 reason:R_NO_INTERCEPT
03-06 10:00:44.728  1589  1646 D WindowManager: mPPTVHotkeyService bRet =false
03-06 10:00:44.730  2065  2065 D InputEventDispatcher: onInputEvent: KeyEvent { action=ACTION_DOWN, keyCode=KEYCODE_DPAD_CENTER, scanCode=0, metaState=0, flags=0x8, repeatCount=0, eventTime=55176433, downTime=55176433, deviceId=-1, source=0x101 }
03-06 10:00:44.730 19207 19207 I AppiumUnicodeIME: onKeyDown (keyCode='23', event.keyCode='23', metaState='0')
03-06 10:00:44.731  1589  1646 D WindowManager: interceptKeyTi keyCode=23 down=false repeatCount=0 keyguardOn=false mHomePressed=false canceled=false deviceName=Virtual
03-06 10:00:44.731  1589  1646 E septemberan: mHotkeyService != null
03-06 10:00:44.734  2779  2796 E CvteATHotkey: <AT-TPV> processTPVFacKey ScanCode = 0x0
03-06 10:00:44.735  1159  4009 D gralloc : allocate buffer from ION HEAP 0x1
03-06 10:00:44.735  1159  4009 D gralloc : allocate memory from system heap
03-06 10:00:44.735  2322 14178 D TvCecManager: arcIsAmpVolume
03-06 10:00:44.735  1762  4930 I CECManager_JNI: arcIsAmpVolume
03-06 10:00:44.736 19331 19331 D AudioSystem: Setting global gAudioPortCallback On refCnt: 1
03-06 10:00:44.737  1589  1646 D WindowManager: bRet =false
03-06 10:00:44.737  1589  1646 E septemberan: mPPTVHotkeyService != null
03-06 10:00:44.737  2111  4763 I HotkeyService: handleKeyEvents
03-06 10:00:44.737  2111  4763 I HotkeyService: Enter ListenAloneKeyHandler
03-06 10:00:44.739  2111  4763 I SystemImpl: getProp key:TvSystem:PROP_LISTEN_ALONE value:false
03-06 10:00:44.739  2111  4763 I HotkeyService: Enter FirstAndSearchingHandler
03-06 10:00:44.739  2111  4763 I HotkeyService: Enter AppHotkeyHandler
03-06 10:00:44.739  2111  4763 I HotkeyManager: notifyHotkeyListener
03-06 10:00:44.739  2111  4763 I HotkeyService: notifyCallbacks size : 4
03-06 10:00:44.739  2111  4763 I HotkeyService: dispatch key<23:KEYCODE_DPAD_CENTER:1> to HotkeyCallbackWrapper{Uid:10011, Pid:1742, Priority:9, AppName:com.pptv.systemui}
03-06 10:00:44.740  1742  3137 D NotificationPanel: keycode=23, action=1
03-06 10:00:44.740  1742  3137 D SystemUIApplication: handleKeyEvent, keycode:23 action:1, ret:false
03-06 10:00:44.740  1742  3137 D TvStatusBar:   mPlayGuideView android.widget.FrameLayout{332479e4 G.E..... ......I. 0,0-1920,1080}  interceptKegEvent   false  event.getDeviceId()  -1
03-06 10:00:44.741  2111  4763 I HotkeyService: dispatch key<23:KEYCODE_DPAD_CENTER:1> to HotkeyCallbackWrapper{Uid:1000, Pid:3394, Priority:8, AppName:com.pptv.voicecontroller}
03-06 10:00:44.742  3394  3410 D PPTVVoiceService_handleKeyEvent_670: handleKeyEvent 23, 1
03-06 10:00:44.742  2111  4763 I HotkeyService: dispatch key<23:KEYCODE_DPAD_CENTER:1> to HotkeyCallbackWrapper{Uid:1000, Pid:2111, Priority:5, AppName:com.pptv.framework.tvservice}
03-06 10:00:44.743  2111  4763 I HotkeyService: dispatch key<23:KEYCODE_DPAD_CENTER:1> to HotkeyCallbackWrapper{Uid:1000, Pid:2214, Priority:5, AppName:com.pptv.tv}
03-06 10:00:44.743  2111  4763 I HotkeyService: hotkey keycode : 23 deviceId=-1 result : 0 reason:R_NO_INTERCEPT
03-06 10:00:44.743  1589  1646 D WindowManager: mPPTVHotkeyService bRet =false
03-06 10:00:44.744  2065  2065 D InputEventDispatcher: onInputEvent: KeyEvent { action=ACTION_UP, keyCode=KEYCODE_DPAD_CENTER, scanCode=0, metaState=0, flags=0x8, repeatCount=0, eventTime=55176447, downTime=55176447, deviceId=-1, source=0x101 }
03-06 10:00:44.745 19207 19207 I AppiumUnicodeIME: onKeyUp (keyCode='23', event.keyCode='23', metaState='0')
03-06 10:00:44.745  1762  2471 I PictureManager_JNI: getDlcAverageLuma
03-06 10:00:44.747  1762  2471 I TvManager_JNI: isSignalStable
03-06 10:00:44.747  1762  2471 I PictureManager_JNI: getBacklight
03-06 10:00:44.747  1762  2471 E septemberan: dbcHandler: mDbcBacklightRange: 48
03-06 10:00:44.747  1762  2471 I PictureManager_JNI: setBacklight
03-06 10:00:44.848  1762  2471 I PictureManager_JNI: getDlcAverageLuma
03-06 10:00:44.849  1762  2471 I TvManager_JNI: isSignalStable
03-06 10:00:44.849  1762  2471 I PictureManager_JNI: getBacklight
03-06 10:00:44.849  1762  2471 E septemberan: dbcHandler: mDbcBacklightRange: 48
03-06 10:00:44.849  1762  2471 I PictureManager_JNI: setBacklight
03-06 10:00:44.949  1762  2471 I PictureManager_JNI: getDlcAverageLuma
03-06 10:00:44.950  1762  2471 I TvManager_JNI: isSignalStable
03-06 10:00:44.950  1762  2471 I PictureManager_JNI: getBacklight
03-06 10:00:44.950  1762  2471 E septemberan: dbcHandler: mDbcBacklightRange: 48
03-06 10:00:44.950  1762  2471 I PictureManager_JNI: setBacklight
03-06 10:00:45.047  1589  1646 D WindowManager: interceptKeyTi keyCode=82 down=true repeatCount=0 keyguardOn=false mHomePressed=false canceled=false deviceName=Virtual
03-06 10:00:45.047  1589  1646 E septemberan: mHotkeyService != null
03-06 10:00:45.049  2322 15196 D Evan    : onGlobalKeyEvent keycode=82
03-06 10:00:45.049  2322 15196 D Evan    : invokeGlobalKeyListener
03-06 10:00:45.049  2322 15196 D TVApiSystemSignalImpl:  now=55176766
03-06 10:00:45.049  2322 15196 D TVApiSystemSignalImpl:  before=55175360
03-06 10:00:45.049  2322 15196 D Evan    : invokeGlobalKeyListener
03-06 10:00:45.049  2322 15196 D TVApiSystemNoActionAutoPowerOffImpl: KeyEvnetListener Reset counter
03-06 10:00:45.049  2322  2339 D TvCecManager: arcIsAmpVolume
03-06 10:00:45.049  1762  2473 I CECManager_JNI: arcIsAmpVolume
03-06 10:00:45.050  1589  1646 D WindowManager: bRet =false
03-06 10:00:45.050  1589  1646 E septemberan: mPPTVHotkeyService != null
03-06 10:00:45.050  2111  5436 I HotkeyService: handleKeyEvents
03-06 10:00:45.050  2111  5436 I HotkeyService: Enter ListenAloneKeyHandler
03-06 10:00:45.050  1762  2471 I PictureManager_JNI: getDlcAverageLuma
03-06 10:00:45.051  2111  5436 I SystemImpl: getProp key:TvSystem:PROP_LISTEN_ALONE value:false
03-06 10:00:45.051  2111  5436 I HotkeyService: Enter FirstAndSearchingHandler
03-06 10:00:45.051  2111  5436 I HotkeyService: Enter AppHotkeyHandler
03-06 10:00:45.051  2111  5436 I HotkeyManager: notifyHotkeyListener
03-06 10:00:45.051  2111  5436 I HotkeyService: notifyCallbacks size : 4
03-06 10:00:45.051  2111  5436 I HotkeyService: dispatch key<82:KEYCODE_MENU:0> to HotkeyCallbackWrapper{Uid:10011, Pid:1742, Priority:9, AppName:com.pptv.systemui}
03-06 10:00:45.052  1742  1758 D NotificationPanel: keycode=82, action=0
03-06 10:00:45.052  1742  1758 D SystemUIApplication: handleKeyEvent, keycode:82 action:0, ret:false
03-06 10:00:45.052  1742  1758 D TvStatusBar:   mPlayGuideView android.widget.FrameLayout{332479e4 G.E..... ......I. 0,0-1920,1080}  interceptKegEvent   false  event.getDeviceId()  -1
03-06 10:00:45.053  2111  5436 I HotkeyService: dispatch key<82:KEYCODE_MENU:0> to HotkeyCallbackWrapper{Uid:1000, Pid:3394, Priority:8, AppName:com.pptv.voicecontroller}
03-06 10:00:45.053  1762  2471 I TvManager_JNI: isSignalStable
03-06 10:00:45.053  1762  2471 I PictureManager_JNI: getBacklight
03-06 10:00:45.053  1762  2471 E septemberan: dbcHandler: mDbcBacklightRange: 48
03-06 10:00:45.053  1762  2471 I PictureManager_JNI: setBacklight
03-06 10:00:45.053  3394  3411 D PPTVVoiceService_handleKeyEvent_670: handleKeyEvent 82, 0
03-06 10:00:45.053  2111  5436 I HotkeyService: dispatch key<82:KEYCODE_MENU:0> to HotkeyCallbackWrapper{Uid:1000, Pid:2111, Priority:5, AppName:com.pptv.framework.tvservice}
03-06 10:00:45.053  2111  5436 I HotkeyService: dispatch key<82:KEYCODE_MENU:0> to HotkeyCallbackWrapper{Uid:1000, Pid:2214, Priority:5, AppName:com.pptv.tv}
03-06 10:00:45.055  2111  5436 I HotkeyService: hotkey keycode : 82 deviceId=-1 result : 0 reason:R_NO_INTERCEPT
03-06 10:00:45.055  1589  1646 D WindowManager: mPPTVHotkeyService bRet =false
03-06 10:00:45.056  2065  2065 D InputEventDispatcher: onInputEvent: KeyEvent { action=ACTION_DOWN, keyCode=KEYCODE_MENU, scanCode=0, metaState=0, flags=0x8, repeatCount=0, eventTime=55176764, downTime=55176764, deviceId=-1, source=0x101 }
03-06 10:00:45.057 19207 19207 I AppiumUnicodeIME: onKeyDown (keyCode='82', event.keyCode='82', metaState='0')
03-06 10:00:45.058  1589  1646 D WindowManager: interceptKeyTi keyCode=82 down=false repeatCount=0 keyguardOn=false mHomePressed=false canceled=false deviceName=Virtual
03-06 10:00:45.058  1589  1646 E septemberan: mHotkeyService != null
03-06 10:00:45.061  2779  9375 E CvteATHotkey: <AT-TPV> processTPVFacKey ScanCode = 0x0
03-06 10:00:45.062  2322  4929 D TvCecManager: arcIsAmpVolume
03-06 10:00:45.063  1762  1784 I CECManager_JNI: arcIsAmpVolume
03-06 10:00:45.064  1589  1646 D WindowManager: bRet =false
03-06 10:00:45.064  1589  1646 E septemberan: mPPTVHotkeyService != null
03-06 10:00:45.064  2111  5435 I HotkeyService: handleKeyEvents
03-06 10:00:45.064  2111  5435 I HotkeyService: Enter ListenAloneKeyHandler
03-06 10:00:45.065  2111  5435 I SystemImpl: getProp key:TvSystem:PROP_LISTEN_ALONE value:false
03-06 10:00:45.065  2111  5435 I HotkeyService: Enter FirstAndSearchingHandler
03-06 10:00:45.065  2111  5435 I HotkeyService: Enter AppHotkeyHandler
03-06 10:00:45.065  2111  5435 I HotkeyManager: notifyHotkeyListener
03-06 10:00:45.066  2111  5435 I HotkeyService: notifyCallbacks size : 4
03-06 10:00:45.066  2111  5435 I HotkeyService: dispatch key<82:KEYCODE_MENU:1> to HotkeyCallbackWrapper{Uid:10011, Pid:1742, Priority:9, AppName:com.pptv.systemui}
03-06 10:00:45.066  1742  3451 D NotificationPanel: keycode=82, action=1
03-06 10:00:45.066  1742  1742 D NotificationPanel: clearAll
03-06 10:00:45.066  1742  3451 D SystemUIApplication: handleKeyEvent, keycode:82 action:1, ret:false
03-06 10:00:45.067  1742  3451 D TvStatusBar:   mPlayGuideView android.widget.FrameLayout{332479e4 G.E..... ......I. 0,0-1920,1080}  interceptKegEvent   false  event.getDeviceId()  -1
03-06 10:00:45.070  2111  5435 I HotkeyService: dispatch key<82:KEYCODE_MENU:1> to HotkeyCallbackWrapper{Uid:1000, Pid:3394, Priority:8, AppName:com.pptv.voicecontroller}
03-06 10:00:45.070  3394  3465 D PPTVVoiceService_handleKeyEvent_670: handleKeyEvent 82, 1
03-06 10:00:45.070  2111  5435 I HotkeyService: dispatch key<82:KEYCODE_MENU:1> to HotkeyCallbackWrapper{Uid:1000, Pid:2111, Priority:5, AppName:com.pptv.framework.tvservice}
03-06 10:00:45.071  2111  5435 I HotkeyService: dispatch key<82:KEYCODE_MENU:1> to HotkeyCallbackWrapper{Uid:1000, Pid:2214, Priority:5, AppName:com.pptv.tv}
03-06 10:00:45.071  2111  5435 I HotkeyService: hotkey keycode : 82 deviceId=-1 result : 0 reason:R_NO_INTERCEPT
03-06 10:00:45.071  1589  1646 D WindowManager: mPPTVHotkeyService bRet =false
03-06 10:00:45.073  2065  2065 D InputEventDispatcher: onInputEvent: KeyEvent { action=ACTION_UP, keyCode=KEYCODE_MENU, scanCode=0, metaState=0, flags=0x8, repeatCount=0, eventTime=55176774, downTime=55176774, deviceId=-1, source=0x101 }
03-06 10:00:45.074 19207 19207 I AppiumUnicodeIME: onKeyUp (keyCode='82', event.keyCode='82', metaState='0')
03-06 10:00:45.086  1762  4931 D PlayerImpl_JNI: isSignalStable
03-06 10:00:45.154  1762  2471 I PictureManager_JNI: getDlcAverageLuma
03-06 10:00:45.155  1762  2471 I TvManager_JNI: isSignalStable
03-06 10:00:45.155  1762  2471 I PictureManager_JNI: getBacklight
03-06 10:00:45.155  1762  2471 E septemberan: dbcHandler: mDbcBacklightRange: 48
03-06 10:00:45.155  1762  2471 I PictureManager_JNI: setBacklight
03-06 10:00:45.225 19331 19346 I art     : Background sticky concurrent mark sweep GC freed 22267(2MB) AllocSpace objects, 1(939KB) LOS objects, 4% free, 27MB/29MB, paused 5.493ms total 40.401ms
03-06 10:00:45.255  1762  2471 I PictureManager_JNI: getDlcAverageLuma
03-06 10:00:45.257  1762  2471 I TvManager_JNI: isSignalStable
03-06 10:00:45.257  1762  2471 I PictureManager_JNI: getBacklight
03-06 10:00:45.258  1762  2471 E septemberan: dbcHandler: mDbcBacklightRange: 48
03-06 10:00:45.258  1762  2471 I PictureManager_JNI: setBacklight
03-06 10:00:45.359  1762  2471 I PictureManager_JNI: getDlcAverageLuma
03-06 10:00:45.359  1762  2471 I TvManager_JNI: isSignalStable
03-06 10:00:45.359  1762  2471 I PictureManager_JNI: getBacklight
03-06 10:00:45.361  1762  2471 E septemberan: dbcHandler: mDbcBacklightRange: 48
03-06 10:00:45.361  1762  2471 I PictureManager_JNI: setBacklight
03-06 10:00:45.379  1589  2097 W TelecomManager: Telecom Service not found.
03-06 10:00:45.379  1589  2097 W TelecomManager: Telecom Service not found.
03-06 10:00:45.380  1589  1646 D WindowManager: interceptKeyTi keyCode=24 down=true repeatCount=0 keyguardOn=false mHomePressed=false canceled=false deviceName=Virtual
03-06 10:00:45.380  1589  1646 E septemberan: mHotkeyService != null
03-06 10:00:45.383  2322  2338 D Evan    : onGlobalKeyEvent keycode=24
03-06 10:00:45.383  2322  2338 D Evan    : invokeGlobalKeyListener
03-06 10:00:45.383  2322  2338 D TVApiSystemSignalImpl:  now=55177100
03-06 10:00:45.383  2322  2338 D TVApiSystemSignalImpl:  before=55175360
03-06 10:00:45.383  2322  2338 D Evan    : invokeGlobalKeyListener
03-06 10:00:45.383  2322  2338 D TVApiSystemNoActionAutoPowerOffImpl: KeyEvnetListener Reset counter
03-06 10:00:45.385  2322 11145 D TvCecManager: arcIsAmpVolume
03-06 10:00:45.385  1762 13736 I CECManager_JNI: arcIsAmpVolume
03-06 10:00:45.386  1589  1646 D WindowManager: bRet =false
03-06 10:00:45.386  1589  1646 E septemberan: mPPTVHotkeyService != null
03-06 10:00:45.386  2111  2133 I HotkeyService: handleKeyEvents
03-06 10:00:45.386  2111  2133 I HotkeyService: Enter ListenAloneKeyHandler
03-06 10:00:45.386  2111  2133 I HotkeyService: Enter FirstAndSearchingHandler
03-06 10:00:45.386  2111  2133 I HotkeyService: check Volume key, repeat count:0
03-06 10:00:45.386  2111  2133 I HotkeyService: isSearchingChannel
03-06 10:00:45.387  2322  2339 D TVApiSystemInputSourceImpl: eventSystemInputSourceGetInputSource
03-06 10:00:45.387  2322  2339 D TVApiSystemInputSourceImpl: generateInputSourceList
03-06 10:00:45.388  2322  2339 D TVApiSystemInputSourceImpl: currentSrc&&&&&&&&&&&&&& =7
03-06 10:00:45.389  2111  2133 I TvInputManagerImpl: getCurrentTvInput inputsource id :7
03-06 10:00:45.389  2111  2133 I HotkeyService: isSearchingChannel:false
03-06 10:00:45.389  2111  2133 I HotkeyService: Enter AppHotkeyHandler
03-06 10:00:45.389  2111  2133 I HotkeyManager: notifyHotkeyListener
03-06 10:00:45.389  2111  2133 I HotkeyService: notifyCallbacks size : 4
03-06 10:00:45.389  2111  2133 I HotkeyService: dispatch key<24:KEYCODE_VOLUME_UP:0> to HotkeyCallbackWrapper{Uid:10011, Pid:1742, Priority:9, AppName:com.pptv.systemui}
03-06 10:00:45.390  1742  1759 D NotificationPanel: keycode=24, action=0
03-06 10:00:45.390  1742  1759 D SystemUIApplication: handleKeyEvent, keycode:24 action:0, ret:false
03-06 10:00:45.390  1742  1759 D TvStatusBar:   mPlayGuideView android.widget.FrameLayout{332479e4 G.E..... ......I. 0,0-1920,1080}  interceptKegEvent   false  event.getDeviceId()  -1
03-06 10:00:45.390  2111  2133 I HotkeyService: dispatch key<24:KEYCODE_VOLUME_UP:0> to HotkeyCallbackWrapper{Uid:1000, Pid:3394, Priority:8, AppName:com.pptv.voicecontroller}
03-06 10:00:45.392  3394  3410 D PPTVVoiceService_handleKeyEvent_670: handleKeyEvent 24, 0
03-06 10:00:45.392  2111  2133 I HotkeyService: dispatch key<24:KEYCODE_VOLUME_UP:0> to HotkeyCallbackWrapper{Uid:1000, Pid:2111, Priority:5, AppName:com.pptv.framework.tvservice}
03-06 10:00:45.392  2111  2133 I HotkeyService: dispatch key<24:KEYCODE_VOLUME_UP:0> to HotkeyCallbackWrapper{Uid:1000, Pid:2214, Priority:5, AppName:com.pptv.tv}
03-06 10:00:45.392  2214  6083 D ppostv/TvApplication: gsd handleKeyEvent  keyCode = 24   action = 0
03-06 10:00:45.392  2214  6083 D ppostv/TvApplication: KeyEvent.ACTION_DOWN 24
03-06 10:00:45.393  2111  2133 D ITvInputManagerImplPolicy: [server][2214][1000][2133]getCurrentTvInput
03-06 10:00:45.394  2322  2497 D TVApiSystemInputSourceImpl: eventSystemInputSourceGetInputSource
03-06 10:00:45.394  2322  2497 D TVApiSystemInputSourceImpl: generateInputSourceList
03-06 10:00:45.395  2322  2497 D TVApiSystemInputSourceImpl: currentSrc&&&&&&&&&&&&&& =7
03-06 10:00:45.396  2111  2133 I TvInputManagerImpl: getCurrentTvInput inputsource id :7
03-06 10:00:45.396  2111  2133 I ITvInputManagerImplPolicy: [server][2214][1000][2133]getCurrentTvInput =com.pptv.framework.cvte.tv1.tv.TvInputImpl@1a4fda9e
03-06 10:00:45.396  2111  2133 D ITvInputManagerImplPolicy: [server][2214][1000][2133]getCurrentTvInput from mTvInputsArray, size =8
03-06 10:00:45.396  2111  2133 D ITvInputManagerImplPolicy: [server][2214][1000][2133]getCurrentTvInput from mTvInputsArray, input =ITvInputPolicy{3cd0697f MEDIA}
03-06 10:00:45.397  2111  2133 I ITvInputPolicy: [server][2214][1000][2133]getSound --->com.pptv.framework.cvte.tv1.tv.SoundImpl@252bc195
03-06 10:00:45.398  2111  2133 I ITvInputPolicy: [server][2214][1000][2133]getSound ---> remote com.pptv.framework.tv.policy.ISoundPolicy@2d695112
03-06 10:00:45.399  2111  2133 D ISoundPolicy: [server][2214][1000][2133]getProp key = PROP_SPEAKER_ROUTE
03-06 10:00:45.400  1821  1837 I TvSettingsProvider: [server][2111][1000][1837]query uri = content://com.pptv.framework.tvservice/fs/SpeakerRoute
03-06 10:00:45.400  1821  1837 I FileStorage: [server][2111][1000][1837]query uri = content://com.pptv.framework.tvservice/fs/SpeakerRoute
03-06 10:00:45.400  1821  1837 I FileStorage: [server][2111][1000][1837]query key = SpeakerRoute
03-06 10:00:45.400  1821  1837 I FileStorage: [server][2111][1000][1837]query value = INNER_SPEAKER
03-06 10:00:45.401  2111  2133 D SoundImpl: getProp PROP_SPEAKER_ROUTE value = INNER_SPEAKER
03-06 10:00:45.402  2214  6083 I ppostv/TvApplication: volume up 0
03-06 10:00:45.402  2214  2214 D VolumePanel: setStreanVolumeUp
03-06 10:00:45.403  2111  2134 D ITvSystemImplPolicy: [server][2214][1000][2134]getProp key = PROP_SOUND_ARC_CONNECTED
03-06 10:00:45.404  2111  2133 I HotkeyService: <24:KEYCODE_VOLUME_UP:0> is intercepted by HotkeyCallbackWrapper{Uid:1000, Pid:2214, Priority:5, AppName:com.pptv.tv}
03-06 10:00:45.404  2111  2133 I HotkeyService: AppHotkeyHandler intercept key, keyCode:24
03-06 10:00:45.404  2111  2133 I HotkeyService: hotkey keycode : 24 deviceId=-1 result : 6 reason:R_INTERCEPTED_BY_APP
03-06 10:00:45.404  2322  4932 D TvCecManager: arcIsAmpVolume
03-06 10:00:45.405  1589  1646 D WindowManager: mPPTVHotkeyService bRet =true
03-06 10:00:45.405  1762  2473 I CECManager_JNI: arcIsAmpVolume
03-06 10:00:45.406  2111  2134 I SystemImpl: getProp key:TvSystem:PROP_SOUND_ARC_CONNECTED value:false
03-06 10:00:45.406  2214  2214 I TvSystemImplPolicy: getProp [key:PROP_SOUND_ARC_CONNECTED;value:false]
03-06 10:00:45.407  1589  1646 D WindowManager: interceptKeyTi keyCode=24 down=false repeatCount=0 keyguardOn=false mHomePressed=false canceled=false deviceName=Virtual
03-06 10:00:45.407  1589  1646 E septemberan: mHotkeyService != null
03-06 10:00:45.408  2111 12345 D ITvSystemImplPolicy: [server][2214][1000][12345]getProp key = PROP_SOUND_ARC_CONNECTED
03-06 10:00:45.411  2779  2797 E CvteATHotkey: <AT-TPV> processTPVFacKey ScanCode = 0x0
03-06 10:00:45.412  2322  2338 D TvCecManager: arcIsAmpVolume
03-06 10:00:45.413  1762  1784 I CECManager_JNI: arcIsAmpVolume
03-06 10:00:45.414  2322 11145 D TvCecManager: arcIsAmpVolume
03-06 10:00:45.414  1589  1646 D WindowManager: bRet =false
03-06 10:00:45.414  1762  4931 I CECManager_JNI: arcIsAmpVolume
03-06 10:00:45.414  1589  1646 E septemberan: mPPTVHotkeyService != null
03-06 10:00:45.414  2111  4763 I HotkeyService: handleKeyEvents
03-06 10:00:45.415  2111  4763 I HotkeyService: Enter ListenAloneKeyHandler
03-06 10:00:45.415  2111  4763 I HotkeyService: Enter FirstAndSearchingHandler
03-06 10:00:45.415  2111  4763 I HotkeyService: check Volume key, repeat count:0
03-06 10:00:45.415  2111  4763 I HotkeyService: isSearchingChannel
03-06 10:00:45.415  2111 12345 I SystemImpl: getProp key:TvSystem:PROP_SOUND_ARC_CONNECTED value:false
03-06 10:00:45.415  2214  2214 I TvSystemImplPolicy: getProp [key:PROP_SOUND_ARC_CONNECTED;value:false]
03-06 10:00:45.415  2322  2339 D TVApiSystemInputSourceImpl: eventSystemInputSourceGetInputSource
03-06 10:00:45.415  2322  2339 D TVApiSystemInputSourceImpl: generateInputSourceList
03-06 10:00:45.415  1589  2061 D AudioService: isPipOn: false
03-06 10:00:45.416  1589  2061 D AudioService: getMasterVolume speaker mute=false A2dp mute =false MasterVolumeFaked=100 volumeSpeaker=5 volumeA2dp=20
03-06 10:00:45.416  1589  2061 D AudioService: isPipOn: false
03-06 10:00:45.416  1589  2061 D AudioService: isPipOn: false
03-06 10:00:45.417  2111  5436 D ITvSystemImplPolicy: [server][2214][1000][5436]getProp key = PROP_SOUND_MUTE
03-06 10:00:45.417  2322  2339 D TVApiSystemInputSourceImpl: currentSrc&&&&&&&&&&&&&& =7
03-06 10:00:45.418  2111  4763 I TvInputManagerImpl: getCurrentTvInput inputsource id :7
03-06 10:00:45.418  2111  4763 I HotkeyService: isSearchingChannel:false
03-06 10:00:45.418  2111  4763 I HotkeyService: Enter AppHotkeyHandler
03-06 10:00:45.418  2111  4763 I HotkeyManager: notifyHotkeyListener
03-06 10:00:45.418  2111  4763 I HotkeyService: notifyCallbacks size : 4
03-06 10:00:45.418  2111  4763 I HotkeyService: dispatch key<24:KEYCODE_VOLUME_UP:1> to HotkeyCallbackWrapper{Uid:10011, Pid:1742, Priority:9, AppName:com.pptv.systemui}
03-06 10:00:45.418  1589  2252 D AudioService: isPipOn: false
03-06 10:00:45.419  1742  3137 D NotificationPanel: keycode=24, action=1
03-06 10:00:45.419  1589  2252 D AudioService: getMasterVolume speaker mute=false A2dp mute =false MasterVolumeFaked=100 volumeSpeaker=5 volumeA2dp=20
03-06 10:00:45.419  1589  2252 D AudioService: isPipOn: false
03-06 10:00:45.419  1589  2252 D AudioService: isPipOn: false
03-06 10:00:45.419  1742  3137 D SystemUIApplication: handleKeyEvent, keycode:24 action:1, ret:false
03-06 10:00:45.419  2322  2497 D TVApiSoundSpeakerOutImpl: <--- eventSoundSpeakerOutIsMute --->false
03-06 10:00:45.419  1742  3137 D TvStatusBar:   mPlayGuideView android.widget.FrameLayout{332479e4 G.E..... ......I. 0,0-1920,1080}  interceptKegEvent   false  event.getDeviceId()  -1
03-06 10:00:45.420  2111  4763 I HotkeyService: dispatch key<24:KEYCODE_VOLUME_UP:1> to HotkeyCallbackWrapper{Uid:1000, Pid:3394, Priority:8, AppName:com.pptv.voicecontroller}
03-06 10:00:45.420  1589  2227 D AudioService: isPipOn: false
03-06 10:00:45.421  3394  3411 D PPTVVoiceService_handleKeyEvent_670: handleKeyEvent 24, 1
03-06 10:00:45.421  1589  1646 D AudioService: isPipOn: false
03-06 10:00:45.421  1589  2227 D AudioService: getMasterVolume speaker mute=false A2dp mute =false MasterVolumeFaked=100 volumeSpeaker=5 volumeA2dp=20
03-06 10:00:45.421  1589  1646 D AudioService: getMasterVolume speaker mute=false A2dp mute =false MasterVolumeFaked=100 volumeSpeaker=5 volumeA2dp=20
03-06 10:00:45.422  1589  1646 D AudioService: isPipOn: false
03-06 10:00:45.422  1589  2227 D AudioService: isPipOn: false
03-06 10:00:45.422  1589  1646 D AudioService: isPipOn: false
03-06 10:00:45.422  1589  2227 D AudioService: isPipOn: false
03-06 10:00:45.422  1589  1646 D AudioService: isPipOn: false
03-06 10:00:45.422  2111  5436 I SystemImpl: getProp key:TvSystem:PROP_SOUND_MUTE value:false
03-06 10:00:45.423  1589  1646 D AudioService: getMasterVolume speaker mute=false A2dp mute =false MasterVolumeFaked=100 volumeSpeaker=5 volumeA2dp=20
03-06 10:00:45.423  1589  1646 D AudioService: isPipOn: false
03-06 10:00:45.423  1589  1646 D AudioService: isPipOn: false
03-06 10:00:45.423  2214  2214 I TvSystemImplPolicy: getProp [key:PROP_SOUND_MUTE;value:false]
03-06 10:00:45.423  2214  2214 D VolumeView2: origin volume = 5
03-06 10:00:45.423  2214  2214 D VolumeView2: origin volume = 5
03-06 10:00:45.424  1589  2251 D AudioService: isPipOn: false
03-06 10:00:45.424  1589  2251 D AudioService: volume=0.05 oldVolume=5
03-06 10:00:45.424  1589  2251 D AudioService: isPipOn: false
03-06 10:00:45.424  3394  3411 W ContextImpl: Calling a method in the system process without a qualified user: android.app.ContextImpl.startService:1690 android.content.ContextWrapper.startService:515 com.baidu.duer.libs.tv.RecognitionHelper.uploadEvent:458 com.pptv.voicecontroller.sdk.DuerSdkManagerV3.speakerVolumeChanged:396 com.pptv.voicecontroller.service.PPTVVoiceService.handleKeyEvent:764 
03-06 10:00:45.424 20104 20116 D AudioFlinger: setMasterVolume value1 = 0.050000 state 0 pipmode: 0 
03-06 10:00:45.425  1169  1169 I tvos    :  SetAudioVolume(0,5 ) 
03-06 10:00:45.425  1169  1169 I tvos    :  SetVolume(5 ) 
03-06 10:00:45.425  1169  1169 I tvos    : SetAbsoluteVolume: 3,42,0
03-06 10:00:45.425  1169  1169 I tvos    :  SetHPVolume(5 ) 
03-06 10:00:45.425  1169  1169 I tvos    : SetAbsoluteVolume: 4,40,4
03-06 10:00:45.425  1169  1169 I tvos    : SetAbsoluteVolume: 3,42,0
03-06 10:00:45.425  1169  1169 I tvos    :  SetOutputGain(2,50 ) 
03-06 10:00:45.425  1169  1169 I tvos    : SetVolume: septemberan SetOutputGain 50 AA 
03-06 10:00:45.426  3394  3394 D HttpConfig: getAccessToken: 24.5fcfff2a7e01c34091394049cd82c914.2592000.1553421188.282335-9793364
03-06 10:00:45.426  1169  1169 I tvos    :  SetAudioVolume(1,5 ) 
03-06 10:00:45.426  1169  1169 I tvos    :  SetHPVolume(5 ) 
03-06 10:00:45.426  1169  1169 I tvos    : SetAbsoluteVolume: 4,40,4
03-06 10:00:45.426  3394  3394 D HttpConfig: getAccessToken: 24.5fcfff2a7e01c34091394049cd82c914.2592000.1553421188.282335-9793364
03-06 10:00:45.426  1169  1169 I tvos    :  SetAudioVolume(2,5 ) 
03-06 10:00:45.426  1169  1169 I tvos    :  SetVolume(5,2 ) 
03-06 10:00:45.426  1589  1646 D AudioService: isPipOn: false
03-06 10:00:45.426  1169  1169 I tvos    : SetAbsoluteVolume: 3,42,0
03-06 10:00:45.427  3394  3394 E logId   : logId:967800be-74e1-48eb-a84b-9b2be082923a
03-06 10:00:45.428  2214  2214 D ContextImpl: broadcast action is android.intent.action.volume.change
03-06 10:00:45.428  2214  2214 W ContextImpl: Calling a method in the system process without a qualified user: android.app.ContextImpl.sendBroadcast:1326 android.content.ContextWrapper.sendBroadcast:376 com.pptv.tv.VolumeView2.setVolume:170 com.pptv.tv.VolumeView2.increateVolume:215 com.pptv.tv.VolumePanel2.setStreanVolumeUp:49 
03-06 10:00:45.429  1589  1646 D AudioService: getMasterVolume speaker mute=false A2dp mute =false MasterVolumeFaked=100 volumeSpeaker=5 volumeA2dp=20
03-06 10:00:45.429  3394  3394 I tvRequestBody: onDcsRequestBody :BaseMessage{header=Header{namespace='ai.dueros.device_interface.speaker_controller', name='VolumeChanged'} id:50f08a8b-7101-4308-a52c-3b5b74578c9f, payload={"volume":5,"muted":false}}
03-06 10:00:45.429  1589  1646 D AudioService: isPipOn: false
03-06 10:00:45.429  1589  1646 D AudioService: isPipOn: false
03-06 10:00:45.430  3394  3394 I DlpManager: bodyJson {"event":{"header":{"name":"VolumeChanged","namespace":"ai.dueros.device_interface.speaker_controller","messageId":"50f08a8b-7101-4308-a52c-3b5b74578c9f"},"payload":{"volume":5,"muted":false}}}
03-06 10:00:45.430  3394  3394 I dlp-chen: bodyJson {"event":{"header":{"name":"VolumeChanged","namespace":"ai.dueros.device_interface.speaker_controller","messageId":"50f08a8b-7101-4308-a52c-3b5b74578c9f"},"payload":{"volume":5,"muted":false}}}
03-06 10:00:45.431  3394  3394 E com.baidu.duer.dcs.duerlink.dlp.util.ToClientDataUtil: dcsMappingDlpData :{"to_client":{"header":{"name":"VolumeChanged","namespace":"dlp.speaker_controller","messageId":"50f08a8b-7101-4308-a52c-3b5b74578c9f"},"payload":{"volume":5,"muted":false}}}
03-06 10:00:45.432  1589  1646 D AudioService: isPipOn: false
03-06 10:00:45.432  1589  1646 D AudioService: getMasterVolume speaker mute=false A2dp mute =false MasterVolumeFaked=100 volumeSpeaker=5 volumeA2dp=20
03-06 10:00:45.432  1589  1646 D AudioService: isPipOn: false
03-06 10:00:45.432  1589  1646 D AudioService: isPipOn: false
03-06 10:00:45.434  3394  3411 W ContextImpl: Calling a method in the system process without a qualified user: android.app.ContextImpl.startService:1690 android.content.ContextWrapper.startService:515 com.baidu.duer.libs.tv.RecognitionHelper.uploadEvent:458 com.pptv.voicecontroller.sdk.DuerSdkManagerV3.uploadVolumeState:421 com.pptv.voicecontroller.sdk.DuerSdkManagerV3.speakerVolumeChanged:400 
03-06 10:00:45.436  2111  4763 I HotkeyService: dispatch key<24:KEYCODE_VOLUME_UP:1> to HotkeyCallbackWrapper{Uid:1000, Pid:2111, Priority:5, AppName:com.pptv.framework.tvservice}
03-06 10:00:45.436  2111  4763 I HotkeyService: dispatch key<24:KEYCODE_VOLUME_UP:1> to HotkeyCallbackWrapper{Uid:1000, Pid:2214, Priority:5, AppName:com.pptv.tv}
03-06 10:00:45.437  2111  4763 I HotkeyService: hotkey keycode : 24 deviceId=-1 result : 7 reason:R_INTERCEPTED_BY_GLOBAL
03-06 10:00:45.438  1589  1646 D WindowManager: mPPTVHotkeyService bRet =true
03-06 10:00:45.438  3394  3394 D HttpConfig: getAccessToken: 24.5fcfff2a7e01c34091394049cd82c914.2592000.1553421188.282335-9793364
03-06 10:00:45.439  3394  3394 D HttpConfig: getAccessToken: 24.5fcfff2a7e01c34091394049cd82c914.2592000.1553421188.282335-9793364
03-06 10:00:45.439  3394  3394 E logId   : logId:a75ee43c-ace5-4270-98c1-12580a432b3a
03-06 10:00:45.444  1589  1605 D PPTVTM  : checkWhiteListRule >>
03-06 10:00:45.444  1589  1605 D PPTVTM  : com.pptv.tv is allowed pop up from back.
03-06 10:00:45.446  3394  3394 I tvRequestBody: onDcsRequestBody :BaseMessage{header=Header{namespace='ai.dueros.device_interface.speaker_controller', name='VolumeState'} id:39e3cdfe-4669-4949-ba89-044b2b0519cf, payload={"volume":5,"muted":false}}
03-06 10:00:45.446  3394  3394 I DlpManager: bodyJson {"event":{"header":{"name":"VolumeState","namespace":"ai.dueros.device_interface.speaker_controller","messageId":"39e3cdfe-4669-4949-ba89-044b2b0519cf"},"payload":{"volume":5,"muted":false}}}
03-06 10:00:45.447  3394  3394 I dlp-chen: bodyJson {"event":{"header":{"name":"VolumeState","namespace":"ai.dueros.device_interface.speaker_controller","messageId":"39e3cdfe-4669-4949-ba89-044b2b0519cf"},"payload":{"volume":5,"muted":false}}}
03-06 10:00:45.447  3394  3394 E com.baidu.duer.dcs.duerlink.dlp.util.ToClientDataUtil: dcsMappingDlpData :{"to_client":{"header":{"name":"VolumeState","namespace":"dlp.speaker_controller","messageId":"39e3cdfe-4669-4949-ba89-044b2b0519cf"},"payload":{"volume":5,"muted":false}}}
03-06 10:00:45.457  3394  3696 I BDSHttpRequestMaker: url = https://dueros-voice.baidu.com/dcs_event?sn=7a118568-26ad-4b66-8a92-b1635fa2fb01 &2cd4d163, 
03-06 10:00:45.457  3394  3696 D BDSHttpRequestMaker: url: https://dueros-voice.baidu.com/dcs_event?sn=7a118568-26ad-4b66-8a92-b1635fa2fb01 mHostIp: dueros-voice.baidu.com &2cd4d163, 
03-06 10:00:45.457  3394  3696 E BDSHttpRequestMaker: dcs url : https://dueros-voice.baidu.com/dcs_event?sn=7a118568-26ad-4b66-8a92-b1635fa2fb01
03-06 10:00:45.457  3394  3696 I BDSHttpRequestMaker: no proxy
03-06 10:00:45.461  1762  2471 I PictureManager_JNI: getDlcAverageLuma
03-06 10:00:45.462  1762  2471 I TvManager_JNI: isSignalStable
03-06 10:00:45.462  1762  2471 I PictureManager_JNI: getBacklight
03-06 10:00:45.462  1762  2471 E septemberan: dbcHandler: mDbcBacklightRange: 48
03-06 10:00:45.462  1762  2471 I PictureManager_JNI: setBacklight
03-06 10:00:45.478  1159  4440 D gralloc : allocate buffer from ION HEAP 0x1
03-06 10:00:45.478  1159  4440 D gralloc : allocate memory from system heap
03-06 10:00:45.486  1159  1658 D gralloc : allocate buffer from ION HEAP 0x1
03-06 10:00:45.486  1159  1658 D gralloc : allocate memory from system heap
03-06 10:00:45.489  1159  1658 D gralloc : allocate buffer from ION HEAP 0x1
03-06 10:00:45.490  1159  1658 D gralloc : allocate memory from system heap
03-06 10:00:45.550  3394  3696 D BDSHttpRequestMaker: hostname : dueros-voice.baidu.com verifyUrl : dueros-voice.baidu.com &2cd4d163, 
03-06 10:00:45.554  3394  3696 I BDSHttpRequestMaker: sendData  dataType : 0 https://dueros-voice.baidu.com/dcs_event?sn=7a118568-26ad-4b66-8a92-b1635fa2fb01 &2cd4d163, 
03-06 10:00:45.556  3394  3696 I BDSHttpRequestMaker: sendData  dataType : 2 https://dueros-voice.baidu.com/dcs_event?sn=7a118568-26ad-4b66-8a92-b1635fa2fb01 &2cd4d163, 
03-06 10:00:45.558  3394  3696 I BDSHttpRequestMaker: sendData  dataType : 3 https://dueros-voice.baidu.com/dcs_event?sn=7a118568-26ad-4b66-8a92-b1635fa2fb01 &2cd4d163, 
03-06 10:00:45.562  1159  1304 D hwcomposer: lastHWWindowInfo is dirty
03-06 10:00:45.563  1762  2471 I PictureManager_JNI: getDlcAverageLuma
03-06 10:00:45.563  1762  2471 I TvManager_JNI: isSignalStable
03-06 10:00:45.563  1762  2471 I PictureManager_JNI: getBacklight
03-06 10:00:45.563  1762  2471 E septemberan: dbcHandler: mDbcBacklightRange: 48
03-06 10:00:45.563  1762  2471 I PictureManager_JNI: setBacklight
03-06 10:00:45.564 19331 19346 I art     : Background partial concurrent mark sweep GC freed 128258(6MB) AllocSpace objects, 17(11MB) LOS objects, 39% free, 23MB/39MB, paused 2.904ms total 222.089ms
03-06 10:00:45.603  3394  3728 I BDSHttpRequestMaker: readThirdData dataType : 242, dataLen=94, https://dueros-voice.baidu.com/dcs_event?sn=7a118568-26ad-4b66-8a92-b1635fa2fb01 &2cd4d163, 
03-06 10:00:45.603  3394  3728 I BDSHttpRequestMaker: response : HTTP/1.1 200 OK
03-06 10:00:45.603  3394  3728 I BDSHttpRequestMaker: Content-Type: multipart/form-data; boundary=___dueros_dcs_v1_boundary___
03-06 10:00:45.603  3394  3728 I BDSHttpRequestMaker: 
03-06 10:00:45.603  3394  3728 I BDSHttpRequestMaker:  https://dueros-voice.baidu.com/dcs_event?sn=7a118568-26ad-4b66-8a92-b1635fa2fb01 &2cd4d163, 
03-06 10:00:45.611  1589  2097 D PPTVTM  : PackageInfo System use all Apps installed .
03-06 10:00:45.621  2028 19520 D PPTVTM  : io.appium.android.ime is not focus APP.
03-06 10:00:45.621  2028 19520 D PPTVTM  : io.appium.android.ime is not allowed. type=CLOSE_RUN_APP
03-06 10:00:45.621  2028 19520 D PPTVTM  : Stop process io.appium.android.ime
03-06 10:00:45.622  1589  2251 I ActivityManager: Force stopping io.appium.android.ime appid=10077 user=0: from pid 2028
03-06 10:00:45.623  1589  2251 I ActivityManager: Killing 19207:io.appium.android.ime/u0a77 (adj 2): stop io.appium.android.ime
03-06 10:00:45.638  3394  3728 I BDSHttpRequestMaker: readThirdData dataType : 242, dataLen=33, https://dueros-voice.baidu.com/dcs_event?sn=7a118568-26ad-4b66-8a92-b1635fa2fb01 &2cd4d163, 
03-06 10:00:45.638  3394  3728 I BDSHttpRequestMaker: response : --___dueros_dcs_v1_boundary___
03-06 10:00:45.638  3394  3728 I BDSHttpRequestMaker:  https://dueros-voice.baidu.com/dcs_event?sn=7a118568-26ad-4b66-8a92-b1635fa2fb01 &2cd4d163, 
03-06 10:00:45.648  3394  3728 I BDSHttpRequestMaker: readThirdData dataType : 242, dataLen=47, https://dueros-voice.baidu.com/dcs_event?sn=7a118568-26ad-4b66-8a92-b1635fa2fb01 &2cd4d163, 
03-06 10:00:45.648  3394  3728 I BDSHttpRequestMaker: response : Content-Disposition: form-data; name="empty"
03-06 10:00:45.648  3394  3728 I BDSHttpRequestMaker:  https://dueros-voice.baidu.com/dcs_event?sn=7a118568-26ad-4b66-8a92-b1635fa2fb01 &2cd4d163, 
03-06 10:00:45.649  3394  3728 I BDSHttpRequestMaker: readThirdData dataType : 242, dataLen=3, https://dueros-voice.baidu.com/dcs_event?sn=7a118568-26ad-4b66-8a92-b1635fa2fb01 &2cd4d163, 
03-06 10:00:45.649  3394  3728 I BDSHttpRequestMaker: response : 
03-06 10:00:45.649  3394  3728 I BDSHttpRequestMaker:  https://dueros-voice.baidu.com/dcs_event?sn=7a118568-26ad-4b66-8a92-b1635fa2fb01 &2cd4d163, 
03-06 10:00:45.650  3394  3728 I BDSHttpRequestMaker: readThirdData dataType : 242, dataLen=3, https://dueros-voice.baidu.com/dcs_event?sn=7a118568-26ad-4b66-8a92-b1635fa2fb01 &2cd4d163, 
03-06 10:00:45.650  3394  3728 I BDSHttpRequestMaker: response : 
03-06 10:00:45.650  3394  3728 I BDSHttpRequestMaker:  https://dueros-voice.baidu.com/dcs_event?sn=7a118568-26ad-4b66-8a92-b1635fa2fb01 &2cd4d163, 
03-06 10:00:45.652  3394  3728 I BDSHttpRequestMaker: readThirdData dataType : 242, dataLen=35, https://dueros-voice.baidu.com/dcs_event?sn=7a118568-26ad-4b66-8a92-b1635fa2fb01 &2cd4d163, 
03-06 10:00:45.652  3394  3728 I BDSHttpRequestMaker: response : 
03-06 10:00:45.652  3394  3728 I BDSHttpRequestMaker: --___dueros_dcs_v1_boundary___-- https://dueros-voice.baidu.com/dcs_event?sn=7a118568-26ad-4b66-8a92-b1635fa2fb01 &2cd4d163, 
03-06 10:00:45.653  3394  3728 I BDSHttpRequestMaker: readThirdData dataType : 243, dataLen=1, https://dueros-voice.baidu.com/dcs_event?sn=7a118568-26ad-4b66-8a92-b1635fa2fb01 &2cd4d163, 
03-06 10:00:45.655  3394  4772 W System.err: java.io.IOException: Pipe not connected
03-06 10:00:45.655  3394  4772 W System.err: 	at java.io.PipedOutputStream.write(PipedOutputStream.java:174)
03-06 10:00:45.655  3394  4772 W System.err: 	at java.io.OutputStream.write(OutputStream.java:106)
03-06 10:00:45.655  3394  4772 W System.err: 	at java.io.PipedOutputStream.write(PipedOutputStream.java:147)
03-06 10:00:45.655  3394  4772 W System.err: 	at java.io.OutputStream.write(OutputStream.java:82)
03-06 10:00:45.655  3394  4772 W System.err: 	at com.baidu.dcs.acl.AudioTransportLayer$BaseEventListener$1.run(AudioTransportLayer.java:310)
03-06 10:00:45.655  3394  4772 W System.err: 	at java.util.concurrent.ThreadPoolExecutor.runWorker(ThreadPoolExecutor.java:1112)
03-06 10:00:45.656  3394  4772 W System.err: 	at java.util.concurrent.ThreadPoolExecutor$Worker.run(ThreadPoolExecutor.java:587)
03-06 10:00:45.656  3394  4772 W System.err: 	at java.lang.Thread.run(Thread.java:818)
03-06 10:00:45.658  3394  4772 W System.err: java.io.IOException: Pipe not connected
03-06 10:00:45.658  3394  4772 W System.err: 	at java.io.PipedOutputStream.write(PipedOutputStream.java:174)
03-06 10:00:45.658  3394  4772 W System.err: 	at java.io.OutputStream.write(OutputStream.java:106)
03-06 10:00:45.658  3394  4772 W System.err: 	at java.io.PipedOutputStream.write(PipedOutputStream.java:147)
03-06 10:00:45.658  3394  4772 W System.err: 	at java.io.OutputStream.write(OutputStream.java:82)
03-06 10:00:45.658  3394  4772 W System.err: 	at com.baidu.dcs.acl.AudioTransportLayer$BaseEventListener$1.run(AudioTransportLayer.java:310)
03-06 10:00:45.658  3394  4772 W System.err: 	at java.util.concurrent.ThreadPoolExecutor.runWorker(ThreadPoolExecutor.java:1112)
03-06 10:00:45.658  3394  4772 W System.err: 	at java.util.concurrent.ThreadPoolExecutor$Worker.run(ThreadPoolExecutor.java:587)
03-06 10:00:45.658  3394  4772 W System.err: 	at java.lang.Thread.run(Thread.java:818)
03-06 10:00:45.660  3394  3728 W BDSHttpRequestMaker: Dcsconnection stauts has already been closed. &2cd4d163, 
03-06 10:00:45.664  1762  2471 I PictureManager_JNI: getDlcAverageLuma
03-06 10:00:45.664  1762  2471 I TvManager_JNI: isSignalStable
03-06 10:00:45.664  1762  2471 I PictureManager_JNI: getBacklight
03-06 10:00:45.664  1762  2471 E septemberan: dbcHandler: mDbcBacklightRange: 48
03-06 10:00:45.664  1762  2471 I PictureManager_JNI: setBacklight
03-06 10:00:45.695  1589  1589 W InputMethodManagerService: Session failed to close due to remote exception
03-06 10:00:45.695  1589  1589 W InputMethodManagerService: android.os.DeadObjectException
03-06 10:00:45.695  1589  1589 W InputMethodManagerService: 	at android.os.BinderProxy.transactNative(Native Method)
03-06 10:00:45.695  1589  1589 W InputMethodManagerService: 	at android.os.BinderProxy.transact(Binder.java:496)
03-06 10:00:45.695  1589  1589 W InputMethodManagerService: 	at com.android.internal.view.IInputMethodSession$Stub$Proxy.finishSession(IInputMethodSession.java:305)
