03-06 11:06:51.329  1760  2478 E septemberan: dbcHandler: mDbcBacklightRange: 48
03-06 11:06:51.329  1760  2478 I PictureManager_JNI: setBacklight
03-06 11:06:51.429  1760  2478 I PictureManager_JNI: getDlcAverageLuma
03-06 11:06:51.430  1760  2478 I TvManager_JNI: isSignalStable
03-06 11:06:51.430  1760  2478 I PictureManager_JNI: getBacklight
03-06 11:06:51.430  1760  2478 E septemberan: dbcHandler: mDbcBacklightRange: 48
03-06 11:06:51.430  1760  2478 I PictureManager_JNI: setBacklight
03-06 11:06:51.530  1760  2478 I PictureManager_JNI: getDlcAverageLuma
03-06 11:06:51.531  1760  2478 I TvManager_JNI: isSignalStable
03-06 11:06:51.531  1760  2478 I PictureManager_JNI: getBacklight
03-06 11:06:51.531  1760  2478 E septemberan: dbcHandler: mDbcBacklightRange: 48
03-06 11:06:51.531  1760  2478 I PictureManager_JNI: setBacklight
03-06 11:06:51.632  1760  2478 I PictureManager_JNI: getDlcAverageLuma
03-06 11:06:51.632  1760  2478 I TvManager_JNI: isSignalStable
03-06 11:06:51.633  1760  2478 I PictureManager_JNI: getBacklight
03-06 11:06:51.633  1760  2478 E septemberan: dbcHandler: mDbcBacklightRange: 48
03-06 11:06:51.633  1760  2478 I PictureManager_JNI: setBacklight
03-06 11:06:51.669  3676  3693 I art     : Explicit concurrent mark sweep GC freed 888(56KB) AllocSpace objects, 1(16KB) LOS objects, 24% free, 2MB/3MB, paused 371us total 20.694ms
03-06 11:06:51.723  3676  3693 I art     : Explicit concurrent mark sweep GC freed 18(632B) AllocSpace objects, 0(0B) LOS objects, 24% free, 2MB/3MB, paused 314us total 20.399ms
03-06 11:06:51.733  1760  2478 I PictureManager_JNI: getDlcAverageLuma
03-06 11:06:51.734  1760  2478 I TvManager_JNI: isSignalStable
03-06 11:06:51.734  1760  2478 I PictureManager_JNI: getBacklight
03-06 11:06:51.734  1760  2478 E septemberan: dbcHandler: mDbcBacklightRange: 48
03-06 11:06:51.734  1760  2478 I PictureManager_JNI: setBacklight
03-06 11:06:51.779  3676  3693 I art     : Explicit concurrent mark sweep GC freed 3(96B) AllocSpace objects, 0(0B) LOS objects, 24% free, 2MB/3MB, paused 366us total 20.431ms
03-06 11:06:51.834  3676  3693 I art     : Explicit concurrent mark sweep GC freed 3(96B) AllocSpace objects, 0(0B) LOS objects, 24% free, 2MB/3MB, paused 311us total 20.302ms
03-06 11:06:51.834  1760  2478 I PictureManager_JNI: getDlcAverageLuma
03-06 11:06:51.835  1760  2478 I TvManager_JNI: isSignalStable
03-06 11:06:51.835  1760  2478 I PictureManager_JNI: getBacklight
03-06 11:06:51.835  1760  2478 E septemberan: dbcHandler: mDbcBacklightRange: 48
03-06 11:06:51.835  1760  2478 I PictureManager_JNI: setBacklight
03-06 11:06:51.890  3676  3693 I art     : Explicit concurrent mark sweep GC freed 3(96B) AllocSpace objects, 0(0B) LOS objects, 24% free, 2MB/3MB, paused 498us total 20.445ms
03-06 11:06:51.936  1760  2478 I PictureManager_JNI: getDlcAverageLuma
03-06 11:06:51.936  1760  2478 I TvManager_JNI: isSignalStable
03-06 11:06:51.936  1760  2478 I PictureManager_JNI: getBacklight
03-06 11:06:51.936  1760  2478 E septemberan: dbcHandler: mDbcBacklightRange: 48
03-06 11:06:51.936  1760  2478 I PictureManager_JNI: setBacklight
03-06 11:06:51.971  1760  2504 D PlayerImpl_JNI: isSignalStable
03-06 11:06:52.037  1760  2478 I PictureManager_JNI: getDlcAverageLuma
03-06 11:06:52.037  1760  2478 I TvManager_JNI: isSignalStable
03-06 11:06:52.037  1760  2478 I PictureManager_JNI: getBacklight
03-06 11:06:52.038  1760  2478 E septemberan: dbcHandler: mDbcBacklightRange: 48
03-06 11:06:52.038  1760  2478 I PictureManager_JNI: setBacklight
03-06 11:06:52.138  1760  2478 I PictureManager_JNI: getDlcAverageLuma
03-06 11:06:52.139  1760  2478 I TvManager_JNI: isSignalStable
03-06 11:06:52.139  1760  2478 I PictureManager_JNI: getBacklight
03-06 11:06:52.139  1760  2478 E septemberan: dbcHandler: mDbcBacklightRange: 48
03-06 11:06:52.139  1760  2478 I PictureManager_JNI: setBacklight
03-06 11:06:52.239  1760  2478 I PictureManager_JNI: getDlcAverageLuma
03-06 11:06:52.240  1760  2478 I TvManager_JNI: isSignalStable
03-06 11:06:52.240  1760  2478 I PictureManager_JNI: getBacklight
03-06 11:06:52.240  1760  2478 E septemberan: dbcHandler: mDbcBacklightRange: 48
03-06 11:06:52.240  1760  2478 I PictureManager_JNI: setBacklight
03-06 11:06:52.341  1760  2478 I PictureManager_JNI: getDlcAverageLuma
03-06 11:06:52.341  1760  2478 I TvManager_JNI: isSignalStable
03-06 11:06:52.341  1760  2478 I PictureManager_JNI: getBacklight
03-06 11:06:52.342  1760  2478 E septemberan: dbcHandler: mDbcBacklightRange: 48
03-06 11:06:52.342  1760  2478 I PictureManager_JNI: setBacklight
03-06 11:06:52.442  1760  2478 I PictureManager_JNI: getDlcAverageLuma
03-06 11:06:52.443  1760  2478 I TvManager_JNI: isSignalStable
03-06 11:06:52.443  1760  2478 I PictureManager_JNI: getBacklight
03-06 11:06:52.443  1760  2478 E septemberan: dbcHandler: mDbcBacklightRange: 48
03-06 11:06:52.443  1760  2478 I PictureManager_JNI: setBacklight
03-06 11:06:52.543  1760  2478 I PictureManager_JNI: getDlcAverageLuma
03-06 11:06:52.544  1760  2478 I TvManager_JNI: isSignalStable
03-06 11:06:52.544  1760  2478 I PictureManager_JNI: getBacklight
03-06 11:06:52.544  1760  2478 E septemberan: dbcHandler: mDbcBacklightRange: 48
03-06 11:06:52.544  1760  2478 I PictureManager_JNI: setBacklight
03-06 11:06:52.645  1760  2478 I PictureManager_JNI: getDlcAverageLuma
03-06 11:06:52.645  1760  2478 I TvManager_JNI: isSignalStable
03-06 11:06:52.645  1760  2478 I PictureManager_JNI: getBacklight
03-06 11:06:52.645  1760  2478 E septemberan: dbcHandler: mDbcBacklightRange: 48
03-06 11:06:52.646  1760  2478 I PictureManager_JNI: setBacklight
03-06 11:06:52.746  1760  2478 I PictureManager_JNI: getDlcAverageLuma
03-06 11:06:52.746  1760  2478 I TvManager_JNI: isSignalStable
03-06 11:06:52.747  1760  2478 I PictureManager_JNI: getBacklight
03-06 11:06:52.747  1760  2478 E septemberan: dbcHandler: mDbcBacklightRange: 48
03-06 11:06:52.747  1760  2478 I PictureManager_JNI: setBacklight
03-06 11:06:52.847  1760  2478 I PictureManager_JNI: getDlcAverageLuma
03-06 11:06:52.848  1760  2478 I TvManager_JNI: isSignalStable
03-06 11:06:52.848  1760  2478 I PictureManager_JNI: getBacklight
03-06 11:06:52.848  1760  2478 E septemberan: dbcHandler: mDbcBacklightRange: 48
03-06 11:06:52.848  1760  2478 I PictureManager_JNI: setBacklight
03-06 11:06:52.949  1760  2478 I PictureManager_JNI: getDlcAverageLuma
03-06 11:06:52.949  1760  2478 I TvManager_JNI: isSignalStable
03-06 11:06:52.949  1760  2478 I PictureManager_JNI: getBacklight
03-06 11:06:52.950  1760  2478 E septemberan: dbcHandler: mDbcBacklightRange: 48
03-06 11:06:52.950  1760  2478 I PictureManager_JNI: setBacklight
03-06 11:06:53.051  1760  2478 I PictureManager_JNI: getDlcAverageLuma
03-06 11:06:53.052  1760  2478 I TvManager_JNI: isSignalStable
03-06 11:06:53.052  1760  2478 I PictureManager_JNI: getBacklight
03-06 11:06:53.052  1760  2478 E septemberan: dbcHandler: mDbcBacklightRange: 48
03-06 11:06:53.052  1760  2478 I PictureManager_JNI: setBacklight
03-06 11:06:53.153  1760  2478 I PictureManager_JNI: getDlcAverageLuma
03-06 11:06:53.154  1760  2478 I TvManager_JNI: isSignalStable
03-06 11:06:53.155  1760  2478 I PictureManager_JNI: getBacklight
03-06 11:06:53.155  1760  2478 E septemberan: dbcHandler: mDbcBacklightRange: 48
03-06 11:06:53.155  1760  2478 I PictureManager_JNI: setBacklight
03-06 11:06:53.256  1760  2478 I PictureManager_JNI: getDlcAverageLuma
03-06 11:06:53.256  1760  2478 I TvManager_JNI: isSignalStable
03-06 11:06:53.256  1760  2478 I PictureManager_JNI: getBacklight
03-06 11:06:53.257  1760  2478 E septemberan: dbcHandler: mDbcBacklightRange: 48
03-06 11:06:53.257  1760  2478 I PictureManager_JNI: setBacklight
03-06 11:06:53.357  1760  2478 I PictureManager_JNI: getDlcAverageLuma
03-06 11:06:53.357  1760  2478 I TvManager_JNI: isSignalStable
03-06 11:06:53.358  1760  2478 I PictureManager_JNI: getBacklight
03-06 11:06:53.358  1760  2478 E septemberan: dbcHandler: mDbcBacklightRange: 48
03-06 11:06:53.358  1760  2478 I PictureManager_JNI: setBacklight
03-06 11:06:53.458  1760  2478 I PictureManager_JNI: getDlcAverageLuma
03-06 11:06:53.459  1760  2478 I TvManager_JNI: isSignalStable
03-06 11:06:53.459  1760  2478 I PictureManager_JNI: getBacklight
03-06 11:06:53.459  1760  2478 E septemberan: dbcHandler: mDbcBacklightRange: 48
03-06 11:06:53.459  1760  2478 I PictureManager_JNI: setBacklight
03-06 11:06:53.472  1760  2380 D PlayerImpl_JNI: isSignalStable
03-06 11:06:53.533  2043  2291 D HeartBeat: url=http://tms.api.cp61.ott.cibntv.net/init/hearbeat?mac=00:25:92:A5:52:4C
03-06 11:06:53.559  1760  2478 I PictureManager_JNI: getDlcAverageLuma
03-06 11:06:53.560  1760  2478 I TvManager_JNI: isSignalStable
03-06 11:06:53.560  1760  2478 I PictureManager_JNI: getBacklight
03-06 11:06:53.561  1760  2478 E septemberan: dbcHandler: mDbcBacklightRange: 48
03-06 11:06:53.561  1760  2478 I PictureManager_JNI: setBacklight
03-06 11:06:53.622  2043  2291 D HeartBeat: httpResponse.getStatusLine().getStatusCode()=200
03-06 11:06:53.624  2043  2291 D HeartBeat: response = {"code":"0","message":"success"}
03-06 11:06:53.661  1760  2478 I PictureManager_JNI: getDlcAverageLuma
03-06 11:06:53.662  1760  2478 I TvManager_JNI: isSignalStable
03-06 11:06:53.662  1760  2478 I PictureManager_JNI: getBacklight
03-06 11:06:53.662  1760  2478 E septemberan: dbcHandler: mDbcBacklightRange: 48
03-06 11:06:53.662  1760  2478 I PictureManager_JNI: setBacklight
03-06 11:06:53.700  3676  3694 I art     : Explicit concurrent mark sweep GC freed 888(56KB) AllocSpace objects, 1(16KB) LOS objects, 24% free, 2MB/3MB, paused 368us total 20.634ms
03-06 11:06:53.755  3676  3694 I art     : Explicit concurrent mark sweep GC freed 18(632B) AllocSpace objects, 0(0B) LOS objects, 24% free, 2MB/3MB, paused 309us total 20.383ms
03-06 11:06:53.762  1760  2478 I PictureManager_JNI: getDlcAverageLuma
03-06 11:06:53.763  1760  2478 I TvManager_JNI: isSignalStable
03-06 11:06:53.763  1760  2478 I PictureManager_JNI: getBacklight
03-06 11:06:53.763  1760  2478 E septemberan: dbcHandler: mDbcBacklightRange: 48
03-06 11:06:53.763  1760  2478 I PictureManager_JNI: setBacklight
03-06 11:06:53.810  3676  3694 I art     : Explicit concurrent mark sweep GC freed 3(96B) AllocSpace objects, 0(0B) LOS objects, 24% free, 2MB/3MB, paused 307us total 20.294ms
03-06 11:06:53.864  1760  2478 I PictureManager_JNI: getDlcAverageLuma
03-06 11:06:53.864  1760  2478 I TvManager_JNI: isSignalStable
03-06 11:06:53.865  1760  2478 I PictureManager_JNI: getBacklight
03-06 11:06:53.865  1760  2478 E septemberan: dbcHandler: mDbcBacklightRange: 48
03-06 11:06:53.865  1760  2478 I PictureManager_JNI: setBacklight
03-06 11:06:53.868  3676  3694 I art     : Explicit concurrent mark sweep GC freed 3(96B) AllocSpace objects, 0(0B) LOS objects, 24% free, 2MB/3MB, paused 540us total 24.015ms
03-06 11:06:53.936  3676  3694 I art     : Explicit concurrent mark sweep GC freed 3(96B) AllocSpace objects, 0(0B) LOS objects, 24% free, 2MB/3MB, paused 397us total 25.259ms
03-06 11:06:53.965  1760  2478 I PictureManager_JNI: getDlcAverageLuma
03-06 11:06:53.966  1760  2478 I TvManager_JNI: isSignalStable
03-06 11:06:53.966  1760  2478 I PictureManager_JNI: getBacklight
03-06 11:06:53.966  1760  2478 E septemberan: dbcHandler: mDbcBacklightRange: 48
03-06 11:06:53.966  1760  2478 I PictureManager_JNI: setBacklight
03-06 11:06:54.067  1760  2478 I PictureManager_JNI: getDlcAverageLuma
03-06 11:06:54.067  1760  2478 I TvManager_JNI: isSignalStable
03-06 11:06:54.067  1760  2478 I PictureManager_JNI: getBacklight
03-06 11:06:54.068  1760  2478 E septemberan: dbcHandler: mDbcBacklightRange: 48
03-06 11:06:54.068  1760  2478 I PictureManager_JNI: setBacklight
03-06 11:06:54.072  1595  1660 E WifiStateMachine: WifiStateMachine CMD_START_SCAN source -2 txSuccessRate=166.21 rxSuccessRate=118.39 targetRoamBSSID=34:ce:00:00:c8:59 RSSI=-45
03-06 11:06:54.169  1760  2478 I PictureManager_JNI: getDlcAverageLuma
03-06 11:06:54.169  1760  2478 I TvManager_JNI: isSignalStable
03-06 11:06:54.169  1760  2478 I PictureManager_JNI: getBacklight
03-06 11:06:54.170  1760  2478 E septemberan: dbcHandler: mDbcBacklightRange: 48
03-06 11:06:54.170  1760  2478 I PictureManager_JNI: setBacklight
